
> rest-express@1.0.0 build
> vite build && esbuild server/index.ts --platform=node --packages=external --bundle --format=esm --outdir=dist

vite v5.4.19 building for production...
transforming...
✓ 5448 modules transformed.
Module ID: /Users/pranay/Projects/AIMLGlossary/AIGlossaryPro/client/index.html
Module ID:  vite/modulepreload-polyfill.js
Module ID: /Users/pranay/Projects/AIMLGlossary/AIGlossaryPro/client/index.html?html-proxy&inline-css&index=0.css
Module ID: /Users/pranay/Projects/AIMLGlossary/AIGlossaryPro/client/src/main.tsx
Module ID: /Users/pranay/Projects/AIMLGlossary/AIGlossaryPro/node_modules/react/jsx-dev-runtime.js
✓ React chunk matched: /Users/pranay/Projects/AIMLGlossary/AIGlossaryPro/node_modules/react/jsx-dev-runtime.js
Module ID: /Users/pranay/Projects/AIMLGlossary/AIGlossaryPro/node_modules/react/index.js
✓ React chunk matched: /Users/pranay/Projects/AIMLGlossary/AIGlossaryPro/node_modules/react/index.js
Module ID: /Users/pranay/Projects/AIMLGlossary/AIGlossaryPro/node_modules/react-dom/client.js
✓ React chunk matched: /Users/pranay/Projects/AIMLGlossary/AIGlossaryPro/node_modules/react-dom/client.js
Module ID: /Users/pranay/Projects/AIMLGlossary/AIGlossaryPro/client/src/App.tsx
Module ID: /Users/pranay/Projects/AIMLGlossary/AIGlossaryPro/client/src/index.css
Module ID: /Users/pranay/Projects/AIMLGlossary/AIGlossaryPro/client/src/lib/analytics.ts
Module ID: /Users/pranay/Projects/AIMLGlossary/AIGlossaryPro/node_modules/react-dom/index.js
✓ React chunk matched: /Users/pranay/Projects/AIMLGlossary/AIGlossaryPro/node_modules/react-dom/index.js
Module ID: /Users/pranay/Projects/AIMLGlossary/AIGlossaryPro/node_modules/react/cjs/react-jsx-dev-runtime.development.js
✓ React chunk matched: /Users/pranay/Projects/AIMLGlossary/AIGlossaryPro/node_modules/react/cjs/react-jsx-dev-runtime.development.js
Module ID: /Users/pranay/Projects/AIMLGlossary/AIGlossaryPro/node_modules/wouter/esm/index.js
✓ Router chunk matched: /Users/pranay/Projects/AIMLGlossary/AIGlossaryPro/node_modules/wouter/esm/index.js
Module ID: /Users/pranay/Projects/AIMLGlossary/AIGlossaryPro/node_modules/@tanstack/react-query/build/modern/index.js
✓ Query client chunk matched: /Users/pranay/Projects/AIMLGlossary/AIGlossaryPro/node_modules/@tanstack/react-query/build/modern/index.js
Module ID: /Users/pranay/Projects/AIMLGlossary/AIGlossaryPro/client/src/lib/queryClient.ts
Module ID: /Users/pranay/Projects/AIMLGlossary/AIGlossaryPro/client/src/components/ui/toaster.tsx
Module ID: /Users/pranay/Projects/AIMLGlossary/AIGlossaryPro/client/src/components/ui/tooltip.tsx
Module ID: /Users/pranay/Projects/AIMLGlossary/AIGlossaryPro/client/src/components/ThemeProvider.tsx
Module ID: /Users/pranay/Projects/AIMLGlossary/AIGlossaryPro/client/src/pages/not-found.tsx
Module ID: /Users/pranay/Projects/AIMLGlossary/AIGlossaryPro/client/src/pages/Home.tsx
Module ID: /Users/pranay/Projects/AIMLGlossary/AIGlossaryPro/client/src/components/lazy/LazyPages.tsx
Module ID: /Users/pranay/Projects/AIMLGlossary/AIGlossaryPro/client/src/components/Header.tsx
Module ID: /Users/pranay/Projects/AIMLGlossary/AIGlossaryPro/client/src/components/Footer.tsx
Module ID: /Users/pranay/Projects/AIMLGlossary/AIGlossaryPro/client/src/components/FirebaseLoginPage.tsx
Module ID: /Users/pranay/Projects/AIMLGlossary/AIGlossaryPro/client/src/components/accessibility/SkipLinks.tsx
Module ID: /Users/pranay/Projects/AIMLGlossary/AIGlossaryPro/client/src/components/CookieConsentBanner.tsx
Module ID: /Users/pranay/Projects/AIMLGlossary/AIGlossaryPro/client/src/hooks/useAuth.ts
Module ID: /Users/pranay/Projects/AIMLGlossary/AIGlossaryPro/client/src/utils/preloadComponents.ts
Module ID: /Users/pranay/Projects/AIMLGlossary/AIGlossaryPro/client/src/utils/bundleAnalyzer.ts
Module ID: /Users/pranay/Projects/AIMLGlossary/AIGlossaryPro/node_modules/react/cjs/react.development.js
✓ React chunk matched: /Users/pranay/Projects/AIMLGlossary/AIGlossaryPro/node_modules/react/cjs/react.development.js
Module ID: /Users/pranay/Projects/AIMLGlossary/AIGlossaryPro/node_modules/posthog-js/dist/module.js
✓ Vendor chunk matched: /Users/pranay/Projects/AIMLGlossary/AIGlossaryPro/node_modules/posthog-js/dist/module.js
Module ID: /Users/pranay/Projects/AIMLGlossary/AIGlossaryPro/client/src/lib/ga4Analytics.ts
Module ID: /Users/pranay/Projects/AIMLGlossary/AIGlossaryPro/node_modules/wouter/esm/use-browser-location.js
✓ Router chunk matched: /Users/pranay/Projects/AIMLGlossary/AIGlossaryPro/node_modules/wouter/esm/use-browser-location.js
Module ID: /Users/pranay/Projects/AIMLGlossary/AIGlossaryPro/node_modules/wouter/esm/react-deps.js
✓ Router chunk matched: /Users/pranay/Projects/AIMLGlossary/AIGlossaryPro/node_modules/wouter/esm/react-deps.js
Module ID: /Users/pranay/Projects/AIMLGlossary/AIGlossaryPro/node_modules/regexparam/dist/index.mjs
✓ Vendor chunk matched: /Users/pranay/Projects/AIMLGlossary/AIGlossaryPro/node_modules/regexparam/dist/index.mjs
Module ID: /Users/pranay/Projects/AIMLGlossary/AIGlossaryPro/node_modules/@tanstack/query-core/build/modern/index.js
✓ Vendor chunk matched: /Users/pranay/Projects/AIMLGlossary/AIGlossaryPro/node_modules/@tanstack/query-core/build/modern/index.js
Module ID: /Users/pranay/Projects/AIMLGlossary/AIGlossaryPro/node_modules/@tanstack/react-query/build/modern/types.js
✓ Query client chunk matched: /Users/pranay/Projects/AIMLGlossary/AIGlossaryPro/node_modules/@tanstack/react-query/build/modern/types.js
Module ID: /Users/pranay/Projects/AIMLGlossary/AIGlossaryPro/node_modules/@tanstack/react-query/build/modern/useQueries.js
✓ Query client chunk matched: /Users/pranay/Projects/AIMLGlossary/AIGlossaryPro/node_modules/@tanstack/react-query/build/modern/useQueries.js
Module ID: /Users/pranay/Projects/AIMLGlossary/AIGlossaryPro/node_modules/@tanstack/react-query/build/modern/useQuery.js
✓ Query client chunk matched: /Users/pranay/Projects/AIMLGlossary/AIGlossaryPro/node_modules/@tanstack/react-query/build/modern/useQuery.js
Module ID: /Users/pranay/Projects/AIMLGlossary/AIGlossaryPro/node_modules/@tanstack/react-query/build/modern/useSuspenseQuery.js
✓ Query client chunk matched: /Users/pranay/Projects/AIMLGlossary/AIGlossaryPro/node_modules/@tanstack/react-query/build/modern/useSuspenseQuery.js
Module ID: /Users/pranay/Projects/AIMLGlossary/AIGlossaryPro/node_modules/@tanstack/react-query/build/modern/useSuspenseInfiniteQuery.js
✓ Query client chunk matched: /Users/pranay/Projects/AIMLGlossary/AIGlossaryPro/node_modules/@tanstack/react-query/build/modern/useSuspenseInfiniteQuery.js
Module ID: /Users/pranay/Projects/AIMLGlossary/AIGlossaryPro/node_modules/@tanstack/react-query/build/modern/useSuspenseQueries.js
✓ Query client chunk matched: /Users/pranay/Projects/AIMLGlossary/AIGlossaryPro/node_modules/@tanstack/react-query/build/modern/useSuspenseQueries.js
Module ID: /Users/pranay/Projects/AIMLGlossary/AIGlossaryPro/node_modules/@tanstack/react-query/build/modern/usePrefetchQuery.js
✓ Query client chunk matched: /Users/pranay/Projects/AIMLGlossary/AIGlossaryPro/node_modules/@tanstack/react-query/build/modern/usePrefetchQuery.js
Module ID: /Users/pranay/Projects/AIMLGlossary/AIGlossaryPro/node_modules/@tanstack/react-query/build/modern/usePrefetchInfiniteQuery.js
✓ Query client chunk matched: /Users/pranay/Projects/AIMLGlossary/AIGlossaryPro/node_modules/@tanstack/react-query/build/modern/usePrefetchInfiniteQuery.js
Module ID: /Users/pranay/Projects/AIMLGlossary/AIGlossaryPro/node_modules/@tanstack/react-query/build/modern/queryOptions.js
✓ Query client chunk matched: /Users/pranay/Projects/AIMLGlossary/AIGlossaryPro/node_modules/@tanstack/react-query/build/modern/queryOptions.js
Module ID: /Users/pranay/Projects/AIMLGlossary/AIGlossaryPro/node_modules/@tanstack/react-query/build/modern/infiniteQueryOptions.js
✓ Query client chunk matched: /Users/pranay/Projects/AIMLGlossary/AIGlossaryPro/node_modules/@tanstack/react-query/build/modern/infiniteQueryOptions.js
Module ID: /Users/pranay/Projects/AIMLGlossary/AIGlossaryPro/node_modules/@tanstack/react-query/build/modern/QueryClientProvider.js
✓ Query client chunk matched: /Users/pranay/Projects/AIMLGlossary/AIGlossaryPro/node_modules/@tanstack/react-query/build/modern/QueryClientProvider.js
Module ID: /Users/pranay/Projects/AIMLGlossary/AIGlossaryPro/node_modules/@tanstack/react-query/build/modern/HydrationBoundary.js
✓ Query client chunk matched: /Users/pranay/Projects/AIMLGlossary/AIGlossaryPro/node_modules/@tanstack/react-query/build/modern/HydrationBoundary.js
Module ID: /Users/pranay/Projects/AIMLGlossary/AIGlossaryPro/node_modules/@tanstack/react-query/build/modern/QueryErrorResetBoundary.js
✓ Query client chunk matched: /Users/pranay/Projects/AIMLGlossary/AIGlossaryPro/node_modules/@tanstack/react-query/build/modern/QueryErrorResetBoundary.js
Module ID: /Users/pranay/Projects/AIMLGlossary/AIGlossaryPro/node_modules/@tanstack/react-query/build/modern/useIsFetching.js
✓ Query client chunk matched: /Users/pranay/Projects/AIMLGlossary/AIGlossaryPro/node_modules/@tanstack/react-query/build/modern/useIsFetching.js
Module ID: /Users/pranay/Projects/AIMLGlossary/AIGlossaryPro/node_modules/@tanstack/react-query/build/modern/useMutationState.js
✓ Query client chunk matched: /Users/pranay/Projects/AIMLGlossary/AIGlossaryPro/node_modules/@tanstack/react-query/build/modern/useMutationState.js
Module ID: /Users/pranay/Projects/AIMLGlossary/AIGlossaryPro/node_modules/@tanstack/react-query/build/modern/useMutation.js
✓ Query client chunk matched: /Users/pranay/Projects/AIMLGlossary/AIGlossaryPro/node_modules/@tanstack/react-query/build/modern/useMutation.js
Module ID: /Users/pranay/Projects/AIMLGlossary/AIGlossaryPro/node_modules/@tanstack/react-query/build/modern/useInfiniteQuery.js
✓ Query client chunk matched: /Users/pranay/Projects/AIMLGlossary/AIGlossaryPro/node_modules/@tanstack/react-query/build/modern/useInfiniteQuery.js
Module ID: /Users/pranay/Projects/AIMLGlossary/AIGlossaryPro/node_modules/@tanstack/react-query/build/modern/IsRestoringProvider.js
✓ Query client chunk matched: /Users/pranay/Projects/AIMLGlossary/AIGlossaryPro/node_modules/@tanstack/react-query/build/modern/IsRestoringProvider.js
Module ID: /Users/pranay/Projects/AIMLGlossary/AIGlossaryPro/node_modules/react-dom/cjs/react-dom.development.js
✓ React chunk matched: /Users/pranay/Projects/AIMLGlossary/AIGlossaryPro/node_modules/react-dom/cjs/react-dom.development.js
Module ID: /Users/pranay/Projects/AIMLGlossary/AIGlossaryPro/node_modules/use-sync-external-store/shim/index.js
✓ Vendor chunk matched: /Users/pranay/Projects/AIMLGlossary/AIGlossaryPro/node_modules/use-sync-external-store/shim/index.js
Module ID: /Users/pranay/Projects/AIMLGlossary/AIGlossaryPro/node_modules/@tanstack/query-core/build/modern/retryer.js
✓ Vendor chunk matched: /Users/pranay/Projects/AIMLGlossary/AIGlossaryPro/node_modules/@tanstack/query-core/build/modern/retryer.js
Module ID: /Users/pranay/Projects/AIMLGlossary/AIGlossaryPro/node_modules/@tanstack/query-core/build/modern/queryCache.js
✓ Vendor chunk matched: /Users/pranay/Projects/AIMLGlossary/AIGlossaryPro/node_modules/@tanstack/query-core/build/modern/queryCache.js
Module ID: /Users/pranay/Projects/AIMLGlossary/AIGlossaryPro/node_modules/@tanstack/query-core/build/modern/queryClient.js
✓ Vendor chunk matched: /Users/pranay/Projects/AIMLGlossary/AIGlossaryPro/node_modules/@tanstack/query-core/build/modern/queryClient.js
Module ID: /Users/pranay/Projects/AIMLGlossary/AIGlossaryPro/node_modules/@tanstack/query-core/build/modern/queryObserver.js
✓ Vendor chunk matched: /Users/pranay/Projects/AIMLGlossary/AIGlossaryPro/node_modules/@tanstack/query-core/build/modern/queryObserver.js
Module ID: /Users/pranay/Projects/AIMLGlossary/AIGlossaryPro/node_modules/@tanstack/query-core/build/modern/queriesObserver.js
✓ Vendor chunk matched: /Users/pranay/Projects/AIMLGlossary/AIGlossaryPro/node_modules/@tanstack/query-core/build/modern/queriesObserver.js
Module ID: /Users/pranay/Projects/AIMLGlossary/AIGlossaryPro/node_modules/@tanstack/query-core/build/modern/infiniteQueryObserver.js
✓ Vendor chunk matched: /Users/pranay/Projects/AIMLGlossary/AIGlossaryPro/node_modules/@tanstack/query-core/build/modern/infiniteQueryObserver.js
Module ID: /Users/pranay/Projects/AIMLGlossary/AIGlossaryPro/node_modules/@tanstack/query-core/build/modern/mutationCache.js
✓ Vendor chunk matched: /Users/pranay/Projects/AIMLGlossary/AIGlossaryPro/node_modules/@tanstack/query-core/build/modern/mutationCache.js
Module ID: /Users/pranay/Projects/AIMLGlossary/AIGlossaryPro/node_modules/@tanstack/query-core/build/modern/mutationObserver.js
✓ Vendor chunk matched: /Users/pranay/Projects/AIMLGlossary/AIGlossaryPro/node_modules/@tanstack/query-core/build/modern/mutationObserver.js
Module ID: /Users/pranay/Projects/AIMLGlossary/AIGlossaryPro/node_modules/@tanstack/query-core/build/modern/notifyManager.js
✓ Vendor chunk matched: /Users/pranay/Projects/AIMLGlossary/AIGlossaryPro/node_modules/@tanstack/query-core/build/modern/notifyManager.js
Module ID: /Users/pranay/Projects/AIMLGlossary/AIGlossaryPro/node_modules/@tanstack/query-core/build/modern/focusManager.js
✓ Vendor chunk matched: /Users/pranay/Projects/AIMLGlossary/AIGlossaryPro/node_modules/@tanstack/query-core/build/modern/focusManager.js
Module ID: /Users/pranay/Projects/AIMLGlossary/AIGlossaryPro/node_modules/@tanstack/query-core/build/modern/onlineManager.js
✓ Vendor chunk matched: /Users/pranay/Projects/AIMLGlossary/AIGlossaryPro/node_modules/@tanstack/query-core/build/modern/onlineManager.js
Module ID: /Users/pranay/Projects/AIMLGlossary/AIGlossaryPro/node_modules/@tanstack/query-core/build/modern/utils.js
✓ Vendor chunk matched: /Users/pranay/Projects/AIMLGlossary/AIGlossaryPro/node_modules/@tanstack/query-core/build/modern/utils.js
Module ID: /Users/pranay/Projects/AIMLGlossary/AIGlossaryPro/node_modules/@tanstack/query-core/build/modern/hydration.js
✓ Vendor chunk matched: /Users/pranay/Projects/AIMLGlossary/AIGlossaryPro/node_modules/@tanstack/query-core/build/modern/hydration.js
Module ID: /Users/pranay/Projects/AIMLGlossary/AIGlossaryPro/node_modules/@tanstack/query-core/build/modern/streamedQuery.js
✓ Vendor chunk matched: /Users/pranay/Projects/AIMLGlossary/AIGlossaryPro/node_modules/@tanstack/query-core/build/modern/streamedQuery.js
Module ID: /Users/pranay/Projects/AIMLGlossary/AIGlossaryPro/node_modules/@tanstack/query-core/build/modern/types.js
✓ Vendor chunk matched: /Users/pranay/Projects/AIMLGlossary/AIGlossaryPro/node_modules/@tanstack/query-core/build/modern/types.js
Module ID: /Users/pranay/Projects/AIMLGlossary/AIGlossaryPro/node_modules/@tanstack/query-core/build/modern/query.js
✓ Vendor chunk matched: /Users/pranay/Projects/AIMLGlossary/AIGlossaryPro/node_modules/@tanstack/query-core/build/modern/query.js
Module ID: /Users/pranay/Projects/AIMLGlossary/AIGlossaryPro/node_modules/@tanstack/query-core/build/modern/mutation.js
✓ Vendor chunk matched: /Users/pranay/Projects/AIMLGlossary/AIGlossaryPro/node_modules/@tanstack/query-core/build/modern/mutation.js
Module ID: /Users/pranay/Projects/AIMLGlossary/AIGlossaryPro/node_modules/@tanstack/react-query/build/modern/useBaseQuery.js
✓ Query client chunk matched: /Users/pranay/Projects/AIMLGlossary/AIGlossaryPro/node_modules/@tanstack/react-query/build/modern/useBaseQuery.js
Module ID: /Users/pranay/Projects/AIMLGlossary/AIGlossaryPro/node_modules/@tanstack/react-query/build/modern/errorBoundaryUtils.js
✓ Query client chunk matched: /Users/pranay/Projects/AIMLGlossary/AIGlossaryPro/node_modules/@tanstack/react-query/build/modern/errorBoundaryUtils.js
Module ID: /Users/pranay/Projects/AIMLGlossary/AIGlossaryPro/node_modules/@tanstack/react-query/build/modern/suspense.js
✓ Query client chunk matched: /Users/pranay/Projects/AIMLGlossary/AIGlossaryPro/node_modules/@tanstack/react-query/build/modern/suspense.js
Module ID: /Users/pranay/Projects/AIMLGlossary/AIGlossaryPro/node_modules/react/jsx-runtime.js
✓ React chunk matched: /Users/pranay/Projects/AIMLGlossary/AIGlossaryPro/node_modules/react/jsx-runtime.js
Module ID: /Users/pranay/Projects/AIMLGlossary/AIGlossaryPro/node_modules/lucide-react/dist/esm/lucide-react.js
✓ Icons chunk matched: /Users/pranay/Projects/AIMLGlossary/AIGlossaryPro/node_modules/lucide-react/dist/esm/lucide-react.js
Module ID: /Users/pranay/Projects/AIMLGlossary/AIGlossaryPro/client/src/components/ui/card.tsx
Module ID: /Users/pranay/Projects/AIMLGlossary/AIGlossaryPro/node_modules/@radix-ui/react-tooltip/dist/index.mjs
✓ Radix UI chunk matched: /Users/pranay/Projects/AIMLGlossary/AIGlossaryPro/node_modules/@radix-ui/react-tooltip/dist/index.mjs
Module ID: /Users/pranay/Projects/AIMLGlossary/AIGlossaryPro/client/src/lib/utils.ts
Module ID: /Users/pranay/Projects/AIMLGlossary/AIGlossaryPro/client/src/hooks/use-toast.ts
Module ID: /Users/pranay/Projects/AIMLGlossary/AIGlossaryPro/client/src/components/ui/toast.tsx
Module ID: /Users/pranay/Projects/AIMLGlossary/AIGlossaryPro/node_modules/recharts/es6/index.js
✓ Charts chunk matched: /Users/pranay/Projects/AIMLGlossary/AIGlossaryPro/node_modules/recharts/es6/index.js
Module ID:  vite/preload-helper.js
Module ID: /Users/pranay/Projects/AIMLGlossary/AIGlossaryPro/client/src/pages/Terms.tsx
Module ID: /Users/pranay/Projects/AIMLGlossary/AIGlossaryPro/client/src/pages/Categories.tsx
Module ID: /Users/pranay/Projects/AIMLGlossary/AIGlossaryPro/client/src/pages/Dashboard.tsx
Module ID: /Users/pranay/Projects/AIMLGlossary/AIGlossaryPro/client/src/pages/EnhancedTermDetail.tsx
Module ID: /Users/pranay/Projects/AIMLGlossary/AIGlossaryPro/client/src/pages/Admin.tsx
✓ Admin pages chunk matched: /Users/pranay/Projects/AIMLGlossary/AIGlossaryPro/client/src/pages/Admin.tsx
Module ID: /Users/pranay/Projects/AIMLGlossary/AIGlossaryPro/client/src/pages/AnalyticsDashboard.tsx
Module ID: /Users/pranay/Projects/AIMLGlossary/AIGlossaryPro/client/src/pages/AITools.tsx
Module ID: /Users/pranay/Projects/AIMLGlossary/AIGlossaryPro/client/src/pages/Favorites.tsx
Module ID: /Users/pranay/Projects/AIMLGlossary/AIGlossaryPro/client/src/components/AIFeedbackDashboard.tsx
Module ID: /Users/pranay/Projects/AIMLGlossary/AIGlossaryPro/client/src/components/VirtualizedTermList.tsx
Module ID: /Users/pranay/Projects/AIMLGlossary/AIGlossaryPro/client/src/components/search/AdvancedSearch.tsx
Module ID: /Users/pranay/Projects/AIMLGlossary/AIGlossaryPro/client/src/components/interactive/MermaidDiagram.tsx
Module ID: /Users/pranay/Projects/AIMLGlossary/AIGlossaryPro/client/src/components/ui/skeleton.tsx
Module ID: /Users/pranay/Projects/AIMLGlossary/AIGlossaryPro/client/src/components/ErrorBoundary.tsx
Module ID: /Users/pranay/Projects/AIMLGlossary/AIGlossaryPro/client/src/pages/Subcategories.tsx
Module ID: /Users/pranay/Projects/AIMLGlossary/AIGlossaryPro/client/src/pages/SubcategoryDetail.tsx
Module ID: /Users/pranay/Projects/AIMLGlossary/AIGlossaryPro/client/src/pages/Trending.tsx
Module ID: /Users/pranay/Projects/AIMLGlossary/AIGlossaryPro/client/src/pages/Settings.tsx
Module ID: /Users/pranay/Projects/AIMLGlossary/AIGlossaryPro/client/src/pages/UserProgressDashboard.tsx
Module ID: /Users/pranay/Projects/AIMLGlossary/AIGlossaryPro/client/src/pages/Lifetime.tsx
Module ID: /Users/pranay/Projects/AIMLGlossary/AIGlossaryPro/client/src/pages/Profile.tsx
Module ID: /Users/pranay/Projects/AIMLGlossary/AIGlossaryPro/client/src/pages/LandingPage.tsx
✓ Landing page chunk matched: /Users/pranay/Projects/AIMLGlossary/AIGlossaryPro/client/src/pages/LandingPage.tsx
Module ID: /Users/pranay/Projects/AIMLGlossary/AIGlossaryPro/client/src/pages/About.tsx
Module ID: /Users/pranay/Projects/AIMLGlossary/AIGlossaryPro/client/src/pages/PrivacyPolicy.tsx
✓ Legal pages chunk matched: /Users/pranay/Projects/AIMLGlossary/AIGlossaryPro/client/src/pages/PrivacyPolicy.tsx
Module ID: /Users/pranay/Projects/AIMLGlossary/AIGlossaryPro/client/src/pages/TermsOfService.tsx
✓ Legal pages chunk matched: /Users/pranay/Projects/AIMLGlossary/AIGlossaryPro/client/src/pages/TermsOfService.tsx
Module ID: /Users/pranay/Projects/AIMLGlossary/AIGlossaryPro/client/src/components/ui/input.tsx
Module ID: /Users/pranay/Projects/AIMLGlossary/AIGlossaryPro/client/src/components/ui/button.tsx
Module ID: /Users/pranay/Projects/AIMLGlossary/AIGlossaryPro/client/src/components/Sidebar.tsx
Module ID: /Users/pranay/Projects/AIMLGlossary/AIGlossaryPro/client/src/components/TermCard.tsx
Module ID: /Users/pranay/Projects/AIMLGlossary/AIGlossaryPro/client/src/components/CategoryCard.tsx
Module ID: /Users/pranay/Projects/AIMLGlossary/AIGlossaryPro/client/src/components/SearchBar.tsx
Module ID: /Users/pranay/Projects/AIMLGlossary/AIGlossaryPro/client/src/components/ui/icons.tsx
Module ID: /Users/pranay/Projects/AIMLGlossary/AIGlossaryPro/client/src/components/ui/dropdown-menu.tsx
Module ID: /Users/pranay/Projects/AIMLGlossary/AIGlossaryPro/client/src/components/ui/avatar.tsx
Module ID: /Users/pranay/Projects/AIMLGlossary/AIGlossaryPro/client/src/hooks/useFocusTrap.tsx
Module ID: /Users/pranay/Projects/AIMLGlossary/AIGlossaryPro/client/src/lib/firebase.ts
Module ID: /Users/pranay/Projects/AIMLGlossary/AIGlossaryPro/client/src/components/ui/separator.tsx
Module ID: /Users/pranay/Projects/AIMLGlossary/AIGlossaryPro/client/src/components/ui/switch.tsx
Module ID: /Users/pranay/Projects/AIMLGlossary/AIGlossaryPro/client/src/components/ui/badge.tsx
Module ID: /Users/pranay/Projects/AIMLGlossary/AIGlossaryPro/client/src/lib/analyticsConfig.ts
Module ID: /Users/pranay/Projects/AIMLGlossary/AIGlossaryPro/client/src/components/ui/label.tsx
Module ID: /Users/pranay/Projects/AIMLGlossary/AIGlossaryPro/client/src/components/ui/tabs.tsx
Module ID: /Users/pranay/Projects/AIMLGlossary/AIGlossaryPro/client/src/components/ui/alert.tsx
Module ID: /Users/pranay/Projects/AIMLGlossary/AIGlossaryPro/client/src/components/accessibility/LiveRegion.tsx
Module ID: /Users/pranay/Projects/AIMLGlossary/AIGlossaryPro/client/src/lib/api.ts
Module ID: /Users/pranay/Projects/AIMLGlossary/AIGlossaryPro/client/src/components/ui/optimized-image.tsx
Module ID:  commonjsHelpers.js
Module ID:  /Users/pranay/Projects/AIMLGlossary/AIGlossaryPro/node_modules/react/index.js?commonjs-module
✓ React chunk matched:  /Users/pranay/Projects/AIMLGlossary/AIGlossaryPro/node_modules/react/index.js?commonjs-module
Module ID:  /Users/pranay/Projects/AIMLGlossary/AIGlossaryPro/node_modules/react/cjs/react.development.js?commonjs-proxy
✓ React chunk matched:  /Users/pranay/Projects/AIMLGlossary/AIGlossaryPro/node_modules/react/cjs/react.development.js?commonjs-proxy
Module ID:  /Users/pranay/Projects/AIMLGlossary/AIGlossaryPro/node_modules/react/cjs/react.development.js?commonjs-module
✓ React chunk matched:  /Users/pranay/Projects/AIMLGlossary/AIGlossaryPro/node_modules/react/cjs/react.development.js?commonjs-module
Module ID:  /Users/pranay/Projects/AIMLGlossary/AIGlossaryPro/node_modules/react/jsx-dev-runtime.js?commonjs-module
✓ React chunk matched:  /Users/pranay/Projects/AIMLGlossary/AIGlossaryPro/node_modules/react/jsx-dev-runtime.js?commonjs-module
Module ID:  /Users/pranay/Projects/AIMLGlossary/AIGlossaryPro/node_modules/react/cjs/react-jsx-dev-runtime.development.js?commonjs-proxy
✓ React chunk matched:  /Users/pranay/Projects/AIMLGlossary/AIGlossaryPro/node_modules/react/cjs/react-jsx-dev-runtime.development.js?commonjs-proxy
Module ID: /Users/pranay/Projects/AIMLGlossary/AIGlossaryPro/node_modules/@tanstack/query-core/build/modern/thenable.js
✓ Vendor chunk matched: /Users/pranay/Projects/AIMLGlossary/AIGlossaryPro/node_modules/@tanstack/query-core/build/modern/thenable.js
Module ID: /Users/pranay/Projects/AIMLGlossary/AIGlossaryPro/node_modules/@tanstack/query-core/build/modern/subscribable.js
✓ Vendor chunk matched: /Users/pranay/Projects/AIMLGlossary/AIGlossaryPro/node_modules/@tanstack/query-core/build/modern/subscribable.js
Module ID: /Users/pranay/Projects/AIMLGlossary/AIGlossaryPro/node_modules/@tanstack/query-core/build/modern/infiniteQueryBehavior.js
✓ Vendor chunk matched: /Users/pranay/Projects/AIMLGlossary/AIGlossaryPro/node_modules/@tanstack/query-core/build/modern/infiniteQueryBehavior.js
Module ID: /Users/pranay/Projects/AIMLGlossary/AIGlossaryPro/node_modules/@tanstack/query-core/build/modern/removable.js
✓ Vendor chunk matched: /Users/pranay/Projects/AIMLGlossary/AIGlossaryPro/node_modules/@tanstack/query-core/build/modern/removable.js
Module ID: /Users/pranay/Projects/AIMLGlossary/AIGlossaryPro/node_modules/recharts/es6/container/Surface.js
✓ Charts chunk matched: /Users/pranay/Projects/AIMLGlossary/AIGlossaryPro/node_modules/recharts/es6/container/Surface.js
Module ID: /Users/pranay/Projects/AIMLGlossary/AIGlossaryPro/node_modules/recharts/es6/container/Layer.js
✓ Charts chunk matched: /Users/pranay/Projects/AIMLGlossary/AIGlossaryPro/node_modules/recharts/es6/container/Layer.js
Module ID: /Users/pranay/Projects/AIMLGlossary/AIGlossaryPro/node_modules/recharts/es6/component/Legend.js
✓ Charts chunk matched: /Users/pranay/Projects/AIMLGlossary/AIGlossaryPro/node_modules/recharts/es6/component/Legend.js
Module ID: /Users/pranay/Projects/AIMLGlossary/AIGlossaryPro/node_modules/recharts/es6/component/DefaultLegendContent.js
✓ Charts chunk matched: /Users/pranay/Projects/AIMLGlossary/AIGlossaryPro/node_modules/recharts/es6/component/DefaultLegendContent.js
Module ID: /Users/pranay/Projects/AIMLGlossary/AIGlossaryPro/node_modules/recharts/es6/component/Tooltip.js
✓ Charts chunk matched: /Users/pranay/Projects/AIMLGlossary/AIGlossaryPro/node_modules/recharts/es6/component/Tooltip.js
Module ID: /Users/pranay/Projects/AIMLGlossary/AIGlossaryPro/node_modules/recharts/es6/component/DefaultTooltipContent.js
✓ Charts chunk matched: /Users/pranay/Projects/AIMLGlossary/AIGlossaryPro/node_modules/recharts/es6/component/DefaultTooltipContent.js
Module ID: /Users/pranay/Projects/AIMLGlossary/AIGlossaryPro/node_modules/recharts/es6/component/ResponsiveContainer.js
✓ Charts chunk matched: /Users/pranay/Projects/AIMLGlossary/AIGlossaryPro/node_modules/recharts/es6/component/ResponsiveContainer.js
Module ID: /Users/pranay/Projects/AIMLGlossary/AIGlossaryPro/node_modules/recharts/es6/component/Cell.js
✓ Charts chunk matched: /Users/pranay/Projects/AIMLGlossary/AIGlossaryPro/node_modules/recharts/es6/component/Cell.js
Module ID: /Users/pranay/Projects/AIMLGlossary/AIGlossaryPro/node_modules/recharts/es6/component/Text.js
✓ Charts chunk matched: /Users/pranay/Projects/AIMLGlossary/AIGlossaryPro/node_modules/recharts/es6/component/Text.js
Module ID: /Users/pranay/Projects/AIMLGlossary/AIGlossaryPro/node_modules/recharts/es6/component/Label.js
✓ Charts chunk matched: /Users/pranay/Projects/AIMLGlossary/AIGlossaryPro/node_modules/recharts/es6/component/Label.js
Module ID: /Users/pranay/Projects/AIMLGlossary/AIGlossaryPro/node_modules/recharts/es6/component/LabelList.js
✓ Charts chunk matched: /Users/pranay/Projects/AIMLGlossary/AIGlossaryPro/node_modules/recharts/es6/component/LabelList.js
Module ID: /Users/pranay/Projects/AIMLGlossary/AIGlossaryPro/node_modules/recharts/es6/component/Customized.js
✓ Charts chunk matched: /Users/pranay/Projects/AIMLGlossary/AIGlossaryPro/node_modules/recharts/es6/component/Customized.js
Module ID: /Users/pranay/Projects/AIMLGlossary/AIGlossaryPro/node_modules/recharts/es6/shape/Sector.js
✓ Charts chunk matched: /Users/pranay/Projects/AIMLGlossary/AIGlossaryPro/node_modules/recharts/es6/shape/Sector.js
Module ID: /Users/pranay/Projects/AIMLGlossary/AIGlossaryPro/node_modules/recharts/es6/shape/Curve.js
✓ Charts chunk matched: /Users/pranay/Projects/AIMLGlossary/AIGlossaryPro/node_modules/recharts/es6/shape/Curve.js
Module ID: /Users/pranay/Projects/AIMLGlossary/AIGlossaryPro/node_modules/recharts/es6/shape/Rectangle.js
✓ Charts chunk matched: /Users/pranay/Projects/AIMLGlossary/AIGlossaryPro/node_modules/recharts/es6/shape/Rectangle.js
Module ID: /Users/pranay/Projects/AIMLGlossary/AIGlossaryPro/node_modules/recharts/es6/shape/Polygon.js
✓ Charts chunk matched: /Users/pranay/Projects/AIMLGlossary/AIGlossaryPro/node_modules/recharts/es6/shape/Polygon.js
Module ID: /Users/pranay/Projects/AIMLGlossary/AIGlossaryPro/node_modules/recharts/es6/shape/Dot.js
✓ Charts chunk matched: /Users/pranay/Projects/AIMLGlossary/AIGlossaryPro/node_modules/recharts/es6/shape/Dot.js
Module ID: /Users/pranay/Projects/AIMLGlossary/AIGlossaryPro/node_modules/recharts/es6/shape/Cross.js
✓ Charts chunk matched: /Users/pranay/Projects/AIMLGlossary/AIGlossaryPro/node_modules/recharts/es6/shape/Cross.js
Module ID: /Users/pranay/Projects/AIMLGlossary/AIGlossaryPro/node_modules/recharts/es6/shape/Symbols.js
✓ Charts chunk matched: /Users/pranay/Projects/AIMLGlossary/AIGlossaryPro/node_modules/recharts/es6/shape/Symbols.js
Module ID: /Users/pranay/Projects/AIMLGlossary/AIGlossaryPro/node_modules/recharts/es6/polar/PolarGrid.js
✓ Charts chunk matched: /Users/pranay/Projects/AIMLGlossary/AIGlossaryPro/node_modules/recharts/es6/polar/PolarGrid.js
Module ID: /Users/pranay/Projects/AIMLGlossary/AIGlossaryPro/node_modules/recharts/es6/polar/PolarRadiusAxis.js
✓ Charts chunk matched: /Users/pranay/Projects/AIMLGlossary/AIGlossaryPro/node_modules/recharts/es6/polar/PolarRadiusAxis.js
Module ID: /Users/pranay/Projects/AIMLGlossary/AIGlossaryPro/node_modules/recharts/es6/polar/PolarAngleAxis.js
✓ Charts chunk matched: /Users/pranay/Projects/AIMLGlossary/AIGlossaryPro/node_modules/recharts/es6/polar/PolarAngleAxis.js
Module ID: /Users/pranay/Projects/AIMLGlossary/AIGlossaryPro/node_modules/recharts/es6/polar/Pie.js
✓ Charts chunk matched: /Users/pranay/Projects/AIMLGlossary/AIGlossaryPro/node_modules/recharts/es6/polar/Pie.js
Module ID: /Users/pranay/Projects/AIMLGlossary/AIGlossaryPro/node_modules/recharts/es6/polar/Radar.js
✓ Charts chunk matched: /Users/pranay/Projects/AIMLGlossary/AIGlossaryPro/node_modules/recharts/es6/polar/Radar.js
Module ID: /Users/pranay/Projects/AIMLGlossary/AIGlossaryPro/node_modules/recharts/es6/polar/RadialBar.js
✓ Charts chunk matched: /Users/pranay/Projects/AIMLGlossary/AIGlossaryPro/node_modules/recharts/es6/polar/RadialBar.js
Module ID: /Users/pranay/Projects/AIMLGlossary/AIGlossaryPro/node_modules/recharts/es6/cartesian/Brush.js
✓ Charts chunk matched: /Users/pranay/Projects/AIMLGlossary/AIGlossaryPro/node_modules/recharts/es6/cartesian/Brush.js
Module ID: /Users/pranay/Projects/AIMLGlossary/AIGlossaryPro/node_modules/recharts/es6/cartesian/ReferenceLine.js
✓ Charts chunk matched: /Users/pranay/Projects/AIMLGlossary/AIGlossaryPro/node_modules/recharts/es6/cartesian/ReferenceLine.js
Module ID: /Users/pranay/Projects/AIMLGlossary/AIGlossaryPro/node_modules/recharts/es6/cartesian/ReferenceDot.js
✓ Charts chunk matched: /Users/pranay/Projects/AIMLGlossary/AIGlossaryPro/node_modules/recharts/es6/cartesian/ReferenceDot.js
Module ID: /Users/pranay/Projects/AIMLGlossary/AIGlossaryPro/node_modules/recharts/es6/cartesian/ReferenceArea.js
✓ Charts chunk matched: /Users/pranay/Projects/AIMLGlossary/AIGlossaryPro/node_modules/recharts/es6/cartesian/ReferenceArea.js
Module ID: /Users/pranay/Projects/AIMLGlossary/AIGlossaryPro/node_modules/recharts/es6/cartesian/CartesianAxis.js
✓ Charts chunk matched: /Users/pranay/Projects/AIMLGlossary/AIGlossaryPro/node_modules/recharts/es6/cartesian/CartesianAxis.js
Module ID: /Users/pranay/Projects/AIMLGlossary/AIGlossaryPro/node_modules/recharts/es6/cartesian/CartesianGrid.js
✓ Charts chunk matched: /Users/pranay/Projects/AIMLGlossary/AIGlossaryPro/node_modules/recharts/es6/cartesian/CartesianGrid.js
Module ID: /Users/pranay/Projects/AIMLGlossary/AIGlossaryPro/node_modules/recharts/es6/cartesian/Line.js
✓ Charts chunk matched: /Users/pranay/Projects/AIMLGlossary/AIGlossaryPro/node_modules/recharts/es6/cartesian/Line.js
Module ID: /Users/pranay/Projects/AIMLGlossary/AIGlossaryPro/node_modules/recharts/es6/cartesian/Area.js
✓ Charts chunk matched: /Users/pranay/Projects/AIMLGlossary/AIGlossaryPro/node_modules/recharts/es6/cartesian/Area.js
Module ID: /Users/pranay/Projects/AIMLGlossary/AIGlossaryPro/node_modules/recharts/es6/cartesian/Bar.js
✓ Charts chunk matched: /Users/pranay/Projects/AIMLGlossary/AIGlossaryPro/node_modules/recharts/es6/cartesian/Bar.js
Module ID: /Users/pranay/Projects/AIMLGlossary/AIGlossaryPro/node_modules/recharts/es6/cartesian/Scatter.js
✓ Charts chunk matched: /Users/pranay/Projects/AIMLGlossary/AIGlossaryPro/node_modules/recharts/es6/cartesian/Scatter.js
Module ID: /Users/pranay/Projects/AIMLGlossary/AIGlossaryPro/node_modules/recharts/es6/cartesian/XAxis.js
✓ Charts chunk matched: /Users/pranay/Projects/AIMLGlossary/AIGlossaryPro/node_modules/recharts/es6/cartesian/XAxis.js
Module ID: /Users/pranay/Projects/AIMLGlossary/AIGlossaryPro/node_modules/recharts/es6/cartesian/YAxis.js
✓ Charts chunk matched: /Users/pranay/Projects/AIMLGlossary/AIGlossaryPro/node_modules/recharts/es6/cartesian/YAxis.js
Module ID: /Users/pranay/Projects/AIMLGlossary/AIGlossaryPro/node_modules/recharts/es6/cartesian/ZAxis.js
✓ Charts chunk matched: /Users/pranay/Projects/AIMLGlossary/AIGlossaryPro/node_modules/recharts/es6/cartesian/ZAxis.js
Module ID: /Users/pranay/Projects/AIMLGlossary/AIGlossaryPro/node_modules/recharts/es6/cartesian/ErrorBar.js
✓ Charts chunk matched: /Users/pranay/Projects/AIMLGlossary/AIGlossaryPro/node_modules/recharts/es6/cartesian/ErrorBar.js
Module ID: /Users/pranay/Projects/AIMLGlossary/AIGlossaryPro/node_modules/recharts/es6/chart/LineChart.js
✓ Charts chunk matched: /Users/pranay/Projects/AIMLGlossary/AIGlossaryPro/node_modules/recharts/es6/chart/LineChart.js
Module ID: /Users/pranay/Projects/AIMLGlossary/AIGlossaryPro/node_modules/recharts/es6/chart/BarChart.js
✓ Charts chunk matched: /Users/pranay/Projects/AIMLGlossary/AIGlossaryPro/node_modules/recharts/es6/chart/BarChart.js
Module ID: /Users/pranay/Projects/AIMLGlossary/AIGlossaryPro/node_modules/recharts/es6/chart/PieChart.js
✓ Charts chunk matched: /Users/pranay/Projects/AIMLGlossary/AIGlossaryPro/node_modules/recharts/es6/chart/PieChart.js
Module ID: /Users/pranay/Projects/AIMLGlossary/AIGlossaryPro/node_modules/recharts/es6/chart/Treemap.js
✓ Charts chunk matched: /Users/pranay/Projects/AIMLGlossary/AIGlossaryPro/node_modules/recharts/es6/chart/Treemap.js
Module ID: /Users/pranay/Projects/AIMLGlossary/AIGlossaryPro/node_modules/recharts/es6/chart/Sankey.js
✓ Charts chunk matched: /Users/pranay/Projects/AIMLGlossary/AIGlossaryPro/node_modules/recharts/es6/chart/Sankey.js
Module ID: /Users/pranay/Projects/AIMLGlossary/AIGlossaryPro/node_modules/recharts/es6/chart/RadarChart.js
✓ Charts chunk matched: /Users/pranay/Projects/AIMLGlossary/AIGlossaryPro/node_modules/recharts/es6/chart/RadarChart.js
Module ID: /Users/pranay/Projects/AIMLGlossary/AIGlossaryPro/node_modules/recharts/es6/chart/ScatterChart.js
✓ Charts chunk matched: /Users/pranay/Projects/AIMLGlossary/AIGlossaryPro/node_modules/recharts/es6/chart/ScatterChart.js
Module ID: /Users/pranay/Projects/AIMLGlossary/AIGlossaryPro/node_modules/recharts/es6/chart/AreaChart.js
✓ Charts chunk matched: /Users/pranay/Projects/AIMLGlossary/AIGlossaryPro/node_modules/recharts/es6/chart/AreaChart.js
Module ID: /Users/pranay/Projects/AIMLGlossary/AIGlossaryPro/node_modules/recharts/es6/chart/RadialBarChart.js
✓ Charts chunk matched: /Users/pranay/Projects/AIMLGlossary/AIGlossaryPro/node_modules/recharts/es6/chart/RadialBarChart.js
Module ID: /Users/pranay/Projects/AIMLGlossary/AIGlossaryPro/node_modules/recharts/es6/chart/ComposedChart.js
✓ Charts chunk matched: /Users/pranay/Projects/AIMLGlossary/AIGlossaryPro/node_modules/recharts/es6/chart/ComposedChart.js
Module ID: /Users/pranay/Projects/AIMLGlossary/AIGlossaryPro/node_modules/recharts/es6/chart/SunburstChart.js
✓ Charts chunk matched: /Users/pranay/Projects/AIMLGlossary/AIGlossaryPro/node_modules/recharts/es6/chart/SunburstChart.js
Module ID: /Users/pranay/Projects/AIMLGlossary/AIGlossaryPro/node_modules/recharts/es6/numberAxis/Funnel.js
✓ Charts chunk matched: /Users/pranay/Projects/AIMLGlossary/AIGlossaryPro/node_modules/recharts/es6/numberAxis/Funnel.js
Module ID: /Users/pranay/Projects/AIMLGlossary/AIGlossaryPro/node_modules/recharts/es6/chart/FunnelChart.js
✓ Charts chunk matched: /Users/pranay/Projects/AIMLGlossary/AIGlossaryPro/node_modules/recharts/es6/chart/FunnelChart.js
Module ID: /Users/pranay/Projects/AIMLGlossary/AIGlossaryPro/node_modules/recharts/es6/shape/Trapezoid.js
✓ Charts chunk matched: /Users/pranay/Projects/AIMLGlossary/AIGlossaryPro/node_modules/recharts/es6/shape/Trapezoid.js
Module ID: /Users/pranay/Projects/AIMLGlossary/AIGlossaryPro/node_modules/recharts/es6/util/Global.js
✓ Charts chunk matched: /Users/pranay/Projects/AIMLGlossary/AIGlossaryPro/node_modules/recharts/es6/util/Global.js
Module ID: /Users/pranay/Projects/AIMLGlossary/AIGlossaryPro/node_modules/@radix-ui/primitive/dist/index.mjs
✓ Radix UI chunk matched: /Users/pranay/Projects/AIMLGlossary/AIGlossaryPro/node_modules/@radix-ui/primitive/dist/index.mjs
Module ID: /Users/pranay/Projects/AIMLGlossary/AIGlossaryPro/node_modules/@radix-ui/react-compose-refs/dist/index.mjs
✓ Radix UI chunk matched: /Users/pranay/Projects/AIMLGlossary/AIGlossaryPro/node_modules/@radix-ui/react-compose-refs/dist/index.mjs
Module ID: /Users/pranay/Projects/AIMLGlossary/AIGlossaryPro/node_modules/@radix-ui/react-context/dist/index.mjs
✓ Radix UI chunk matched: /Users/pranay/Projects/AIMLGlossary/AIGlossaryPro/node_modules/@radix-ui/react-context/dist/index.mjs
Module ID: /Users/pranay/Projects/AIMLGlossary/AIGlossaryPro/node_modules/@radix-ui/react-dismissable-layer/dist/index.mjs
✓ Radix UI chunk matched: /Users/pranay/Projects/AIMLGlossary/AIGlossaryPro/node_modules/@radix-ui/react-dismissable-layer/dist/index.mjs
Module ID: /Users/pranay/Projects/AIMLGlossary/AIGlossaryPro/node_modules/@radix-ui/react-id/dist/index.mjs
✓ Radix UI chunk matched: /Users/pranay/Projects/AIMLGlossary/AIGlossaryPro/node_modules/@radix-ui/react-id/dist/index.mjs
Module ID: /Users/pranay/Projects/AIMLGlossary/AIGlossaryPro/node_modules/@radix-ui/react-popper/dist/index.mjs
✓ Radix UI chunk matched: /Users/pranay/Projects/AIMLGlossary/AIGlossaryPro/node_modules/@radix-ui/react-popper/dist/index.mjs
Module ID: /Users/pranay/Projects/AIMLGlossary/AIGlossaryPro/node_modules/@radix-ui/react-portal/dist/index.mjs
✓ Radix UI chunk matched: /Users/pranay/Projects/AIMLGlossary/AIGlossaryPro/node_modules/@radix-ui/react-portal/dist/index.mjs
Module ID: /Users/pranay/Projects/AIMLGlossary/AIGlossaryPro/node_modules/@radix-ui/react-presence/dist/index.mjs
✓ Radix UI chunk matched: /Users/pranay/Projects/AIMLGlossary/AIGlossaryPro/node_modules/@radix-ui/react-presence/dist/index.mjs
Module ID: /Users/pranay/Projects/AIMLGlossary/AIGlossaryPro/node_modules/@radix-ui/react-primitive/dist/index.mjs
✓ Radix UI chunk matched: /Users/pranay/Projects/AIMLGlossary/AIGlossaryPro/node_modules/@radix-ui/react-primitive/dist/index.mjs
Module ID: /Users/pranay/Projects/AIMLGlossary/AIGlossaryPro/node_modules/@radix-ui/react-slot/dist/index.mjs
✓ Radix UI chunk matched: /Users/pranay/Projects/AIMLGlossary/AIGlossaryPro/node_modules/@radix-ui/react-slot/dist/index.mjs
Module ID: /Users/pranay/Projects/AIMLGlossary/AIGlossaryPro/node_modules/@radix-ui/react-use-controllable-state/dist/index.mjs
✓ Radix UI chunk matched: /Users/pranay/Projects/AIMLGlossary/AIGlossaryPro/node_modules/@radix-ui/react-use-controllable-state/dist/index.mjs
Module ID: /Users/pranay/Projects/AIMLGlossary/AIGlossaryPro/node_modules/@radix-ui/react-visually-hidden/dist/index.mjs
✓ Radix UI chunk matched: /Users/pranay/Projects/AIMLGlossary/AIGlossaryPro/node_modules/@radix-ui/react-visually-hidden/dist/index.mjs
Module ID: /Users/pranay/Projects/AIMLGlossary/AIGlossaryPro/node_modules/lucide-react/dist/esm/icons/index.js
✓ Icons chunk matched: /Users/pranay/Projects/AIMLGlossary/AIGlossaryPro/node_modules/lucide-react/dist/esm/icons/index.js
Module ID: /Users/pranay/Projects/AIMLGlossary/AIGlossaryPro/node_modules/lucide-react/dist/esm/icons/a-arrow-down.js
✓ Icons chunk matched: /Users/pranay/Projects/AIMLGlossary/AIGlossaryPro/node_modules/lucide-react/dist/esm/icons/a-arrow-down.js
Module ID: /Users/pranay/Projects/AIMLGlossary/AIGlossaryPro/node_modules/lucide-react/dist/esm/icons/a-arrow-up.js
✓ Icons chunk matched: /Users/pranay/Projects/AIMLGlossary/AIGlossaryPro/node_modules/lucide-react/dist/esm/icons/a-arrow-up.js
Module ID: /Users/pranay/Projects/AIMLGlossary/AIGlossaryPro/node_modules/lucide-react/dist/esm/icons/a-large-small.js
✓ Icons chunk matched: /Users/pranay/Projects/AIMLGlossary/AIGlossaryPro/node_modules/lucide-react/dist/esm/icons/a-large-small.js
Module ID: /Users/pranay/Projects/AIMLGlossary/AIGlossaryPro/node_modules/lucide-react/dist/esm/icons/accessibility.js
✓ Icons chunk matched: /Users/pranay/Projects/AIMLGlossary/AIGlossaryPro/node_modules/lucide-react/dist/esm/icons/accessibility.js
Module ID: /Users/pranay/Projects/AIMLGlossary/AIGlossaryPro/node_modules/lucide-react/dist/esm/icons/activity.js
✓ Icons chunk matched: /Users/pranay/Projects/AIMLGlossary/AIGlossaryPro/node_modules/lucide-react/dist/esm/icons/activity.js
Module ID: /Users/pranay/Projects/AIMLGlossary/AIGlossaryPro/node_modules/lucide-react/dist/esm/icons/air-vent.js
✓ Icons chunk matched: /Users/pranay/Projects/AIMLGlossary/AIGlossaryPro/node_modules/lucide-react/dist/esm/icons/air-vent.js
Module ID: /Users/pranay/Projects/AIMLGlossary/AIGlossaryPro/node_modules/lucide-react/dist/esm/icons/airplay.js
✓ Icons chunk matched: /Users/pranay/Projects/AIMLGlossary/AIGlossaryPro/node_modules/lucide-react/dist/esm/icons/airplay.js
Module ID: /Users/pranay/Projects/AIMLGlossary/AIGlossaryPro/node_modules/lucide-react/dist/esm/icons/alarm-clock-off.js
✓ Icons chunk matched: /Users/pranay/Projects/AIMLGlossary/AIGlossaryPro/node_modules/lucide-react/dist/esm/icons/alarm-clock-off.js
Module ID: /Users/pranay/Projects/AIMLGlossary/AIGlossaryPro/node_modules/lucide-react/dist/esm/icons/alarm-clock.js
✓ Icons chunk matched: /Users/pranay/Projects/AIMLGlossary/AIGlossaryPro/node_modules/lucide-react/dist/esm/icons/alarm-clock.js
Module ID: /Users/pranay/Projects/AIMLGlossary/AIGlossaryPro/node_modules/lucide-react/dist/esm/icons/alarm-smoke.js
✓ Icons chunk matched: /Users/pranay/Projects/AIMLGlossary/AIGlossaryPro/node_modules/lucide-react/dist/esm/icons/alarm-smoke.js
Module ID: /Users/pranay/Projects/AIMLGlossary/AIGlossaryPro/node_modules/lucide-react/dist/esm/icons/album.js
✓ Icons chunk matched: /Users/pranay/Projects/AIMLGlossary/AIGlossaryPro/node_modules/lucide-react/dist/esm/icons/album.js
Module ID: /Users/pranay/Projects/AIMLGlossary/AIGlossaryPro/node_modules/lucide-react/dist/esm/icons/align-center-horizontal.js
✓ Icons chunk matched: /Users/pranay/Projects/AIMLGlossary/AIGlossaryPro/node_modules/lucide-react/dist/esm/icons/align-center-horizontal.js
Module ID: /Users/pranay/Projects/AIMLGlossary/AIGlossaryPro/node_modules/lucide-react/dist/esm/icons/align-center-vertical.js
✓ Icons chunk matched: /Users/pranay/Projects/AIMLGlossary/AIGlossaryPro/node_modules/lucide-react/dist/esm/icons/align-center-vertical.js
Module ID: /Users/pranay/Projects/AIMLGlossary/AIGlossaryPro/node_modules/lucide-react/dist/esm/icons/align-center.js
✓ Icons chunk matched: /Users/pranay/Projects/AIMLGlossary/AIGlossaryPro/node_modules/lucide-react/dist/esm/icons/align-center.js
Module ID: /Users/pranay/Projects/AIMLGlossary/AIGlossaryPro/node_modules/lucide-react/dist/esm/icons/align-end-horizontal.js
✓ Icons chunk matched: /Users/pranay/Projects/AIMLGlossary/AIGlossaryPro/node_modules/lucide-react/dist/esm/icons/align-end-horizontal.js
Module ID: /Users/pranay/Projects/AIMLGlossary/AIGlossaryPro/node_modules/lucide-react/dist/esm/icons/align-end-vertical.js
✓ Icons chunk matched: /Users/pranay/Projects/AIMLGlossary/AIGlossaryPro/node_modules/lucide-react/dist/esm/icons/align-end-vertical.js
Module ID: /Users/pranay/Projects/AIMLGlossary/AIGlossaryPro/node_modules/lucide-react/dist/esm/icons/align-horizontal-distribute-center.js
✓ Icons chunk matched: /Users/pranay/Projects/AIMLGlossary/AIGlossaryPro/node_modules/lucide-react/dist/esm/icons/align-horizontal-distribute-center.js
Module ID: /Users/pranay/Projects/AIMLGlossary/AIGlossaryPro/node_modules/lucide-react/dist/esm/icons/align-horizontal-distribute-end.js
✓ Icons chunk matched: /Users/pranay/Projects/AIMLGlossary/AIGlossaryPro/node_modules/lucide-react/dist/esm/icons/align-horizontal-distribute-end.js
Module ID: /Users/pranay/Projects/AIMLGlossary/AIGlossaryPro/node_modules/lucide-react/dist/esm/icons/align-horizontal-distribute-start.js
✓ Icons chunk matched: /Users/pranay/Projects/AIMLGlossary/AIGlossaryPro/node_modules/lucide-react/dist/esm/icons/align-horizontal-distribute-start.js
Module ID: /Users/pranay/Projects/AIMLGlossary/AIGlossaryPro/node_modules/lucide-react/dist/esm/icons/align-horizontal-justify-center.js
✓ Icons chunk matched: /Users/pranay/Projects/AIMLGlossary/AIGlossaryPro/node_modules/lucide-react/dist/esm/icons/align-horizontal-justify-center.js
Module ID: /Users/pranay/Projects/AIMLGlossary/AIGlossaryPro/node_modules/lucide-react/dist/esm/icons/align-horizontal-justify-end.js
✓ Icons chunk matched: /Users/pranay/Projects/AIMLGlossary/AIGlossaryPro/node_modules/lucide-react/dist/esm/icons/align-horizontal-justify-end.js
Module ID: /Users/pranay/Projects/AIMLGlossary/AIGlossaryPro/node_modules/lucide-react/dist/esm/icons/align-horizontal-justify-start.js
✓ Icons chunk matched: /Users/pranay/Projects/AIMLGlossary/AIGlossaryPro/node_modules/lucide-react/dist/esm/icons/align-horizontal-justify-start.js
Module ID: /Users/pranay/Projects/AIMLGlossary/AIGlossaryPro/node_modules/lucide-react/dist/esm/icons/align-horizontal-space-around.js
✓ Icons chunk matched: /Users/pranay/Projects/AIMLGlossary/AIGlossaryPro/node_modules/lucide-react/dist/esm/icons/align-horizontal-space-around.js
Module ID: /Users/pranay/Projects/AIMLGlossary/AIGlossaryPro/node_modules/lucide-react/dist/esm/icons/align-horizontal-space-between.js
✓ Icons chunk matched: /Users/pranay/Projects/AIMLGlossary/AIGlossaryPro/node_modules/lucide-react/dist/esm/icons/align-horizontal-space-between.js
Module ID: /Users/pranay/Projects/AIMLGlossary/AIGlossaryPro/node_modules/lucide-react/dist/esm/icons/align-justify.js
✓ Icons chunk matched: /Users/pranay/Projects/AIMLGlossary/AIGlossaryPro/node_modules/lucide-react/dist/esm/icons/align-justify.js
Module ID: /Users/pranay/Projects/AIMLGlossary/AIGlossaryPro/node_modules/lucide-react/dist/esm/icons/align-left.js
✓ Icons chunk matched: /Users/pranay/Projects/AIMLGlossary/AIGlossaryPro/node_modules/lucide-react/dist/esm/icons/align-left.js
Module ID: /Users/pranay/Projects/AIMLGlossary/AIGlossaryPro/node_modules/lucide-react/dist/esm/icons/align-right.js
✓ Icons chunk matched: /Users/pranay/Projects/AIMLGlossary/AIGlossaryPro/node_modules/lucide-react/dist/esm/icons/align-right.js
Module ID: /Users/pranay/Projects/AIMLGlossary/AIGlossaryPro/node_modules/lucide-react/dist/esm/icons/align-start-horizontal.js
✓ Icons chunk matched: /Users/pranay/Projects/AIMLGlossary/AIGlossaryPro/node_modules/lucide-react/dist/esm/icons/align-start-horizontal.js
Module ID: /Users/pranay/Projects/AIMLGlossary/AIGlossaryPro/node_modules/lucide-react/dist/esm/icons/align-start-vertical.js
✓ Icons chunk matched: /Users/pranay/Projects/AIMLGlossary/AIGlossaryPro/node_modules/lucide-react/dist/esm/icons/align-start-vertical.js
Module ID: /Users/pranay/Projects/AIMLGlossary/AIGlossaryPro/node_modules/lucide-react/dist/esm/icons/align-vertical-distribute-center.js
✓ Icons chunk matched: /Users/pranay/Projects/AIMLGlossary/AIGlossaryPro/node_modules/lucide-react/dist/esm/icons/align-vertical-distribute-center.js
Module ID: /Users/pranay/Projects/AIMLGlossary/AIGlossaryPro/node_modules/lucide-react/dist/esm/icons/align-vertical-distribute-end.js
✓ Icons chunk matched: /Users/pranay/Projects/AIMLGlossary/AIGlossaryPro/node_modules/lucide-react/dist/esm/icons/align-vertical-distribute-end.js
Module ID: /Users/pranay/Projects/AIMLGlossary/AIGlossaryPro/node_modules/lucide-react/dist/esm/icons/align-vertical-distribute-start.js
✓ Icons chunk matched: /Users/pranay/Projects/AIMLGlossary/AIGlossaryPro/node_modules/lucide-react/dist/esm/icons/align-vertical-distribute-start.js
Module ID: /Users/pranay/Projects/AIMLGlossary/AIGlossaryPro/node_modules/lucide-react/dist/esm/icons/align-vertical-justify-center.js
✓ Icons chunk matched: /Users/pranay/Projects/AIMLGlossary/AIGlossaryPro/node_modules/lucide-react/dist/esm/icons/align-vertical-justify-center.js
Module ID: /Users/pranay/Projects/AIMLGlossary/AIGlossaryPro/node_modules/lucide-react/dist/esm/icons/align-vertical-justify-end.js
✓ Icons chunk matched: /Users/pranay/Projects/AIMLGlossary/AIGlossaryPro/node_modules/lucide-react/dist/esm/icons/align-vertical-justify-end.js
Module ID: /Users/pranay/Projects/AIMLGlossary/AIGlossaryPro/node_modules/lucide-react/dist/esm/icons/align-vertical-justify-start.js
✓ Icons chunk matched: /Users/pranay/Projects/AIMLGlossary/AIGlossaryPro/node_modules/lucide-react/dist/esm/icons/align-vertical-justify-start.js
Module ID: /Users/pranay/Projects/AIMLGlossary/AIGlossaryPro/node_modules/lucide-react/dist/esm/icons/align-vertical-space-around.js
✓ Icons chunk matched: /Users/pranay/Projects/AIMLGlossary/AIGlossaryPro/node_modules/lucide-react/dist/esm/icons/align-vertical-space-around.js
Module ID: /Users/pranay/Projects/AIMLGlossary/AIGlossaryPro/node_modules/lucide-react/dist/esm/icons/align-vertical-space-between.js
✓ Icons chunk matched: /Users/pranay/Projects/AIMLGlossary/AIGlossaryPro/node_modules/lucide-react/dist/esm/icons/align-vertical-space-between.js
Module ID: /Users/pranay/Projects/AIMLGlossary/AIGlossaryPro/node_modules/lucide-react/dist/esm/icons/ambulance.js
✓ Icons chunk matched: /Users/pranay/Projects/AIMLGlossary/AIGlossaryPro/node_modules/lucide-react/dist/esm/icons/ambulance.js
Module ID: /Users/pranay/Projects/AIMLGlossary/AIGlossaryPro/node_modules/lucide-react/dist/esm/icons/ampersand.js
✓ Icons chunk matched: /Users/pranay/Projects/AIMLGlossary/AIGlossaryPro/node_modules/lucide-react/dist/esm/icons/ampersand.js
Module ID: /Users/pranay/Projects/AIMLGlossary/AIGlossaryPro/node_modules/lucide-react/dist/esm/icons/ampersands.js
✓ Icons chunk matched: /Users/pranay/Projects/AIMLGlossary/AIGlossaryPro/node_modules/lucide-react/dist/esm/icons/ampersands.js
Module ID: /Users/pranay/Projects/AIMLGlossary/AIGlossaryPro/node_modules/lucide-react/dist/esm/icons/amphora.js
✓ Icons chunk matched: /Users/pranay/Projects/AIMLGlossary/AIGlossaryPro/node_modules/lucide-react/dist/esm/icons/amphora.js
Module ID: /Users/pranay/Projects/AIMLGlossary/AIGlossaryPro/node_modules/lucide-react/dist/esm/icons/anchor.js
✓ Icons chunk matched: /Users/pranay/Projects/AIMLGlossary/AIGlossaryPro/node_modules/lucide-react/dist/esm/icons/anchor.js
Module ID: /Users/pranay/Projects/AIMLGlossary/AIGlossaryPro/node_modules/lucide-react/dist/esm/icons/angry.js
✓ Icons chunk matched: /Users/pranay/Projects/AIMLGlossary/AIGlossaryPro/node_modules/lucide-react/dist/esm/icons/angry.js
Module ID: /Users/pranay/Projects/AIMLGlossary/AIGlossaryPro/node_modules/lucide-react/dist/esm/icons/annoyed.js
✓ Icons chunk matched: /Users/pranay/Projects/AIMLGlossary/AIGlossaryPro/node_modules/lucide-react/dist/esm/icons/annoyed.js
Module ID: /Users/pranay/Projects/AIMLGlossary/AIGlossaryPro/node_modules/lucide-react/dist/esm/icons/antenna.js
✓ Icons chunk matched: /Users/pranay/Projects/AIMLGlossary/AIGlossaryPro/node_modules/lucide-react/dist/esm/icons/antenna.js
Module ID: /Users/pranay/Projects/AIMLGlossary/AIGlossaryPro/node_modules/lucide-react/dist/esm/icons/anvil.js
✓ Icons chunk matched: /Users/pranay/Projects/AIMLGlossary/AIGlossaryPro/node_modules/lucide-react/dist/esm/icons/anvil.js
Module ID: /Users/pranay/Projects/AIMLGlossary/AIGlossaryPro/node_modules/lucide-react/dist/esm/icons/aperture.js
✓ Icons chunk matched: /Users/pranay/Projects/AIMLGlossary/AIGlossaryPro/node_modules/lucide-react/dist/esm/icons/aperture.js
Module ID: /Users/pranay/Projects/AIMLGlossary/AIGlossaryPro/node_modules/lucide-react/dist/esm/icons/app-window-mac.js
✓ Icons chunk matched: /Users/pranay/Projects/AIMLGlossary/AIGlossaryPro/node_modules/lucide-react/dist/esm/icons/app-window-mac.js
Module ID: /Users/pranay/Projects/AIMLGlossary/AIGlossaryPro/node_modules/lucide-react/dist/esm/icons/app-window.js
✓ Icons chunk matched: /Users/pranay/Projects/AIMLGlossary/AIGlossaryPro/node_modules/lucide-react/dist/esm/icons/app-window.js
Module ID: /Users/pranay/Projects/AIMLGlossary/AIGlossaryPro/node_modules/lucide-react/dist/esm/icons/apple.js
✓ Icons chunk matched: /Users/pranay/Projects/AIMLGlossary/AIGlossaryPro/node_modules/lucide-react/dist/esm/icons/apple.js
Module ID: /Users/pranay/Projects/AIMLGlossary/AIGlossaryPro/node_modules/lucide-react/dist/esm/icons/archive-restore.js
✓ Icons chunk matched: /Users/pranay/Projects/AIMLGlossary/AIGlossaryPro/node_modules/lucide-react/dist/esm/icons/archive-restore.js
Module ID: /Users/pranay/Projects/AIMLGlossary/AIGlossaryPro/node_modules/lucide-react/dist/esm/icons/archive-x.js
✓ Icons chunk matched: /Users/pranay/Projects/AIMLGlossary/AIGlossaryPro/node_modules/lucide-react/dist/esm/icons/archive-x.js
Module ID: /Users/pranay/Projects/AIMLGlossary/AIGlossaryPro/node_modules/lucide-react/dist/esm/icons/archive.js
✓ Icons chunk matched: /Users/pranay/Projects/AIMLGlossary/AIGlossaryPro/node_modules/lucide-react/dist/esm/icons/archive.js
Module ID: /Users/pranay/Projects/AIMLGlossary/AIGlossaryPro/node_modules/lucide-react/dist/esm/icons/armchair.js
✓ Icons chunk matched: /Users/pranay/Projects/AIMLGlossary/AIGlossaryPro/node_modules/lucide-react/dist/esm/icons/armchair.js
Module ID: /Users/pranay/Projects/AIMLGlossary/AIGlossaryPro/node_modules/lucide-react/dist/esm/icons/arrow-big-down-dash.js
✓ Icons chunk matched: /Users/pranay/Projects/AIMLGlossary/AIGlossaryPro/node_modules/lucide-react/dist/esm/icons/arrow-big-down-dash.js
Module ID: /Users/pranay/Projects/AIMLGlossary/AIGlossaryPro/node_modules/lucide-react/dist/esm/icons/arrow-big-down.js
✓ Icons chunk matched: /Users/pranay/Projects/AIMLGlossary/AIGlossaryPro/node_modules/lucide-react/dist/esm/icons/arrow-big-down.js
Module ID: /Users/pranay/Projects/AIMLGlossary/AIGlossaryPro/node_modules/lucide-react/dist/esm/icons/arrow-big-left-dash.js
✓ Icons chunk matched: /Users/pranay/Projects/AIMLGlossary/AIGlossaryPro/node_modules/lucide-react/dist/esm/icons/arrow-big-left-dash.js
Module ID: /Users/pranay/Projects/AIMLGlossary/AIGlossaryPro/node_modules/lucide-react/dist/esm/icons/arrow-big-left.js
✓ Icons chunk matched: /Users/pranay/Projects/AIMLGlossary/AIGlossaryPro/node_modules/lucide-react/dist/esm/icons/arrow-big-left.js
Module ID: /Users/pranay/Projects/AIMLGlossary/AIGlossaryPro/node_modules/lucide-react/dist/esm/icons/arrow-big-right-dash.js
✓ Icons chunk matched: /Users/pranay/Projects/AIMLGlossary/AIGlossaryPro/node_modules/lucide-react/dist/esm/icons/arrow-big-right-dash.js
Module ID: /Users/pranay/Projects/AIMLGlossary/AIGlossaryPro/node_modules/lucide-react/dist/esm/icons/arrow-big-right.js
✓ Icons chunk matched: /Users/pranay/Projects/AIMLGlossary/AIGlossaryPro/node_modules/lucide-react/dist/esm/icons/arrow-big-right.js
Module ID: /Users/pranay/Projects/AIMLGlossary/AIGlossaryPro/node_modules/lucide-react/dist/esm/icons/arrow-big-up-dash.js
✓ Icons chunk matched: /Users/pranay/Projects/AIMLGlossary/AIGlossaryPro/node_modules/lucide-react/dist/esm/icons/arrow-big-up-dash.js
Module ID: /Users/pranay/Projects/AIMLGlossary/AIGlossaryPro/node_modules/lucide-react/dist/esm/icons/arrow-big-up.js
✓ Icons chunk matched: /Users/pranay/Projects/AIMLGlossary/AIGlossaryPro/node_modules/lucide-react/dist/esm/icons/arrow-big-up.js
Module ID: /Users/pranay/Projects/AIMLGlossary/AIGlossaryPro/node_modules/lucide-react/dist/esm/icons/arrow-down-from-line.js
✓ Icons chunk matched: /Users/pranay/Projects/AIMLGlossary/AIGlossaryPro/node_modules/lucide-react/dist/esm/icons/arrow-down-from-line.js
Module ID: /Users/pranay/Projects/AIMLGlossary/AIGlossaryPro/node_modules/lucide-react/dist/esm/icons/arrow-down-left.js
✓ Icons chunk matched: /Users/pranay/Projects/AIMLGlossary/AIGlossaryPro/node_modules/lucide-react/dist/esm/icons/arrow-down-left.js
Module ID: /Users/pranay/Projects/AIMLGlossary/AIGlossaryPro/node_modules/lucide-react/dist/esm/icons/arrow-down-narrow-wide.js
✓ Icons chunk matched: /Users/pranay/Projects/AIMLGlossary/AIGlossaryPro/node_modules/lucide-react/dist/esm/icons/arrow-down-narrow-wide.js
Module ID: /Users/pranay/Projects/AIMLGlossary/AIGlossaryPro/node_modules/lucide-react/dist/esm/icons/arrow-down-right.js
✓ Icons chunk matched: /Users/pranay/Projects/AIMLGlossary/AIGlossaryPro/node_modules/lucide-react/dist/esm/icons/arrow-down-right.js
Module ID: /Users/pranay/Projects/AIMLGlossary/AIGlossaryPro/node_modules/lucide-react/dist/esm/icons/arrow-down-to-dot.js
✓ Icons chunk matched: /Users/pranay/Projects/AIMLGlossary/AIGlossaryPro/node_modules/lucide-react/dist/esm/icons/arrow-down-to-dot.js
Module ID: /Users/pranay/Projects/AIMLGlossary/AIGlossaryPro/node_modules/lucide-react/dist/esm/icons/arrow-down-to-line.js
✓ Icons chunk matched: /Users/pranay/Projects/AIMLGlossary/AIGlossaryPro/node_modules/lucide-react/dist/esm/icons/arrow-down-to-line.js
Module ID: /Users/pranay/Projects/AIMLGlossary/AIGlossaryPro/node_modules/lucide-react/dist/esm/icons/arrow-down-up.js
✓ Icons chunk matched: /Users/pranay/Projects/AIMLGlossary/AIGlossaryPro/node_modules/lucide-react/dist/esm/icons/arrow-down-up.js
Module ID: /Users/pranay/Projects/AIMLGlossary/AIGlossaryPro/node_modules/lucide-react/dist/esm/icons/arrow-down.js
✓ Icons chunk matched: /Users/pranay/Projects/AIMLGlossary/AIGlossaryPro/node_modules/lucide-react/dist/esm/icons/arrow-down.js
Module ID: /Users/pranay/Projects/AIMLGlossary/AIGlossaryPro/node_modules/lucide-react/dist/esm/icons/arrow-left-from-line.js
✓ Icons chunk matched: /Users/pranay/Projects/AIMLGlossary/AIGlossaryPro/node_modules/lucide-react/dist/esm/icons/arrow-left-from-line.js
Module ID: /Users/pranay/Projects/AIMLGlossary/AIGlossaryPro/node_modules/lucide-react/dist/esm/icons/arrow-left-right.js
✓ Icons chunk matched: /Users/pranay/Projects/AIMLGlossary/AIGlossaryPro/node_modules/lucide-react/dist/esm/icons/arrow-left-right.js
Module ID: /Users/pranay/Projects/AIMLGlossary/AIGlossaryPro/node_modules/lucide-react/dist/esm/icons/arrow-left-to-line.js
✓ Icons chunk matched: /Users/pranay/Projects/AIMLGlossary/AIGlossaryPro/node_modules/lucide-react/dist/esm/icons/arrow-left-to-line.js
Module ID: /Users/pranay/Projects/AIMLGlossary/AIGlossaryPro/node_modules/lucide-react/dist/esm/icons/arrow-left.js
✓ Icons chunk matched: /Users/pranay/Projects/AIMLGlossary/AIGlossaryPro/node_modules/lucide-react/dist/esm/icons/arrow-left.js
Module ID: /Users/pranay/Projects/AIMLGlossary/AIGlossaryPro/node_modules/lucide-react/dist/esm/icons/arrow-right-from-line.js
✓ Icons chunk matched: /Users/pranay/Projects/AIMLGlossary/AIGlossaryPro/node_modules/lucide-react/dist/esm/icons/arrow-right-from-line.js
Module ID: /Users/pranay/Projects/AIMLGlossary/AIGlossaryPro/node_modules/lucide-react/dist/esm/icons/arrow-right-left.js
✓ Icons chunk matched: /Users/pranay/Projects/AIMLGlossary/AIGlossaryPro/node_modules/lucide-react/dist/esm/icons/arrow-right-left.js
Module ID: /Users/pranay/Projects/AIMLGlossary/AIGlossaryPro/node_modules/lucide-react/dist/esm/icons/arrow-right-to-line.js
✓ Icons chunk matched: /Users/pranay/Projects/AIMLGlossary/AIGlossaryPro/node_modules/lucide-react/dist/esm/icons/arrow-right-to-line.js
Module ID: /Users/pranay/Projects/AIMLGlossary/AIGlossaryPro/node_modules/lucide-react/dist/esm/icons/arrow-right.js
✓ Icons chunk matched: /Users/pranay/Projects/AIMLGlossary/AIGlossaryPro/node_modules/lucide-react/dist/esm/icons/arrow-right.js
Module ID: /Users/pranay/Projects/AIMLGlossary/AIGlossaryPro/node_modules/lucide-react/dist/esm/icons/arrow-up-down.js
✓ Icons chunk matched: /Users/pranay/Projects/AIMLGlossary/AIGlossaryPro/node_modules/lucide-react/dist/esm/icons/arrow-up-down.js
Module ID: /Users/pranay/Projects/AIMLGlossary/AIGlossaryPro/node_modules/lucide-react/dist/esm/icons/arrow-up-from-dot.js
✓ Icons chunk matched: /Users/pranay/Projects/AIMLGlossary/AIGlossaryPro/node_modules/lucide-react/dist/esm/icons/arrow-up-from-dot.js
Module ID: /Users/pranay/Projects/AIMLGlossary/AIGlossaryPro/node_modules/lucide-react/dist/esm/icons/arrow-up-from-line.js
✓ Icons chunk matched: /Users/pranay/Projects/AIMLGlossary/AIGlossaryPro/node_modules/lucide-react/dist/esm/icons/arrow-up-from-line.js
Module ID: /Users/pranay/Projects/AIMLGlossary/AIGlossaryPro/node_modules/lucide-react/dist/esm/icons/arrow-up-left.js
✓ Icons chunk matched: /Users/pranay/Projects/AIMLGlossary/AIGlossaryPro/node_modules/lucide-react/dist/esm/icons/arrow-up-left.js
Module ID: /Users/pranay/Projects/AIMLGlossary/AIGlossaryPro/node_modules/lucide-react/dist/esm/icons/arrow-up-right.js
✓ Icons chunk matched: /Users/pranay/Projects/AIMLGlossary/AIGlossaryPro/node_modules/lucide-react/dist/esm/icons/arrow-up-right.js
Module ID: /Users/pranay/Projects/AIMLGlossary/AIGlossaryPro/node_modules/lucide-react/dist/esm/icons/arrow-up-to-line.js
✓ Icons chunk matched: /Users/pranay/Projects/AIMLGlossary/AIGlossaryPro/node_modules/lucide-react/dist/esm/icons/arrow-up-to-line.js
Module ID: /Users/pranay/Projects/AIMLGlossary/AIGlossaryPro/node_modules/lucide-react/dist/esm/icons/arrow-up-wide-narrow.js
✓ Icons chunk matched: /Users/pranay/Projects/AIMLGlossary/AIGlossaryPro/node_modules/lucide-react/dist/esm/icons/arrow-up-wide-narrow.js
Module ID: /Users/pranay/Projects/AIMLGlossary/AIGlossaryPro/node_modules/lucide-react/dist/esm/icons/arrow-up.js
✓ Icons chunk matched: /Users/pranay/Projects/AIMLGlossary/AIGlossaryPro/node_modules/lucide-react/dist/esm/icons/arrow-up.js
Module ID: /Users/pranay/Projects/AIMLGlossary/AIGlossaryPro/node_modules/lucide-react/dist/esm/icons/arrows-up-from-line.js
✓ Icons chunk matched: /Users/pranay/Projects/AIMLGlossary/AIGlossaryPro/node_modules/lucide-react/dist/esm/icons/arrows-up-from-line.js
Module ID: /Users/pranay/Projects/AIMLGlossary/AIGlossaryPro/node_modules/lucide-react/dist/esm/icons/asterisk.js
✓ Icons chunk matched: /Users/pranay/Projects/AIMLGlossary/AIGlossaryPro/node_modules/lucide-react/dist/esm/icons/asterisk.js
Module ID: /Users/pranay/Projects/AIMLGlossary/AIGlossaryPro/node_modules/lucide-react/dist/esm/icons/at-sign.js
✓ Icons chunk matched: /Users/pranay/Projects/AIMLGlossary/AIGlossaryPro/node_modules/lucide-react/dist/esm/icons/at-sign.js
Module ID: /Users/pranay/Projects/AIMLGlossary/AIGlossaryPro/node_modules/lucide-react/dist/esm/icons/atom.js
✓ Icons chunk matched: /Users/pranay/Projects/AIMLGlossary/AIGlossaryPro/node_modules/lucide-react/dist/esm/icons/atom.js
Module ID: /Users/pranay/Projects/AIMLGlossary/AIGlossaryPro/node_modules/lucide-react/dist/esm/icons/audio-lines.js
✓ Icons chunk matched: /Users/pranay/Projects/AIMLGlossary/AIGlossaryPro/node_modules/lucide-react/dist/esm/icons/audio-lines.js
Module ID: /Users/pranay/Projects/AIMLGlossary/AIGlossaryPro/node_modules/lucide-react/dist/esm/icons/audio-waveform.js
✓ Icons chunk matched: /Users/pranay/Projects/AIMLGlossary/AIGlossaryPro/node_modules/lucide-react/dist/esm/icons/audio-waveform.js
Module ID: /Users/pranay/Projects/AIMLGlossary/AIGlossaryPro/node_modules/lucide-react/dist/esm/icons/award.js
✓ Icons chunk matched: /Users/pranay/Projects/AIMLGlossary/AIGlossaryPro/node_modules/lucide-react/dist/esm/icons/award.js
Module ID: /Users/pranay/Projects/AIMLGlossary/AIGlossaryPro/node_modules/lucide-react/dist/esm/icons/axe.js
✓ Icons chunk matched: /Users/pranay/Projects/AIMLGlossary/AIGlossaryPro/node_modules/lucide-react/dist/esm/icons/axe.js
Module ID: /Users/pranay/Projects/AIMLGlossary/AIGlossaryPro/node_modules/lucide-react/dist/esm/icons/baby.js
✓ Icons chunk matched: /Users/pranay/Projects/AIMLGlossary/AIGlossaryPro/node_modules/lucide-react/dist/esm/icons/baby.js
Module ID: /Users/pranay/Projects/AIMLGlossary/AIGlossaryPro/node_modules/lucide-react/dist/esm/icons/backpack.js
✓ Icons chunk matched: /Users/pranay/Projects/AIMLGlossary/AIGlossaryPro/node_modules/lucide-react/dist/esm/icons/backpack.js
Module ID: /Users/pranay/Projects/AIMLGlossary/AIGlossaryPro/node_modules/lucide-react/dist/esm/icons/badge-alert.js
✓ Icons chunk matched: /Users/pranay/Projects/AIMLGlossary/AIGlossaryPro/node_modules/lucide-react/dist/esm/icons/badge-alert.js
Module ID: /Users/pranay/Projects/AIMLGlossary/AIGlossaryPro/node_modules/lucide-react/dist/esm/icons/badge-cent.js
✓ Icons chunk matched: /Users/pranay/Projects/AIMLGlossary/AIGlossaryPro/node_modules/lucide-react/dist/esm/icons/badge-cent.js
Module ID: /Users/pranay/Projects/AIMLGlossary/AIGlossaryPro/node_modules/lucide-react/dist/esm/icons/badge-dollar-sign.js
✓ Icons chunk matched: /Users/pranay/Projects/AIMLGlossary/AIGlossaryPro/node_modules/lucide-react/dist/esm/icons/badge-dollar-sign.js
Module ID: /Users/pranay/Projects/AIMLGlossary/AIGlossaryPro/node_modules/lucide-react/dist/esm/icons/badge-euro.js
✓ Icons chunk matched: /Users/pranay/Projects/AIMLGlossary/AIGlossaryPro/node_modules/lucide-react/dist/esm/icons/badge-euro.js
Module ID: /Users/pranay/Projects/AIMLGlossary/AIGlossaryPro/node_modules/lucide-react/dist/esm/icons/badge-help.js
✓ Icons chunk matched: /Users/pranay/Projects/AIMLGlossary/AIGlossaryPro/node_modules/lucide-react/dist/esm/icons/badge-help.js
Module ID: /Users/pranay/Projects/AIMLGlossary/AIGlossaryPro/node_modules/lucide-react/dist/esm/icons/badge-indian-rupee.js
✓ Icons chunk matched: /Users/pranay/Projects/AIMLGlossary/AIGlossaryPro/node_modules/lucide-react/dist/esm/icons/badge-indian-rupee.js
Module ID: /Users/pranay/Projects/AIMLGlossary/AIGlossaryPro/node_modules/lucide-react/dist/esm/icons/badge-info.js
✓ Icons chunk matched: /Users/pranay/Projects/AIMLGlossary/AIGlossaryPro/node_modules/lucide-react/dist/esm/icons/badge-info.js
Module ID: /Users/pranay/Projects/AIMLGlossary/AIGlossaryPro/node_modules/lucide-react/dist/esm/icons/badge-japanese-yen.js
✓ Icons chunk matched: /Users/pranay/Projects/AIMLGlossary/AIGlossaryPro/node_modules/lucide-react/dist/esm/icons/badge-japanese-yen.js
Module ID: /Users/pranay/Projects/AIMLGlossary/AIGlossaryPro/node_modules/lucide-react/dist/esm/icons/badge-minus.js
✓ Icons chunk matched: /Users/pranay/Projects/AIMLGlossary/AIGlossaryPro/node_modules/lucide-react/dist/esm/icons/badge-minus.js
Module ID: /Users/pranay/Projects/AIMLGlossary/AIGlossaryPro/node_modules/lucide-react/dist/esm/icons/badge-percent.js
✓ Icons chunk matched: /Users/pranay/Projects/AIMLGlossary/AIGlossaryPro/node_modules/lucide-react/dist/esm/icons/badge-percent.js
Module ID: /Users/pranay/Projects/AIMLGlossary/AIGlossaryPro/node_modules/lucide-react/dist/esm/icons/badge-plus.js
✓ Icons chunk matched: /Users/pranay/Projects/AIMLGlossary/AIGlossaryPro/node_modules/lucide-react/dist/esm/icons/badge-plus.js
Module ID: /Users/pranay/Projects/AIMLGlossary/AIGlossaryPro/node_modules/lucide-react/dist/esm/icons/badge-pound-sterling.js
✓ Icons chunk matched: /Users/pranay/Projects/AIMLGlossary/AIGlossaryPro/node_modules/lucide-react/dist/esm/icons/badge-pound-sterling.js
Module ID: /Users/pranay/Projects/AIMLGlossary/AIGlossaryPro/node_modules/lucide-react/dist/esm/icons/badge-russian-ruble.js
✓ Icons chunk matched: /Users/pranay/Projects/AIMLGlossary/AIGlossaryPro/node_modules/lucide-react/dist/esm/icons/badge-russian-ruble.js
Module ID: /Users/pranay/Projects/AIMLGlossary/AIGlossaryPro/node_modules/lucide-react/dist/esm/icons/badge-swiss-franc.js
✓ Icons chunk matched: /Users/pranay/Projects/AIMLGlossary/AIGlossaryPro/node_modules/lucide-react/dist/esm/icons/badge-swiss-franc.js
Module ID: /Users/pranay/Projects/AIMLGlossary/AIGlossaryPro/node_modules/lucide-react/dist/esm/icons/badge-x.js
✓ Icons chunk matched: /Users/pranay/Projects/AIMLGlossary/AIGlossaryPro/node_modules/lucide-react/dist/esm/icons/badge-x.js
Module ID: /Users/pranay/Projects/AIMLGlossary/AIGlossaryPro/node_modules/lucide-react/dist/esm/icons/badge.js
✓ Icons chunk matched: /Users/pranay/Projects/AIMLGlossary/AIGlossaryPro/node_modules/lucide-react/dist/esm/icons/badge.js
Module ID: /Users/pranay/Projects/AIMLGlossary/AIGlossaryPro/node_modules/lucide-react/dist/esm/icons/baggage-claim.js
✓ Icons chunk matched: /Users/pranay/Projects/AIMLGlossary/AIGlossaryPro/node_modules/lucide-react/dist/esm/icons/baggage-claim.js
Module ID: /Users/pranay/Projects/AIMLGlossary/AIGlossaryPro/node_modules/lucide-react/dist/esm/icons/ban.js
✓ Icons chunk matched: /Users/pranay/Projects/AIMLGlossary/AIGlossaryPro/node_modules/lucide-react/dist/esm/icons/ban.js
Module ID: /Users/pranay/Projects/AIMLGlossary/AIGlossaryPro/node_modules/lucide-react/dist/esm/icons/banana.js
✓ Icons chunk matched: /Users/pranay/Projects/AIMLGlossary/AIGlossaryPro/node_modules/lucide-react/dist/esm/icons/banana.js
Module ID: /Users/pranay/Projects/AIMLGlossary/AIGlossaryPro/node_modules/lucide-react/dist/esm/icons/bandage.js
✓ Icons chunk matched: /Users/pranay/Projects/AIMLGlossary/AIGlossaryPro/node_modules/lucide-react/dist/esm/icons/bandage.js
Module ID: /Users/pranay/Projects/AIMLGlossary/AIGlossaryPro/node_modules/lucide-react/dist/esm/icons/banknote.js
✓ Icons chunk matched: /Users/pranay/Projects/AIMLGlossary/AIGlossaryPro/node_modules/lucide-react/dist/esm/icons/banknote.js
Module ID: /Users/pranay/Projects/AIMLGlossary/AIGlossaryPro/node_modules/lucide-react/dist/esm/icons/barcode.js
✓ Icons chunk matched: /Users/pranay/Projects/AIMLGlossary/AIGlossaryPro/node_modules/lucide-react/dist/esm/icons/barcode.js
Module ID: /Users/pranay/Projects/AIMLGlossary/AIGlossaryPro/node_modules/lucide-react/dist/esm/icons/baseline.js
✓ Icons chunk matched: /Users/pranay/Projects/AIMLGlossary/AIGlossaryPro/node_modules/lucide-react/dist/esm/icons/baseline.js
Module ID: /Users/pranay/Projects/AIMLGlossary/AIGlossaryPro/node_modules/lucide-react/dist/esm/icons/bath.js
✓ Icons chunk matched: /Users/pranay/Projects/AIMLGlossary/AIGlossaryPro/node_modules/lucide-react/dist/esm/icons/bath.js
Module ID: /Users/pranay/Projects/AIMLGlossary/AIGlossaryPro/node_modules/lucide-react/dist/esm/icons/battery-charging.js
✓ Icons chunk matched: /Users/pranay/Projects/AIMLGlossary/AIGlossaryPro/node_modules/lucide-react/dist/esm/icons/battery-charging.js
Module ID: /Users/pranay/Projects/AIMLGlossary/AIGlossaryPro/node_modules/lucide-react/dist/esm/icons/battery-full.js
✓ Icons chunk matched: /Users/pranay/Projects/AIMLGlossary/AIGlossaryPro/node_modules/lucide-react/dist/esm/icons/battery-full.js
Module ID: /Users/pranay/Projects/AIMLGlossary/AIGlossaryPro/node_modules/lucide-react/dist/esm/icons/battery-low.js
✓ Icons chunk matched: /Users/pranay/Projects/AIMLGlossary/AIGlossaryPro/node_modules/lucide-react/dist/esm/icons/battery-low.js
Module ID: /Users/pranay/Projects/AIMLGlossary/AIGlossaryPro/node_modules/lucide-react/dist/esm/icons/battery-medium.js
✓ Icons chunk matched: /Users/pranay/Projects/AIMLGlossary/AIGlossaryPro/node_modules/lucide-react/dist/esm/icons/battery-medium.js
Module ID: /Users/pranay/Projects/AIMLGlossary/AIGlossaryPro/node_modules/lucide-react/dist/esm/icons/battery-warning.js
✓ Icons chunk matched: /Users/pranay/Projects/AIMLGlossary/AIGlossaryPro/node_modules/lucide-react/dist/esm/icons/battery-warning.js
Module ID: /Users/pranay/Projects/AIMLGlossary/AIGlossaryPro/node_modules/lucide-react/dist/esm/icons/battery.js
✓ Icons chunk matched: /Users/pranay/Projects/AIMLGlossary/AIGlossaryPro/node_modules/lucide-react/dist/esm/icons/battery.js
Module ID: /Users/pranay/Projects/AIMLGlossary/AIGlossaryPro/node_modules/lucide-react/dist/esm/icons/beaker.js
✓ Icons chunk matched: /Users/pranay/Projects/AIMLGlossary/AIGlossaryPro/node_modules/lucide-react/dist/esm/icons/beaker.js
Module ID: /Users/pranay/Projects/AIMLGlossary/AIGlossaryPro/node_modules/lucide-react/dist/esm/icons/bean-off.js
✓ Icons chunk matched: /Users/pranay/Projects/AIMLGlossary/AIGlossaryPro/node_modules/lucide-react/dist/esm/icons/bean-off.js
Module ID: /Users/pranay/Projects/AIMLGlossary/AIGlossaryPro/node_modules/lucide-react/dist/esm/icons/bean.js
✓ Icons chunk matched: /Users/pranay/Projects/AIMLGlossary/AIGlossaryPro/node_modules/lucide-react/dist/esm/icons/bean.js
Module ID: /Users/pranay/Projects/AIMLGlossary/AIGlossaryPro/node_modules/lucide-react/dist/esm/icons/bed-double.js
✓ Icons chunk matched: /Users/pranay/Projects/AIMLGlossary/AIGlossaryPro/node_modules/lucide-react/dist/esm/icons/bed-double.js
Module ID: /Users/pranay/Projects/AIMLGlossary/AIGlossaryPro/node_modules/lucide-react/dist/esm/icons/bed-single.js
✓ Icons chunk matched: /Users/pranay/Projects/AIMLGlossary/AIGlossaryPro/node_modules/lucide-react/dist/esm/icons/bed-single.js
Module ID: /Users/pranay/Projects/AIMLGlossary/AIGlossaryPro/node_modules/lucide-react/dist/esm/icons/bed.js
✓ Icons chunk matched: /Users/pranay/Projects/AIMLGlossary/AIGlossaryPro/node_modules/lucide-react/dist/esm/icons/bed.js
Module ID: /Users/pranay/Projects/AIMLGlossary/AIGlossaryPro/node_modules/lucide-react/dist/esm/icons/beef.js
✓ Icons chunk matched: /Users/pranay/Projects/AIMLGlossary/AIGlossaryPro/node_modules/lucide-react/dist/esm/icons/beef.js
Module ID: /Users/pranay/Projects/AIMLGlossary/AIGlossaryPro/node_modules/lucide-react/dist/esm/icons/beer-off.js
✓ Icons chunk matched: /Users/pranay/Projects/AIMLGlossary/AIGlossaryPro/node_modules/lucide-react/dist/esm/icons/beer-off.js
Module ID: /Users/pranay/Projects/AIMLGlossary/AIGlossaryPro/node_modules/lucide-react/dist/esm/icons/beer.js
✓ Icons chunk matched: /Users/pranay/Projects/AIMLGlossary/AIGlossaryPro/node_modules/lucide-react/dist/esm/icons/beer.js
Module ID: /Users/pranay/Projects/AIMLGlossary/AIGlossaryPro/node_modules/lucide-react/dist/esm/icons/bell-dot.js
✓ Icons chunk matched: /Users/pranay/Projects/AIMLGlossary/AIGlossaryPro/node_modules/lucide-react/dist/esm/icons/bell-dot.js
Module ID: /Users/pranay/Projects/AIMLGlossary/AIGlossaryPro/node_modules/lucide-react/dist/esm/icons/bell-electric.js
✓ Icons chunk matched: /Users/pranay/Projects/AIMLGlossary/AIGlossaryPro/node_modules/lucide-react/dist/esm/icons/bell-electric.js
Module ID: /Users/pranay/Projects/AIMLGlossary/AIGlossaryPro/node_modules/lucide-react/dist/esm/icons/bell-minus.js
✓ Icons chunk matched: /Users/pranay/Projects/AIMLGlossary/AIGlossaryPro/node_modules/lucide-react/dist/esm/icons/bell-minus.js
Module ID: /Users/pranay/Projects/AIMLGlossary/AIGlossaryPro/node_modules/lucide-react/dist/esm/icons/bell-off.js
✓ Icons chunk matched: /Users/pranay/Projects/AIMLGlossary/AIGlossaryPro/node_modules/lucide-react/dist/esm/icons/bell-off.js
Module ID: /Users/pranay/Projects/AIMLGlossary/AIGlossaryPro/node_modules/lucide-react/dist/esm/icons/bell-plus.js
✓ Icons chunk matched: /Users/pranay/Projects/AIMLGlossary/AIGlossaryPro/node_modules/lucide-react/dist/esm/icons/bell-plus.js
Module ID: /Users/pranay/Projects/AIMLGlossary/AIGlossaryPro/node_modules/lucide-react/dist/esm/icons/bell-ring.js
✓ Icons chunk matched: /Users/pranay/Projects/AIMLGlossary/AIGlossaryPro/node_modules/lucide-react/dist/esm/icons/bell-ring.js
Module ID: /Users/pranay/Projects/AIMLGlossary/AIGlossaryPro/node_modules/lucide-react/dist/esm/icons/bell.js
✓ Icons chunk matched: /Users/pranay/Projects/AIMLGlossary/AIGlossaryPro/node_modules/lucide-react/dist/esm/icons/bell.js
Module ID: /Users/pranay/Projects/AIMLGlossary/AIGlossaryPro/node_modules/lucide-react/dist/esm/icons/between-vertical-end.js
✓ Icons chunk matched: /Users/pranay/Projects/AIMLGlossary/AIGlossaryPro/node_modules/lucide-react/dist/esm/icons/between-vertical-end.js
Module ID: /Users/pranay/Projects/AIMLGlossary/AIGlossaryPro/node_modules/lucide-react/dist/esm/icons/between-vertical-start.js
✓ Icons chunk matched: /Users/pranay/Projects/AIMLGlossary/AIGlossaryPro/node_modules/lucide-react/dist/esm/icons/between-vertical-start.js
Module ID: /Users/pranay/Projects/AIMLGlossary/AIGlossaryPro/node_modules/lucide-react/dist/esm/icons/biceps-flexed.js
✓ Icons chunk matched: /Users/pranay/Projects/AIMLGlossary/AIGlossaryPro/node_modules/lucide-react/dist/esm/icons/biceps-flexed.js
Module ID: /Users/pranay/Projects/AIMLGlossary/AIGlossaryPro/node_modules/lucide-react/dist/esm/icons/bike.js
✓ Icons chunk matched: /Users/pranay/Projects/AIMLGlossary/AIGlossaryPro/node_modules/lucide-react/dist/esm/icons/bike.js
Module ID: /Users/pranay/Projects/AIMLGlossary/AIGlossaryPro/node_modules/lucide-react/dist/esm/icons/binary.js
✓ Icons chunk matched: /Users/pranay/Projects/AIMLGlossary/AIGlossaryPro/node_modules/lucide-react/dist/esm/icons/binary.js
Module ID: /Users/pranay/Projects/AIMLGlossary/AIGlossaryPro/node_modules/lucide-react/dist/esm/icons/binoculars.js
✓ Icons chunk matched: /Users/pranay/Projects/AIMLGlossary/AIGlossaryPro/node_modules/lucide-react/dist/esm/icons/binoculars.js
Module ID: /Users/pranay/Projects/AIMLGlossary/AIGlossaryPro/node_modules/lucide-react/dist/esm/icons/biohazard.js
✓ Icons chunk matched: /Users/pranay/Projects/AIMLGlossary/AIGlossaryPro/node_modules/lucide-react/dist/esm/icons/biohazard.js
Module ID: /Users/pranay/Projects/AIMLGlossary/AIGlossaryPro/node_modules/lucide-react/dist/esm/icons/bird.js
✓ Icons chunk matched: /Users/pranay/Projects/AIMLGlossary/AIGlossaryPro/node_modules/lucide-react/dist/esm/icons/bird.js
Module ID: /Users/pranay/Projects/AIMLGlossary/AIGlossaryPro/node_modules/lucide-react/dist/esm/icons/bitcoin.js
✓ Icons chunk matched: /Users/pranay/Projects/AIMLGlossary/AIGlossaryPro/node_modules/lucide-react/dist/esm/icons/bitcoin.js
Module ID: /Users/pranay/Projects/AIMLGlossary/AIGlossaryPro/node_modules/lucide-react/dist/esm/icons/blend.js
✓ Icons chunk matched: /Users/pranay/Projects/AIMLGlossary/AIGlossaryPro/node_modules/lucide-react/dist/esm/icons/blend.js
Module ID: /Users/pranay/Projects/AIMLGlossary/AIGlossaryPro/node_modules/lucide-react/dist/esm/icons/blinds.js
✓ Icons chunk matched: /Users/pranay/Projects/AIMLGlossary/AIGlossaryPro/node_modules/lucide-react/dist/esm/icons/blinds.js
Module ID: /Users/pranay/Projects/AIMLGlossary/AIGlossaryPro/node_modules/lucide-react/dist/esm/icons/blocks.js
✓ Icons chunk matched: /Users/pranay/Projects/AIMLGlossary/AIGlossaryPro/node_modules/lucide-react/dist/esm/icons/blocks.js
Module ID: /Users/pranay/Projects/AIMLGlossary/AIGlossaryPro/node_modules/lucide-react/dist/esm/icons/bluetooth-connected.js
✓ Icons chunk matched: /Users/pranay/Projects/AIMLGlossary/AIGlossaryPro/node_modules/lucide-react/dist/esm/icons/bluetooth-connected.js
Module ID: /Users/pranay/Projects/AIMLGlossary/AIGlossaryPro/node_modules/lucide-react/dist/esm/icons/bluetooth-off.js
✓ Icons chunk matched: /Users/pranay/Projects/AIMLGlossary/AIGlossaryPro/node_modules/lucide-react/dist/esm/icons/bluetooth-off.js
Module ID: /Users/pranay/Projects/AIMLGlossary/AIGlossaryPro/node_modules/lucide-react/dist/esm/icons/bluetooth-searching.js
✓ Icons chunk matched: /Users/pranay/Projects/AIMLGlossary/AIGlossaryPro/node_modules/lucide-react/dist/esm/icons/bluetooth-searching.js
Module ID: /Users/pranay/Projects/AIMLGlossary/AIGlossaryPro/node_modules/lucide-react/dist/esm/icons/bluetooth.js
✓ Icons chunk matched: /Users/pranay/Projects/AIMLGlossary/AIGlossaryPro/node_modules/lucide-react/dist/esm/icons/bluetooth.js
Module ID: /Users/pranay/Projects/AIMLGlossary/AIGlossaryPro/node_modules/lucide-react/dist/esm/icons/bold.js
✓ Icons chunk matched: /Users/pranay/Projects/AIMLGlossary/AIGlossaryPro/node_modules/lucide-react/dist/esm/icons/bold.js
Module ID: /Users/pranay/Projects/AIMLGlossary/AIGlossaryPro/node_modules/lucide-react/dist/esm/icons/bolt.js
✓ Icons chunk matched: /Users/pranay/Projects/AIMLGlossary/AIGlossaryPro/node_modules/lucide-react/dist/esm/icons/bolt.js
Module ID: /Users/pranay/Projects/AIMLGlossary/AIGlossaryPro/node_modules/lucide-react/dist/esm/icons/bomb.js
✓ Icons chunk matched: /Users/pranay/Projects/AIMLGlossary/AIGlossaryPro/node_modules/lucide-react/dist/esm/icons/bomb.js
Module ID: /Users/pranay/Projects/AIMLGlossary/AIGlossaryPro/node_modules/lucide-react/dist/esm/icons/bone.js
✓ Icons chunk matched: /Users/pranay/Projects/AIMLGlossary/AIGlossaryPro/node_modules/lucide-react/dist/esm/icons/bone.js
Module ID: /Users/pranay/Projects/AIMLGlossary/AIGlossaryPro/node_modules/lucide-react/dist/esm/icons/book-a.js
✓ Icons chunk matched: /Users/pranay/Projects/AIMLGlossary/AIGlossaryPro/node_modules/lucide-react/dist/esm/icons/book-a.js
Module ID: /Users/pranay/Projects/AIMLGlossary/AIGlossaryPro/node_modules/lucide-react/dist/esm/icons/book-audio.js
✓ Icons chunk matched: /Users/pranay/Projects/AIMLGlossary/AIGlossaryPro/node_modules/lucide-react/dist/esm/icons/book-audio.js
Module ID: /Users/pranay/Projects/AIMLGlossary/AIGlossaryPro/node_modules/lucide-react/dist/esm/icons/book-check.js
✓ Icons chunk matched: /Users/pranay/Projects/AIMLGlossary/AIGlossaryPro/node_modules/lucide-react/dist/esm/icons/book-check.js
Module ID: /Users/pranay/Projects/AIMLGlossary/AIGlossaryPro/node_modules/lucide-react/dist/esm/icons/book-copy.js
✓ Icons chunk matched: /Users/pranay/Projects/AIMLGlossary/AIGlossaryPro/node_modules/lucide-react/dist/esm/icons/book-copy.js
Module ID: /Users/pranay/Projects/AIMLGlossary/AIGlossaryPro/node_modules/lucide-react/dist/esm/icons/book-down.js
✓ Icons chunk matched: /Users/pranay/Projects/AIMLGlossary/AIGlossaryPro/node_modules/lucide-react/dist/esm/icons/book-down.js
Module ID: /Users/pranay/Projects/AIMLGlossary/AIGlossaryPro/node_modules/lucide-react/dist/esm/icons/book-headphones.js
✓ Icons chunk matched: /Users/pranay/Projects/AIMLGlossary/AIGlossaryPro/node_modules/lucide-react/dist/esm/icons/book-headphones.js
Module ID: /Users/pranay/Projects/AIMLGlossary/AIGlossaryPro/node_modules/lucide-react/dist/esm/icons/book-heart.js
✓ Icons chunk matched: /Users/pranay/Projects/AIMLGlossary/AIGlossaryPro/node_modules/lucide-react/dist/esm/icons/book-heart.js
Module ID: /Users/pranay/Projects/AIMLGlossary/AIGlossaryPro/node_modules/lucide-react/dist/esm/icons/book-image.js
✓ Icons chunk matched: /Users/pranay/Projects/AIMLGlossary/AIGlossaryPro/node_modules/lucide-react/dist/esm/icons/book-image.js
Module ID: /Users/pranay/Projects/AIMLGlossary/AIGlossaryPro/node_modules/lucide-react/dist/esm/icons/book-key.js
✓ Icons chunk matched: /Users/pranay/Projects/AIMLGlossary/AIGlossaryPro/node_modules/lucide-react/dist/esm/icons/book-key.js
Module ID: /Users/pranay/Projects/AIMLGlossary/AIGlossaryPro/node_modules/lucide-react/dist/esm/icons/book-lock.js
✓ Icons chunk matched: /Users/pranay/Projects/AIMLGlossary/AIGlossaryPro/node_modules/lucide-react/dist/esm/icons/book-lock.js
Module ID: /Users/pranay/Projects/AIMLGlossary/AIGlossaryPro/node_modules/lucide-react/dist/esm/icons/book-marked.js
✓ Icons chunk matched: /Users/pranay/Projects/AIMLGlossary/AIGlossaryPro/node_modules/lucide-react/dist/esm/icons/book-marked.js
Module ID: /Users/pranay/Projects/AIMLGlossary/AIGlossaryPro/node_modules/lucide-react/dist/esm/icons/book-minus.js
✓ Icons chunk matched: /Users/pranay/Projects/AIMLGlossary/AIGlossaryPro/node_modules/lucide-react/dist/esm/icons/book-minus.js
Module ID: /Users/pranay/Projects/AIMLGlossary/AIGlossaryPro/node_modules/lucide-react/dist/esm/icons/book-open-check.js
✓ Icons chunk matched: /Users/pranay/Projects/AIMLGlossary/AIGlossaryPro/node_modules/lucide-react/dist/esm/icons/book-open-check.js
Module ID: /Users/pranay/Projects/AIMLGlossary/AIGlossaryPro/node_modules/lucide-react/dist/esm/icons/book-open-text.js
✓ Icons chunk matched: /Users/pranay/Projects/AIMLGlossary/AIGlossaryPro/node_modules/lucide-react/dist/esm/icons/book-open-text.js
Module ID: /Users/pranay/Projects/AIMLGlossary/AIGlossaryPro/node_modules/lucide-react/dist/esm/icons/book-open.js
✓ Icons chunk matched: /Users/pranay/Projects/AIMLGlossary/AIGlossaryPro/node_modules/lucide-react/dist/esm/icons/book-open.js
Module ID: /Users/pranay/Projects/AIMLGlossary/AIGlossaryPro/node_modules/lucide-react/dist/esm/icons/book-plus.js
✓ Icons chunk matched: /Users/pranay/Projects/AIMLGlossary/AIGlossaryPro/node_modules/lucide-react/dist/esm/icons/book-plus.js
Module ID: /Users/pranay/Projects/AIMLGlossary/AIGlossaryPro/node_modules/lucide-react/dist/esm/icons/book-text.js
✓ Icons chunk matched: /Users/pranay/Projects/AIMLGlossary/AIGlossaryPro/node_modules/lucide-react/dist/esm/icons/book-text.js
Module ID: /Users/pranay/Projects/AIMLGlossary/AIGlossaryPro/node_modules/lucide-react/dist/esm/icons/book-type.js
✓ Icons chunk matched: /Users/pranay/Projects/AIMLGlossary/AIGlossaryPro/node_modules/lucide-react/dist/esm/icons/book-type.js
Module ID: /Users/pranay/Projects/AIMLGlossary/AIGlossaryPro/node_modules/lucide-react/dist/esm/icons/book-up-2.js
✓ Icons chunk matched: /Users/pranay/Projects/AIMLGlossary/AIGlossaryPro/node_modules/lucide-react/dist/esm/icons/book-up-2.js
Module ID: /Users/pranay/Projects/AIMLGlossary/AIGlossaryPro/node_modules/lucide-react/dist/esm/icons/book-up.js
✓ Icons chunk matched: /Users/pranay/Projects/AIMLGlossary/AIGlossaryPro/node_modules/lucide-react/dist/esm/icons/book-up.js
Module ID: /Users/pranay/Projects/AIMLGlossary/AIGlossaryPro/node_modules/lucide-react/dist/esm/icons/book-user.js
✓ Icons chunk matched: /Users/pranay/Projects/AIMLGlossary/AIGlossaryPro/node_modules/lucide-react/dist/esm/icons/book-user.js
Module ID: /Users/pranay/Projects/AIMLGlossary/AIGlossaryPro/node_modules/lucide-react/dist/esm/icons/book-x.js
✓ Icons chunk matched: /Users/pranay/Projects/AIMLGlossary/AIGlossaryPro/node_modules/lucide-react/dist/esm/icons/book-x.js
Module ID: /Users/pranay/Projects/AIMLGlossary/AIGlossaryPro/node_modules/lucide-react/dist/esm/icons/book.js
✓ Icons chunk matched: /Users/pranay/Projects/AIMLGlossary/AIGlossaryPro/node_modules/lucide-react/dist/esm/icons/book.js
Module ID: /Users/pranay/Projects/AIMLGlossary/AIGlossaryPro/node_modules/lucide-react/dist/esm/icons/bookmark-check.js
✓ Icons chunk matched: /Users/pranay/Projects/AIMLGlossary/AIGlossaryPro/node_modules/lucide-react/dist/esm/icons/bookmark-check.js
Module ID: /Users/pranay/Projects/AIMLGlossary/AIGlossaryPro/node_modules/lucide-react/dist/esm/icons/bookmark-minus.js
✓ Icons chunk matched: /Users/pranay/Projects/AIMLGlossary/AIGlossaryPro/node_modules/lucide-react/dist/esm/icons/bookmark-minus.js
Module ID: /Users/pranay/Projects/AIMLGlossary/AIGlossaryPro/node_modules/lucide-react/dist/esm/icons/bookmark-plus.js
✓ Icons chunk matched: /Users/pranay/Projects/AIMLGlossary/AIGlossaryPro/node_modules/lucide-react/dist/esm/icons/bookmark-plus.js
Module ID: /Users/pranay/Projects/AIMLGlossary/AIGlossaryPro/node_modules/lucide-react/dist/esm/icons/bookmark-x.js
✓ Icons chunk matched: /Users/pranay/Projects/AIMLGlossary/AIGlossaryPro/node_modules/lucide-react/dist/esm/icons/bookmark-x.js
Module ID: /Users/pranay/Projects/AIMLGlossary/AIGlossaryPro/node_modules/lucide-react/dist/esm/icons/bookmark.js
✓ Icons chunk matched: /Users/pranay/Projects/AIMLGlossary/AIGlossaryPro/node_modules/lucide-react/dist/esm/icons/bookmark.js
Module ID: /Users/pranay/Projects/AIMLGlossary/AIGlossaryPro/node_modules/lucide-react/dist/esm/icons/boom-box.js
✓ Icons chunk matched: /Users/pranay/Projects/AIMLGlossary/AIGlossaryPro/node_modules/lucide-react/dist/esm/icons/boom-box.js
Module ID: /Users/pranay/Projects/AIMLGlossary/AIGlossaryPro/node_modules/lucide-react/dist/esm/icons/bot-message-square.js
✓ Icons chunk matched: /Users/pranay/Projects/AIMLGlossary/AIGlossaryPro/node_modules/lucide-react/dist/esm/icons/bot-message-square.js
Module ID: /Users/pranay/Projects/AIMLGlossary/AIGlossaryPro/node_modules/lucide-react/dist/esm/icons/bot-off.js
✓ Icons chunk matched: /Users/pranay/Projects/AIMLGlossary/AIGlossaryPro/node_modules/lucide-react/dist/esm/icons/bot-off.js
Module ID: /Users/pranay/Projects/AIMLGlossary/AIGlossaryPro/node_modules/lucide-react/dist/esm/icons/bot.js
✓ Icons chunk matched: /Users/pranay/Projects/AIMLGlossary/AIGlossaryPro/node_modules/lucide-react/dist/esm/icons/bot.js
Module ID: /Users/pranay/Projects/AIMLGlossary/AIGlossaryPro/node_modules/lucide-react/dist/esm/icons/box.js
✓ Icons chunk matched: /Users/pranay/Projects/AIMLGlossary/AIGlossaryPro/node_modules/lucide-react/dist/esm/icons/box.js
Module ID: /Users/pranay/Projects/AIMLGlossary/AIGlossaryPro/node_modules/lucide-react/dist/esm/icons/boxes.js
✓ Icons chunk matched: /Users/pranay/Projects/AIMLGlossary/AIGlossaryPro/node_modules/lucide-react/dist/esm/icons/boxes.js
Module ID: /Users/pranay/Projects/AIMLGlossary/AIGlossaryPro/node_modules/lucide-react/dist/esm/icons/brackets.js
✓ Icons chunk matched: /Users/pranay/Projects/AIMLGlossary/AIGlossaryPro/node_modules/lucide-react/dist/esm/icons/brackets.js
Module ID: /Users/pranay/Projects/AIMLGlossary/AIGlossaryPro/node_modules/lucide-react/dist/esm/icons/brain-circuit.js
✓ Icons chunk matched: /Users/pranay/Projects/AIMLGlossary/AIGlossaryPro/node_modules/lucide-react/dist/esm/icons/brain-circuit.js
Module ID: /Users/pranay/Projects/AIMLGlossary/AIGlossaryPro/node_modules/lucide-react/dist/esm/icons/brain-cog.js
✓ Icons chunk matched: /Users/pranay/Projects/AIMLGlossary/AIGlossaryPro/node_modules/lucide-react/dist/esm/icons/brain-cog.js
Module ID: /Users/pranay/Projects/AIMLGlossary/AIGlossaryPro/node_modules/lucide-react/dist/esm/icons/brain.js
✓ Icons chunk matched: /Users/pranay/Projects/AIMLGlossary/AIGlossaryPro/node_modules/lucide-react/dist/esm/icons/brain.js
Module ID: /Users/pranay/Projects/AIMLGlossary/AIGlossaryPro/node_modules/lucide-react/dist/esm/icons/brick-wall.js
✓ Icons chunk matched: /Users/pranay/Projects/AIMLGlossary/AIGlossaryPro/node_modules/lucide-react/dist/esm/icons/brick-wall.js
Module ID: /Users/pranay/Projects/AIMLGlossary/AIGlossaryPro/node_modules/lucide-react/dist/esm/icons/briefcase-business.js
✓ Icons chunk matched: /Users/pranay/Projects/AIMLGlossary/AIGlossaryPro/node_modules/lucide-react/dist/esm/icons/briefcase-business.js
Module ID: /Users/pranay/Projects/AIMLGlossary/AIGlossaryPro/node_modules/lucide-react/dist/esm/icons/briefcase-conveyor-belt.js
✓ Icons chunk matched: /Users/pranay/Projects/AIMLGlossary/AIGlossaryPro/node_modules/lucide-react/dist/esm/icons/briefcase-conveyor-belt.js
Module ID: /Users/pranay/Projects/AIMLGlossary/AIGlossaryPro/node_modules/lucide-react/dist/esm/icons/briefcase-medical.js
✓ Icons chunk matched: /Users/pranay/Projects/AIMLGlossary/AIGlossaryPro/node_modules/lucide-react/dist/esm/icons/briefcase-medical.js
Module ID: /Users/pranay/Projects/AIMLGlossary/AIGlossaryPro/node_modules/lucide-react/dist/esm/icons/briefcase.js
✓ Icons chunk matched: /Users/pranay/Projects/AIMLGlossary/AIGlossaryPro/node_modules/lucide-react/dist/esm/icons/briefcase.js
Module ID: /Users/pranay/Projects/AIMLGlossary/AIGlossaryPro/node_modules/lucide-react/dist/esm/icons/bring-to-front.js
✓ Icons chunk matched: /Users/pranay/Projects/AIMLGlossary/AIGlossaryPro/node_modules/lucide-react/dist/esm/icons/bring-to-front.js
Module ID: /Users/pranay/Projects/AIMLGlossary/AIGlossaryPro/node_modules/lucide-react/dist/esm/icons/brush.js
✓ Icons chunk matched: /Users/pranay/Projects/AIMLGlossary/AIGlossaryPro/node_modules/lucide-react/dist/esm/icons/brush.js
Module ID: /Users/pranay/Projects/AIMLGlossary/AIGlossaryPro/node_modules/lucide-react/dist/esm/icons/bug-off.js
✓ Icons chunk matched: /Users/pranay/Projects/AIMLGlossary/AIGlossaryPro/node_modules/lucide-react/dist/esm/icons/bug-off.js
Module ID: /Users/pranay/Projects/AIMLGlossary/AIGlossaryPro/node_modules/lucide-react/dist/esm/icons/bug-play.js
✓ Icons chunk matched: /Users/pranay/Projects/AIMLGlossary/AIGlossaryPro/node_modules/lucide-react/dist/esm/icons/bug-play.js
Module ID: /Users/pranay/Projects/AIMLGlossary/AIGlossaryPro/node_modules/lucide-react/dist/esm/icons/bug.js
✓ Icons chunk matched: /Users/pranay/Projects/AIMLGlossary/AIGlossaryPro/node_modules/lucide-react/dist/esm/icons/bug.js
Module ID: /Users/pranay/Projects/AIMLGlossary/AIGlossaryPro/node_modules/lucide-react/dist/esm/icons/building-2.js
✓ Icons chunk matched: /Users/pranay/Projects/AIMLGlossary/AIGlossaryPro/node_modules/lucide-react/dist/esm/icons/building-2.js
Module ID: /Users/pranay/Projects/AIMLGlossary/AIGlossaryPro/node_modules/lucide-react/dist/esm/icons/building.js
✓ Icons chunk matched: /Users/pranay/Projects/AIMLGlossary/AIGlossaryPro/node_modules/lucide-react/dist/esm/icons/building.js
Module ID: /Users/pranay/Projects/AIMLGlossary/AIGlossaryPro/node_modules/lucide-react/dist/esm/icons/bus-front.js
✓ Icons chunk matched: /Users/pranay/Projects/AIMLGlossary/AIGlossaryPro/node_modules/lucide-react/dist/esm/icons/bus-front.js
Module ID: /Users/pranay/Projects/AIMLGlossary/AIGlossaryPro/node_modules/lucide-react/dist/esm/icons/bus.js
✓ Icons chunk matched: /Users/pranay/Projects/AIMLGlossary/AIGlossaryPro/node_modules/lucide-react/dist/esm/icons/bus.js
Module ID: /Users/pranay/Projects/AIMLGlossary/AIGlossaryPro/node_modules/lucide-react/dist/esm/icons/cable-car.js
✓ Icons chunk matched: /Users/pranay/Projects/AIMLGlossary/AIGlossaryPro/node_modules/lucide-react/dist/esm/icons/cable-car.js
Module ID: /Users/pranay/Projects/AIMLGlossary/AIGlossaryPro/node_modules/lucide-react/dist/esm/icons/cable.js
✓ Icons chunk matched: /Users/pranay/Projects/AIMLGlossary/AIGlossaryPro/node_modules/lucide-react/dist/esm/icons/cable.js
Module ID: /Users/pranay/Projects/AIMLGlossary/AIGlossaryPro/node_modules/lucide-react/dist/esm/icons/cake-slice.js
✓ Icons chunk matched: /Users/pranay/Projects/AIMLGlossary/AIGlossaryPro/node_modules/lucide-react/dist/esm/icons/cake-slice.js
Module ID: /Users/pranay/Projects/AIMLGlossary/AIGlossaryPro/node_modules/lucide-react/dist/esm/icons/cake.js
✓ Icons chunk matched: /Users/pranay/Projects/AIMLGlossary/AIGlossaryPro/node_modules/lucide-react/dist/esm/icons/cake.js
Module ID: /Users/pranay/Projects/AIMLGlossary/AIGlossaryPro/node_modules/lucide-react/dist/esm/icons/calculator.js
✓ Icons chunk matched: /Users/pranay/Projects/AIMLGlossary/AIGlossaryPro/node_modules/lucide-react/dist/esm/icons/calculator.js
Module ID: /Users/pranay/Projects/AIMLGlossary/AIGlossaryPro/node_modules/lucide-react/dist/esm/icons/calendar-1.js
✓ Icons chunk matched: /Users/pranay/Projects/AIMLGlossary/AIGlossaryPro/node_modules/lucide-react/dist/esm/icons/calendar-1.js
Module ID: /Users/pranay/Projects/AIMLGlossary/AIGlossaryPro/node_modules/lucide-react/dist/esm/icons/calendar-arrow-down.js
✓ Icons chunk matched: /Users/pranay/Projects/AIMLGlossary/AIGlossaryPro/node_modules/lucide-react/dist/esm/icons/calendar-arrow-down.js
Module ID: /Users/pranay/Projects/AIMLGlossary/AIGlossaryPro/node_modules/lucide-react/dist/esm/icons/calendar-arrow-up.js
✓ Icons chunk matched: /Users/pranay/Projects/AIMLGlossary/AIGlossaryPro/node_modules/lucide-react/dist/esm/icons/calendar-arrow-up.js
Module ID: /Users/pranay/Projects/AIMLGlossary/AIGlossaryPro/node_modules/lucide-react/dist/esm/icons/calendar-check-2.js
✓ Icons chunk matched: /Users/pranay/Projects/AIMLGlossary/AIGlossaryPro/node_modules/lucide-react/dist/esm/icons/calendar-check-2.js
Module ID: /Users/pranay/Projects/AIMLGlossary/AIGlossaryPro/node_modules/lucide-react/dist/esm/icons/calendar-check.js
✓ Icons chunk matched: /Users/pranay/Projects/AIMLGlossary/AIGlossaryPro/node_modules/lucide-react/dist/esm/icons/calendar-check.js
Module ID: /Users/pranay/Projects/AIMLGlossary/AIGlossaryPro/node_modules/lucide-react/dist/esm/icons/calendar-clock.js
✓ Icons chunk matched: /Users/pranay/Projects/AIMLGlossary/AIGlossaryPro/node_modules/lucide-react/dist/esm/icons/calendar-clock.js
Module ID: /Users/pranay/Projects/AIMLGlossary/AIGlossaryPro/node_modules/lucide-react/dist/esm/icons/calendar-cog.js
✓ Icons chunk matched: /Users/pranay/Projects/AIMLGlossary/AIGlossaryPro/node_modules/lucide-react/dist/esm/icons/calendar-cog.js
Module ID: /Users/pranay/Projects/AIMLGlossary/AIGlossaryPro/node_modules/lucide-react/dist/esm/icons/calendar-days.js
✓ Icons chunk matched: /Users/pranay/Projects/AIMLGlossary/AIGlossaryPro/node_modules/lucide-react/dist/esm/icons/calendar-days.js
Module ID: /Users/pranay/Projects/AIMLGlossary/AIGlossaryPro/node_modules/lucide-react/dist/esm/icons/calendar-fold.js
✓ Icons chunk matched: /Users/pranay/Projects/AIMLGlossary/AIGlossaryPro/node_modules/lucide-react/dist/esm/icons/calendar-fold.js
Module ID: /Users/pranay/Projects/AIMLGlossary/AIGlossaryPro/node_modules/lucide-react/dist/esm/icons/calendar-heart.js
✓ Icons chunk matched: /Users/pranay/Projects/AIMLGlossary/AIGlossaryPro/node_modules/lucide-react/dist/esm/icons/calendar-heart.js
Module ID: /Users/pranay/Projects/AIMLGlossary/AIGlossaryPro/node_modules/lucide-react/dist/esm/icons/calendar-minus-2.js
✓ Icons chunk matched: /Users/pranay/Projects/AIMLGlossary/AIGlossaryPro/node_modules/lucide-react/dist/esm/icons/calendar-minus-2.js
Module ID: /Users/pranay/Projects/AIMLGlossary/AIGlossaryPro/node_modules/lucide-react/dist/esm/icons/calendar-minus.js
✓ Icons chunk matched: /Users/pranay/Projects/AIMLGlossary/AIGlossaryPro/node_modules/lucide-react/dist/esm/icons/calendar-minus.js
Module ID: /Users/pranay/Projects/AIMLGlossary/AIGlossaryPro/node_modules/lucide-react/dist/esm/icons/calendar-off.js
✓ Icons chunk matched: /Users/pranay/Projects/AIMLGlossary/AIGlossaryPro/node_modules/lucide-react/dist/esm/icons/calendar-off.js
Module ID: /Users/pranay/Projects/AIMLGlossary/AIGlossaryPro/node_modules/lucide-react/dist/esm/icons/calendar-plus-2.js
✓ Icons chunk matched: /Users/pranay/Projects/AIMLGlossary/AIGlossaryPro/node_modules/lucide-react/dist/esm/icons/calendar-plus-2.js
Module ID: /Users/pranay/Projects/AIMLGlossary/AIGlossaryPro/node_modules/lucide-react/dist/esm/icons/calendar-plus.js
✓ Icons chunk matched: /Users/pranay/Projects/AIMLGlossary/AIGlossaryPro/node_modules/lucide-react/dist/esm/icons/calendar-plus.js
Module ID: /Users/pranay/Projects/AIMLGlossary/AIGlossaryPro/node_modules/lucide-react/dist/esm/icons/calendar-range.js
✓ Icons chunk matched: /Users/pranay/Projects/AIMLGlossary/AIGlossaryPro/node_modules/lucide-react/dist/esm/icons/calendar-range.js
Module ID: /Users/pranay/Projects/AIMLGlossary/AIGlossaryPro/node_modules/lucide-react/dist/esm/icons/calendar-search.js
✓ Icons chunk matched: /Users/pranay/Projects/AIMLGlossary/AIGlossaryPro/node_modules/lucide-react/dist/esm/icons/calendar-search.js
Module ID: /Users/pranay/Projects/AIMLGlossary/AIGlossaryPro/node_modules/lucide-react/dist/esm/icons/calendar-x-2.js
✓ Icons chunk matched: /Users/pranay/Projects/AIMLGlossary/AIGlossaryPro/node_modules/lucide-react/dist/esm/icons/calendar-x-2.js
Module ID: /Users/pranay/Projects/AIMLGlossary/AIGlossaryPro/node_modules/lucide-react/dist/esm/icons/calendar-x.js
✓ Icons chunk matched: /Users/pranay/Projects/AIMLGlossary/AIGlossaryPro/node_modules/lucide-react/dist/esm/icons/calendar-x.js
Module ID: /Users/pranay/Projects/AIMLGlossary/AIGlossaryPro/node_modules/lucide-react/dist/esm/icons/calendar.js
✓ Icons chunk matched: /Users/pranay/Projects/AIMLGlossary/AIGlossaryPro/node_modules/lucide-react/dist/esm/icons/calendar.js
Module ID: /Users/pranay/Projects/AIMLGlossary/AIGlossaryPro/node_modules/lucide-react/dist/esm/icons/camera-off.js
✓ Icons chunk matched: /Users/pranay/Projects/AIMLGlossary/AIGlossaryPro/node_modules/lucide-react/dist/esm/icons/camera-off.js
Module ID: /Users/pranay/Projects/AIMLGlossary/AIGlossaryPro/node_modules/lucide-react/dist/esm/icons/camera.js
✓ Icons chunk matched: /Users/pranay/Projects/AIMLGlossary/AIGlossaryPro/node_modules/lucide-react/dist/esm/icons/camera.js
Module ID: /Users/pranay/Projects/AIMLGlossary/AIGlossaryPro/node_modules/lucide-react/dist/esm/icons/candy-cane.js
✓ Icons chunk matched: /Users/pranay/Projects/AIMLGlossary/AIGlossaryPro/node_modules/lucide-react/dist/esm/icons/candy-cane.js
Module ID: /Users/pranay/Projects/AIMLGlossary/AIGlossaryPro/node_modules/lucide-react/dist/esm/icons/candy-off.js
✓ Icons chunk matched: /Users/pranay/Projects/AIMLGlossary/AIGlossaryPro/node_modules/lucide-react/dist/esm/icons/candy-off.js
Module ID: /Users/pranay/Projects/AIMLGlossary/AIGlossaryPro/node_modules/lucide-react/dist/esm/icons/candy.js
✓ Icons chunk matched: /Users/pranay/Projects/AIMLGlossary/AIGlossaryPro/node_modules/lucide-react/dist/esm/icons/candy.js
Module ID: /Users/pranay/Projects/AIMLGlossary/AIGlossaryPro/node_modules/lucide-react/dist/esm/icons/cannabis.js
✓ Icons chunk matched: /Users/pranay/Projects/AIMLGlossary/AIGlossaryPro/node_modules/lucide-react/dist/esm/icons/cannabis.js
Module ID: /Users/pranay/Projects/AIMLGlossary/AIGlossaryPro/node_modules/lucide-react/dist/esm/icons/captions-off.js
✓ Icons chunk matched: /Users/pranay/Projects/AIMLGlossary/AIGlossaryPro/node_modules/lucide-react/dist/esm/icons/captions-off.js
Module ID: /Users/pranay/Projects/AIMLGlossary/AIGlossaryPro/node_modules/lucide-react/dist/esm/icons/car-front.js
✓ Icons chunk matched: /Users/pranay/Projects/AIMLGlossary/AIGlossaryPro/node_modules/lucide-react/dist/esm/icons/car-front.js
Module ID: /Users/pranay/Projects/AIMLGlossary/AIGlossaryPro/node_modules/lucide-react/dist/esm/icons/car-taxi-front.js
✓ Icons chunk matched: /Users/pranay/Projects/AIMLGlossary/AIGlossaryPro/node_modules/lucide-react/dist/esm/icons/car-taxi-front.js
Module ID: /Users/pranay/Projects/AIMLGlossary/AIGlossaryPro/node_modules/lucide-react/dist/esm/icons/car.js
✓ Icons chunk matched: /Users/pranay/Projects/AIMLGlossary/AIGlossaryPro/node_modules/lucide-react/dist/esm/icons/car.js
Module ID: /Users/pranay/Projects/AIMLGlossary/AIGlossaryPro/node_modules/lucide-react/dist/esm/icons/caravan.js
✓ Icons chunk matched: /Users/pranay/Projects/AIMLGlossary/AIGlossaryPro/node_modules/lucide-react/dist/esm/icons/caravan.js
Module ID: /Users/pranay/Projects/AIMLGlossary/AIGlossaryPro/node_modules/lucide-react/dist/esm/icons/carrot.js
✓ Icons chunk matched: /Users/pranay/Projects/AIMLGlossary/AIGlossaryPro/node_modules/lucide-react/dist/esm/icons/carrot.js
Module ID: /Users/pranay/Projects/AIMLGlossary/AIGlossaryPro/node_modules/lucide-react/dist/esm/icons/case-lower.js
✓ Icons chunk matched: /Users/pranay/Projects/AIMLGlossary/AIGlossaryPro/node_modules/lucide-react/dist/esm/icons/case-lower.js
Module ID: /Users/pranay/Projects/AIMLGlossary/AIGlossaryPro/node_modules/lucide-react/dist/esm/icons/case-sensitive.js
✓ Icons chunk matched: /Users/pranay/Projects/AIMLGlossary/AIGlossaryPro/node_modules/lucide-react/dist/esm/icons/case-sensitive.js
Module ID: /Users/pranay/Projects/AIMLGlossary/AIGlossaryPro/node_modules/lucide-react/dist/esm/icons/case-upper.js
✓ Icons chunk matched: /Users/pranay/Projects/AIMLGlossary/AIGlossaryPro/node_modules/lucide-react/dist/esm/icons/case-upper.js
Module ID: /Users/pranay/Projects/AIMLGlossary/AIGlossaryPro/node_modules/lucide-react/dist/esm/icons/cassette-tape.js
✓ Icons chunk matched: /Users/pranay/Projects/AIMLGlossary/AIGlossaryPro/node_modules/lucide-react/dist/esm/icons/cassette-tape.js
Module ID: /Users/pranay/Projects/AIMLGlossary/AIGlossaryPro/node_modules/lucide-react/dist/esm/icons/cast.js
✓ Icons chunk matched: /Users/pranay/Projects/AIMLGlossary/AIGlossaryPro/node_modules/lucide-react/dist/esm/icons/cast.js
Module ID: /Users/pranay/Projects/AIMLGlossary/AIGlossaryPro/node_modules/lucide-react/dist/esm/icons/castle.js
✓ Icons chunk matched: /Users/pranay/Projects/AIMLGlossary/AIGlossaryPro/node_modules/lucide-react/dist/esm/icons/castle.js
Module ID: /Users/pranay/Projects/AIMLGlossary/AIGlossaryPro/node_modules/lucide-react/dist/esm/icons/cat.js
✓ Icons chunk matched: /Users/pranay/Projects/AIMLGlossary/AIGlossaryPro/node_modules/lucide-react/dist/esm/icons/cat.js
Module ID: /Users/pranay/Projects/AIMLGlossary/AIGlossaryPro/node_modules/lucide-react/dist/esm/icons/cctv.js
✓ Icons chunk matched: /Users/pranay/Projects/AIMLGlossary/AIGlossaryPro/node_modules/lucide-react/dist/esm/icons/cctv.js
Module ID: /Users/pranay/Projects/AIMLGlossary/AIGlossaryPro/node_modules/lucide-react/dist/esm/icons/chart-bar-decreasing.js
✓ Icons chunk matched: /Users/pranay/Projects/AIMLGlossary/AIGlossaryPro/node_modules/lucide-react/dist/esm/icons/chart-bar-decreasing.js
Module ID: /Users/pranay/Projects/AIMLGlossary/AIGlossaryPro/node_modules/lucide-react/dist/esm/icons/chart-bar-increasing.js
✓ Icons chunk matched: /Users/pranay/Projects/AIMLGlossary/AIGlossaryPro/node_modules/lucide-react/dist/esm/icons/chart-bar-increasing.js
Module ID: /Users/pranay/Projects/AIMLGlossary/AIGlossaryPro/node_modules/lucide-react/dist/esm/icons/chart-bar-stacked.js
✓ Icons chunk matched: /Users/pranay/Projects/AIMLGlossary/AIGlossaryPro/node_modules/lucide-react/dist/esm/icons/chart-bar-stacked.js
Module ID: /Users/pranay/Projects/AIMLGlossary/AIGlossaryPro/node_modules/lucide-react/dist/esm/icons/chart-column-decreasing.js
✓ Icons chunk matched: /Users/pranay/Projects/AIMLGlossary/AIGlossaryPro/node_modules/lucide-react/dist/esm/icons/chart-column-decreasing.js
Module ID: /Users/pranay/Projects/AIMLGlossary/AIGlossaryPro/node_modules/lucide-react/dist/esm/icons/chart-column-stacked.js
✓ Icons chunk matched: /Users/pranay/Projects/AIMLGlossary/AIGlossaryPro/node_modules/lucide-react/dist/esm/icons/chart-column-stacked.js
Module ID: /Users/pranay/Projects/AIMLGlossary/AIGlossaryPro/node_modules/lucide-react/dist/esm/icons/chart-gantt.js
✓ Icons chunk matched: /Users/pranay/Projects/AIMLGlossary/AIGlossaryPro/node_modules/lucide-react/dist/esm/icons/chart-gantt.js
Module ID: /Users/pranay/Projects/AIMLGlossary/AIGlossaryPro/node_modules/lucide-react/dist/esm/icons/chart-network.js
✓ Icons chunk matched: /Users/pranay/Projects/AIMLGlossary/AIGlossaryPro/node_modules/lucide-react/dist/esm/icons/chart-network.js
Module ID: /Users/pranay/Projects/AIMLGlossary/AIGlossaryPro/node_modules/lucide-react/dist/esm/icons/chart-no-axes-column-decreasing.js
✓ Icons chunk matched: /Users/pranay/Projects/AIMLGlossary/AIGlossaryPro/node_modules/lucide-react/dist/esm/icons/chart-no-axes-column-decreasing.js
Module ID: /Users/pranay/Projects/AIMLGlossary/AIGlossaryPro/node_modules/lucide-react/dist/esm/icons/chart-no-axes-combined.js
✓ Icons chunk matched: /Users/pranay/Projects/AIMLGlossary/AIGlossaryPro/node_modules/lucide-react/dist/esm/icons/chart-no-axes-combined.js
Module ID: /Users/pranay/Projects/AIMLGlossary/AIGlossaryPro/node_modules/lucide-react/dist/esm/icons/chart-spline.js
✓ Icons chunk matched: /Users/pranay/Projects/AIMLGlossary/AIGlossaryPro/node_modules/lucide-react/dist/esm/icons/chart-spline.js
Module ID: /Users/pranay/Projects/AIMLGlossary/AIGlossaryPro/node_modules/lucide-react/dist/esm/icons/check-check.js
✓ Icons chunk matched: /Users/pranay/Projects/AIMLGlossary/AIGlossaryPro/node_modules/lucide-react/dist/esm/icons/check-check.js
Module ID: /Users/pranay/Projects/AIMLGlossary/AIGlossaryPro/node_modules/lucide-react/dist/esm/icons/check.js
✓ Icons chunk matched: /Users/pranay/Projects/AIMLGlossary/AIGlossaryPro/node_modules/lucide-react/dist/esm/icons/check.js
Module ID: /Users/pranay/Projects/AIMLGlossary/AIGlossaryPro/node_modules/lucide-react/dist/esm/icons/chef-hat.js
✓ Icons chunk matched: /Users/pranay/Projects/AIMLGlossary/AIGlossaryPro/node_modules/lucide-react/dist/esm/icons/chef-hat.js
Module ID: /Users/pranay/Projects/AIMLGlossary/AIGlossaryPro/node_modules/lucide-react/dist/esm/icons/cherry.js
✓ Icons chunk matched: /Users/pranay/Projects/AIMLGlossary/AIGlossaryPro/node_modules/lucide-react/dist/esm/icons/cherry.js
Module ID: /Users/pranay/Projects/AIMLGlossary/AIGlossaryPro/node_modules/lucide-react/dist/esm/icons/chevron-down.js
✓ Icons chunk matched: /Users/pranay/Projects/AIMLGlossary/AIGlossaryPro/node_modules/lucide-react/dist/esm/icons/chevron-down.js
Module ID: /Users/pranay/Projects/AIMLGlossary/AIGlossaryPro/node_modules/lucide-react/dist/esm/icons/chevron-first.js
✓ Icons chunk matched: /Users/pranay/Projects/AIMLGlossary/AIGlossaryPro/node_modules/lucide-react/dist/esm/icons/chevron-first.js
Module ID: /Users/pranay/Projects/AIMLGlossary/AIGlossaryPro/node_modules/lucide-react/dist/esm/icons/chevron-last.js
✓ Icons chunk matched: /Users/pranay/Projects/AIMLGlossary/AIGlossaryPro/node_modules/lucide-react/dist/esm/icons/chevron-last.js
Module ID: /Users/pranay/Projects/AIMLGlossary/AIGlossaryPro/node_modules/lucide-react/dist/esm/icons/chevron-left.js
✓ Icons chunk matched: /Users/pranay/Projects/AIMLGlossary/AIGlossaryPro/node_modules/lucide-react/dist/esm/icons/chevron-left.js
Module ID: /Users/pranay/Projects/AIMLGlossary/AIGlossaryPro/node_modules/lucide-react/dist/esm/icons/chevron-right.js
✓ Icons chunk matched: /Users/pranay/Projects/AIMLGlossary/AIGlossaryPro/node_modules/lucide-react/dist/esm/icons/chevron-right.js
Module ID: /Users/pranay/Projects/AIMLGlossary/AIGlossaryPro/node_modules/lucide-react/dist/esm/icons/chevron-up.js
✓ Icons chunk matched: /Users/pranay/Projects/AIMLGlossary/AIGlossaryPro/node_modules/lucide-react/dist/esm/icons/chevron-up.js
Module ID: /Users/pranay/Projects/AIMLGlossary/AIGlossaryPro/node_modules/lucide-react/dist/esm/icons/chevrons-down-up.js
✓ Icons chunk matched: /Users/pranay/Projects/AIMLGlossary/AIGlossaryPro/node_modules/lucide-react/dist/esm/icons/chevrons-down-up.js
Module ID: /Users/pranay/Projects/AIMLGlossary/AIGlossaryPro/node_modules/lucide-react/dist/esm/icons/chevrons-down.js
✓ Icons chunk matched: /Users/pranay/Projects/AIMLGlossary/AIGlossaryPro/node_modules/lucide-react/dist/esm/icons/chevrons-down.js
Module ID: /Users/pranay/Projects/AIMLGlossary/AIGlossaryPro/node_modules/lucide-react/dist/esm/icons/chevrons-left-right-ellipsis.js
✓ Icons chunk matched: /Users/pranay/Projects/AIMLGlossary/AIGlossaryPro/node_modules/lucide-react/dist/esm/icons/chevrons-left-right-ellipsis.js
Module ID: /Users/pranay/Projects/AIMLGlossary/AIGlossaryPro/node_modules/lucide-react/dist/esm/icons/chevrons-left-right.js
✓ Icons chunk matched: /Users/pranay/Projects/AIMLGlossary/AIGlossaryPro/node_modules/lucide-react/dist/esm/icons/chevrons-left-right.js
Module ID: /Users/pranay/Projects/AIMLGlossary/AIGlossaryPro/node_modules/lucide-react/dist/esm/icons/chevrons-left.js
✓ Icons chunk matched: /Users/pranay/Projects/AIMLGlossary/AIGlossaryPro/node_modules/lucide-react/dist/esm/icons/chevrons-left.js
Module ID: /Users/pranay/Projects/AIMLGlossary/AIGlossaryPro/node_modules/lucide-react/dist/esm/icons/chevrons-right-left.js
✓ Icons chunk matched: /Users/pranay/Projects/AIMLGlossary/AIGlossaryPro/node_modules/lucide-react/dist/esm/icons/chevrons-right-left.js
Module ID: /Users/pranay/Projects/AIMLGlossary/AIGlossaryPro/node_modules/lucide-react/dist/esm/icons/chevrons-right.js
✓ Icons chunk matched: /Users/pranay/Projects/AIMLGlossary/AIGlossaryPro/node_modules/lucide-react/dist/esm/icons/chevrons-right.js
Module ID: /Users/pranay/Projects/AIMLGlossary/AIGlossaryPro/node_modules/lucide-react/dist/esm/icons/chevrons-up-down.js
✓ Icons chunk matched: /Users/pranay/Projects/AIMLGlossary/AIGlossaryPro/node_modules/lucide-react/dist/esm/icons/chevrons-up-down.js
Module ID: /Users/pranay/Projects/AIMLGlossary/AIGlossaryPro/node_modules/lucide-react/dist/esm/icons/chevrons-up.js
✓ Icons chunk matched: /Users/pranay/Projects/AIMLGlossary/AIGlossaryPro/node_modules/lucide-react/dist/esm/icons/chevrons-up.js
Module ID: /Users/pranay/Projects/AIMLGlossary/AIGlossaryPro/node_modules/lucide-react/dist/esm/icons/chrome.js
✓ Icons chunk matched: /Users/pranay/Projects/AIMLGlossary/AIGlossaryPro/node_modules/lucide-react/dist/esm/icons/chrome.js
Module ID: /Users/pranay/Projects/AIMLGlossary/AIGlossaryPro/node_modules/lucide-react/dist/esm/icons/church.js
✓ Icons chunk matched: /Users/pranay/Projects/AIMLGlossary/AIGlossaryPro/node_modules/lucide-react/dist/esm/icons/church.js
Module ID: /Users/pranay/Projects/AIMLGlossary/AIGlossaryPro/node_modules/lucide-react/dist/esm/icons/cigarette-off.js
✓ Icons chunk matched: /Users/pranay/Projects/AIMLGlossary/AIGlossaryPro/node_modules/lucide-react/dist/esm/icons/cigarette-off.js
Module ID: /Users/pranay/Projects/AIMLGlossary/AIGlossaryPro/node_modules/lucide-react/dist/esm/icons/cigarette.js
✓ Icons chunk matched: /Users/pranay/Projects/AIMLGlossary/AIGlossaryPro/node_modules/lucide-react/dist/esm/icons/cigarette.js
Module ID: /Users/pranay/Projects/AIMLGlossary/AIGlossaryPro/node_modules/lucide-react/dist/esm/icons/circle-dashed.js
✓ Icons chunk matched: /Users/pranay/Projects/AIMLGlossary/AIGlossaryPro/node_modules/lucide-react/dist/esm/icons/circle-dashed.js
Module ID: /Users/pranay/Projects/AIMLGlossary/AIGlossaryPro/node_modules/lucide-react/dist/esm/icons/circle-dollar-sign.js
✓ Icons chunk matched: /Users/pranay/Projects/AIMLGlossary/AIGlossaryPro/node_modules/lucide-react/dist/esm/icons/circle-dollar-sign.js
Module ID: /Users/pranay/Projects/AIMLGlossary/AIGlossaryPro/node_modules/lucide-react/dist/esm/icons/circle-dot-dashed.js
✓ Icons chunk matched: /Users/pranay/Projects/AIMLGlossary/AIGlossaryPro/node_modules/lucide-react/dist/esm/icons/circle-dot-dashed.js
Module ID: /Users/pranay/Projects/AIMLGlossary/AIGlossaryPro/node_modules/lucide-react/dist/esm/icons/circle-dot.js
✓ Icons chunk matched: /Users/pranay/Projects/AIMLGlossary/AIGlossaryPro/node_modules/lucide-react/dist/esm/icons/circle-dot.js
Module ID: /Users/pranay/Projects/AIMLGlossary/AIGlossaryPro/node_modules/lucide-react/dist/esm/icons/circle-ellipsis.js
✓ Icons chunk matched: /Users/pranay/Projects/AIMLGlossary/AIGlossaryPro/node_modules/lucide-react/dist/esm/icons/circle-ellipsis.js
Module ID: /Users/pranay/Projects/AIMLGlossary/AIGlossaryPro/node_modules/lucide-react/dist/esm/icons/circle-equal.js
✓ Icons chunk matched: /Users/pranay/Projects/AIMLGlossary/AIGlossaryPro/node_modules/lucide-react/dist/esm/icons/circle-equal.js
Module ID: /Users/pranay/Projects/AIMLGlossary/AIGlossaryPro/node_modules/lucide-react/dist/esm/icons/circle-fading-arrow-up.js
✓ Icons chunk matched: /Users/pranay/Projects/AIMLGlossary/AIGlossaryPro/node_modules/lucide-react/dist/esm/icons/circle-fading-arrow-up.js
Module ID: /Users/pranay/Projects/AIMLGlossary/AIGlossaryPro/node_modules/lucide-react/dist/esm/icons/circle-fading-plus.js
✓ Icons chunk matched: /Users/pranay/Projects/AIMLGlossary/AIGlossaryPro/node_modules/lucide-react/dist/esm/icons/circle-fading-plus.js
Module ID: /Users/pranay/Projects/AIMLGlossary/AIGlossaryPro/node_modules/lucide-react/dist/esm/icons/circle-off.js
✓ Icons chunk matched: /Users/pranay/Projects/AIMLGlossary/AIGlossaryPro/node_modules/lucide-react/dist/esm/icons/circle-off.js
Module ID: /Users/pranay/Projects/AIMLGlossary/AIGlossaryPro/node_modules/lucide-react/dist/esm/icons/circle-slash.js
✓ Icons chunk matched: /Users/pranay/Projects/AIMLGlossary/AIGlossaryPro/node_modules/lucide-react/dist/esm/icons/circle-slash.js
Module ID: /Users/pranay/Projects/AIMLGlossary/AIGlossaryPro/node_modules/lucide-react/dist/esm/icons/circle.js
✓ Icons chunk matched: /Users/pranay/Projects/AIMLGlossary/AIGlossaryPro/node_modules/lucide-react/dist/esm/icons/circle.js
Module ID: /Users/pranay/Projects/AIMLGlossary/AIGlossaryPro/node_modules/lucide-react/dist/esm/icons/circuit-board.js
✓ Icons chunk matched: /Users/pranay/Projects/AIMLGlossary/AIGlossaryPro/node_modules/lucide-react/dist/esm/icons/circuit-board.js
Module ID: /Users/pranay/Projects/AIMLGlossary/AIGlossaryPro/node_modules/lucide-react/dist/esm/icons/citrus.js
✓ Icons chunk matched: /Users/pranay/Projects/AIMLGlossary/AIGlossaryPro/node_modules/lucide-react/dist/esm/icons/citrus.js
Module ID: /Users/pranay/Projects/AIMLGlossary/AIGlossaryPro/node_modules/lucide-react/dist/esm/icons/clapperboard.js
✓ Icons chunk matched: /Users/pranay/Projects/AIMLGlossary/AIGlossaryPro/node_modules/lucide-react/dist/esm/icons/clapperboard.js
Module ID: /Users/pranay/Projects/AIMLGlossary/AIGlossaryPro/node_modules/lucide-react/dist/esm/icons/clipboard-check.js
✓ Icons chunk matched: /Users/pranay/Projects/AIMLGlossary/AIGlossaryPro/node_modules/lucide-react/dist/esm/icons/clipboard-check.js
Module ID: /Users/pranay/Projects/AIMLGlossary/AIGlossaryPro/node_modules/lucide-react/dist/esm/icons/clipboard-copy.js
✓ Icons chunk matched: /Users/pranay/Projects/AIMLGlossary/AIGlossaryPro/node_modules/lucide-react/dist/esm/icons/clipboard-copy.js
Module ID: /Users/pranay/Projects/AIMLGlossary/AIGlossaryPro/node_modules/lucide-react/dist/esm/icons/clipboard-list.js
✓ Icons chunk matched: /Users/pranay/Projects/AIMLGlossary/AIGlossaryPro/node_modules/lucide-react/dist/esm/icons/clipboard-list.js
Module ID: /Users/pranay/Projects/AIMLGlossary/AIGlossaryPro/node_modules/lucide-react/dist/esm/icons/clipboard-minus.js
✓ Icons chunk matched: /Users/pranay/Projects/AIMLGlossary/AIGlossaryPro/node_modules/lucide-react/dist/esm/icons/clipboard-minus.js
Module ID: /Users/pranay/Projects/AIMLGlossary/AIGlossaryPro/node_modules/lucide-react/dist/esm/icons/clipboard-paste.js
✓ Icons chunk matched: /Users/pranay/Projects/AIMLGlossary/AIGlossaryPro/node_modules/lucide-react/dist/esm/icons/clipboard-paste.js
Module ID: /Users/pranay/Projects/AIMLGlossary/AIGlossaryPro/node_modules/lucide-react/dist/esm/icons/clipboard-plus.js
✓ Icons chunk matched: /Users/pranay/Projects/AIMLGlossary/AIGlossaryPro/node_modules/lucide-react/dist/esm/icons/clipboard-plus.js
Module ID: /Users/pranay/Projects/AIMLGlossary/AIGlossaryPro/node_modules/lucide-react/dist/esm/icons/clipboard-type.js
✓ Icons chunk matched: /Users/pranay/Projects/AIMLGlossary/AIGlossaryPro/node_modules/lucide-react/dist/esm/icons/clipboard-type.js
Module ID: /Users/pranay/Projects/AIMLGlossary/AIGlossaryPro/node_modules/lucide-react/dist/esm/icons/clipboard-x.js
✓ Icons chunk matched: /Users/pranay/Projects/AIMLGlossary/AIGlossaryPro/node_modules/lucide-react/dist/esm/icons/clipboard-x.js
Module ID: /Users/pranay/Projects/AIMLGlossary/AIGlossaryPro/node_modules/lucide-react/dist/esm/icons/clipboard.js
✓ Icons chunk matched: /Users/pranay/Projects/AIMLGlossary/AIGlossaryPro/node_modules/lucide-react/dist/esm/icons/clipboard.js
Module ID: /Users/pranay/Projects/AIMLGlossary/AIGlossaryPro/node_modules/lucide-react/dist/esm/icons/clock-1.js
✓ Icons chunk matched: /Users/pranay/Projects/AIMLGlossary/AIGlossaryPro/node_modules/lucide-react/dist/esm/icons/clock-1.js
Module ID: /Users/pranay/Projects/AIMLGlossary/AIGlossaryPro/node_modules/lucide-react/dist/esm/icons/clock-10.js
✓ Icons chunk matched: /Users/pranay/Projects/AIMLGlossary/AIGlossaryPro/node_modules/lucide-react/dist/esm/icons/clock-10.js
Module ID: /Users/pranay/Projects/AIMLGlossary/AIGlossaryPro/node_modules/lucide-react/dist/esm/icons/clock-11.js
✓ Icons chunk matched: /Users/pranay/Projects/AIMLGlossary/AIGlossaryPro/node_modules/lucide-react/dist/esm/icons/clock-11.js
Module ID: /Users/pranay/Projects/AIMLGlossary/AIGlossaryPro/node_modules/lucide-react/dist/esm/icons/clock-12.js
✓ Icons chunk matched: /Users/pranay/Projects/AIMLGlossary/AIGlossaryPro/node_modules/lucide-react/dist/esm/icons/clock-12.js
Module ID: /Users/pranay/Projects/AIMLGlossary/AIGlossaryPro/node_modules/lucide-react/dist/esm/icons/clock-2.js
✓ Icons chunk matched: /Users/pranay/Projects/AIMLGlossary/AIGlossaryPro/node_modules/lucide-react/dist/esm/icons/clock-2.js
Module ID: /Users/pranay/Projects/AIMLGlossary/AIGlossaryPro/node_modules/lucide-react/dist/esm/icons/clock-3.js
✓ Icons chunk matched: /Users/pranay/Projects/AIMLGlossary/AIGlossaryPro/node_modules/lucide-react/dist/esm/icons/clock-3.js
Module ID: /Users/pranay/Projects/AIMLGlossary/AIGlossaryPro/node_modules/lucide-react/dist/esm/icons/clock-4.js
✓ Icons chunk matched: /Users/pranay/Projects/AIMLGlossary/AIGlossaryPro/node_modules/lucide-react/dist/esm/icons/clock-4.js
Module ID: /Users/pranay/Projects/AIMLGlossary/AIGlossaryPro/node_modules/lucide-react/dist/esm/icons/clock-5.js
✓ Icons chunk matched: /Users/pranay/Projects/AIMLGlossary/AIGlossaryPro/node_modules/lucide-react/dist/esm/icons/clock-5.js
Module ID: /Users/pranay/Projects/AIMLGlossary/AIGlossaryPro/node_modules/lucide-react/dist/esm/icons/clock-6.js
✓ Icons chunk matched: /Users/pranay/Projects/AIMLGlossary/AIGlossaryPro/node_modules/lucide-react/dist/esm/icons/clock-6.js
Module ID: /Users/pranay/Projects/AIMLGlossary/AIGlossaryPro/node_modules/lucide-react/dist/esm/icons/clock-7.js
✓ Icons chunk matched: /Users/pranay/Projects/AIMLGlossary/AIGlossaryPro/node_modules/lucide-react/dist/esm/icons/clock-7.js
Module ID: /Users/pranay/Projects/AIMLGlossary/AIGlossaryPro/node_modules/lucide-react/dist/esm/icons/clock-8.js
✓ Icons chunk matched: /Users/pranay/Projects/AIMLGlossary/AIGlossaryPro/node_modules/lucide-react/dist/esm/icons/clock-8.js
Module ID: /Users/pranay/Projects/AIMLGlossary/AIGlossaryPro/node_modules/lucide-react/dist/esm/icons/clock-9.js
✓ Icons chunk matched: /Users/pranay/Projects/AIMLGlossary/AIGlossaryPro/node_modules/lucide-react/dist/esm/icons/clock-9.js
Module ID: /Users/pranay/Projects/AIMLGlossary/AIGlossaryPro/node_modules/lucide-react/dist/esm/icons/clock-alert.js
✓ Icons chunk matched: /Users/pranay/Projects/AIMLGlossary/AIGlossaryPro/node_modules/lucide-react/dist/esm/icons/clock-alert.js
Module ID: /Users/pranay/Projects/AIMLGlossary/AIGlossaryPro/node_modules/lucide-react/dist/esm/icons/clock-arrow-down.js
✓ Icons chunk matched: /Users/pranay/Projects/AIMLGlossary/AIGlossaryPro/node_modules/lucide-react/dist/esm/icons/clock-arrow-down.js
Module ID: /Users/pranay/Projects/AIMLGlossary/AIGlossaryPro/node_modules/lucide-react/dist/esm/icons/clock-arrow-up.js
✓ Icons chunk matched: /Users/pranay/Projects/AIMLGlossary/AIGlossaryPro/node_modules/lucide-react/dist/esm/icons/clock-arrow-up.js
Module ID: /Users/pranay/Projects/AIMLGlossary/AIGlossaryPro/node_modules/lucide-react/dist/esm/icons/clock.js
✓ Icons chunk matched: /Users/pranay/Projects/AIMLGlossary/AIGlossaryPro/node_modules/lucide-react/dist/esm/icons/clock.js
Module ID: /Users/pranay/Projects/AIMLGlossary/AIGlossaryPro/node_modules/lucide-react/dist/esm/icons/cloud-cog.js
✓ Icons chunk matched: /Users/pranay/Projects/AIMLGlossary/AIGlossaryPro/node_modules/lucide-react/dist/esm/icons/cloud-cog.js
Module ID: /Users/pranay/Projects/AIMLGlossary/AIGlossaryPro/node_modules/lucide-react/dist/esm/icons/cloud-drizzle.js
✓ Icons chunk matched: /Users/pranay/Projects/AIMLGlossary/AIGlossaryPro/node_modules/lucide-react/dist/esm/icons/cloud-drizzle.js
Module ID: /Users/pranay/Projects/AIMLGlossary/AIGlossaryPro/node_modules/lucide-react/dist/esm/icons/cloud-fog.js
✓ Icons chunk matched: /Users/pranay/Projects/AIMLGlossary/AIGlossaryPro/node_modules/lucide-react/dist/esm/icons/cloud-fog.js
Module ID: /Users/pranay/Projects/AIMLGlossary/AIGlossaryPro/node_modules/lucide-react/dist/esm/icons/cloud-hail.js
✓ Icons chunk matched: /Users/pranay/Projects/AIMLGlossary/AIGlossaryPro/node_modules/lucide-react/dist/esm/icons/cloud-hail.js
Module ID: /Users/pranay/Projects/AIMLGlossary/AIGlossaryPro/node_modules/lucide-react/dist/esm/icons/cloud-lightning.js
✓ Icons chunk matched: /Users/pranay/Projects/AIMLGlossary/AIGlossaryPro/node_modules/lucide-react/dist/esm/icons/cloud-lightning.js
Module ID: /Users/pranay/Projects/AIMLGlossary/AIGlossaryPro/node_modules/lucide-react/dist/esm/icons/cloud-moon-rain.js
✓ Icons chunk matched: /Users/pranay/Projects/AIMLGlossary/AIGlossaryPro/node_modules/lucide-react/dist/esm/icons/cloud-moon-rain.js
Module ID: /Users/pranay/Projects/AIMLGlossary/AIGlossaryPro/node_modules/lucide-react/dist/esm/icons/cloud-moon.js
✓ Icons chunk matched: /Users/pranay/Projects/AIMLGlossary/AIGlossaryPro/node_modules/lucide-react/dist/esm/icons/cloud-moon.js
Module ID: /Users/pranay/Projects/AIMLGlossary/AIGlossaryPro/node_modules/lucide-react/dist/esm/icons/cloud-off.js
✓ Icons chunk matched: /Users/pranay/Projects/AIMLGlossary/AIGlossaryPro/node_modules/lucide-react/dist/esm/icons/cloud-off.js
Module ID: /Users/pranay/Projects/AIMLGlossary/AIGlossaryPro/node_modules/lucide-react/dist/esm/icons/cloud-rain-wind.js
✓ Icons chunk matched: /Users/pranay/Projects/AIMLGlossary/AIGlossaryPro/node_modules/lucide-react/dist/esm/icons/cloud-rain-wind.js
Module ID: /Users/pranay/Projects/AIMLGlossary/AIGlossaryPro/node_modules/lucide-react/dist/esm/icons/cloud-rain.js
✓ Icons chunk matched: /Users/pranay/Projects/AIMLGlossary/AIGlossaryPro/node_modules/lucide-react/dist/esm/icons/cloud-rain.js
Module ID: /Users/pranay/Projects/AIMLGlossary/AIGlossaryPro/node_modules/lucide-react/dist/esm/icons/cloud-snow.js
✓ Icons chunk matched: /Users/pranay/Projects/AIMLGlossary/AIGlossaryPro/node_modules/lucide-react/dist/esm/icons/cloud-snow.js
Module ID: /Users/pranay/Projects/AIMLGlossary/AIGlossaryPro/node_modules/lucide-react/dist/esm/icons/cloud-sun-rain.js
✓ Icons chunk matched: /Users/pranay/Projects/AIMLGlossary/AIGlossaryPro/node_modules/lucide-react/dist/esm/icons/cloud-sun-rain.js
Module ID: /Users/pranay/Projects/AIMLGlossary/AIGlossaryPro/node_modules/lucide-react/dist/esm/icons/cloud-sun.js
✓ Icons chunk matched: /Users/pranay/Projects/AIMLGlossary/AIGlossaryPro/node_modules/lucide-react/dist/esm/icons/cloud-sun.js
Module ID: /Users/pranay/Projects/AIMLGlossary/AIGlossaryPro/node_modules/lucide-react/dist/esm/icons/cloud.js
✓ Icons chunk matched: /Users/pranay/Projects/AIMLGlossary/AIGlossaryPro/node_modules/lucide-react/dist/esm/icons/cloud.js
Module ID: /Users/pranay/Projects/AIMLGlossary/AIGlossaryPro/node_modules/lucide-react/dist/esm/icons/cloudy.js
✓ Icons chunk matched: /Users/pranay/Projects/AIMLGlossary/AIGlossaryPro/node_modules/lucide-react/dist/esm/icons/cloudy.js
Module ID: /Users/pranay/Projects/AIMLGlossary/AIGlossaryPro/node_modules/lucide-react/dist/esm/icons/clover.js
✓ Icons chunk matched: /Users/pranay/Projects/AIMLGlossary/AIGlossaryPro/node_modules/lucide-react/dist/esm/icons/clover.js
Module ID: /Users/pranay/Projects/AIMLGlossary/AIGlossaryPro/node_modules/lucide-react/dist/esm/icons/club.js
✓ Icons chunk matched: /Users/pranay/Projects/AIMLGlossary/AIGlossaryPro/node_modules/lucide-react/dist/esm/icons/club.js
Module ID: /Users/pranay/Projects/AIMLGlossary/AIGlossaryPro/node_modules/lucide-react/dist/esm/icons/code.js
✓ Icons chunk matched: /Users/pranay/Projects/AIMLGlossary/AIGlossaryPro/node_modules/lucide-react/dist/esm/icons/code.js
Module ID: /Users/pranay/Projects/AIMLGlossary/AIGlossaryPro/node_modules/lucide-react/dist/esm/icons/codepen.js
✓ Icons chunk matched: /Users/pranay/Projects/AIMLGlossary/AIGlossaryPro/node_modules/lucide-react/dist/esm/icons/codepen.js
Module ID: /Users/pranay/Projects/AIMLGlossary/AIGlossaryPro/node_modules/lucide-react/dist/esm/icons/codesandbox.js
✓ Icons chunk matched: /Users/pranay/Projects/AIMLGlossary/AIGlossaryPro/node_modules/lucide-react/dist/esm/icons/codesandbox.js
Module ID: /Users/pranay/Projects/AIMLGlossary/AIGlossaryPro/node_modules/lucide-react/dist/esm/icons/coffee.js
✓ Icons chunk matched: /Users/pranay/Projects/AIMLGlossary/AIGlossaryPro/node_modules/lucide-react/dist/esm/icons/coffee.js
Module ID: /Users/pranay/Projects/AIMLGlossary/AIGlossaryPro/node_modules/lucide-react/dist/esm/icons/cog.js
✓ Icons chunk matched: /Users/pranay/Projects/AIMLGlossary/AIGlossaryPro/node_modules/lucide-react/dist/esm/icons/cog.js
Module ID: /Users/pranay/Projects/AIMLGlossary/AIGlossaryPro/node_modules/lucide-react/dist/esm/icons/coins.js
✓ Icons chunk matched: /Users/pranay/Projects/AIMLGlossary/AIGlossaryPro/node_modules/lucide-react/dist/esm/icons/coins.js
Module ID: /Users/pranay/Projects/AIMLGlossary/AIGlossaryPro/node_modules/lucide-react/dist/esm/icons/columns-4.js
✓ Icons chunk matched: /Users/pranay/Projects/AIMLGlossary/AIGlossaryPro/node_modules/lucide-react/dist/esm/icons/columns-4.js
Module ID: /Users/pranay/Projects/AIMLGlossary/AIGlossaryPro/node_modules/lucide-react/dist/esm/icons/combine.js
✓ Icons chunk matched: /Users/pranay/Projects/AIMLGlossary/AIGlossaryPro/node_modules/lucide-react/dist/esm/icons/combine.js
Module ID: /Users/pranay/Projects/AIMLGlossary/AIGlossaryPro/node_modules/lucide-react/dist/esm/icons/command.js
✓ Icons chunk matched: /Users/pranay/Projects/AIMLGlossary/AIGlossaryPro/node_modules/lucide-react/dist/esm/icons/command.js
Module ID: /Users/pranay/Projects/AIMLGlossary/AIGlossaryPro/node_modules/lucide-react/dist/esm/icons/compass.js
✓ Icons chunk matched: /Users/pranay/Projects/AIMLGlossary/AIGlossaryPro/node_modules/lucide-react/dist/esm/icons/compass.js
Module ID: /Users/pranay/Projects/AIMLGlossary/AIGlossaryPro/node_modules/lucide-react/dist/esm/icons/component.js
✓ Icons chunk matched: /Users/pranay/Projects/AIMLGlossary/AIGlossaryPro/node_modules/lucide-react/dist/esm/icons/component.js
Module ID: /Users/pranay/Projects/AIMLGlossary/AIGlossaryPro/node_modules/lucide-react/dist/esm/icons/computer.js
✓ Icons chunk matched: /Users/pranay/Projects/AIMLGlossary/AIGlossaryPro/node_modules/lucide-react/dist/esm/icons/computer.js
Module ID: /Users/pranay/Projects/AIMLGlossary/AIGlossaryPro/node_modules/lucide-react/dist/esm/icons/concierge-bell.js
✓ Icons chunk matched: /Users/pranay/Projects/AIMLGlossary/AIGlossaryPro/node_modules/lucide-react/dist/esm/icons/concierge-bell.js
Module ID: /Users/pranay/Projects/AIMLGlossary/AIGlossaryPro/node_modules/lucide-react/dist/esm/icons/cone.js
✓ Icons chunk matched: /Users/pranay/Projects/AIMLGlossary/AIGlossaryPro/node_modules/lucide-react/dist/esm/icons/cone.js
Module ID: /Users/pranay/Projects/AIMLGlossary/AIGlossaryPro/node_modules/lucide-react/dist/esm/icons/construction.js
✓ Icons chunk matched: /Users/pranay/Projects/AIMLGlossary/AIGlossaryPro/node_modules/lucide-react/dist/esm/icons/construction.js
Module ID: /Users/pranay/Projects/AIMLGlossary/AIGlossaryPro/node_modules/lucide-react/dist/esm/icons/contact.js
✓ Icons chunk matched: /Users/pranay/Projects/AIMLGlossary/AIGlossaryPro/node_modules/lucide-react/dist/esm/icons/contact.js
Module ID: /Users/pranay/Projects/AIMLGlossary/AIGlossaryPro/node_modules/lucide-react/dist/esm/icons/container.js
✓ Icons chunk matched: /Users/pranay/Projects/AIMLGlossary/AIGlossaryPro/node_modules/lucide-react/dist/esm/icons/container.js
Module ID: /Users/pranay/Projects/AIMLGlossary/AIGlossaryPro/node_modules/lucide-react/dist/esm/icons/contrast.js
✓ Icons chunk matched: /Users/pranay/Projects/AIMLGlossary/AIGlossaryPro/node_modules/lucide-react/dist/esm/icons/contrast.js
Module ID: /Users/pranay/Projects/AIMLGlossary/AIGlossaryPro/node_modules/lucide-react/dist/esm/icons/cookie.js
✓ Icons chunk matched: /Users/pranay/Projects/AIMLGlossary/AIGlossaryPro/node_modules/lucide-react/dist/esm/icons/cookie.js
Module ID: /Users/pranay/Projects/AIMLGlossary/AIGlossaryPro/node_modules/lucide-react/dist/esm/icons/cooking-pot.js
✓ Icons chunk matched: /Users/pranay/Projects/AIMLGlossary/AIGlossaryPro/node_modules/lucide-react/dist/esm/icons/cooking-pot.js
Module ID: /Users/pranay/Projects/AIMLGlossary/AIGlossaryPro/node_modules/lucide-react/dist/esm/icons/copy-check.js
✓ Icons chunk matched: /Users/pranay/Projects/AIMLGlossary/AIGlossaryPro/node_modules/lucide-react/dist/esm/icons/copy-check.js
Module ID: /Users/pranay/Projects/AIMLGlossary/AIGlossaryPro/node_modules/lucide-react/dist/esm/icons/copy-minus.js
✓ Icons chunk matched: /Users/pranay/Projects/AIMLGlossary/AIGlossaryPro/node_modules/lucide-react/dist/esm/icons/copy-minus.js
Module ID: /Users/pranay/Projects/AIMLGlossary/AIGlossaryPro/node_modules/lucide-react/dist/esm/icons/copy-plus.js
✓ Icons chunk matched: /Users/pranay/Projects/AIMLGlossary/AIGlossaryPro/node_modules/lucide-react/dist/esm/icons/copy-plus.js
Module ID: /Users/pranay/Projects/AIMLGlossary/AIGlossaryPro/node_modules/lucide-react/dist/esm/icons/copy-slash.js
✓ Icons chunk matched: /Users/pranay/Projects/AIMLGlossary/AIGlossaryPro/node_modules/lucide-react/dist/esm/icons/copy-slash.js
Module ID: /Users/pranay/Projects/AIMLGlossary/AIGlossaryPro/node_modules/lucide-react/dist/esm/icons/copy-x.js
✓ Icons chunk matched: /Users/pranay/Projects/AIMLGlossary/AIGlossaryPro/node_modules/lucide-react/dist/esm/icons/copy-x.js
Module ID: /Users/pranay/Projects/AIMLGlossary/AIGlossaryPro/node_modules/lucide-react/dist/esm/icons/copy.js
✓ Icons chunk matched: /Users/pranay/Projects/AIMLGlossary/AIGlossaryPro/node_modules/lucide-react/dist/esm/icons/copy.js
Module ID: /Users/pranay/Projects/AIMLGlossary/AIGlossaryPro/node_modules/lucide-react/dist/esm/icons/copyleft.js
✓ Icons chunk matched: /Users/pranay/Projects/AIMLGlossary/AIGlossaryPro/node_modules/lucide-react/dist/esm/icons/copyleft.js
Module ID: /Users/pranay/Projects/AIMLGlossary/AIGlossaryPro/node_modules/lucide-react/dist/esm/icons/copyright.js
✓ Icons chunk matched: /Users/pranay/Projects/AIMLGlossary/AIGlossaryPro/node_modules/lucide-react/dist/esm/icons/copyright.js
Module ID: /Users/pranay/Projects/AIMLGlossary/AIGlossaryPro/node_modules/lucide-react/dist/esm/icons/corner-down-left.js
✓ Icons chunk matched: /Users/pranay/Projects/AIMLGlossary/AIGlossaryPro/node_modules/lucide-react/dist/esm/icons/corner-down-left.js
Module ID: /Users/pranay/Projects/AIMLGlossary/AIGlossaryPro/node_modules/lucide-react/dist/esm/icons/corner-down-right.js
✓ Icons chunk matched: /Users/pranay/Projects/AIMLGlossary/AIGlossaryPro/node_modules/lucide-react/dist/esm/icons/corner-down-right.js
Module ID: /Users/pranay/Projects/AIMLGlossary/AIGlossaryPro/node_modules/lucide-react/dist/esm/icons/corner-left-down.js
✓ Icons chunk matched: /Users/pranay/Projects/AIMLGlossary/AIGlossaryPro/node_modules/lucide-react/dist/esm/icons/corner-left-down.js
Module ID: /Users/pranay/Projects/AIMLGlossary/AIGlossaryPro/node_modules/lucide-react/dist/esm/icons/corner-left-up.js
✓ Icons chunk matched: /Users/pranay/Projects/AIMLGlossary/AIGlossaryPro/node_modules/lucide-react/dist/esm/icons/corner-left-up.js
Module ID: /Users/pranay/Projects/AIMLGlossary/AIGlossaryPro/node_modules/lucide-react/dist/esm/icons/corner-right-down.js
✓ Icons chunk matched: /Users/pranay/Projects/AIMLGlossary/AIGlossaryPro/node_modules/lucide-react/dist/esm/icons/corner-right-down.js
Module ID: /Users/pranay/Projects/AIMLGlossary/AIGlossaryPro/node_modules/lucide-react/dist/esm/icons/corner-right-up.js
✓ Icons chunk matched: /Users/pranay/Projects/AIMLGlossary/AIGlossaryPro/node_modules/lucide-react/dist/esm/icons/corner-right-up.js
Module ID: /Users/pranay/Projects/AIMLGlossary/AIGlossaryPro/node_modules/lucide-react/dist/esm/icons/corner-up-left.js
✓ Icons chunk matched: /Users/pranay/Projects/AIMLGlossary/AIGlossaryPro/node_modules/lucide-react/dist/esm/icons/corner-up-left.js
Module ID: /Users/pranay/Projects/AIMLGlossary/AIGlossaryPro/node_modules/lucide-react/dist/esm/icons/corner-up-right.js
✓ Icons chunk matched: /Users/pranay/Projects/AIMLGlossary/AIGlossaryPro/node_modules/lucide-react/dist/esm/icons/corner-up-right.js
Module ID: /Users/pranay/Projects/AIMLGlossary/AIGlossaryPro/node_modules/lucide-react/dist/esm/icons/cpu.js
✓ Icons chunk matched: /Users/pranay/Projects/AIMLGlossary/AIGlossaryPro/node_modules/lucide-react/dist/esm/icons/cpu.js
Module ID: /Users/pranay/Projects/AIMLGlossary/AIGlossaryPro/node_modules/lucide-react/dist/esm/icons/creative-commons.js
✓ Icons chunk matched: /Users/pranay/Projects/AIMLGlossary/AIGlossaryPro/node_modules/lucide-react/dist/esm/icons/creative-commons.js
Module ID: /Users/pranay/Projects/AIMLGlossary/AIGlossaryPro/node_modules/lucide-react/dist/esm/icons/credit-card.js
✓ Icons chunk matched: /Users/pranay/Projects/AIMLGlossary/AIGlossaryPro/node_modules/lucide-react/dist/esm/icons/credit-card.js
Module ID: /Users/pranay/Projects/AIMLGlossary/AIGlossaryPro/node_modules/lucide-react/dist/esm/icons/croissant.js
✓ Icons chunk matched: /Users/pranay/Projects/AIMLGlossary/AIGlossaryPro/node_modules/lucide-react/dist/esm/icons/croissant.js
Module ID: /Users/pranay/Projects/AIMLGlossary/AIGlossaryPro/node_modules/lucide-react/dist/esm/icons/crop.js
✓ Icons chunk matched: /Users/pranay/Projects/AIMLGlossary/AIGlossaryPro/node_modules/lucide-react/dist/esm/icons/crop.js
Module ID: /Users/pranay/Projects/AIMLGlossary/AIGlossaryPro/node_modules/lucide-react/dist/esm/icons/cross.js
✓ Icons chunk matched: /Users/pranay/Projects/AIMLGlossary/AIGlossaryPro/node_modules/lucide-react/dist/esm/icons/cross.js
Module ID: /Users/pranay/Projects/AIMLGlossary/AIGlossaryPro/node_modules/lucide-react/dist/esm/icons/crosshair.js
✓ Icons chunk matched: /Users/pranay/Projects/AIMLGlossary/AIGlossaryPro/node_modules/lucide-react/dist/esm/icons/crosshair.js
Module ID: /Users/pranay/Projects/AIMLGlossary/AIGlossaryPro/node_modules/lucide-react/dist/esm/icons/crown.js
✓ Icons chunk matched: /Users/pranay/Projects/AIMLGlossary/AIGlossaryPro/node_modules/lucide-react/dist/esm/icons/crown.js
Module ID: /Users/pranay/Projects/AIMLGlossary/AIGlossaryPro/node_modules/lucide-react/dist/esm/icons/cuboid.js
✓ Icons chunk matched: /Users/pranay/Projects/AIMLGlossary/AIGlossaryPro/node_modules/lucide-react/dist/esm/icons/cuboid.js
Module ID: /Users/pranay/Projects/AIMLGlossary/AIGlossaryPro/node_modules/lucide-react/dist/esm/icons/cup-soda.js
✓ Icons chunk matched: /Users/pranay/Projects/AIMLGlossary/AIGlossaryPro/node_modules/lucide-react/dist/esm/icons/cup-soda.js
Module ID: /Users/pranay/Projects/AIMLGlossary/AIGlossaryPro/node_modules/lucide-react/dist/esm/icons/currency.js
✓ Icons chunk matched: /Users/pranay/Projects/AIMLGlossary/AIGlossaryPro/node_modules/lucide-react/dist/esm/icons/currency.js
Module ID: /Users/pranay/Projects/AIMLGlossary/AIGlossaryPro/node_modules/lucide-react/dist/esm/icons/cylinder.js
✓ Icons chunk matched: /Users/pranay/Projects/AIMLGlossary/AIGlossaryPro/node_modules/lucide-react/dist/esm/icons/cylinder.js
Module ID: /Users/pranay/Projects/AIMLGlossary/AIGlossaryPro/node_modules/lucide-react/dist/esm/icons/dam.js
✓ Icons chunk matched: /Users/pranay/Projects/AIMLGlossary/AIGlossaryPro/node_modules/lucide-react/dist/esm/icons/dam.js
Module ID: /Users/pranay/Projects/AIMLGlossary/AIGlossaryPro/node_modules/lucide-react/dist/esm/icons/database-backup.js
✓ Icons chunk matched: /Users/pranay/Projects/AIMLGlossary/AIGlossaryPro/node_modules/lucide-react/dist/esm/icons/database-backup.js
Module ID: /Users/pranay/Projects/AIMLGlossary/AIGlossaryPro/node_modules/lucide-react/dist/esm/icons/database-zap.js
✓ Icons chunk matched: /Users/pranay/Projects/AIMLGlossary/AIGlossaryPro/node_modules/lucide-react/dist/esm/icons/database-zap.js
Module ID: /Users/pranay/Projects/AIMLGlossary/AIGlossaryPro/node_modules/lucide-react/dist/esm/icons/database.js
✓ Icons chunk matched: /Users/pranay/Projects/AIMLGlossary/AIGlossaryPro/node_modules/lucide-react/dist/esm/icons/database.js
Module ID: /Users/pranay/Projects/AIMLGlossary/AIGlossaryPro/node_modules/lucide-react/dist/esm/icons/delete.js
✓ Icons chunk matched: /Users/pranay/Projects/AIMLGlossary/AIGlossaryPro/node_modules/lucide-react/dist/esm/icons/delete.js
Module ID: /Users/pranay/Projects/AIMLGlossary/AIGlossaryPro/node_modules/lucide-react/dist/esm/icons/dessert.js
✓ Icons chunk matched: /Users/pranay/Projects/AIMLGlossary/AIGlossaryPro/node_modules/lucide-react/dist/esm/icons/dessert.js
Module ID: /Users/pranay/Projects/AIMLGlossary/AIGlossaryPro/node_modules/lucide-react/dist/esm/icons/diameter.js
✓ Icons chunk matched: /Users/pranay/Projects/AIMLGlossary/AIGlossaryPro/node_modules/lucide-react/dist/esm/icons/diameter.js
Module ID: /Users/pranay/Projects/AIMLGlossary/AIGlossaryPro/node_modules/lucide-react/dist/esm/icons/diamond-minus.js
✓ Icons chunk matched: /Users/pranay/Projects/AIMLGlossary/AIGlossaryPro/node_modules/lucide-react/dist/esm/icons/diamond-minus.js
Module ID: /Users/pranay/Projects/AIMLGlossary/AIGlossaryPro/node_modules/lucide-react/dist/esm/icons/diamond-plus.js
✓ Icons chunk matched: /Users/pranay/Projects/AIMLGlossary/AIGlossaryPro/node_modules/lucide-react/dist/esm/icons/diamond-plus.js
Module ID: /Users/pranay/Projects/AIMLGlossary/AIGlossaryPro/node_modules/lucide-react/dist/esm/icons/diamond.js
✓ Icons chunk matched: /Users/pranay/Projects/AIMLGlossary/AIGlossaryPro/node_modules/lucide-react/dist/esm/icons/diamond.js
Module ID: /Users/pranay/Projects/AIMLGlossary/AIGlossaryPro/node_modules/lucide-react/dist/esm/icons/dice-1.js
✓ Icons chunk matched: /Users/pranay/Projects/AIMLGlossary/AIGlossaryPro/node_modules/lucide-react/dist/esm/icons/dice-1.js
Module ID: /Users/pranay/Projects/AIMLGlossary/AIGlossaryPro/node_modules/lucide-react/dist/esm/icons/dice-2.js
✓ Icons chunk matched: /Users/pranay/Projects/AIMLGlossary/AIGlossaryPro/node_modules/lucide-react/dist/esm/icons/dice-2.js
Module ID: /Users/pranay/Projects/AIMLGlossary/AIGlossaryPro/node_modules/lucide-react/dist/esm/icons/dice-3.js
✓ Icons chunk matched: /Users/pranay/Projects/AIMLGlossary/AIGlossaryPro/node_modules/lucide-react/dist/esm/icons/dice-3.js
Module ID: /Users/pranay/Projects/AIMLGlossary/AIGlossaryPro/node_modules/lucide-react/dist/esm/icons/dice-4.js
✓ Icons chunk matched: /Users/pranay/Projects/AIMLGlossary/AIGlossaryPro/node_modules/lucide-react/dist/esm/icons/dice-4.js
Module ID: /Users/pranay/Projects/AIMLGlossary/AIGlossaryPro/node_modules/lucide-react/dist/esm/icons/dice-5.js
✓ Icons chunk matched: /Users/pranay/Projects/AIMLGlossary/AIGlossaryPro/node_modules/lucide-react/dist/esm/icons/dice-5.js
Module ID: /Users/pranay/Projects/AIMLGlossary/AIGlossaryPro/node_modules/lucide-react/dist/esm/icons/dice-6.js
✓ Icons chunk matched: /Users/pranay/Projects/AIMLGlossary/AIGlossaryPro/node_modules/lucide-react/dist/esm/icons/dice-6.js
Module ID: /Users/pranay/Projects/AIMLGlossary/AIGlossaryPro/node_modules/lucide-react/dist/esm/icons/dices.js
✓ Icons chunk matched: /Users/pranay/Projects/AIMLGlossary/AIGlossaryPro/node_modules/lucide-react/dist/esm/icons/dices.js
Module ID: /Users/pranay/Projects/AIMLGlossary/AIGlossaryPro/node_modules/lucide-react/dist/esm/icons/diff.js
✓ Icons chunk matched: /Users/pranay/Projects/AIMLGlossary/AIGlossaryPro/node_modules/lucide-react/dist/esm/icons/diff.js
Module ID: /Users/pranay/Projects/AIMLGlossary/AIGlossaryPro/node_modules/lucide-react/dist/esm/icons/disc-2.js
✓ Icons chunk matched: /Users/pranay/Projects/AIMLGlossary/AIGlossaryPro/node_modules/lucide-react/dist/esm/icons/disc-2.js
Module ID: /Users/pranay/Projects/AIMLGlossary/AIGlossaryPro/node_modules/lucide-react/dist/esm/icons/disc-3.js
✓ Icons chunk matched: /Users/pranay/Projects/AIMLGlossary/AIGlossaryPro/node_modules/lucide-react/dist/esm/icons/disc-3.js
Module ID: /Users/pranay/Projects/AIMLGlossary/AIGlossaryPro/node_modules/lucide-react/dist/esm/icons/disc-album.js
✓ Icons chunk matched: /Users/pranay/Projects/AIMLGlossary/AIGlossaryPro/node_modules/lucide-react/dist/esm/icons/disc-album.js
Module ID: /Users/pranay/Projects/AIMLGlossary/AIGlossaryPro/node_modules/lucide-react/dist/esm/icons/disc.js
✓ Icons chunk matched: /Users/pranay/Projects/AIMLGlossary/AIGlossaryPro/node_modules/lucide-react/dist/esm/icons/disc.js
Module ID: /Users/pranay/Projects/AIMLGlossary/AIGlossaryPro/node_modules/lucide-react/dist/esm/icons/divide.js
✓ Icons chunk matched: /Users/pranay/Projects/AIMLGlossary/AIGlossaryPro/node_modules/lucide-react/dist/esm/icons/divide.js
Module ID: /Users/pranay/Projects/AIMLGlossary/AIGlossaryPro/node_modules/lucide-react/dist/esm/icons/dna-off.js
✓ Icons chunk matched: /Users/pranay/Projects/AIMLGlossary/AIGlossaryPro/node_modules/lucide-react/dist/esm/icons/dna-off.js
Module ID: /Users/pranay/Projects/AIMLGlossary/AIGlossaryPro/node_modules/lucide-react/dist/esm/icons/dna.js
✓ Icons chunk matched: /Users/pranay/Projects/AIMLGlossary/AIGlossaryPro/node_modules/lucide-react/dist/esm/icons/dna.js
Module ID: /Users/pranay/Projects/AIMLGlossary/AIGlossaryPro/node_modules/lucide-react/dist/esm/icons/dock.js
✓ Icons chunk matched: /Users/pranay/Projects/AIMLGlossary/AIGlossaryPro/node_modules/lucide-react/dist/esm/icons/dock.js
Module ID: /Users/pranay/Projects/AIMLGlossary/AIGlossaryPro/node_modules/lucide-react/dist/esm/icons/dog.js
✓ Icons chunk matched: /Users/pranay/Projects/AIMLGlossary/AIGlossaryPro/node_modules/lucide-react/dist/esm/icons/dog.js
Module ID: /Users/pranay/Projects/AIMLGlossary/AIGlossaryPro/node_modules/lucide-react/dist/esm/icons/dollar-sign.js
✓ Icons chunk matched: /Users/pranay/Projects/AIMLGlossary/AIGlossaryPro/node_modules/lucide-react/dist/esm/icons/dollar-sign.js
Module ID: /Users/pranay/Projects/AIMLGlossary/AIGlossaryPro/node_modules/lucide-react/dist/esm/icons/donut.js
✓ Icons chunk matched: /Users/pranay/Projects/AIMLGlossary/AIGlossaryPro/node_modules/lucide-react/dist/esm/icons/donut.js
Module ID: /Users/pranay/Projects/AIMLGlossary/AIGlossaryPro/node_modules/lucide-react/dist/esm/icons/door-closed.js
✓ Icons chunk matched: /Users/pranay/Projects/AIMLGlossary/AIGlossaryPro/node_modules/lucide-react/dist/esm/icons/door-closed.js
Module ID: /Users/pranay/Projects/AIMLGlossary/AIGlossaryPro/node_modules/lucide-react/dist/esm/icons/door-open.js
✓ Icons chunk matched: /Users/pranay/Projects/AIMLGlossary/AIGlossaryPro/node_modules/lucide-react/dist/esm/icons/door-open.js
Module ID: /Users/pranay/Projects/AIMLGlossary/AIGlossaryPro/node_modules/lucide-react/dist/esm/icons/dot.js
✓ Icons chunk matched: /Users/pranay/Projects/AIMLGlossary/AIGlossaryPro/node_modules/lucide-react/dist/esm/icons/dot.js
Module ID: /Users/pranay/Projects/AIMLGlossary/AIGlossaryPro/node_modules/lucide-react/dist/esm/icons/download.js
✓ Icons chunk matched: /Users/pranay/Projects/AIMLGlossary/AIGlossaryPro/node_modules/lucide-react/dist/esm/icons/download.js
Module ID: /Users/pranay/Projects/AIMLGlossary/AIGlossaryPro/node_modules/lucide-react/dist/esm/icons/drafting-compass.js
✓ Icons chunk matched: /Users/pranay/Projects/AIMLGlossary/AIGlossaryPro/node_modules/lucide-react/dist/esm/icons/drafting-compass.js
Module ID: /Users/pranay/Projects/AIMLGlossary/AIGlossaryPro/node_modules/lucide-react/dist/esm/icons/drama.js
✓ Icons chunk matched: /Users/pranay/Projects/AIMLGlossary/AIGlossaryPro/node_modules/lucide-react/dist/esm/icons/drama.js
Module ID: /Users/pranay/Projects/AIMLGlossary/AIGlossaryPro/node_modules/lucide-react/dist/esm/icons/dribbble.js
✓ Icons chunk matched: /Users/pranay/Projects/AIMLGlossary/AIGlossaryPro/node_modules/lucide-react/dist/esm/icons/dribbble.js
Module ID: /Users/pranay/Projects/AIMLGlossary/AIGlossaryPro/node_modules/lucide-react/dist/esm/icons/drill.js
✓ Icons chunk matched: /Users/pranay/Projects/AIMLGlossary/AIGlossaryPro/node_modules/lucide-react/dist/esm/icons/drill.js
Module ID: /Users/pranay/Projects/AIMLGlossary/AIGlossaryPro/node_modules/lucide-react/dist/esm/icons/droplet.js
✓ Icons chunk matched: /Users/pranay/Projects/AIMLGlossary/AIGlossaryPro/node_modules/lucide-react/dist/esm/icons/droplet.js
Module ID: /Users/pranay/Projects/AIMLGlossary/AIGlossaryPro/node_modules/lucide-react/dist/esm/icons/droplets.js
✓ Icons chunk matched: /Users/pranay/Projects/AIMLGlossary/AIGlossaryPro/node_modules/lucide-react/dist/esm/icons/droplets.js
Module ID: /Users/pranay/Projects/AIMLGlossary/AIGlossaryPro/node_modules/lucide-react/dist/esm/icons/drum.js
✓ Icons chunk matched: /Users/pranay/Projects/AIMLGlossary/AIGlossaryPro/node_modules/lucide-react/dist/esm/icons/drum.js
Module ID: /Users/pranay/Projects/AIMLGlossary/AIGlossaryPro/node_modules/lucide-react/dist/esm/icons/drumstick.js
✓ Icons chunk matched: /Users/pranay/Projects/AIMLGlossary/AIGlossaryPro/node_modules/lucide-react/dist/esm/icons/drumstick.js
Module ID: /Users/pranay/Projects/AIMLGlossary/AIGlossaryPro/node_modules/lucide-react/dist/esm/icons/dumbbell.js
✓ Icons chunk matched: /Users/pranay/Projects/AIMLGlossary/AIGlossaryPro/node_modules/lucide-react/dist/esm/icons/dumbbell.js
Module ID: /Users/pranay/Projects/AIMLGlossary/AIGlossaryPro/node_modules/lucide-react/dist/esm/icons/ear-off.js
✓ Icons chunk matched: /Users/pranay/Projects/AIMLGlossary/AIGlossaryPro/node_modules/lucide-react/dist/esm/icons/ear-off.js
Module ID: /Users/pranay/Projects/AIMLGlossary/AIGlossaryPro/node_modules/lucide-react/dist/esm/icons/ear.js
✓ Icons chunk matched: /Users/pranay/Projects/AIMLGlossary/AIGlossaryPro/node_modules/lucide-react/dist/esm/icons/ear.js
Module ID: /Users/pranay/Projects/AIMLGlossary/AIGlossaryPro/node_modules/lucide-react/dist/esm/icons/earth-lock.js
✓ Icons chunk matched: /Users/pranay/Projects/AIMLGlossary/AIGlossaryPro/node_modules/lucide-react/dist/esm/icons/earth-lock.js
Module ID: /Users/pranay/Projects/AIMLGlossary/AIGlossaryPro/node_modules/lucide-react/dist/esm/icons/eclipse.js
✓ Icons chunk matched: /Users/pranay/Projects/AIMLGlossary/AIGlossaryPro/node_modules/lucide-react/dist/esm/icons/eclipse.js
Module ID: /Users/pranay/Projects/AIMLGlossary/AIGlossaryPro/node_modules/lucide-react/dist/esm/icons/egg-fried.js
✓ Icons chunk matched: /Users/pranay/Projects/AIMLGlossary/AIGlossaryPro/node_modules/lucide-react/dist/esm/icons/egg-fried.js
Module ID: /Users/pranay/Projects/AIMLGlossary/AIGlossaryPro/node_modules/lucide-react/dist/esm/icons/egg-off.js
✓ Icons chunk matched: /Users/pranay/Projects/AIMLGlossary/AIGlossaryPro/node_modules/lucide-react/dist/esm/icons/egg-off.js
Module ID: /Users/pranay/Projects/AIMLGlossary/AIGlossaryPro/node_modules/lucide-react/dist/esm/icons/egg.js
✓ Icons chunk matched: /Users/pranay/Projects/AIMLGlossary/AIGlossaryPro/node_modules/lucide-react/dist/esm/icons/egg.js
Module ID: /Users/pranay/Projects/AIMLGlossary/AIGlossaryPro/node_modules/lucide-react/dist/esm/icons/equal-not.js
✓ Icons chunk matched: /Users/pranay/Projects/AIMLGlossary/AIGlossaryPro/node_modules/lucide-react/dist/esm/icons/equal-not.js
Module ID: /Users/pranay/Projects/AIMLGlossary/AIGlossaryPro/node_modules/lucide-react/dist/esm/icons/equal.js
✓ Icons chunk matched: /Users/pranay/Projects/AIMLGlossary/AIGlossaryPro/node_modules/lucide-react/dist/esm/icons/equal.js
Module ID: /Users/pranay/Projects/AIMLGlossary/AIGlossaryPro/node_modules/lucide-react/dist/esm/icons/eraser.js
✓ Icons chunk matched: /Users/pranay/Projects/AIMLGlossary/AIGlossaryPro/node_modules/lucide-react/dist/esm/icons/eraser.js
Module ID: /Users/pranay/Projects/AIMLGlossary/AIGlossaryPro/node_modules/lucide-react/dist/esm/icons/ethernet-port.js
✓ Icons chunk matched: /Users/pranay/Projects/AIMLGlossary/AIGlossaryPro/node_modules/lucide-react/dist/esm/icons/ethernet-port.js
Module ID: /Users/pranay/Projects/AIMLGlossary/AIGlossaryPro/node_modules/lucide-react/dist/esm/icons/euro.js
✓ Icons chunk matched: /Users/pranay/Projects/AIMLGlossary/AIGlossaryPro/node_modules/lucide-react/dist/esm/icons/euro.js
Module ID: /Users/pranay/Projects/AIMLGlossary/AIGlossaryPro/node_modules/lucide-react/dist/esm/icons/expand.js
✓ Icons chunk matched: /Users/pranay/Projects/AIMLGlossary/AIGlossaryPro/node_modules/lucide-react/dist/esm/icons/expand.js
Module ID: /Users/pranay/Projects/AIMLGlossary/AIGlossaryPro/node_modules/lucide-react/dist/esm/icons/external-link.js
✓ Icons chunk matched: /Users/pranay/Projects/AIMLGlossary/AIGlossaryPro/node_modules/lucide-react/dist/esm/icons/external-link.js
Module ID: /Users/pranay/Projects/AIMLGlossary/AIGlossaryPro/node_modules/lucide-react/dist/esm/icons/eye-closed.js
✓ Icons chunk matched: /Users/pranay/Projects/AIMLGlossary/AIGlossaryPro/node_modules/lucide-react/dist/esm/icons/eye-closed.js
Module ID: /Users/pranay/Projects/AIMLGlossary/AIGlossaryPro/node_modules/lucide-react/dist/esm/icons/eye-off.js
✓ Icons chunk matched: /Users/pranay/Projects/AIMLGlossary/AIGlossaryPro/node_modules/lucide-react/dist/esm/icons/eye-off.js
Module ID: /Users/pranay/Projects/AIMLGlossary/AIGlossaryPro/node_modules/lucide-react/dist/esm/icons/eye.js
✓ Icons chunk matched: /Users/pranay/Projects/AIMLGlossary/AIGlossaryPro/node_modules/lucide-react/dist/esm/icons/eye.js
Module ID: /Users/pranay/Projects/AIMLGlossary/AIGlossaryPro/node_modules/lucide-react/dist/esm/icons/facebook.js
✓ Icons chunk matched: /Users/pranay/Projects/AIMLGlossary/AIGlossaryPro/node_modules/lucide-react/dist/esm/icons/facebook.js
Module ID: /Users/pranay/Projects/AIMLGlossary/AIGlossaryPro/node_modules/lucide-react/dist/esm/icons/factory.js
✓ Icons chunk matched: /Users/pranay/Projects/AIMLGlossary/AIGlossaryPro/node_modules/lucide-react/dist/esm/icons/factory.js
Module ID: /Users/pranay/Projects/AIMLGlossary/AIGlossaryPro/node_modules/lucide-react/dist/esm/icons/fan.js
✓ Icons chunk matched: /Users/pranay/Projects/AIMLGlossary/AIGlossaryPro/node_modules/lucide-react/dist/esm/icons/fan.js
Module ID: /Users/pranay/Projects/AIMLGlossary/AIGlossaryPro/node_modules/lucide-react/dist/esm/icons/fast-forward.js
✓ Icons chunk matched: /Users/pranay/Projects/AIMLGlossary/AIGlossaryPro/node_modules/lucide-react/dist/esm/icons/fast-forward.js
Module ID: /Users/pranay/Projects/AIMLGlossary/AIGlossaryPro/node_modules/lucide-react/dist/esm/icons/feather.js
✓ Icons chunk matched: /Users/pranay/Projects/AIMLGlossary/AIGlossaryPro/node_modules/lucide-react/dist/esm/icons/feather.js
Module ID: /Users/pranay/Projects/AIMLGlossary/AIGlossaryPro/node_modules/lucide-react/dist/esm/icons/fence.js
✓ Icons chunk matched: /Users/pranay/Projects/AIMLGlossary/AIGlossaryPro/node_modules/lucide-react/dist/esm/icons/fence.js
Module ID: /Users/pranay/Projects/AIMLGlossary/AIGlossaryPro/node_modules/lucide-react/dist/esm/icons/ferris-wheel.js
✓ Icons chunk matched: /Users/pranay/Projects/AIMLGlossary/AIGlossaryPro/node_modules/lucide-react/dist/esm/icons/ferris-wheel.js
Module ID: /Users/pranay/Projects/AIMLGlossary/AIGlossaryPro/node_modules/lucide-react/dist/esm/icons/figma.js
✓ Icons chunk matched: /Users/pranay/Projects/AIMLGlossary/AIGlossaryPro/node_modules/lucide-react/dist/esm/icons/figma.js
Module ID: /Users/pranay/Projects/AIMLGlossary/AIGlossaryPro/node_modules/lucide-react/dist/esm/icons/file-archive.js
✓ Icons chunk matched: /Users/pranay/Projects/AIMLGlossary/AIGlossaryPro/node_modules/lucide-react/dist/esm/icons/file-archive.js
Module ID: /Users/pranay/Projects/AIMLGlossary/AIGlossaryPro/node_modules/lucide-react/dist/esm/icons/file-audio-2.js
✓ Icons chunk matched: /Users/pranay/Projects/AIMLGlossary/AIGlossaryPro/node_modules/lucide-react/dist/esm/icons/file-audio-2.js
Module ID: /Users/pranay/Projects/AIMLGlossary/AIGlossaryPro/node_modules/lucide-react/dist/esm/icons/file-audio.js
✓ Icons chunk matched: /Users/pranay/Projects/AIMLGlossary/AIGlossaryPro/node_modules/lucide-react/dist/esm/icons/file-audio.js
Module ID: /Users/pranay/Projects/AIMLGlossary/AIGlossaryPro/node_modules/lucide-react/dist/esm/icons/file-badge-2.js
✓ Icons chunk matched: /Users/pranay/Projects/AIMLGlossary/AIGlossaryPro/node_modules/lucide-react/dist/esm/icons/file-badge-2.js
Module ID: /Users/pranay/Projects/AIMLGlossary/AIGlossaryPro/node_modules/lucide-react/dist/esm/icons/file-badge.js
✓ Icons chunk matched: /Users/pranay/Projects/AIMLGlossary/AIGlossaryPro/node_modules/lucide-react/dist/esm/icons/file-badge.js
Module ID: /Users/pranay/Projects/AIMLGlossary/AIGlossaryPro/node_modules/lucide-react/dist/esm/icons/file-box.js
✓ Icons chunk matched: /Users/pranay/Projects/AIMLGlossary/AIGlossaryPro/node_modules/lucide-react/dist/esm/icons/file-box.js
Module ID: /Users/pranay/Projects/AIMLGlossary/AIGlossaryPro/node_modules/lucide-react/dist/esm/icons/file-check-2.js
✓ Icons chunk matched: /Users/pranay/Projects/AIMLGlossary/AIGlossaryPro/node_modules/lucide-react/dist/esm/icons/file-check-2.js
Module ID: /Users/pranay/Projects/AIMLGlossary/AIGlossaryPro/node_modules/lucide-react/dist/esm/icons/file-check.js
✓ Icons chunk matched: /Users/pranay/Projects/AIMLGlossary/AIGlossaryPro/node_modules/lucide-react/dist/esm/icons/file-check.js
Module ID: /Users/pranay/Projects/AIMLGlossary/AIGlossaryPro/node_modules/lucide-react/dist/esm/icons/file-clock.js
✓ Icons chunk matched: /Users/pranay/Projects/AIMLGlossary/AIGlossaryPro/node_modules/lucide-react/dist/esm/icons/file-clock.js
Module ID: /Users/pranay/Projects/AIMLGlossary/AIGlossaryPro/node_modules/lucide-react/dist/esm/icons/file-code-2.js
✓ Icons chunk matched: /Users/pranay/Projects/AIMLGlossary/AIGlossaryPro/node_modules/lucide-react/dist/esm/icons/file-code-2.js
Module ID: /Users/pranay/Projects/AIMLGlossary/AIGlossaryPro/node_modules/lucide-react/dist/esm/icons/file-code.js
✓ Icons chunk matched: /Users/pranay/Projects/AIMLGlossary/AIGlossaryPro/node_modules/lucide-react/dist/esm/icons/file-code.js
Module ID: /Users/pranay/Projects/AIMLGlossary/AIGlossaryPro/node_modules/lucide-react/dist/esm/icons/file-diff.js
✓ Icons chunk matched: /Users/pranay/Projects/AIMLGlossary/AIGlossaryPro/node_modules/lucide-react/dist/esm/icons/file-diff.js
Module ID: /Users/pranay/Projects/AIMLGlossary/AIGlossaryPro/node_modules/lucide-react/dist/esm/icons/file-digit.js
✓ Icons chunk matched: /Users/pranay/Projects/AIMLGlossary/AIGlossaryPro/node_modules/lucide-react/dist/esm/icons/file-digit.js
Module ID: /Users/pranay/Projects/AIMLGlossary/AIGlossaryPro/node_modules/lucide-react/dist/esm/icons/file-down.js
✓ Icons chunk matched: /Users/pranay/Projects/AIMLGlossary/AIGlossaryPro/node_modules/lucide-react/dist/esm/icons/file-down.js
Module ID: /Users/pranay/Projects/AIMLGlossary/AIGlossaryPro/node_modules/lucide-react/dist/esm/icons/file-heart.js
✓ Icons chunk matched: /Users/pranay/Projects/AIMLGlossary/AIGlossaryPro/node_modules/lucide-react/dist/esm/icons/file-heart.js
Module ID: /Users/pranay/Projects/AIMLGlossary/AIGlossaryPro/node_modules/lucide-react/dist/esm/icons/file-image.js
✓ Icons chunk matched: /Users/pranay/Projects/AIMLGlossary/AIGlossaryPro/node_modules/lucide-react/dist/esm/icons/file-image.js
Module ID: /Users/pranay/Projects/AIMLGlossary/AIGlossaryPro/node_modules/lucide-react/dist/esm/icons/file-input.js
✓ Icons chunk matched: /Users/pranay/Projects/AIMLGlossary/AIGlossaryPro/node_modules/lucide-react/dist/esm/icons/file-input.js
Module ID: /Users/pranay/Projects/AIMLGlossary/AIGlossaryPro/node_modules/lucide-react/dist/esm/icons/file-json-2.js
✓ Icons chunk matched: /Users/pranay/Projects/AIMLGlossary/AIGlossaryPro/node_modules/lucide-react/dist/esm/icons/file-json-2.js
Module ID: /Users/pranay/Projects/AIMLGlossary/AIGlossaryPro/node_modules/lucide-react/dist/esm/icons/file-json.js
✓ Icons chunk matched: /Users/pranay/Projects/AIMLGlossary/AIGlossaryPro/node_modules/lucide-react/dist/esm/icons/file-json.js
Module ID: /Users/pranay/Projects/AIMLGlossary/AIGlossaryPro/node_modules/lucide-react/dist/esm/icons/file-key-2.js
✓ Icons chunk matched: /Users/pranay/Projects/AIMLGlossary/AIGlossaryPro/node_modules/lucide-react/dist/esm/icons/file-key-2.js
Module ID: /Users/pranay/Projects/AIMLGlossary/AIGlossaryPro/node_modules/lucide-react/dist/esm/icons/file-key.js
✓ Icons chunk matched: /Users/pranay/Projects/AIMLGlossary/AIGlossaryPro/node_modules/lucide-react/dist/esm/icons/file-key.js
Module ID: /Users/pranay/Projects/AIMLGlossary/AIGlossaryPro/node_modules/lucide-react/dist/esm/icons/file-lock-2.js
✓ Icons chunk matched: /Users/pranay/Projects/AIMLGlossary/AIGlossaryPro/node_modules/lucide-react/dist/esm/icons/file-lock-2.js
Module ID: /Users/pranay/Projects/AIMLGlossary/AIGlossaryPro/node_modules/lucide-react/dist/esm/icons/file-lock.js
✓ Icons chunk matched: /Users/pranay/Projects/AIMLGlossary/AIGlossaryPro/node_modules/lucide-react/dist/esm/icons/file-lock.js
Module ID: /Users/pranay/Projects/AIMLGlossary/AIGlossaryPro/node_modules/lucide-react/dist/esm/icons/file-minus-2.js
✓ Icons chunk matched: /Users/pranay/Projects/AIMLGlossary/AIGlossaryPro/node_modules/lucide-react/dist/esm/icons/file-minus-2.js
Module ID: /Users/pranay/Projects/AIMLGlossary/AIGlossaryPro/node_modules/lucide-react/dist/esm/icons/file-minus.js
✓ Icons chunk matched: /Users/pranay/Projects/AIMLGlossary/AIGlossaryPro/node_modules/lucide-react/dist/esm/icons/file-minus.js
Module ID: /Users/pranay/Projects/AIMLGlossary/AIGlossaryPro/node_modules/lucide-react/dist/esm/icons/file-music.js
✓ Icons chunk matched: /Users/pranay/Projects/AIMLGlossary/AIGlossaryPro/node_modules/lucide-react/dist/esm/icons/file-music.js
Module ID: /Users/pranay/Projects/AIMLGlossary/AIGlossaryPro/node_modules/lucide-react/dist/esm/icons/file-output.js
✓ Icons chunk matched: /Users/pranay/Projects/AIMLGlossary/AIGlossaryPro/node_modules/lucide-react/dist/esm/icons/file-output.js
Module ID: /Users/pranay/Projects/AIMLGlossary/AIGlossaryPro/node_modules/lucide-react/dist/esm/icons/file-plus-2.js
✓ Icons chunk matched: /Users/pranay/Projects/AIMLGlossary/AIGlossaryPro/node_modules/lucide-react/dist/esm/icons/file-plus-2.js
Module ID: /Users/pranay/Projects/AIMLGlossary/AIGlossaryPro/node_modules/lucide-react/dist/esm/icons/file-plus.js
✓ Icons chunk matched: /Users/pranay/Projects/AIMLGlossary/AIGlossaryPro/node_modules/lucide-react/dist/esm/icons/file-plus.js
Module ID: /Users/pranay/Projects/AIMLGlossary/AIGlossaryPro/node_modules/lucide-react/dist/esm/icons/file-question.js
✓ Icons chunk matched: /Users/pranay/Projects/AIMLGlossary/AIGlossaryPro/node_modules/lucide-react/dist/esm/icons/file-question.js
Module ID: /Users/pranay/Projects/AIMLGlossary/AIGlossaryPro/node_modules/lucide-react/dist/esm/icons/file-scan.js
✓ Icons chunk matched: /Users/pranay/Projects/AIMLGlossary/AIGlossaryPro/node_modules/lucide-react/dist/esm/icons/file-scan.js
Module ID: /Users/pranay/Projects/AIMLGlossary/AIGlossaryPro/node_modules/lucide-react/dist/esm/icons/file-search-2.js
✓ Icons chunk matched: /Users/pranay/Projects/AIMLGlossary/AIGlossaryPro/node_modules/lucide-react/dist/esm/icons/file-search-2.js
Module ID: /Users/pranay/Projects/AIMLGlossary/AIGlossaryPro/node_modules/lucide-react/dist/esm/icons/file-search.js
✓ Icons chunk matched: /Users/pranay/Projects/AIMLGlossary/AIGlossaryPro/node_modules/lucide-react/dist/esm/icons/file-search.js
Module ID: /Users/pranay/Projects/AIMLGlossary/AIGlossaryPro/node_modules/lucide-react/dist/esm/icons/file-sliders.js
✓ Icons chunk matched: /Users/pranay/Projects/AIMLGlossary/AIGlossaryPro/node_modules/lucide-react/dist/esm/icons/file-sliders.js
Module ID: /Users/pranay/Projects/AIMLGlossary/AIGlossaryPro/node_modules/lucide-react/dist/esm/icons/file-spreadsheet.js
✓ Icons chunk matched: /Users/pranay/Projects/AIMLGlossary/AIGlossaryPro/node_modules/lucide-react/dist/esm/icons/file-spreadsheet.js
Module ID: /Users/pranay/Projects/AIMLGlossary/AIGlossaryPro/node_modules/lucide-react/dist/esm/icons/file-stack.js
✓ Icons chunk matched: /Users/pranay/Projects/AIMLGlossary/AIGlossaryPro/node_modules/lucide-react/dist/esm/icons/file-stack.js
Module ID: /Users/pranay/Projects/AIMLGlossary/AIGlossaryPro/node_modules/lucide-react/dist/esm/icons/file-symlink.js
✓ Icons chunk matched: /Users/pranay/Projects/AIMLGlossary/AIGlossaryPro/node_modules/lucide-react/dist/esm/icons/file-symlink.js
Module ID: /Users/pranay/Projects/AIMLGlossary/AIGlossaryPro/node_modules/lucide-react/dist/esm/icons/file-terminal.js
✓ Icons chunk matched: /Users/pranay/Projects/AIMLGlossary/AIGlossaryPro/node_modules/lucide-react/dist/esm/icons/file-terminal.js
Module ID: /Users/pranay/Projects/AIMLGlossary/AIGlossaryPro/node_modules/lucide-react/dist/esm/icons/file-text.js
✓ Icons chunk matched: /Users/pranay/Projects/AIMLGlossary/AIGlossaryPro/node_modules/lucide-react/dist/esm/icons/file-text.js
Module ID: /Users/pranay/Projects/AIMLGlossary/AIGlossaryPro/node_modules/lucide-react/dist/esm/icons/file-type-2.js
✓ Icons chunk matched: /Users/pranay/Projects/AIMLGlossary/AIGlossaryPro/node_modules/lucide-react/dist/esm/icons/file-type-2.js
Module ID: /Users/pranay/Projects/AIMLGlossary/AIGlossaryPro/node_modules/lucide-react/dist/esm/icons/file-type.js
✓ Icons chunk matched: /Users/pranay/Projects/AIMLGlossary/AIGlossaryPro/node_modules/lucide-react/dist/esm/icons/file-type.js
Module ID: /Users/pranay/Projects/AIMLGlossary/AIGlossaryPro/node_modules/lucide-react/dist/esm/icons/file-up.js
✓ Icons chunk matched: /Users/pranay/Projects/AIMLGlossary/AIGlossaryPro/node_modules/lucide-react/dist/esm/icons/file-up.js
Module ID: /Users/pranay/Projects/AIMLGlossary/AIGlossaryPro/node_modules/lucide-react/dist/esm/icons/file-user.js
✓ Icons chunk matched: /Users/pranay/Projects/AIMLGlossary/AIGlossaryPro/node_modules/lucide-react/dist/esm/icons/file-user.js
Module ID: /Users/pranay/Projects/AIMLGlossary/AIGlossaryPro/node_modules/lucide-react/dist/esm/icons/file-video-2.js
✓ Icons chunk matched: /Users/pranay/Projects/AIMLGlossary/AIGlossaryPro/node_modules/lucide-react/dist/esm/icons/file-video-2.js
Module ID: /Users/pranay/Projects/AIMLGlossary/AIGlossaryPro/node_modules/lucide-react/dist/esm/icons/file-video.js
✓ Icons chunk matched: /Users/pranay/Projects/AIMLGlossary/AIGlossaryPro/node_modules/lucide-react/dist/esm/icons/file-video.js
Module ID: /Users/pranay/Projects/AIMLGlossary/AIGlossaryPro/node_modules/lucide-react/dist/esm/icons/file-volume-2.js
✓ Icons chunk matched: /Users/pranay/Projects/AIMLGlossary/AIGlossaryPro/node_modules/lucide-react/dist/esm/icons/file-volume-2.js
Module ID: /Users/pranay/Projects/AIMLGlossary/AIGlossaryPro/node_modules/lucide-react/dist/esm/icons/file-volume.js
✓ Icons chunk matched: /Users/pranay/Projects/AIMLGlossary/AIGlossaryPro/node_modules/lucide-react/dist/esm/icons/file-volume.js
Module ID: /Users/pranay/Projects/AIMLGlossary/AIGlossaryPro/node_modules/lucide-react/dist/esm/icons/file-warning.js
✓ Icons chunk matched: /Users/pranay/Projects/AIMLGlossary/AIGlossaryPro/node_modules/lucide-react/dist/esm/icons/file-warning.js
Module ID: /Users/pranay/Projects/AIMLGlossary/AIGlossaryPro/node_modules/lucide-react/dist/esm/icons/file-x-2.js
✓ Icons chunk matched: /Users/pranay/Projects/AIMLGlossary/AIGlossaryPro/node_modules/lucide-react/dist/esm/icons/file-x-2.js
Module ID: /Users/pranay/Projects/AIMLGlossary/AIGlossaryPro/node_modules/lucide-react/dist/esm/icons/file-x.js
✓ Icons chunk matched: /Users/pranay/Projects/AIMLGlossary/AIGlossaryPro/node_modules/lucide-react/dist/esm/icons/file-x.js
Module ID: /Users/pranay/Projects/AIMLGlossary/AIGlossaryPro/node_modules/lucide-react/dist/esm/icons/file.js
✓ Icons chunk matched: /Users/pranay/Projects/AIMLGlossary/AIGlossaryPro/node_modules/lucide-react/dist/esm/icons/file.js
Module ID: /Users/pranay/Projects/AIMLGlossary/AIGlossaryPro/node_modules/lucide-react/dist/esm/icons/files.js
✓ Icons chunk matched: /Users/pranay/Projects/AIMLGlossary/AIGlossaryPro/node_modules/lucide-react/dist/esm/icons/files.js
Module ID: /Users/pranay/Projects/AIMLGlossary/AIGlossaryPro/node_modules/lucide-react/dist/esm/icons/film.js
✓ Icons chunk matched: /Users/pranay/Projects/AIMLGlossary/AIGlossaryPro/node_modules/lucide-react/dist/esm/icons/film.js
Module ID: /Users/pranay/Projects/AIMLGlossary/AIGlossaryPro/node_modules/lucide-react/dist/esm/icons/filter-x.js
✓ Icons chunk matched: /Users/pranay/Projects/AIMLGlossary/AIGlossaryPro/node_modules/lucide-react/dist/esm/icons/filter-x.js
Module ID: /Users/pranay/Projects/AIMLGlossary/AIGlossaryPro/node_modules/lucide-react/dist/esm/icons/filter.js
✓ Icons chunk matched: /Users/pranay/Projects/AIMLGlossary/AIGlossaryPro/node_modules/lucide-react/dist/esm/icons/filter.js
Module ID: /Users/pranay/Projects/AIMLGlossary/AIGlossaryPro/node_modules/lucide-react/dist/esm/icons/fingerprint.js
✓ Icons chunk matched: /Users/pranay/Projects/AIMLGlossary/AIGlossaryPro/node_modules/lucide-react/dist/esm/icons/fingerprint.js
Module ID: /Users/pranay/Projects/AIMLGlossary/AIGlossaryPro/node_modules/lucide-react/dist/esm/icons/fire-extinguisher.js
✓ Icons chunk matched: /Users/pranay/Projects/AIMLGlossary/AIGlossaryPro/node_modules/lucide-react/dist/esm/icons/fire-extinguisher.js
Module ID: /Users/pranay/Projects/AIMLGlossary/AIGlossaryPro/node_modules/lucide-react/dist/esm/icons/fish-off.js
✓ Icons chunk matched: /Users/pranay/Projects/AIMLGlossary/AIGlossaryPro/node_modules/lucide-react/dist/esm/icons/fish-off.js
Module ID: /Users/pranay/Projects/AIMLGlossary/AIGlossaryPro/node_modules/lucide-react/dist/esm/icons/fish-symbol.js
✓ Icons chunk matched: /Users/pranay/Projects/AIMLGlossary/AIGlossaryPro/node_modules/lucide-react/dist/esm/icons/fish-symbol.js
Module ID: /Users/pranay/Projects/AIMLGlossary/AIGlossaryPro/node_modules/lucide-react/dist/esm/icons/fish.js
✓ Icons chunk matched: /Users/pranay/Projects/AIMLGlossary/AIGlossaryPro/node_modules/lucide-react/dist/esm/icons/fish.js
Module ID: /Users/pranay/Projects/AIMLGlossary/AIGlossaryPro/node_modules/lucide-react/dist/esm/icons/flag-off.js
✓ Icons chunk matched: /Users/pranay/Projects/AIMLGlossary/AIGlossaryPro/node_modules/lucide-react/dist/esm/icons/flag-off.js
Module ID: /Users/pranay/Projects/AIMLGlossary/AIGlossaryPro/node_modules/lucide-react/dist/esm/icons/flag-triangle-left.js
✓ Icons chunk matched: /Users/pranay/Projects/AIMLGlossary/AIGlossaryPro/node_modules/lucide-react/dist/esm/icons/flag-triangle-left.js
Module ID: /Users/pranay/Projects/AIMLGlossary/AIGlossaryPro/node_modules/lucide-react/dist/esm/icons/flag-triangle-right.js
✓ Icons chunk matched: /Users/pranay/Projects/AIMLGlossary/AIGlossaryPro/node_modules/lucide-react/dist/esm/icons/flag-triangle-right.js
Module ID: /Users/pranay/Projects/AIMLGlossary/AIGlossaryPro/node_modules/lucide-react/dist/esm/icons/flag.js
✓ Icons chunk matched: /Users/pranay/Projects/AIMLGlossary/AIGlossaryPro/node_modules/lucide-react/dist/esm/icons/flag.js
Module ID: /Users/pranay/Projects/AIMLGlossary/AIGlossaryPro/node_modules/lucide-react/dist/esm/icons/flame-kindling.js
✓ Icons chunk matched: /Users/pranay/Projects/AIMLGlossary/AIGlossaryPro/node_modules/lucide-react/dist/esm/icons/flame-kindling.js
Module ID: /Users/pranay/Projects/AIMLGlossary/AIGlossaryPro/node_modules/lucide-react/dist/esm/icons/flame.js
✓ Icons chunk matched: /Users/pranay/Projects/AIMLGlossary/AIGlossaryPro/node_modules/lucide-react/dist/esm/icons/flame.js
Module ID: /Users/pranay/Projects/AIMLGlossary/AIGlossaryPro/node_modules/lucide-react/dist/esm/icons/flashlight-off.js
✓ Icons chunk matched: /Users/pranay/Projects/AIMLGlossary/AIGlossaryPro/node_modules/lucide-react/dist/esm/icons/flashlight-off.js
Module ID: /Users/pranay/Projects/AIMLGlossary/AIGlossaryPro/node_modules/lucide-react/dist/esm/icons/flashlight.js
✓ Icons chunk matched: /Users/pranay/Projects/AIMLGlossary/AIGlossaryPro/node_modules/lucide-react/dist/esm/icons/flashlight.js
Module ID: /Users/pranay/Projects/AIMLGlossary/AIGlossaryPro/node_modules/lucide-react/dist/esm/icons/flask-conical-off.js
✓ Icons chunk matched: /Users/pranay/Projects/AIMLGlossary/AIGlossaryPro/node_modules/lucide-react/dist/esm/icons/flask-conical-off.js
Module ID: /Users/pranay/Projects/AIMLGlossary/AIGlossaryPro/node_modules/lucide-react/dist/esm/icons/flask-conical.js
✓ Icons chunk matched: /Users/pranay/Projects/AIMLGlossary/AIGlossaryPro/node_modules/lucide-react/dist/esm/icons/flask-conical.js
Module ID: /Users/pranay/Projects/AIMLGlossary/AIGlossaryPro/node_modules/lucide-react/dist/esm/icons/flask-round.js
✓ Icons chunk matched: /Users/pranay/Projects/AIMLGlossary/AIGlossaryPro/node_modules/lucide-react/dist/esm/icons/flask-round.js
Module ID: /Users/pranay/Projects/AIMLGlossary/AIGlossaryPro/node_modules/lucide-react/dist/esm/icons/flip-horizontal-2.js
✓ Icons chunk matched: /Users/pranay/Projects/AIMLGlossary/AIGlossaryPro/node_modules/lucide-react/dist/esm/icons/flip-horizontal-2.js
Module ID: /Users/pranay/Projects/AIMLGlossary/AIGlossaryPro/node_modules/lucide-react/dist/esm/icons/flip-horizontal.js
✓ Icons chunk matched: /Users/pranay/Projects/AIMLGlossary/AIGlossaryPro/node_modules/lucide-react/dist/esm/icons/flip-horizontal.js
Module ID: /Users/pranay/Projects/AIMLGlossary/AIGlossaryPro/node_modules/lucide-react/dist/esm/icons/flip-vertical-2.js
✓ Icons chunk matched: /Users/pranay/Projects/AIMLGlossary/AIGlossaryPro/node_modules/lucide-react/dist/esm/icons/flip-vertical-2.js
Module ID: /Users/pranay/Projects/AIMLGlossary/AIGlossaryPro/node_modules/lucide-react/dist/esm/icons/flip-vertical.js
✓ Icons chunk matched: /Users/pranay/Projects/AIMLGlossary/AIGlossaryPro/node_modules/lucide-react/dist/esm/icons/flip-vertical.js
Module ID: /Users/pranay/Projects/AIMLGlossary/AIGlossaryPro/node_modules/lucide-react/dist/esm/icons/flower-2.js
✓ Icons chunk matched: /Users/pranay/Projects/AIMLGlossary/AIGlossaryPro/node_modules/lucide-react/dist/esm/icons/flower-2.js
Module ID: /Users/pranay/Projects/AIMLGlossary/AIGlossaryPro/node_modules/lucide-react/dist/esm/icons/flower.js
✓ Icons chunk matched: /Users/pranay/Projects/AIMLGlossary/AIGlossaryPro/node_modules/lucide-react/dist/esm/icons/flower.js
Module ID: /Users/pranay/Projects/AIMLGlossary/AIGlossaryPro/node_modules/lucide-react/dist/esm/icons/focus.js
✓ Icons chunk matched: /Users/pranay/Projects/AIMLGlossary/AIGlossaryPro/node_modules/lucide-react/dist/esm/icons/focus.js
Module ID: /Users/pranay/Projects/AIMLGlossary/AIGlossaryPro/node_modules/lucide-react/dist/esm/icons/fold-horizontal.js
✓ Icons chunk matched: /Users/pranay/Projects/AIMLGlossary/AIGlossaryPro/node_modules/lucide-react/dist/esm/icons/fold-horizontal.js
Module ID: /Users/pranay/Projects/AIMLGlossary/AIGlossaryPro/node_modules/lucide-react/dist/esm/icons/fold-vertical.js
✓ Icons chunk matched: /Users/pranay/Projects/AIMLGlossary/AIGlossaryPro/node_modules/lucide-react/dist/esm/icons/fold-vertical.js
Module ID: /Users/pranay/Projects/AIMLGlossary/AIGlossaryPro/node_modules/lucide-react/dist/esm/icons/folder-archive.js
✓ Icons chunk matched: /Users/pranay/Projects/AIMLGlossary/AIGlossaryPro/node_modules/lucide-react/dist/esm/icons/folder-archive.js
Module ID: /Users/pranay/Projects/AIMLGlossary/AIGlossaryPro/node_modules/lucide-react/dist/esm/icons/folder-check.js
✓ Icons chunk matched: /Users/pranay/Projects/AIMLGlossary/AIGlossaryPro/node_modules/lucide-react/dist/esm/icons/folder-check.js
Module ID: /Users/pranay/Projects/AIMLGlossary/AIGlossaryPro/node_modules/lucide-react/dist/esm/icons/folder-clock.js
✓ Icons chunk matched: /Users/pranay/Projects/AIMLGlossary/AIGlossaryPro/node_modules/lucide-react/dist/esm/icons/folder-clock.js
Module ID: /Users/pranay/Projects/AIMLGlossary/AIGlossaryPro/node_modules/lucide-react/dist/esm/icons/folder-closed.js
✓ Icons chunk matched: /Users/pranay/Projects/AIMLGlossary/AIGlossaryPro/node_modules/lucide-react/dist/esm/icons/folder-closed.js
Module ID: /Users/pranay/Projects/AIMLGlossary/AIGlossaryPro/node_modules/lucide-react/dist/esm/icons/folder-code.js
✓ Icons chunk matched: /Users/pranay/Projects/AIMLGlossary/AIGlossaryPro/node_modules/lucide-react/dist/esm/icons/folder-code.js
Module ID: /Users/pranay/Projects/AIMLGlossary/AIGlossaryPro/node_modules/lucide-react/dist/esm/icons/folder-dot.js
✓ Icons chunk matched: /Users/pranay/Projects/AIMLGlossary/AIGlossaryPro/node_modules/lucide-react/dist/esm/icons/folder-dot.js
Module ID: /Users/pranay/Projects/AIMLGlossary/AIGlossaryPro/node_modules/lucide-react/dist/esm/icons/folder-down.js
✓ Icons chunk matched: /Users/pranay/Projects/AIMLGlossary/AIGlossaryPro/node_modules/lucide-react/dist/esm/icons/folder-down.js
Module ID: /Users/pranay/Projects/AIMLGlossary/AIGlossaryPro/node_modules/lucide-react/dist/esm/icons/folder-git-2.js
✓ Icons chunk matched: /Users/pranay/Projects/AIMLGlossary/AIGlossaryPro/node_modules/lucide-react/dist/esm/icons/folder-git-2.js
Module ID: /Users/pranay/Projects/AIMLGlossary/AIGlossaryPro/node_modules/lucide-react/dist/esm/icons/folder-git.js
✓ Icons chunk matched: /Users/pranay/Projects/AIMLGlossary/AIGlossaryPro/node_modules/lucide-react/dist/esm/icons/folder-git.js
Module ID: /Users/pranay/Projects/AIMLGlossary/AIGlossaryPro/node_modules/lucide-react/dist/esm/icons/folder-heart.js
✓ Icons chunk matched: /Users/pranay/Projects/AIMLGlossary/AIGlossaryPro/node_modules/lucide-react/dist/esm/icons/folder-heart.js
Module ID: /Users/pranay/Projects/AIMLGlossary/AIGlossaryPro/node_modules/lucide-react/dist/esm/icons/folder-input.js
✓ Icons chunk matched: /Users/pranay/Projects/AIMLGlossary/AIGlossaryPro/node_modules/lucide-react/dist/esm/icons/folder-input.js
Module ID: /Users/pranay/Projects/AIMLGlossary/AIGlossaryPro/node_modules/lucide-react/dist/esm/icons/folder-kanban.js
✓ Icons chunk matched: /Users/pranay/Projects/AIMLGlossary/AIGlossaryPro/node_modules/lucide-react/dist/esm/icons/folder-kanban.js
Module ID: /Users/pranay/Projects/AIMLGlossary/AIGlossaryPro/node_modules/lucide-react/dist/esm/icons/folder-key.js
✓ Icons chunk matched: /Users/pranay/Projects/AIMLGlossary/AIGlossaryPro/node_modules/lucide-react/dist/esm/icons/folder-key.js
Module ID: /Users/pranay/Projects/AIMLGlossary/AIGlossaryPro/node_modules/lucide-react/dist/esm/icons/folder-lock.js
✓ Icons chunk matched: /Users/pranay/Projects/AIMLGlossary/AIGlossaryPro/node_modules/lucide-react/dist/esm/icons/folder-lock.js
Module ID: /Users/pranay/Projects/AIMLGlossary/AIGlossaryPro/node_modules/lucide-react/dist/esm/icons/folder-minus.js
✓ Icons chunk matched: /Users/pranay/Projects/AIMLGlossary/AIGlossaryPro/node_modules/lucide-react/dist/esm/icons/folder-minus.js
Module ID: /Users/pranay/Projects/AIMLGlossary/AIGlossaryPro/node_modules/lucide-react/dist/esm/icons/folder-open-dot.js
✓ Icons chunk matched: /Users/pranay/Projects/AIMLGlossary/AIGlossaryPro/node_modules/lucide-react/dist/esm/icons/folder-open-dot.js
Module ID: /Users/pranay/Projects/AIMLGlossary/AIGlossaryPro/node_modules/lucide-react/dist/esm/icons/folder-open.js
✓ Icons chunk matched: /Users/pranay/Projects/AIMLGlossary/AIGlossaryPro/node_modules/lucide-react/dist/esm/icons/folder-open.js
Module ID: /Users/pranay/Projects/AIMLGlossary/AIGlossaryPro/node_modules/lucide-react/dist/esm/icons/folder-output.js
✓ Icons chunk matched: /Users/pranay/Projects/AIMLGlossary/AIGlossaryPro/node_modules/lucide-react/dist/esm/icons/folder-output.js
Module ID: /Users/pranay/Projects/AIMLGlossary/AIGlossaryPro/node_modules/lucide-react/dist/esm/icons/folder-plus.js
✓ Icons chunk matched: /Users/pranay/Projects/AIMLGlossary/AIGlossaryPro/node_modules/lucide-react/dist/esm/icons/folder-plus.js
Module ID: /Users/pranay/Projects/AIMLGlossary/AIGlossaryPro/node_modules/lucide-react/dist/esm/icons/folder-root.js
✓ Icons chunk matched: /Users/pranay/Projects/AIMLGlossary/AIGlossaryPro/node_modules/lucide-react/dist/esm/icons/folder-root.js
Module ID: /Users/pranay/Projects/AIMLGlossary/AIGlossaryPro/node_modules/lucide-react/dist/esm/icons/folder-search-2.js
✓ Icons chunk matched: /Users/pranay/Projects/AIMLGlossary/AIGlossaryPro/node_modules/lucide-react/dist/esm/icons/folder-search-2.js
Module ID: /Users/pranay/Projects/AIMLGlossary/AIGlossaryPro/node_modules/lucide-react/dist/esm/icons/folder-search.js
✓ Icons chunk matched: /Users/pranay/Projects/AIMLGlossary/AIGlossaryPro/node_modules/lucide-react/dist/esm/icons/folder-search.js
Module ID: /Users/pranay/Projects/AIMLGlossary/AIGlossaryPro/node_modules/lucide-react/dist/esm/icons/folder-symlink.js
✓ Icons chunk matched: /Users/pranay/Projects/AIMLGlossary/AIGlossaryPro/node_modules/lucide-react/dist/esm/icons/folder-symlink.js
Module ID: /Users/pranay/Projects/AIMLGlossary/AIGlossaryPro/node_modules/lucide-react/dist/esm/icons/folder-sync.js
✓ Icons chunk matched: /Users/pranay/Projects/AIMLGlossary/AIGlossaryPro/node_modules/lucide-react/dist/esm/icons/folder-sync.js
Module ID: /Users/pranay/Projects/AIMLGlossary/AIGlossaryPro/node_modules/lucide-react/dist/esm/icons/folder-tree.js
✓ Icons chunk matched: /Users/pranay/Projects/AIMLGlossary/AIGlossaryPro/node_modules/lucide-react/dist/esm/icons/folder-tree.js
Module ID: /Users/pranay/Projects/AIMLGlossary/AIGlossaryPro/node_modules/lucide-react/dist/esm/icons/folder-up.js
✓ Icons chunk matched: /Users/pranay/Projects/AIMLGlossary/AIGlossaryPro/node_modules/lucide-react/dist/esm/icons/folder-up.js
Module ID: /Users/pranay/Projects/AIMLGlossary/AIGlossaryPro/node_modules/lucide-react/dist/esm/icons/folder-x.js
✓ Icons chunk matched: /Users/pranay/Projects/AIMLGlossary/AIGlossaryPro/node_modules/lucide-react/dist/esm/icons/folder-x.js
Module ID: /Users/pranay/Projects/AIMLGlossary/AIGlossaryPro/node_modules/lucide-react/dist/esm/icons/folder.js
✓ Icons chunk matched: /Users/pranay/Projects/AIMLGlossary/AIGlossaryPro/node_modules/lucide-react/dist/esm/icons/folder.js
Module ID: /Users/pranay/Projects/AIMLGlossary/AIGlossaryPro/node_modules/lucide-react/dist/esm/icons/folders.js
✓ Icons chunk matched: /Users/pranay/Projects/AIMLGlossary/AIGlossaryPro/node_modules/lucide-react/dist/esm/icons/folders.js
Module ID: /Users/pranay/Projects/AIMLGlossary/AIGlossaryPro/node_modules/lucide-react/dist/esm/icons/footprints.js
✓ Icons chunk matched: /Users/pranay/Projects/AIMLGlossary/AIGlossaryPro/node_modules/lucide-react/dist/esm/icons/footprints.js
Module ID: /Users/pranay/Projects/AIMLGlossary/AIGlossaryPro/node_modules/lucide-react/dist/esm/icons/forklift.js
✓ Icons chunk matched: /Users/pranay/Projects/AIMLGlossary/AIGlossaryPro/node_modules/lucide-react/dist/esm/icons/forklift.js
Module ID: /Users/pranay/Projects/AIMLGlossary/AIGlossaryPro/node_modules/lucide-react/dist/esm/icons/forward.js
✓ Icons chunk matched: /Users/pranay/Projects/AIMLGlossary/AIGlossaryPro/node_modules/lucide-react/dist/esm/icons/forward.js
Module ID: /Users/pranay/Projects/AIMLGlossary/AIGlossaryPro/node_modules/lucide-react/dist/esm/icons/frame.js
✓ Icons chunk matched: /Users/pranay/Projects/AIMLGlossary/AIGlossaryPro/node_modules/lucide-react/dist/esm/icons/frame.js
Module ID: /Users/pranay/Projects/AIMLGlossary/AIGlossaryPro/node_modules/lucide-react/dist/esm/icons/framer.js
✓ Icons chunk matched: /Users/pranay/Projects/AIMLGlossary/AIGlossaryPro/node_modules/lucide-react/dist/esm/icons/framer.js
Module ID: /Users/pranay/Projects/AIMLGlossary/AIGlossaryPro/node_modules/lucide-react/dist/esm/icons/frown.js
✓ Icons chunk matched: /Users/pranay/Projects/AIMLGlossary/AIGlossaryPro/node_modules/lucide-react/dist/esm/icons/frown.js
Module ID: /Users/pranay/Projects/AIMLGlossary/AIGlossaryPro/node_modules/lucide-react/dist/esm/icons/fuel.js
✓ Icons chunk matched: /Users/pranay/Projects/AIMLGlossary/AIGlossaryPro/node_modules/lucide-react/dist/esm/icons/fuel.js
Module ID: /Users/pranay/Projects/AIMLGlossary/AIGlossaryPro/node_modules/lucide-react/dist/esm/icons/fullscreen.js
✓ Icons chunk matched: /Users/pranay/Projects/AIMLGlossary/AIGlossaryPro/node_modules/lucide-react/dist/esm/icons/fullscreen.js
Module ID: /Users/pranay/Projects/AIMLGlossary/AIGlossaryPro/node_modules/lucide-react/dist/esm/icons/gallery-horizontal-end.js
✓ Icons chunk matched: /Users/pranay/Projects/AIMLGlossary/AIGlossaryPro/node_modules/lucide-react/dist/esm/icons/gallery-horizontal-end.js
Module ID: /Users/pranay/Projects/AIMLGlossary/AIGlossaryPro/node_modules/lucide-react/dist/esm/icons/gallery-horizontal.js
✓ Icons chunk matched: /Users/pranay/Projects/AIMLGlossary/AIGlossaryPro/node_modules/lucide-react/dist/esm/icons/gallery-horizontal.js
Module ID: /Users/pranay/Projects/AIMLGlossary/AIGlossaryPro/node_modules/lucide-react/dist/esm/icons/gallery-thumbnails.js
✓ Icons chunk matched: /Users/pranay/Projects/AIMLGlossary/AIGlossaryPro/node_modules/lucide-react/dist/esm/icons/gallery-thumbnails.js
Module ID: /Users/pranay/Projects/AIMLGlossary/AIGlossaryPro/node_modules/lucide-react/dist/esm/icons/gallery-vertical-end.js
✓ Icons chunk matched: /Users/pranay/Projects/AIMLGlossary/AIGlossaryPro/node_modules/lucide-react/dist/esm/icons/gallery-vertical-end.js
Module ID: /Users/pranay/Projects/AIMLGlossary/AIGlossaryPro/node_modules/lucide-react/dist/esm/icons/gallery-vertical.js
✓ Icons chunk matched: /Users/pranay/Projects/AIMLGlossary/AIGlossaryPro/node_modules/lucide-react/dist/esm/icons/gallery-vertical.js
Module ID: /Users/pranay/Projects/AIMLGlossary/AIGlossaryPro/node_modules/lucide-react/dist/esm/icons/gamepad-2.js
✓ Icons chunk matched: /Users/pranay/Projects/AIMLGlossary/AIGlossaryPro/node_modules/lucide-react/dist/esm/icons/gamepad-2.js
Module ID: /Users/pranay/Projects/AIMLGlossary/AIGlossaryPro/node_modules/lucide-react/dist/esm/icons/gamepad.js
✓ Icons chunk matched: /Users/pranay/Projects/AIMLGlossary/AIGlossaryPro/node_modules/lucide-react/dist/esm/icons/gamepad.js
Module ID: /Users/pranay/Projects/AIMLGlossary/AIGlossaryPro/node_modules/lucide-react/dist/esm/icons/gauge.js
✓ Icons chunk matched: /Users/pranay/Projects/AIMLGlossary/AIGlossaryPro/node_modules/lucide-react/dist/esm/icons/gauge.js
Module ID: /Users/pranay/Projects/AIMLGlossary/AIGlossaryPro/node_modules/lucide-react/dist/esm/icons/gavel.js
✓ Icons chunk matched: /Users/pranay/Projects/AIMLGlossary/AIGlossaryPro/node_modules/lucide-react/dist/esm/icons/gavel.js
Module ID: /Users/pranay/Projects/AIMLGlossary/AIGlossaryPro/node_modules/lucide-react/dist/esm/icons/gem.js
✓ Icons chunk matched: /Users/pranay/Projects/AIMLGlossary/AIGlossaryPro/node_modules/lucide-react/dist/esm/icons/gem.js
Module ID: /Users/pranay/Projects/AIMLGlossary/AIGlossaryPro/node_modules/lucide-react/dist/esm/icons/ghost.js
✓ Icons chunk matched: /Users/pranay/Projects/AIMLGlossary/AIGlossaryPro/node_modules/lucide-react/dist/esm/icons/ghost.js
Module ID: /Users/pranay/Projects/AIMLGlossary/AIGlossaryPro/node_modules/lucide-react/dist/esm/icons/gift.js
✓ Icons chunk matched: /Users/pranay/Projects/AIMLGlossary/AIGlossaryPro/node_modules/lucide-react/dist/esm/icons/gift.js
Module ID: /Users/pranay/Projects/AIMLGlossary/AIGlossaryPro/node_modules/lucide-react/dist/esm/icons/git-branch-plus.js
✓ Icons chunk matched: /Users/pranay/Projects/AIMLGlossary/AIGlossaryPro/node_modules/lucide-react/dist/esm/icons/git-branch-plus.js
Module ID: /Users/pranay/Projects/AIMLGlossary/AIGlossaryPro/node_modules/lucide-react/dist/esm/icons/git-branch.js
✓ Icons chunk matched: /Users/pranay/Projects/AIMLGlossary/AIGlossaryPro/node_modules/lucide-react/dist/esm/icons/git-branch.js
Module ID: /Users/pranay/Projects/AIMLGlossary/AIGlossaryPro/node_modules/lucide-react/dist/esm/icons/git-commit-vertical.js
✓ Icons chunk matched: /Users/pranay/Projects/AIMLGlossary/AIGlossaryPro/node_modules/lucide-react/dist/esm/icons/git-commit-vertical.js
Module ID: /Users/pranay/Projects/AIMLGlossary/AIGlossaryPro/node_modules/lucide-react/dist/esm/icons/git-compare-arrows.js
✓ Icons chunk matched: /Users/pranay/Projects/AIMLGlossary/AIGlossaryPro/node_modules/lucide-react/dist/esm/icons/git-compare-arrows.js
Module ID: /Users/pranay/Projects/AIMLGlossary/AIGlossaryPro/node_modules/lucide-react/dist/esm/icons/git-compare.js
✓ Icons chunk matched: /Users/pranay/Projects/AIMLGlossary/AIGlossaryPro/node_modules/lucide-react/dist/esm/icons/git-compare.js
Module ID: /Users/pranay/Projects/AIMLGlossary/AIGlossaryPro/node_modules/lucide-react/dist/esm/icons/git-fork.js
✓ Icons chunk matched: /Users/pranay/Projects/AIMLGlossary/AIGlossaryPro/node_modules/lucide-react/dist/esm/icons/git-fork.js
Module ID: /Users/pranay/Projects/AIMLGlossary/AIGlossaryPro/node_modules/lucide-react/dist/esm/icons/git-graph.js
✓ Icons chunk matched: /Users/pranay/Projects/AIMLGlossary/AIGlossaryPro/node_modules/lucide-react/dist/esm/icons/git-graph.js
Module ID: /Users/pranay/Projects/AIMLGlossary/AIGlossaryPro/node_modules/lucide-react/dist/esm/icons/git-merge.js
✓ Icons chunk matched: /Users/pranay/Projects/AIMLGlossary/AIGlossaryPro/node_modules/lucide-react/dist/esm/icons/git-merge.js
Module ID: /Users/pranay/Projects/AIMLGlossary/AIGlossaryPro/node_modules/lucide-react/dist/esm/icons/git-pull-request-arrow.js
✓ Icons chunk matched: /Users/pranay/Projects/AIMLGlossary/AIGlossaryPro/node_modules/lucide-react/dist/esm/icons/git-pull-request-arrow.js
Module ID: /Users/pranay/Projects/AIMLGlossary/AIGlossaryPro/node_modules/lucide-react/dist/esm/icons/git-pull-request-closed.js
✓ Icons chunk matched: /Users/pranay/Projects/AIMLGlossary/AIGlossaryPro/node_modules/lucide-react/dist/esm/icons/git-pull-request-closed.js
Module ID: /Users/pranay/Projects/AIMLGlossary/AIGlossaryPro/node_modules/lucide-react/dist/esm/icons/git-pull-request-create-arrow.js
✓ Icons chunk matched: /Users/pranay/Projects/AIMLGlossary/AIGlossaryPro/node_modules/lucide-react/dist/esm/icons/git-pull-request-create-arrow.js
Module ID: /Users/pranay/Projects/AIMLGlossary/AIGlossaryPro/node_modules/lucide-react/dist/esm/icons/git-pull-request-create.js
✓ Icons chunk matched: /Users/pranay/Projects/AIMLGlossary/AIGlossaryPro/node_modules/lucide-react/dist/esm/icons/git-pull-request-create.js
Module ID: /Users/pranay/Projects/AIMLGlossary/AIGlossaryPro/node_modules/lucide-react/dist/esm/icons/git-pull-request-draft.js
✓ Icons chunk matched: /Users/pranay/Projects/AIMLGlossary/AIGlossaryPro/node_modules/lucide-react/dist/esm/icons/git-pull-request-draft.js
Module ID: /Users/pranay/Projects/AIMLGlossary/AIGlossaryPro/node_modules/lucide-react/dist/esm/icons/git-pull-request.js
✓ Icons chunk matched: /Users/pranay/Projects/AIMLGlossary/AIGlossaryPro/node_modules/lucide-react/dist/esm/icons/git-pull-request.js
Module ID: /Users/pranay/Projects/AIMLGlossary/AIGlossaryPro/node_modules/lucide-react/dist/esm/icons/github.js
✓ Icons chunk matched: /Users/pranay/Projects/AIMLGlossary/AIGlossaryPro/node_modules/lucide-react/dist/esm/icons/github.js
Module ID: /Users/pranay/Projects/AIMLGlossary/AIGlossaryPro/node_modules/lucide-react/dist/esm/icons/gitlab.js
✓ Icons chunk matched: /Users/pranay/Projects/AIMLGlossary/AIGlossaryPro/node_modules/lucide-react/dist/esm/icons/gitlab.js
Module ID: /Users/pranay/Projects/AIMLGlossary/AIGlossaryPro/node_modules/lucide-react/dist/esm/icons/glass-water.js
✓ Icons chunk matched: /Users/pranay/Projects/AIMLGlossary/AIGlossaryPro/node_modules/lucide-react/dist/esm/icons/glass-water.js
Module ID: /Users/pranay/Projects/AIMLGlossary/AIGlossaryPro/node_modules/lucide-react/dist/esm/icons/glasses.js
✓ Icons chunk matched: /Users/pranay/Projects/AIMLGlossary/AIGlossaryPro/node_modules/lucide-react/dist/esm/icons/glasses.js
Module ID: /Users/pranay/Projects/AIMLGlossary/AIGlossaryPro/node_modules/lucide-react/dist/esm/icons/globe-lock.js
✓ Icons chunk matched: /Users/pranay/Projects/AIMLGlossary/AIGlossaryPro/node_modules/lucide-react/dist/esm/icons/globe-lock.js
Module ID: /Users/pranay/Projects/AIMLGlossary/AIGlossaryPro/node_modules/lucide-react/dist/esm/icons/globe.js
✓ Icons chunk matched: /Users/pranay/Projects/AIMLGlossary/AIGlossaryPro/node_modules/lucide-react/dist/esm/icons/globe.js
Module ID: /Users/pranay/Projects/AIMLGlossary/AIGlossaryPro/node_modules/lucide-react/dist/esm/icons/goal.js
✓ Icons chunk matched: /Users/pranay/Projects/AIMLGlossary/AIGlossaryPro/node_modules/lucide-react/dist/esm/icons/goal.js
Module ID: /Users/pranay/Projects/AIMLGlossary/AIGlossaryPro/node_modules/lucide-react/dist/esm/icons/grab.js
✓ Icons chunk matched: /Users/pranay/Projects/AIMLGlossary/AIGlossaryPro/node_modules/lucide-react/dist/esm/icons/grab.js
Module ID: /Users/pranay/Projects/AIMLGlossary/AIGlossaryPro/node_modules/lucide-react/dist/esm/icons/graduation-cap.js
✓ Icons chunk matched: /Users/pranay/Projects/AIMLGlossary/AIGlossaryPro/node_modules/lucide-react/dist/esm/icons/graduation-cap.js
Module ID: /Users/pranay/Projects/AIMLGlossary/AIGlossaryPro/node_modules/lucide-react/dist/esm/icons/grape.js
✓ Icons chunk matched: /Users/pranay/Projects/AIMLGlossary/AIGlossaryPro/node_modules/lucide-react/dist/esm/icons/grape.js
Module ID: /Users/pranay/Projects/AIMLGlossary/AIGlossaryPro/node_modules/lucide-react/dist/esm/icons/grid-2x2-check.js
✓ Icons chunk matched: /Users/pranay/Projects/AIMLGlossary/AIGlossaryPro/node_modules/lucide-react/dist/esm/icons/grid-2x2-check.js
Module ID: /Users/pranay/Projects/AIMLGlossary/AIGlossaryPro/node_modules/lucide-react/dist/esm/icons/grid-2x2-plus.js
✓ Icons chunk matched: /Users/pranay/Projects/AIMLGlossary/AIGlossaryPro/node_modules/lucide-react/dist/esm/icons/grid-2x2-plus.js
Module ID: /Users/pranay/Projects/AIMLGlossary/AIGlossaryPro/node_modules/lucide-react/dist/esm/icons/grid-2x2-x.js
✓ Icons chunk matched: /Users/pranay/Projects/AIMLGlossary/AIGlossaryPro/node_modules/lucide-react/dist/esm/icons/grid-2x2-x.js
Module ID: /Users/pranay/Projects/AIMLGlossary/AIGlossaryPro/node_modules/lucide-react/dist/esm/icons/grip-horizontal.js
✓ Icons chunk matched: /Users/pranay/Projects/AIMLGlossary/AIGlossaryPro/node_modules/lucide-react/dist/esm/icons/grip-horizontal.js
Module ID: /Users/pranay/Projects/AIMLGlossary/AIGlossaryPro/node_modules/lucide-react/dist/esm/icons/grip-vertical.js
✓ Icons chunk matched: /Users/pranay/Projects/AIMLGlossary/AIGlossaryPro/node_modules/lucide-react/dist/esm/icons/grip-vertical.js
Module ID: /Users/pranay/Projects/AIMLGlossary/AIGlossaryPro/node_modules/lucide-react/dist/esm/icons/grip.js
✓ Icons chunk matched: /Users/pranay/Projects/AIMLGlossary/AIGlossaryPro/node_modules/lucide-react/dist/esm/icons/grip.js
Module ID: /Users/pranay/Projects/AIMLGlossary/AIGlossaryPro/node_modules/lucide-react/dist/esm/icons/group.js
✓ Icons chunk matched: /Users/pranay/Projects/AIMLGlossary/AIGlossaryPro/node_modules/lucide-react/dist/esm/icons/group.js
Module ID: /Users/pranay/Projects/AIMLGlossary/AIGlossaryPro/node_modules/lucide-react/dist/esm/icons/guitar.js
✓ Icons chunk matched: /Users/pranay/Projects/AIMLGlossary/AIGlossaryPro/node_modules/lucide-react/dist/esm/icons/guitar.js
Module ID: /Users/pranay/Projects/AIMLGlossary/AIGlossaryPro/node_modules/lucide-react/dist/esm/icons/ham.js
✓ Icons chunk matched: /Users/pranay/Projects/AIMLGlossary/AIGlossaryPro/node_modules/lucide-react/dist/esm/icons/ham.js
Module ID: /Users/pranay/Projects/AIMLGlossary/AIGlossaryPro/node_modules/lucide-react/dist/esm/icons/hammer.js
✓ Icons chunk matched: /Users/pranay/Projects/AIMLGlossary/AIGlossaryPro/node_modules/lucide-react/dist/esm/icons/hammer.js
Module ID: /Users/pranay/Projects/AIMLGlossary/AIGlossaryPro/node_modules/lucide-react/dist/esm/icons/hand-coins.js
✓ Icons chunk matched: /Users/pranay/Projects/AIMLGlossary/AIGlossaryPro/node_modules/lucide-react/dist/esm/icons/hand-coins.js
Module ID: /Users/pranay/Projects/AIMLGlossary/AIGlossaryPro/node_modules/lucide-react/dist/esm/icons/hand-heart.js
✓ Icons chunk matched: /Users/pranay/Projects/AIMLGlossary/AIGlossaryPro/node_modules/lucide-react/dist/esm/icons/hand-heart.js
Module ID: /Users/pranay/Projects/AIMLGlossary/AIGlossaryPro/node_modules/lucide-react/dist/esm/icons/hand-metal.js
✓ Icons chunk matched: /Users/pranay/Projects/AIMLGlossary/AIGlossaryPro/node_modules/lucide-react/dist/esm/icons/hand-metal.js
Module ID: /Users/pranay/Projects/AIMLGlossary/AIGlossaryPro/node_modules/lucide-react/dist/esm/icons/hand-platter.js
✓ Icons chunk matched: /Users/pranay/Projects/AIMLGlossary/AIGlossaryPro/node_modules/lucide-react/dist/esm/icons/hand-platter.js
Module ID: /Users/pranay/Projects/AIMLGlossary/AIGlossaryPro/node_modules/lucide-react/dist/esm/icons/hand.js
✓ Icons chunk matched: /Users/pranay/Projects/AIMLGlossary/AIGlossaryPro/node_modules/lucide-react/dist/esm/icons/hand.js
Module ID: /Users/pranay/Projects/AIMLGlossary/AIGlossaryPro/node_modules/lucide-react/dist/esm/icons/handshake.js
✓ Icons chunk matched: /Users/pranay/Projects/AIMLGlossary/AIGlossaryPro/node_modules/lucide-react/dist/esm/icons/handshake.js
Module ID: /Users/pranay/Projects/AIMLGlossary/AIGlossaryPro/node_modules/lucide-react/dist/esm/icons/hard-drive-download.js
✓ Icons chunk matched: /Users/pranay/Projects/AIMLGlossary/AIGlossaryPro/node_modules/lucide-react/dist/esm/icons/hard-drive-download.js
Module ID: /Users/pranay/Projects/AIMLGlossary/AIGlossaryPro/node_modules/lucide-react/dist/esm/icons/hard-drive-upload.js
✓ Icons chunk matched: /Users/pranay/Projects/AIMLGlossary/AIGlossaryPro/node_modules/lucide-react/dist/esm/icons/hard-drive-upload.js
Module ID: /Users/pranay/Projects/AIMLGlossary/AIGlossaryPro/node_modules/lucide-react/dist/esm/icons/hard-drive.js
✓ Icons chunk matched: /Users/pranay/Projects/AIMLGlossary/AIGlossaryPro/node_modules/lucide-react/dist/esm/icons/hard-drive.js
Module ID: /Users/pranay/Projects/AIMLGlossary/AIGlossaryPro/node_modules/lucide-react/dist/esm/icons/hard-hat.js
✓ Icons chunk matched: /Users/pranay/Projects/AIMLGlossary/AIGlossaryPro/node_modules/lucide-react/dist/esm/icons/hard-hat.js
Module ID: /Users/pranay/Projects/AIMLGlossary/AIGlossaryPro/node_modules/lucide-react/dist/esm/icons/hash.js
✓ Icons chunk matched: /Users/pranay/Projects/AIMLGlossary/AIGlossaryPro/node_modules/lucide-react/dist/esm/icons/hash.js
Module ID: /Users/pranay/Projects/AIMLGlossary/AIGlossaryPro/node_modules/lucide-react/dist/esm/icons/haze.js
✓ Icons chunk matched: /Users/pranay/Projects/AIMLGlossary/AIGlossaryPro/node_modules/lucide-react/dist/esm/icons/haze.js
Module ID: /Users/pranay/Projects/AIMLGlossary/AIGlossaryPro/node_modules/lucide-react/dist/esm/icons/hdmi-port.js
✓ Icons chunk matched: /Users/pranay/Projects/AIMLGlossary/AIGlossaryPro/node_modules/lucide-react/dist/esm/icons/hdmi-port.js
Module ID: /Users/pranay/Projects/AIMLGlossary/AIGlossaryPro/node_modules/lucide-react/dist/esm/icons/heading-1.js
✓ Icons chunk matched: /Users/pranay/Projects/AIMLGlossary/AIGlossaryPro/node_modules/lucide-react/dist/esm/icons/heading-1.js
Module ID: /Users/pranay/Projects/AIMLGlossary/AIGlossaryPro/node_modules/lucide-react/dist/esm/icons/heading-2.js
✓ Icons chunk matched: /Users/pranay/Projects/AIMLGlossary/AIGlossaryPro/node_modules/lucide-react/dist/esm/icons/heading-2.js
Module ID: /Users/pranay/Projects/AIMLGlossary/AIGlossaryPro/node_modules/lucide-react/dist/esm/icons/heading-3.js
✓ Icons chunk matched: /Users/pranay/Projects/AIMLGlossary/AIGlossaryPro/node_modules/lucide-react/dist/esm/icons/heading-3.js
Module ID: /Users/pranay/Projects/AIMLGlossary/AIGlossaryPro/node_modules/lucide-react/dist/esm/icons/heading-4.js
✓ Icons chunk matched: /Users/pranay/Projects/AIMLGlossary/AIGlossaryPro/node_modules/lucide-react/dist/esm/icons/heading-4.js
Module ID: /Users/pranay/Projects/AIMLGlossary/AIGlossaryPro/node_modules/lucide-react/dist/esm/icons/heading-5.js
✓ Icons chunk matched: /Users/pranay/Projects/AIMLGlossary/AIGlossaryPro/node_modules/lucide-react/dist/esm/icons/heading-5.js
Module ID: /Users/pranay/Projects/AIMLGlossary/AIGlossaryPro/node_modules/lucide-react/dist/esm/icons/heading-6.js
✓ Icons chunk matched: /Users/pranay/Projects/AIMLGlossary/AIGlossaryPro/node_modules/lucide-react/dist/esm/icons/heading-6.js
Module ID: /Users/pranay/Projects/AIMLGlossary/AIGlossaryPro/node_modules/lucide-react/dist/esm/icons/heading.js
✓ Icons chunk matched: /Users/pranay/Projects/AIMLGlossary/AIGlossaryPro/node_modules/lucide-react/dist/esm/icons/heading.js
Module ID: /Users/pranay/Projects/AIMLGlossary/AIGlossaryPro/node_modules/lucide-react/dist/esm/icons/headphone-off.js
✓ Icons chunk matched: /Users/pranay/Projects/AIMLGlossary/AIGlossaryPro/node_modules/lucide-react/dist/esm/icons/headphone-off.js
Module ID: /Users/pranay/Projects/AIMLGlossary/AIGlossaryPro/node_modules/lucide-react/dist/esm/icons/headphones.js
✓ Icons chunk matched: /Users/pranay/Projects/AIMLGlossary/AIGlossaryPro/node_modules/lucide-react/dist/esm/icons/headphones.js
Module ID: /Users/pranay/Projects/AIMLGlossary/AIGlossaryPro/node_modules/lucide-react/dist/esm/icons/headset.js
✓ Icons chunk matched: /Users/pranay/Projects/AIMLGlossary/AIGlossaryPro/node_modules/lucide-react/dist/esm/icons/headset.js
Module ID: /Users/pranay/Projects/AIMLGlossary/AIGlossaryPro/node_modules/lucide-react/dist/esm/icons/heart-crack.js
✓ Icons chunk matched: /Users/pranay/Projects/AIMLGlossary/AIGlossaryPro/node_modules/lucide-react/dist/esm/icons/heart-crack.js
Module ID: /Users/pranay/Projects/AIMLGlossary/AIGlossaryPro/node_modules/lucide-react/dist/esm/icons/heart-handshake.js
✓ Icons chunk matched: /Users/pranay/Projects/AIMLGlossary/AIGlossaryPro/node_modules/lucide-react/dist/esm/icons/heart-handshake.js
Module ID: /Users/pranay/Projects/AIMLGlossary/AIGlossaryPro/node_modules/lucide-react/dist/esm/icons/heart-off.js
✓ Icons chunk matched: /Users/pranay/Projects/AIMLGlossary/AIGlossaryPro/node_modules/lucide-react/dist/esm/icons/heart-off.js
Module ID: /Users/pranay/Projects/AIMLGlossary/AIGlossaryPro/node_modules/lucide-react/dist/esm/icons/heart-pulse.js
✓ Icons chunk matched: /Users/pranay/Projects/AIMLGlossary/AIGlossaryPro/node_modules/lucide-react/dist/esm/icons/heart-pulse.js
Module ID: /Users/pranay/Projects/AIMLGlossary/AIGlossaryPro/node_modules/lucide-react/dist/esm/icons/heart.js
✓ Icons chunk matched: /Users/pranay/Projects/AIMLGlossary/AIGlossaryPro/node_modules/lucide-react/dist/esm/icons/heart.js
Module ID: /Users/pranay/Projects/AIMLGlossary/AIGlossaryPro/node_modules/lucide-react/dist/esm/icons/heater.js
✓ Icons chunk matched: /Users/pranay/Projects/AIMLGlossary/AIGlossaryPro/node_modules/lucide-react/dist/esm/icons/heater.js
Module ID: /Users/pranay/Projects/AIMLGlossary/AIGlossaryPro/node_modules/lucide-react/dist/esm/icons/hexagon.js
✓ Icons chunk matched: /Users/pranay/Projects/AIMLGlossary/AIGlossaryPro/node_modules/lucide-react/dist/esm/icons/hexagon.js
Module ID: /Users/pranay/Projects/AIMLGlossary/AIGlossaryPro/node_modules/lucide-react/dist/esm/icons/highlighter.js
✓ Icons chunk matched: /Users/pranay/Projects/AIMLGlossary/AIGlossaryPro/node_modules/lucide-react/dist/esm/icons/highlighter.js
Module ID: /Users/pranay/Projects/AIMLGlossary/AIGlossaryPro/node_modules/lucide-react/dist/esm/icons/history.js
✓ Icons chunk matched: /Users/pranay/Projects/AIMLGlossary/AIGlossaryPro/node_modules/lucide-react/dist/esm/icons/history.js
Module ID: /Users/pranay/Projects/AIMLGlossary/AIGlossaryPro/node_modules/lucide-react/dist/esm/icons/hop-off.js
✓ Icons chunk matched: /Users/pranay/Projects/AIMLGlossary/AIGlossaryPro/node_modules/lucide-react/dist/esm/icons/hop-off.js
Module ID: /Users/pranay/Projects/AIMLGlossary/AIGlossaryPro/node_modules/lucide-react/dist/esm/icons/hop.js
✓ Icons chunk matched: /Users/pranay/Projects/AIMLGlossary/AIGlossaryPro/node_modules/lucide-react/dist/esm/icons/hop.js
Module ID: /Users/pranay/Projects/AIMLGlossary/AIGlossaryPro/node_modules/lucide-react/dist/esm/icons/hospital.js
✓ Icons chunk matched: /Users/pranay/Projects/AIMLGlossary/AIGlossaryPro/node_modules/lucide-react/dist/esm/icons/hospital.js
Module ID: /Users/pranay/Projects/AIMLGlossary/AIGlossaryPro/node_modules/lucide-react/dist/esm/icons/hotel.js
✓ Icons chunk matched: /Users/pranay/Projects/AIMLGlossary/AIGlossaryPro/node_modules/lucide-react/dist/esm/icons/hotel.js
Module ID: /Users/pranay/Projects/AIMLGlossary/AIGlossaryPro/node_modules/lucide-react/dist/esm/icons/hourglass.js
✓ Icons chunk matched: /Users/pranay/Projects/AIMLGlossary/AIGlossaryPro/node_modules/lucide-react/dist/esm/icons/hourglass.js
Module ID: /Users/pranay/Projects/AIMLGlossary/AIGlossaryPro/node_modules/lucide-react/dist/esm/icons/house-plug.js
✓ Icons chunk matched: /Users/pranay/Projects/AIMLGlossary/AIGlossaryPro/node_modules/lucide-react/dist/esm/icons/house-plug.js
Module ID: /Users/pranay/Projects/AIMLGlossary/AIGlossaryPro/node_modules/lucide-react/dist/esm/icons/house-plus.js
✓ Icons chunk matched: /Users/pranay/Projects/AIMLGlossary/AIGlossaryPro/node_modules/lucide-react/dist/esm/icons/house-plus.js
Module ID: /Users/pranay/Projects/AIMLGlossary/AIGlossaryPro/node_modules/lucide-react/dist/esm/icons/id-card.js
✓ Icons chunk matched: /Users/pranay/Projects/AIMLGlossary/AIGlossaryPro/node_modules/lucide-react/dist/esm/icons/id-card.js
Module ID: /Users/pranay/Projects/AIMLGlossary/AIGlossaryPro/node_modules/lucide-react/dist/esm/icons/image-down.js
✓ Icons chunk matched: /Users/pranay/Projects/AIMLGlossary/AIGlossaryPro/node_modules/lucide-react/dist/esm/icons/image-down.js
Module ID: /Users/pranay/Projects/AIMLGlossary/AIGlossaryPro/node_modules/lucide-react/dist/esm/icons/image-minus.js
✓ Icons chunk matched: /Users/pranay/Projects/AIMLGlossary/AIGlossaryPro/node_modules/lucide-react/dist/esm/icons/image-minus.js
Module ID: /Users/pranay/Projects/AIMLGlossary/AIGlossaryPro/node_modules/lucide-react/dist/esm/icons/image-off.js
✓ Icons chunk matched: /Users/pranay/Projects/AIMLGlossary/AIGlossaryPro/node_modules/lucide-react/dist/esm/icons/image-off.js
Module ID: /Users/pranay/Projects/AIMLGlossary/AIGlossaryPro/node_modules/lucide-react/dist/esm/icons/image-play.js
✓ Icons chunk matched: /Users/pranay/Projects/AIMLGlossary/AIGlossaryPro/node_modules/lucide-react/dist/esm/icons/image-play.js
Module ID: /Users/pranay/Projects/AIMLGlossary/AIGlossaryPro/node_modules/lucide-react/dist/esm/icons/image-plus.js
✓ Icons chunk matched: /Users/pranay/Projects/AIMLGlossary/AIGlossaryPro/node_modules/lucide-react/dist/esm/icons/image-plus.js
Module ID: /Users/pranay/Projects/AIMLGlossary/AIGlossaryPro/node_modules/lucide-react/dist/esm/icons/image-up.js
✓ Icons chunk matched: /Users/pranay/Projects/AIMLGlossary/AIGlossaryPro/node_modules/lucide-react/dist/esm/icons/image-up.js
Module ID: /Users/pranay/Projects/AIMLGlossary/AIGlossaryPro/node_modules/lucide-react/dist/esm/icons/image.js
✓ Icons chunk matched: /Users/pranay/Projects/AIMLGlossary/AIGlossaryPro/node_modules/lucide-react/dist/esm/icons/image.js
Module ID: /Users/pranay/Projects/AIMLGlossary/AIGlossaryPro/node_modules/lucide-react/dist/esm/icons/images.js
✓ Icons chunk matched: /Users/pranay/Projects/AIMLGlossary/AIGlossaryPro/node_modules/lucide-react/dist/esm/icons/images.js
Module ID: /Users/pranay/Projects/AIMLGlossary/AIGlossaryPro/node_modules/lucide-react/dist/esm/icons/import.js
✓ Icons chunk matched: /Users/pranay/Projects/AIMLGlossary/AIGlossaryPro/node_modules/lucide-react/dist/esm/icons/import.js
Module ID: /Users/pranay/Projects/AIMLGlossary/AIGlossaryPro/node_modules/lucide-react/dist/esm/icons/inbox.js
✓ Icons chunk matched: /Users/pranay/Projects/AIMLGlossary/AIGlossaryPro/node_modules/lucide-react/dist/esm/icons/inbox.js
Module ID: /Users/pranay/Projects/AIMLGlossary/AIGlossaryPro/node_modules/lucide-react/dist/esm/icons/indian-rupee.js
✓ Icons chunk matched: /Users/pranay/Projects/AIMLGlossary/AIGlossaryPro/node_modules/lucide-react/dist/esm/icons/indian-rupee.js
Module ID: /Users/pranay/Projects/AIMLGlossary/AIGlossaryPro/node_modules/lucide-react/dist/esm/icons/infinity.js
✓ Icons chunk matched: /Users/pranay/Projects/AIMLGlossary/AIGlossaryPro/node_modules/lucide-react/dist/esm/icons/infinity.js
Module ID: /Users/pranay/Projects/AIMLGlossary/AIGlossaryPro/node_modules/lucide-react/dist/esm/icons/info.js
✓ Icons chunk matched: /Users/pranay/Projects/AIMLGlossary/AIGlossaryPro/node_modules/lucide-react/dist/esm/icons/info.js
Module ID: /Users/pranay/Projects/AIMLGlossary/AIGlossaryPro/node_modules/lucide-react/dist/esm/icons/inspection-panel.js
✓ Icons chunk matched: /Users/pranay/Projects/AIMLGlossary/AIGlossaryPro/node_modules/lucide-react/dist/esm/icons/inspection-panel.js
Module ID: /Users/pranay/Projects/AIMLGlossary/AIGlossaryPro/node_modules/lucide-react/dist/esm/icons/instagram.js
✓ Icons chunk matched: /Users/pranay/Projects/AIMLGlossary/AIGlossaryPro/node_modules/lucide-react/dist/esm/icons/instagram.js
Module ID: /Users/pranay/Projects/AIMLGlossary/AIGlossaryPro/node_modules/lucide-react/dist/esm/icons/italic.js
✓ Icons chunk matched: /Users/pranay/Projects/AIMLGlossary/AIGlossaryPro/node_modules/lucide-react/dist/esm/icons/italic.js
Module ID: /Users/pranay/Projects/AIMLGlossary/AIGlossaryPro/node_modules/lucide-react/dist/esm/icons/iteration-ccw.js
✓ Icons chunk matched: /Users/pranay/Projects/AIMLGlossary/AIGlossaryPro/node_modules/lucide-react/dist/esm/icons/iteration-ccw.js
Module ID: /Users/pranay/Projects/AIMLGlossary/AIGlossaryPro/node_modules/lucide-react/dist/esm/icons/iteration-cw.js
✓ Icons chunk matched: /Users/pranay/Projects/AIMLGlossary/AIGlossaryPro/node_modules/lucide-react/dist/esm/icons/iteration-cw.js
Module ID: /Users/pranay/Projects/AIMLGlossary/AIGlossaryPro/node_modules/lucide-react/dist/esm/icons/japanese-yen.js
✓ Icons chunk matched: /Users/pranay/Projects/AIMLGlossary/AIGlossaryPro/node_modules/lucide-react/dist/esm/icons/japanese-yen.js
Module ID: /Users/pranay/Projects/AIMLGlossary/AIGlossaryPro/node_modules/lucide-react/dist/esm/icons/joystick.js
✓ Icons chunk matched: /Users/pranay/Projects/AIMLGlossary/AIGlossaryPro/node_modules/lucide-react/dist/esm/icons/joystick.js
Module ID: /Users/pranay/Projects/AIMLGlossary/AIGlossaryPro/node_modules/lucide-react/dist/esm/icons/kanban.js
✓ Icons chunk matched: /Users/pranay/Projects/AIMLGlossary/AIGlossaryPro/node_modules/lucide-react/dist/esm/icons/kanban.js
Module ID: /Users/pranay/Projects/AIMLGlossary/AIGlossaryPro/node_modules/lucide-react/dist/esm/icons/key-round.js
✓ Icons chunk matched: /Users/pranay/Projects/AIMLGlossary/AIGlossaryPro/node_modules/lucide-react/dist/esm/icons/key-round.js
Module ID: /Users/pranay/Projects/AIMLGlossary/AIGlossaryPro/node_modules/lucide-react/dist/esm/icons/key-square.js
✓ Icons chunk matched: /Users/pranay/Projects/AIMLGlossary/AIGlossaryPro/node_modules/lucide-react/dist/esm/icons/key-square.js
Module ID: /Users/pranay/Projects/AIMLGlossary/AIGlossaryPro/node_modules/lucide-react/dist/esm/icons/key.js
✓ Icons chunk matched: /Users/pranay/Projects/AIMLGlossary/AIGlossaryPro/node_modules/lucide-react/dist/esm/icons/key.js
Module ID: /Users/pranay/Projects/AIMLGlossary/AIGlossaryPro/node_modules/lucide-react/dist/esm/icons/keyboard-music.js
✓ Icons chunk matched: /Users/pranay/Projects/AIMLGlossary/AIGlossaryPro/node_modules/lucide-react/dist/esm/icons/keyboard-music.js
Module ID: /Users/pranay/Projects/AIMLGlossary/AIGlossaryPro/node_modules/lucide-react/dist/esm/icons/keyboard-off.js
✓ Icons chunk matched: /Users/pranay/Projects/AIMLGlossary/AIGlossaryPro/node_modules/lucide-react/dist/esm/icons/keyboard-off.js
Module ID: /Users/pranay/Projects/AIMLGlossary/AIGlossaryPro/node_modules/lucide-react/dist/esm/icons/keyboard.js
✓ Icons chunk matched: /Users/pranay/Projects/AIMLGlossary/AIGlossaryPro/node_modules/lucide-react/dist/esm/icons/keyboard.js
Module ID: /Users/pranay/Projects/AIMLGlossary/AIGlossaryPro/node_modules/lucide-react/dist/esm/icons/lamp-ceiling.js
✓ Icons chunk matched: /Users/pranay/Projects/AIMLGlossary/AIGlossaryPro/node_modules/lucide-react/dist/esm/icons/lamp-ceiling.js
Module ID: /Users/pranay/Projects/AIMLGlossary/AIGlossaryPro/node_modules/lucide-react/dist/esm/icons/lamp-desk.js
✓ Icons chunk matched: /Users/pranay/Projects/AIMLGlossary/AIGlossaryPro/node_modules/lucide-react/dist/esm/icons/lamp-desk.js
Module ID: /Users/pranay/Projects/AIMLGlossary/AIGlossaryPro/node_modules/lucide-react/dist/esm/icons/lamp-floor.js
✓ Icons chunk matched: /Users/pranay/Projects/AIMLGlossary/AIGlossaryPro/node_modules/lucide-react/dist/esm/icons/lamp-floor.js
Module ID: /Users/pranay/Projects/AIMLGlossary/AIGlossaryPro/node_modules/lucide-react/dist/esm/icons/lamp-wall-down.js
✓ Icons chunk matched: /Users/pranay/Projects/AIMLGlossary/AIGlossaryPro/node_modules/lucide-react/dist/esm/icons/lamp-wall-down.js
Module ID: /Users/pranay/Projects/AIMLGlossary/AIGlossaryPro/node_modules/lucide-react/dist/esm/icons/lamp-wall-up.js
✓ Icons chunk matched: /Users/pranay/Projects/AIMLGlossary/AIGlossaryPro/node_modules/lucide-react/dist/esm/icons/lamp-wall-up.js
Module ID: /Users/pranay/Projects/AIMLGlossary/AIGlossaryPro/node_modules/lucide-react/dist/esm/icons/lamp.js
✓ Icons chunk matched: /Users/pranay/Projects/AIMLGlossary/AIGlossaryPro/node_modules/lucide-react/dist/esm/icons/lamp.js
Module ID: /Users/pranay/Projects/AIMLGlossary/AIGlossaryPro/node_modules/lucide-react/dist/esm/icons/land-plot.js
✓ Icons chunk matched: /Users/pranay/Projects/AIMLGlossary/AIGlossaryPro/node_modules/lucide-react/dist/esm/icons/land-plot.js
Module ID: /Users/pranay/Projects/AIMLGlossary/AIGlossaryPro/node_modules/lucide-react/dist/esm/icons/landmark.js
✓ Icons chunk matched: /Users/pranay/Projects/AIMLGlossary/AIGlossaryPro/node_modules/lucide-react/dist/esm/icons/landmark.js
Module ID: /Users/pranay/Projects/AIMLGlossary/AIGlossaryPro/node_modules/lucide-react/dist/esm/icons/languages.js
✓ Icons chunk matched: /Users/pranay/Projects/AIMLGlossary/AIGlossaryPro/node_modules/lucide-react/dist/esm/icons/languages.js
Module ID: /Users/pranay/Projects/AIMLGlossary/AIGlossaryPro/node_modules/lucide-react/dist/esm/icons/laptop.js
✓ Icons chunk matched: /Users/pranay/Projects/AIMLGlossary/AIGlossaryPro/node_modules/lucide-react/dist/esm/icons/laptop.js
Module ID: /Users/pranay/Projects/AIMLGlossary/AIGlossaryPro/node_modules/lucide-react/dist/esm/icons/lasso-select.js
✓ Icons chunk matched: /Users/pranay/Projects/AIMLGlossary/AIGlossaryPro/node_modules/lucide-react/dist/esm/icons/lasso-select.js
Module ID: /Users/pranay/Projects/AIMLGlossary/AIGlossaryPro/node_modules/lucide-react/dist/esm/icons/lasso.js
✓ Icons chunk matched: /Users/pranay/Projects/AIMLGlossary/AIGlossaryPro/node_modules/lucide-react/dist/esm/icons/lasso.js
Module ID: /Users/pranay/Projects/AIMLGlossary/AIGlossaryPro/node_modules/lucide-react/dist/esm/icons/laugh.js
✓ Icons chunk matched: /Users/pranay/Projects/AIMLGlossary/AIGlossaryPro/node_modules/lucide-react/dist/esm/icons/laugh.js
Module ID: /Users/pranay/Projects/AIMLGlossary/AIGlossaryPro/node_modules/lucide-react/dist/esm/icons/layers-2.js
✓ Icons chunk matched: /Users/pranay/Projects/AIMLGlossary/AIGlossaryPro/node_modules/lucide-react/dist/esm/icons/layers-2.js
Module ID: /Users/pranay/Projects/AIMLGlossary/AIGlossaryPro/node_modules/lucide-react/dist/esm/icons/layers-3.js
✓ Icons chunk matched: /Users/pranay/Projects/AIMLGlossary/AIGlossaryPro/node_modules/lucide-react/dist/esm/icons/layers-3.js
Module ID: /Users/pranay/Projects/AIMLGlossary/AIGlossaryPro/node_modules/lucide-react/dist/esm/icons/layers.js
✓ Icons chunk matched: /Users/pranay/Projects/AIMLGlossary/AIGlossaryPro/node_modules/lucide-react/dist/esm/icons/layers.js
Module ID: /Users/pranay/Projects/AIMLGlossary/AIGlossaryPro/node_modules/lucide-react/dist/esm/icons/layout-dashboard.js
✓ Icons chunk matched: /Users/pranay/Projects/AIMLGlossary/AIGlossaryPro/node_modules/lucide-react/dist/esm/icons/layout-dashboard.js
Module ID: /Users/pranay/Projects/AIMLGlossary/AIGlossaryPro/node_modules/lucide-react/dist/esm/icons/layout-grid.js
✓ Icons chunk matched: /Users/pranay/Projects/AIMLGlossary/AIGlossaryPro/node_modules/lucide-react/dist/esm/icons/layout-grid.js
Module ID: /Users/pranay/Projects/AIMLGlossary/AIGlossaryPro/node_modules/lucide-react/dist/esm/icons/layout-list.js
✓ Icons chunk matched: /Users/pranay/Projects/AIMLGlossary/AIGlossaryPro/node_modules/lucide-react/dist/esm/icons/layout-list.js
Module ID: /Users/pranay/Projects/AIMLGlossary/AIGlossaryPro/node_modules/lucide-react/dist/esm/icons/layout-panel-left.js
✓ Icons chunk matched: /Users/pranay/Projects/AIMLGlossary/AIGlossaryPro/node_modules/lucide-react/dist/esm/icons/layout-panel-left.js
Module ID: /Users/pranay/Projects/AIMLGlossary/AIGlossaryPro/node_modules/lucide-react/dist/esm/icons/layout-panel-top.js
✓ Icons chunk matched: /Users/pranay/Projects/AIMLGlossary/AIGlossaryPro/node_modules/lucide-react/dist/esm/icons/layout-panel-top.js
Module ID: /Users/pranay/Projects/AIMLGlossary/AIGlossaryPro/node_modules/lucide-react/dist/esm/icons/layout-template.js
✓ Icons chunk matched: /Users/pranay/Projects/AIMLGlossary/AIGlossaryPro/node_modules/lucide-react/dist/esm/icons/layout-template.js
Module ID: /Users/pranay/Projects/AIMLGlossary/AIGlossaryPro/node_modules/lucide-react/dist/esm/icons/leaf.js
✓ Icons chunk matched: /Users/pranay/Projects/AIMLGlossary/AIGlossaryPro/node_modules/lucide-react/dist/esm/icons/leaf.js
Module ID: /Users/pranay/Projects/AIMLGlossary/AIGlossaryPro/node_modules/lucide-react/dist/esm/icons/leafy-green.js
✓ Icons chunk matched: /Users/pranay/Projects/AIMLGlossary/AIGlossaryPro/node_modules/lucide-react/dist/esm/icons/leafy-green.js
Module ID: /Users/pranay/Projects/AIMLGlossary/AIGlossaryPro/node_modules/lucide-react/dist/esm/icons/lectern.js
✓ Icons chunk matched: /Users/pranay/Projects/AIMLGlossary/AIGlossaryPro/node_modules/lucide-react/dist/esm/icons/lectern.js
Module ID: /Users/pranay/Projects/AIMLGlossary/AIGlossaryPro/node_modules/lucide-react/dist/esm/icons/letter-text.js
✓ Icons chunk matched: /Users/pranay/Projects/AIMLGlossary/AIGlossaryPro/node_modules/lucide-react/dist/esm/icons/letter-text.js
Module ID: /Users/pranay/Projects/AIMLGlossary/AIGlossaryPro/node_modules/lucide-react/dist/esm/icons/library-big.js
✓ Icons chunk matched: /Users/pranay/Projects/AIMLGlossary/AIGlossaryPro/node_modules/lucide-react/dist/esm/icons/library-big.js
Module ID: /Users/pranay/Projects/AIMLGlossary/AIGlossaryPro/node_modules/lucide-react/dist/esm/icons/library.js
✓ Icons chunk matched: /Users/pranay/Projects/AIMLGlossary/AIGlossaryPro/node_modules/lucide-react/dist/esm/icons/library.js
Module ID: /Users/pranay/Projects/AIMLGlossary/AIGlossaryPro/node_modules/lucide-react/dist/esm/icons/life-buoy.js
✓ Icons chunk matched: /Users/pranay/Projects/AIMLGlossary/AIGlossaryPro/node_modules/lucide-react/dist/esm/icons/life-buoy.js
Module ID: /Users/pranay/Projects/AIMLGlossary/AIGlossaryPro/node_modules/lucide-react/dist/esm/icons/ligature.js
✓ Icons chunk matched: /Users/pranay/Projects/AIMLGlossary/AIGlossaryPro/node_modules/lucide-react/dist/esm/icons/ligature.js
Module ID: /Users/pranay/Projects/AIMLGlossary/AIGlossaryPro/node_modules/lucide-react/dist/esm/icons/lightbulb-off.js
✓ Icons chunk matched: /Users/pranay/Projects/AIMLGlossary/AIGlossaryPro/node_modules/lucide-react/dist/esm/icons/lightbulb-off.js
Module ID: /Users/pranay/Projects/AIMLGlossary/AIGlossaryPro/node_modules/lucide-react/dist/esm/icons/lightbulb.js
✓ Icons chunk matched: /Users/pranay/Projects/AIMLGlossary/AIGlossaryPro/node_modules/lucide-react/dist/esm/icons/lightbulb.js
Module ID: /Users/pranay/Projects/AIMLGlossary/AIGlossaryPro/node_modules/lucide-react/dist/esm/icons/link-2-off.js
✓ Icons chunk matched: /Users/pranay/Projects/AIMLGlossary/AIGlossaryPro/node_modules/lucide-react/dist/esm/icons/link-2-off.js
Module ID: /Users/pranay/Projects/AIMLGlossary/AIGlossaryPro/node_modules/lucide-react/dist/esm/icons/link-2.js
✓ Icons chunk matched: /Users/pranay/Projects/AIMLGlossary/AIGlossaryPro/node_modules/lucide-react/dist/esm/icons/link-2.js
Module ID: /Users/pranay/Projects/AIMLGlossary/AIGlossaryPro/node_modules/lucide-react/dist/esm/icons/link.js
✓ Icons chunk matched: /Users/pranay/Projects/AIMLGlossary/AIGlossaryPro/node_modules/lucide-react/dist/esm/icons/link.js
Module ID: /Users/pranay/Projects/AIMLGlossary/AIGlossaryPro/node_modules/lucide-react/dist/esm/icons/linkedin.js
✓ Icons chunk matched: /Users/pranay/Projects/AIMLGlossary/AIGlossaryPro/node_modules/lucide-react/dist/esm/icons/linkedin.js
Module ID: /Users/pranay/Projects/AIMLGlossary/AIGlossaryPro/node_modules/lucide-react/dist/esm/icons/list-check.js
✓ Icons chunk matched: /Users/pranay/Projects/AIMLGlossary/AIGlossaryPro/node_modules/lucide-react/dist/esm/icons/list-check.js
Module ID: /Users/pranay/Projects/AIMLGlossary/AIGlossaryPro/node_modules/lucide-react/dist/esm/icons/list-checks.js
✓ Icons chunk matched: /Users/pranay/Projects/AIMLGlossary/AIGlossaryPro/node_modules/lucide-react/dist/esm/icons/list-checks.js
Module ID: /Users/pranay/Projects/AIMLGlossary/AIGlossaryPro/node_modules/lucide-react/dist/esm/icons/list-collapse.js
✓ Icons chunk matched: /Users/pranay/Projects/AIMLGlossary/AIGlossaryPro/node_modules/lucide-react/dist/esm/icons/list-collapse.js
Module ID: /Users/pranay/Projects/AIMLGlossary/AIGlossaryPro/node_modules/lucide-react/dist/esm/icons/list-end.js
✓ Icons chunk matched: /Users/pranay/Projects/AIMLGlossary/AIGlossaryPro/node_modules/lucide-react/dist/esm/icons/list-end.js
Module ID: /Users/pranay/Projects/AIMLGlossary/AIGlossaryPro/node_modules/lucide-react/dist/esm/icons/list-filter.js
✓ Icons chunk matched: /Users/pranay/Projects/AIMLGlossary/AIGlossaryPro/node_modules/lucide-react/dist/esm/icons/list-filter.js
Module ID: /Users/pranay/Projects/AIMLGlossary/AIGlossaryPro/node_modules/lucide-react/dist/esm/icons/list-minus.js
✓ Icons chunk matched: /Users/pranay/Projects/AIMLGlossary/AIGlossaryPro/node_modules/lucide-react/dist/esm/icons/list-minus.js
Module ID: /Users/pranay/Projects/AIMLGlossary/AIGlossaryPro/node_modules/lucide-react/dist/esm/icons/list-music.js
✓ Icons chunk matched: /Users/pranay/Projects/AIMLGlossary/AIGlossaryPro/node_modules/lucide-react/dist/esm/icons/list-music.js
Module ID: /Users/pranay/Projects/AIMLGlossary/AIGlossaryPro/node_modules/lucide-react/dist/esm/icons/list-ordered.js
✓ Icons chunk matched: /Users/pranay/Projects/AIMLGlossary/AIGlossaryPro/node_modules/lucide-react/dist/esm/icons/list-ordered.js
Module ID: /Users/pranay/Projects/AIMLGlossary/AIGlossaryPro/node_modules/lucide-react/dist/esm/icons/list-plus.js
✓ Icons chunk matched: /Users/pranay/Projects/AIMLGlossary/AIGlossaryPro/node_modules/lucide-react/dist/esm/icons/list-plus.js
Module ID: /Users/pranay/Projects/AIMLGlossary/AIGlossaryPro/node_modules/lucide-react/dist/esm/icons/list-restart.js
✓ Icons chunk matched: /Users/pranay/Projects/AIMLGlossary/AIGlossaryPro/node_modules/lucide-react/dist/esm/icons/list-restart.js
Module ID: /Users/pranay/Projects/AIMLGlossary/AIGlossaryPro/node_modules/lucide-react/dist/esm/icons/list-start.js
✓ Icons chunk matched: /Users/pranay/Projects/AIMLGlossary/AIGlossaryPro/node_modules/lucide-react/dist/esm/icons/list-start.js
Module ID: /Users/pranay/Projects/AIMLGlossary/AIGlossaryPro/node_modules/lucide-react/dist/esm/icons/list-todo.js
✓ Icons chunk matched: /Users/pranay/Projects/AIMLGlossary/AIGlossaryPro/node_modules/lucide-react/dist/esm/icons/list-todo.js
Module ID: /Users/pranay/Projects/AIMLGlossary/AIGlossaryPro/node_modules/lucide-react/dist/esm/icons/list-tree.js
✓ Icons chunk matched: /Users/pranay/Projects/AIMLGlossary/AIGlossaryPro/node_modules/lucide-react/dist/esm/icons/list-tree.js
Module ID: /Users/pranay/Projects/AIMLGlossary/AIGlossaryPro/node_modules/lucide-react/dist/esm/icons/list-video.js
✓ Icons chunk matched: /Users/pranay/Projects/AIMLGlossary/AIGlossaryPro/node_modules/lucide-react/dist/esm/icons/list-video.js
Module ID: /Users/pranay/Projects/AIMLGlossary/AIGlossaryPro/node_modules/lucide-react/dist/esm/icons/list-x.js
✓ Icons chunk matched: /Users/pranay/Projects/AIMLGlossary/AIGlossaryPro/node_modules/lucide-react/dist/esm/icons/list-x.js
Module ID: /Users/pranay/Projects/AIMLGlossary/AIGlossaryPro/node_modules/lucide-react/dist/esm/icons/list.js
✓ Icons chunk matched: /Users/pranay/Projects/AIMLGlossary/AIGlossaryPro/node_modules/lucide-react/dist/esm/icons/list.js
Module ID: /Users/pranay/Projects/AIMLGlossary/AIGlossaryPro/node_modules/lucide-react/dist/esm/icons/loader-pinwheel.js
✓ Icons chunk matched: /Users/pranay/Projects/AIMLGlossary/AIGlossaryPro/node_modules/lucide-react/dist/esm/icons/loader-pinwheel.js
Module ID: /Users/pranay/Projects/AIMLGlossary/AIGlossaryPro/node_modules/lucide-react/dist/esm/icons/loader.js
✓ Icons chunk matched: /Users/pranay/Projects/AIMLGlossary/AIGlossaryPro/node_modules/lucide-react/dist/esm/icons/loader.js
Module ID: /Users/pranay/Projects/AIMLGlossary/AIGlossaryPro/node_modules/lucide-react/dist/esm/icons/locate-fixed.js
✓ Icons chunk matched: /Users/pranay/Projects/AIMLGlossary/AIGlossaryPro/node_modules/lucide-react/dist/esm/icons/locate-fixed.js
Module ID: /Users/pranay/Projects/AIMLGlossary/AIGlossaryPro/node_modules/lucide-react/dist/esm/icons/locate-off.js
✓ Icons chunk matched: /Users/pranay/Projects/AIMLGlossary/AIGlossaryPro/node_modules/lucide-react/dist/esm/icons/locate-off.js
Module ID: /Users/pranay/Projects/AIMLGlossary/AIGlossaryPro/node_modules/lucide-react/dist/esm/icons/locate.js
✓ Icons chunk matched: /Users/pranay/Projects/AIMLGlossary/AIGlossaryPro/node_modules/lucide-react/dist/esm/icons/locate.js
Module ID: /Users/pranay/Projects/AIMLGlossary/AIGlossaryPro/node_modules/lucide-react/dist/esm/icons/lock-keyhole.js
✓ Icons chunk matched: /Users/pranay/Projects/AIMLGlossary/AIGlossaryPro/node_modules/lucide-react/dist/esm/icons/lock-keyhole.js
Module ID: /Users/pranay/Projects/AIMLGlossary/AIGlossaryPro/node_modules/lucide-react/dist/esm/icons/lock.js
✓ Icons chunk matched: /Users/pranay/Projects/AIMLGlossary/AIGlossaryPro/node_modules/lucide-react/dist/esm/icons/lock.js
Module ID: /Users/pranay/Projects/AIMLGlossary/AIGlossaryPro/node_modules/lucide-react/dist/esm/icons/log-in.js
✓ Icons chunk matched: /Users/pranay/Projects/AIMLGlossary/AIGlossaryPro/node_modules/lucide-react/dist/esm/icons/log-in.js
Module ID: /Users/pranay/Projects/AIMLGlossary/AIGlossaryPro/node_modules/lucide-react/dist/esm/icons/log-out.js
✓ Icons chunk matched: /Users/pranay/Projects/AIMLGlossary/AIGlossaryPro/node_modules/lucide-react/dist/esm/icons/log-out.js
Module ID: /Users/pranay/Projects/AIMLGlossary/AIGlossaryPro/node_modules/lucide-react/dist/esm/icons/logs.js
✓ Icons chunk matched: /Users/pranay/Projects/AIMLGlossary/AIGlossaryPro/node_modules/lucide-react/dist/esm/icons/logs.js
Module ID: /Users/pranay/Projects/AIMLGlossary/AIGlossaryPro/node_modules/lucide-react/dist/esm/icons/lollipop.js
✓ Icons chunk matched: /Users/pranay/Projects/AIMLGlossary/AIGlossaryPro/node_modules/lucide-react/dist/esm/icons/lollipop.js
Module ID: /Users/pranay/Projects/AIMLGlossary/AIGlossaryPro/node_modules/lucide-react/dist/esm/icons/luggage.js
✓ Icons chunk matched: /Users/pranay/Projects/AIMLGlossary/AIGlossaryPro/node_modules/lucide-react/dist/esm/icons/luggage.js
Module ID: /Users/pranay/Projects/AIMLGlossary/AIGlossaryPro/node_modules/lucide-react/dist/esm/icons/magnet.js
✓ Icons chunk matched: /Users/pranay/Projects/AIMLGlossary/AIGlossaryPro/node_modules/lucide-react/dist/esm/icons/magnet.js
Module ID: /Users/pranay/Projects/AIMLGlossary/AIGlossaryPro/node_modules/lucide-react/dist/esm/icons/mail-check.js
✓ Icons chunk matched: /Users/pranay/Projects/AIMLGlossary/AIGlossaryPro/node_modules/lucide-react/dist/esm/icons/mail-check.js
Module ID: /Users/pranay/Projects/AIMLGlossary/AIGlossaryPro/node_modules/lucide-react/dist/esm/icons/mail-minus.js
✓ Icons chunk matched: /Users/pranay/Projects/AIMLGlossary/AIGlossaryPro/node_modules/lucide-react/dist/esm/icons/mail-minus.js
Module ID: /Users/pranay/Projects/AIMLGlossary/AIGlossaryPro/node_modules/lucide-react/dist/esm/icons/mail-open.js
✓ Icons chunk matched: /Users/pranay/Projects/AIMLGlossary/AIGlossaryPro/node_modules/lucide-react/dist/esm/icons/mail-open.js
Module ID: /Users/pranay/Projects/AIMLGlossary/AIGlossaryPro/node_modules/lucide-react/dist/esm/icons/mail-plus.js
✓ Icons chunk matched: /Users/pranay/Projects/AIMLGlossary/AIGlossaryPro/node_modules/lucide-react/dist/esm/icons/mail-plus.js
Module ID: /Users/pranay/Projects/AIMLGlossary/AIGlossaryPro/node_modules/lucide-react/dist/esm/icons/mail-question.js
✓ Icons chunk matched: /Users/pranay/Projects/AIMLGlossary/AIGlossaryPro/node_modules/lucide-react/dist/esm/icons/mail-question.js
Module ID: /Users/pranay/Projects/AIMLGlossary/AIGlossaryPro/node_modules/lucide-react/dist/esm/icons/mail-search.js
✓ Icons chunk matched: /Users/pranay/Projects/AIMLGlossary/AIGlossaryPro/node_modules/lucide-react/dist/esm/icons/mail-search.js
Module ID: /Users/pranay/Projects/AIMLGlossary/AIGlossaryPro/node_modules/lucide-react/dist/esm/icons/mail-warning.js
✓ Icons chunk matched: /Users/pranay/Projects/AIMLGlossary/AIGlossaryPro/node_modules/lucide-react/dist/esm/icons/mail-warning.js
Module ID: /Users/pranay/Projects/AIMLGlossary/AIGlossaryPro/node_modules/lucide-react/dist/esm/icons/mail-x.js
✓ Icons chunk matched: /Users/pranay/Projects/AIMLGlossary/AIGlossaryPro/node_modules/lucide-react/dist/esm/icons/mail-x.js
Module ID: /Users/pranay/Projects/AIMLGlossary/AIGlossaryPro/node_modules/lucide-react/dist/esm/icons/mail.js
✓ Icons chunk matched: /Users/pranay/Projects/AIMLGlossary/AIGlossaryPro/node_modules/lucide-react/dist/esm/icons/mail.js
Module ID: /Users/pranay/Projects/AIMLGlossary/AIGlossaryPro/node_modules/lucide-react/dist/esm/icons/mailbox.js
✓ Icons chunk matched: /Users/pranay/Projects/AIMLGlossary/AIGlossaryPro/node_modules/lucide-react/dist/esm/icons/mailbox.js
Module ID: /Users/pranay/Projects/AIMLGlossary/AIGlossaryPro/node_modules/lucide-react/dist/esm/icons/mails.js
✓ Icons chunk matched: /Users/pranay/Projects/AIMLGlossary/AIGlossaryPro/node_modules/lucide-react/dist/esm/icons/mails.js
Module ID: /Users/pranay/Projects/AIMLGlossary/AIGlossaryPro/node_modules/lucide-react/dist/esm/icons/map-pin-check-inside.js
✓ Icons chunk matched: /Users/pranay/Projects/AIMLGlossary/AIGlossaryPro/node_modules/lucide-react/dist/esm/icons/map-pin-check-inside.js
Module ID: /Users/pranay/Projects/AIMLGlossary/AIGlossaryPro/node_modules/lucide-react/dist/esm/icons/map-pin-check.js
✓ Icons chunk matched: /Users/pranay/Projects/AIMLGlossary/AIGlossaryPro/node_modules/lucide-react/dist/esm/icons/map-pin-check.js
Module ID: /Users/pranay/Projects/AIMLGlossary/AIGlossaryPro/node_modules/lucide-react/dist/esm/icons/map-pin-house.js
✓ Icons chunk matched: /Users/pranay/Projects/AIMLGlossary/AIGlossaryPro/node_modules/lucide-react/dist/esm/icons/map-pin-house.js
Module ID: /Users/pranay/Projects/AIMLGlossary/AIGlossaryPro/node_modules/lucide-react/dist/esm/icons/map-pin-minus-inside.js
✓ Icons chunk matched: /Users/pranay/Projects/AIMLGlossary/AIGlossaryPro/node_modules/lucide-react/dist/esm/icons/map-pin-minus-inside.js
Module ID: /Users/pranay/Projects/AIMLGlossary/AIGlossaryPro/node_modules/lucide-react/dist/esm/icons/map-pin-minus.js
✓ Icons chunk matched: /Users/pranay/Projects/AIMLGlossary/AIGlossaryPro/node_modules/lucide-react/dist/esm/icons/map-pin-minus.js
Module ID: /Users/pranay/Projects/AIMLGlossary/AIGlossaryPro/node_modules/lucide-react/dist/esm/icons/map-pin-off.js
✓ Icons chunk matched: /Users/pranay/Projects/AIMLGlossary/AIGlossaryPro/node_modules/lucide-react/dist/esm/icons/map-pin-off.js
Module ID: /Users/pranay/Projects/AIMLGlossary/AIGlossaryPro/node_modules/lucide-react/dist/esm/icons/map-pin-plus-inside.js
✓ Icons chunk matched: /Users/pranay/Projects/AIMLGlossary/AIGlossaryPro/node_modules/lucide-react/dist/esm/icons/map-pin-plus-inside.js
Module ID: /Users/pranay/Projects/AIMLGlossary/AIGlossaryPro/node_modules/lucide-react/dist/esm/icons/map-pin-plus.js
✓ Icons chunk matched: /Users/pranay/Projects/AIMLGlossary/AIGlossaryPro/node_modules/lucide-react/dist/esm/icons/map-pin-plus.js
Module ID: /Users/pranay/Projects/AIMLGlossary/AIGlossaryPro/node_modules/lucide-react/dist/esm/icons/map-pin-x-inside.js
✓ Icons chunk matched: /Users/pranay/Projects/AIMLGlossary/AIGlossaryPro/node_modules/lucide-react/dist/esm/icons/map-pin-x-inside.js
Module ID: /Users/pranay/Projects/AIMLGlossary/AIGlossaryPro/node_modules/lucide-react/dist/esm/icons/map-pin-x.js
✓ Icons chunk matched: /Users/pranay/Projects/AIMLGlossary/AIGlossaryPro/node_modules/lucide-react/dist/esm/icons/map-pin-x.js
Module ID: /Users/pranay/Projects/AIMLGlossary/AIGlossaryPro/node_modules/lucide-react/dist/esm/icons/map-pin.js
✓ Icons chunk matched: /Users/pranay/Projects/AIMLGlossary/AIGlossaryPro/node_modules/lucide-react/dist/esm/icons/map-pin.js
Module ID: /Users/pranay/Projects/AIMLGlossary/AIGlossaryPro/node_modules/lucide-react/dist/esm/icons/map-pinned.js
✓ Icons chunk matched: /Users/pranay/Projects/AIMLGlossary/AIGlossaryPro/node_modules/lucide-react/dist/esm/icons/map-pinned.js
Module ID: /Users/pranay/Projects/AIMLGlossary/AIGlossaryPro/node_modules/lucide-react/dist/esm/icons/map.js
✓ Icons chunk matched: /Users/pranay/Projects/AIMLGlossary/AIGlossaryPro/node_modules/lucide-react/dist/esm/icons/map.js
Module ID: /Users/pranay/Projects/AIMLGlossary/AIGlossaryPro/node_modules/lucide-react/dist/esm/icons/martini.js
✓ Icons chunk matched: /Users/pranay/Projects/AIMLGlossary/AIGlossaryPro/node_modules/lucide-react/dist/esm/icons/martini.js
Module ID: /Users/pranay/Projects/AIMLGlossary/AIGlossaryPro/node_modules/lucide-react/dist/esm/icons/maximize-2.js
✓ Icons chunk matched: /Users/pranay/Projects/AIMLGlossary/AIGlossaryPro/node_modules/lucide-react/dist/esm/icons/maximize-2.js
Module ID: /Users/pranay/Projects/AIMLGlossary/AIGlossaryPro/node_modules/lucide-react/dist/esm/icons/maximize.js
✓ Icons chunk matched: /Users/pranay/Projects/AIMLGlossary/AIGlossaryPro/node_modules/lucide-react/dist/esm/icons/maximize.js
Module ID: /Users/pranay/Projects/AIMLGlossary/AIGlossaryPro/node_modules/lucide-react/dist/esm/icons/medal.js
✓ Icons chunk matched: /Users/pranay/Projects/AIMLGlossary/AIGlossaryPro/node_modules/lucide-react/dist/esm/icons/medal.js
Module ID: /Users/pranay/Projects/AIMLGlossary/AIGlossaryPro/node_modules/lucide-react/dist/esm/icons/megaphone-off.js
✓ Icons chunk matched: /Users/pranay/Projects/AIMLGlossary/AIGlossaryPro/node_modules/lucide-react/dist/esm/icons/megaphone-off.js
Module ID: /Users/pranay/Projects/AIMLGlossary/AIGlossaryPro/node_modules/lucide-react/dist/esm/icons/megaphone.js
✓ Icons chunk matched: /Users/pranay/Projects/AIMLGlossary/AIGlossaryPro/node_modules/lucide-react/dist/esm/icons/megaphone.js
Module ID: /Users/pranay/Projects/AIMLGlossary/AIGlossaryPro/node_modules/lucide-react/dist/esm/icons/meh.js
✓ Icons chunk matched: /Users/pranay/Projects/AIMLGlossary/AIGlossaryPro/node_modules/lucide-react/dist/esm/icons/meh.js
Module ID: /Users/pranay/Projects/AIMLGlossary/AIGlossaryPro/node_modules/lucide-react/dist/esm/icons/memory-stick.js
✓ Icons chunk matched: /Users/pranay/Projects/AIMLGlossary/AIGlossaryPro/node_modules/lucide-react/dist/esm/icons/memory-stick.js
Module ID: /Users/pranay/Projects/AIMLGlossary/AIGlossaryPro/node_modules/lucide-react/dist/esm/icons/menu.js
✓ Icons chunk matched: /Users/pranay/Projects/AIMLGlossary/AIGlossaryPro/node_modules/lucide-react/dist/esm/icons/menu.js
Module ID: /Users/pranay/Projects/AIMLGlossary/AIGlossaryPro/node_modules/lucide-react/dist/esm/icons/merge.js
✓ Icons chunk matched: /Users/pranay/Projects/AIMLGlossary/AIGlossaryPro/node_modules/lucide-react/dist/esm/icons/merge.js
Module ID: /Users/pranay/Projects/AIMLGlossary/AIGlossaryPro/node_modules/lucide-react/dist/esm/icons/message-circle-code.js
✓ Icons chunk matched: /Users/pranay/Projects/AIMLGlossary/AIGlossaryPro/node_modules/lucide-react/dist/esm/icons/message-circle-code.js
Module ID: /Users/pranay/Projects/AIMLGlossary/AIGlossaryPro/node_modules/lucide-react/dist/esm/icons/message-circle-dashed.js
✓ Icons chunk matched: /Users/pranay/Projects/AIMLGlossary/AIGlossaryPro/node_modules/lucide-react/dist/esm/icons/message-circle-dashed.js
Module ID: /Users/pranay/Projects/AIMLGlossary/AIGlossaryPro/node_modules/lucide-react/dist/esm/icons/message-circle-heart.js
✓ Icons chunk matched: /Users/pranay/Projects/AIMLGlossary/AIGlossaryPro/node_modules/lucide-react/dist/esm/icons/message-circle-heart.js
Module ID: /Users/pranay/Projects/AIMLGlossary/AIGlossaryPro/node_modules/lucide-react/dist/esm/icons/message-circle-more.js
✓ Icons chunk matched: /Users/pranay/Projects/AIMLGlossary/AIGlossaryPro/node_modules/lucide-react/dist/esm/icons/message-circle-more.js
Module ID: /Users/pranay/Projects/AIMLGlossary/AIGlossaryPro/node_modules/lucide-react/dist/esm/icons/message-circle-off.js
✓ Icons chunk matched: /Users/pranay/Projects/AIMLGlossary/AIGlossaryPro/node_modules/lucide-react/dist/esm/icons/message-circle-off.js
Module ID: /Users/pranay/Projects/AIMLGlossary/AIGlossaryPro/node_modules/lucide-react/dist/esm/icons/message-circle-plus.js
✓ Icons chunk matched: /Users/pranay/Projects/AIMLGlossary/AIGlossaryPro/node_modules/lucide-react/dist/esm/icons/message-circle-plus.js
Module ID: /Users/pranay/Projects/AIMLGlossary/AIGlossaryPro/node_modules/lucide-react/dist/esm/icons/message-circle-question.js
✓ Icons chunk matched: /Users/pranay/Projects/AIMLGlossary/AIGlossaryPro/node_modules/lucide-react/dist/esm/icons/message-circle-question.js
Module ID: /Users/pranay/Projects/AIMLGlossary/AIGlossaryPro/node_modules/lucide-react/dist/esm/icons/message-circle-reply.js
✓ Icons chunk matched: /Users/pranay/Projects/AIMLGlossary/AIGlossaryPro/node_modules/lucide-react/dist/esm/icons/message-circle-reply.js
Module ID: /Users/pranay/Projects/AIMLGlossary/AIGlossaryPro/node_modules/lucide-react/dist/esm/icons/message-circle-warning.js
✓ Icons chunk matched: /Users/pranay/Projects/AIMLGlossary/AIGlossaryPro/node_modules/lucide-react/dist/esm/icons/message-circle-warning.js
Module ID: /Users/pranay/Projects/AIMLGlossary/AIGlossaryPro/node_modules/lucide-react/dist/esm/icons/message-circle-x.js
✓ Icons chunk matched: /Users/pranay/Projects/AIMLGlossary/AIGlossaryPro/node_modules/lucide-react/dist/esm/icons/message-circle-x.js
Module ID: /Users/pranay/Projects/AIMLGlossary/AIGlossaryPro/node_modules/lucide-react/dist/esm/icons/message-circle.js
✓ Icons chunk matched: /Users/pranay/Projects/AIMLGlossary/AIGlossaryPro/node_modules/lucide-react/dist/esm/icons/message-circle.js
Module ID: /Users/pranay/Projects/AIMLGlossary/AIGlossaryPro/node_modules/lucide-react/dist/esm/icons/message-square-code.js
✓ Icons chunk matched: /Users/pranay/Projects/AIMLGlossary/AIGlossaryPro/node_modules/lucide-react/dist/esm/icons/message-square-code.js
Module ID: /Users/pranay/Projects/AIMLGlossary/AIGlossaryPro/node_modules/lucide-react/dist/esm/icons/message-square-dashed.js
✓ Icons chunk matched: /Users/pranay/Projects/AIMLGlossary/AIGlossaryPro/node_modules/lucide-react/dist/esm/icons/message-square-dashed.js
Module ID: /Users/pranay/Projects/AIMLGlossary/AIGlossaryPro/node_modules/lucide-react/dist/esm/icons/message-square-diff.js
✓ Icons chunk matched: /Users/pranay/Projects/AIMLGlossary/AIGlossaryPro/node_modules/lucide-react/dist/esm/icons/message-square-diff.js
Module ID: /Users/pranay/Projects/AIMLGlossary/AIGlossaryPro/node_modules/lucide-react/dist/esm/icons/message-square-dot.js
✓ Icons chunk matched: /Users/pranay/Projects/AIMLGlossary/AIGlossaryPro/node_modules/lucide-react/dist/esm/icons/message-square-dot.js
Module ID: /Users/pranay/Projects/AIMLGlossary/AIGlossaryPro/node_modules/lucide-react/dist/esm/icons/message-square-heart.js
✓ Icons chunk matched: /Users/pranay/Projects/AIMLGlossary/AIGlossaryPro/node_modules/lucide-react/dist/esm/icons/message-square-heart.js
Module ID: /Users/pranay/Projects/AIMLGlossary/AIGlossaryPro/node_modules/lucide-react/dist/esm/icons/message-square-lock.js
✓ Icons chunk matched: /Users/pranay/Projects/AIMLGlossary/AIGlossaryPro/node_modules/lucide-react/dist/esm/icons/message-square-lock.js
Module ID: /Users/pranay/Projects/AIMLGlossary/AIGlossaryPro/node_modules/lucide-react/dist/esm/icons/message-square-more.js
✓ Icons chunk matched: /Users/pranay/Projects/AIMLGlossary/AIGlossaryPro/node_modules/lucide-react/dist/esm/icons/message-square-more.js
Module ID: /Users/pranay/Projects/AIMLGlossary/AIGlossaryPro/node_modules/lucide-react/dist/esm/icons/message-square-off.js
✓ Icons chunk matched: /Users/pranay/Projects/AIMLGlossary/AIGlossaryPro/node_modules/lucide-react/dist/esm/icons/message-square-off.js
Module ID: /Users/pranay/Projects/AIMLGlossary/AIGlossaryPro/node_modules/lucide-react/dist/esm/icons/message-square-plus.js
✓ Icons chunk matched: /Users/pranay/Projects/AIMLGlossary/AIGlossaryPro/node_modules/lucide-react/dist/esm/icons/message-square-plus.js
Module ID: /Users/pranay/Projects/AIMLGlossary/AIGlossaryPro/node_modules/lucide-react/dist/esm/icons/message-square-quote.js
✓ Icons chunk matched: /Users/pranay/Projects/AIMLGlossary/AIGlossaryPro/node_modules/lucide-react/dist/esm/icons/message-square-quote.js
Module ID: /Users/pranay/Projects/AIMLGlossary/AIGlossaryPro/node_modules/lucide-react/dist/esm/icons/message-square-reply.js
✓ Icons chunk matched: /Users/pranay/Projects/AIMLGlossary/AIGlossaryPro/node_modules/lucide-react/dist/esm/icons/message-square-reply.js
Module ID: /Users/pranay/Projects/AIMLGlossary/AIGlossaryPro/node_modules/lucide-react/dist/esm/icons/message-square-share.js
✓ Icons chunk matched: /Users/pranay/Projects/AIMLGlossary/AIGlossaryPro/node_modules/lucide-react/dist/esm/icons/message-square-share.js
Module ID: /Users/pranay/Projects/AIMLGlossary/AIGlossaryPro/node_modules/lucide-react/dist/esm/icons/message-square-text.js
✓ Icons chunk matched: /Users/pranay/Projects/AIMLGlossary/AIGlossaryPro/node_modules/lucide-react/dist/esm/icons/message-square-text.js
Module ID: /Users/pranay/Projects/AIMLGlossary/AIGlossaryPro/node_modules/lucide-react/dist/esm/icons/message-square-warning.js
✓ Icons chunk matched: /Users/pranay/Projects/AIMLGlossary/AIGlossaryPro/node_modules/lucide-react/dist/esm/icons/message-square-warning.js
Module ID: /Users/pranay/Projects/AIMLGlossary/AIGlossaryPro/node_modules/lucide-react/dist/esm/icons/message-square-x.js
✓ Icons chunk matched: /Users/pranay/Projects/AIMLGlossary/AIGlossaryPro/node_modules/lucide-react/dist/esm/icons/message-square-x.js
Module ID: /Users/pranay/Projects/AIMLGlossary/AIGlossaryPro/node_modules/lucide-react/dist/esm/icons/message-square.js
✓ Icons chunk matched: /Users/pranay/Projects/AIMLGlossary/AIGlossaryPro/node_modules/lucide-react/dist/esm/icons/message-square.js
Module ID: /Users/pranay/Projects/AIMLGlossary/AIGlossaryPro/node_modules/lucide-react/dist/esm/icons/messages-square.js
✓ Icons chunk matched: /Users/pranay/Projects/AIMLGlossary/AIGlossaryPro/node_modules/lucide-react/dist/esm/icons/messages-square.js
Module ID: /Users/pranay/Projects/AIMLGlossary/AIGlossaryPro/node_modules/lucide-react/dist/esm/icons/mic-off.js
✓ Icons chunk matched: /Users/pranay/Projects/AIMLGlossary/AIGlossaryPro/node_modules/lucide-react/dist/esm/icons/mic-off.js
Module ID: /Users/pranay/Projects/AIMLGlossary/AIGlossaryPro/node_modules/lucide-react/dist/esm/icons/mic.js
✓ Icons chunk matched: /Users/pranay/Projects/AIMLGlossary/AIGlossaryPro/node_modules/lucide-react/dist/esm/icons/mic.js
Module ID: /Users/pranay/Projects/AIMLGlossary/AIGlossaryPro/node_modules/lucide-react/dist/esm/icons/microchip.js
✓ Icons chunk matched: /Users/pranay/Projects/AIMLGlossary/AIGlossaryPro/node_modules/lucide-react/dist/esm/icons/microchip.js
Module ID: /Users/pranay/Projects/AIMLGlossary/AIGlossaryPro/node_modules/lucide-react/dist/esm/icons/microscope.js
✓ Icons chunk matched: /Users/pranay/Projects/AIMLGlossary/AIGlossaryPro/node_modules/lucide-react/dist/esm/icons/microscope.js
Module ID: /Users/pranay/Projects/AIMLGlossary/AIGlossaryPro/node_modules/lucide-react/dist/esm/icons/microwave.js
✓ Icons chunk matched: /Users/pranay/Projects/AIMLGlossary/AIGlossaryPro/node_modules/lucide-react/dist/esm/icons/microwave.js
Module ID: /Users/pranay/Projects/AIMLGlossary/AIGlossaryPro/node_modules/lucide-react/dist/esm/icons/milestone.js
✓ Icons chunk matched: /Users/pranay/Projects/AIMLGlossary/AIGlossaryPro/node_modules/lucide-react/dist/esm/icons/milestone.js
Module ID: /Users/pranay/Projects/AIMLGlossary/AIGlossaryPro/node_modules/lucide-react/dist/esm/icons/milk-off.js
✓ Icons chunk matched: /Users/pranay/Projects/AIMLGlossary/AIGlossaryPro/node_modules/lucide-react/dist/esm/icons/milk-off.js
Module ID: /Users/pranay/Projects/AIMLGlossary/AIGlossaryPro/node_modules/lucide-react/dist/esm/icons/milk.js
✓ Icons chunk matched: /Users/pranay/Projects/AIMLGlossary/AIGlossaryPro/node_modules/lucide-react/dist/esm/icons/milk.js
Module ID: /Users/pranay/Projects/AIMLGlossary/AIGlossaryPro/node_modules/lucide-react/dist/esm/icons/minimize-2.js
✓ Icons chunk matched: /Users/pranay/Projects/AIMLGlossary/AIGlossaryPro/node_modules/lucide-react/dist/esm/icons/minimize-2.js
Module ID: /Users/pranay/Projects/AIMLGlossary/AIGlossaryPro/node_modules/lucide-react/dist/esm/icons/minimize.js
✓ Icons chunk matched: /Users/pranay/Projects/AIMLGlossary/AIGlossaryPro/node_modules/lucide-react/dist/esm/icons/minimize.js
Module ID: /Users/pranay/Projects/AIMLGlossary/AIGlossaryPro/node_modules/lucide-react/dist/esm/icons/minus.js
✓ Icons chunk matched: /Users/pranay/Projects/AIMLGlossary/AIGlossaryPro/node_modules/lucide-react/dist/esm/icons/minus.js
Module ID: /Users/pranay/Projects/AIMLGlossary/AIGlossaryPro/node_modules/lucide-react/dist/esm/icons/monitor-check.js
✓ Icons chunk matched: /Users/pranay/Projects/AIMLGlossary/AIGlossaryPro/node_modules/lucide-react/dist/esm/icons/monitor-check.js
Module ID: /Users/pranay/Projects/AIMLGlossary/AIGlossaryPro/node_modules/lucide-react/dist/esm/icons/monitor-cog.js
✓ Icons chunk matched: /Users/pranay/Projects/AIMLGlossary/AIGlossaryPro/node_modules/lucide-react/dist/esm/icons/monitor-cog.js
Module ID: /Users/pranay/Projects/AIMLGlossary/AIGlossaryPro/node_modules/lucide-react/dist/esm/icons/monitor-dot.js
✓ Icons chunk matched: /Users/pranay/Projects/AIMLGlossary/AIGlossaryPro/node_modules/lucide-react/dist/esm/icons/monitor-dot.js
Module ID: /Users/pranay/Projects/AIMLGlossary/AIGlossaryPro/node_modules/lucide-react/dist/esm/icons/monitor-down.js
✓ Icons chunk matched: /Users/pranay/Projects/AIMLGlossary/AIGlossaryPro/node_modules/lucide-react/dist/esm/icons/monitor-down.js
Module ID: /Users/pranay/Projects/AIMLGlossary/AIGlossaryPro/node_modules/lucide-react/dist/esm/icons/monitor-off.js
✓ Icons chunk matched: /Users/pranay/Projects/AIMLGlossary/AIGlossaryPro/node_modules/lucide-react/dist/esm/icons/monitor-off.js
Module ID: /Users/pranay/Projects/AIMLGlossary/AIGlossaryPro/node_modules/lucide-react/dist/esm/icons/monitor-pause.js
✓ Icons chunk matched: /Users/pranay/Projects/AIMLGlossary/AIGlossaryPro/node_modules/lucide-react/dist/esm/icons/monitor-pause.js
Module ID: /Users/pranay/Projects/AIMLGlossary/AIGlossaryPro/node_modules/lucide-react/dist/esm/icons/monitor-play.js
✓ Icons chunk matched: /Users/pranay/Projects/AIMLGlossary/AIGlossaryPro/node_modules/lucide-react/dist/esm/icons/monitor-play.js
Module ID: /Users/pranay/Projects/AIMLGlossary/AIGlossaryPro/node_modules/lucide-react/dist/esm/icons/monitor-smartphone.js
✓ Icons chunk matched: /Users/pranay/Projects/AIMLGlossary/AIGlossaryPro/node_modules/lucide-react/dist/esm/icons/monitor-smartphone.js
Module ID: /Users/pranay/Projects/AIMLGlossary/AIGlossaryPro/node_modules/lucide-react/dist/esm/icons/monitor-speaker.js
✓ Icons chunk matched: /Users/pranay/Projects/AIMLGlossary/AIGlossaryPro/node_modules/lucide-react/dist/esm/icons/monitor-speaker.js
Module ID: /Users/pranay/Projects/AIMLGlossary/AIGlossaryPro/node_modules/lucide-react/dist/esm/icons/monitor-stop.js
✓ Icons chunk matched: /Users/pranay/Projects/AIMLGlossary/AIGlossaryPro/node_modules/lucide-react/dist/esm/icons/monitor-stop.js
Module ID: /Users/pranay/Projects/AIMLGlossary/AIGlossaryPro/node_modules/lucide-react/dist/esm/icons/monitor-up.js
✓ Icons chunk matched: /Users/pranay/Projects/AIMLGlossary/AIGlossaryPro/node_modules/lucide-react/dist/esm/icons/monitor-up.js
Module ID: /Users/pranay/Projects/AIMLGlossary/AIGlossaryPro/node_modules/lucide-react/dist/esm/icons/monitor-x.js
✓ Icons chunk matched: /Users/pranay/Projects/AIMLGlossary/AIGlossaryPro/node_modules/lucide-react/dist/esm/icons/monitor-x.js
Module ID: /Users/pranay/Projects/AIMLGlossary/AIGlossaryPro/node_modules/lucide-react/dist/esm/icons/monitor.js
✓ Icons chunk matched: /Users/pranay/Projects/AIMLGlossary/AIGlossaryPro/node_modules/lucide-react/dist/esm/icons/monitor.js
Module ID: /Users/pranay/Projects/AIMLGlossary/AIGlossaryPro/node_modules/lucide-react/dist/esm/icons/moon-star.js
✓ Icons chunk matched: /Users/pranay/Projects/AIMLGlossary/AIGlossaryPro/node_modules/lucide-react/dist/esm/icons/moon-star.js
Module ID: /Users/pranay/Projects/AIMLGlossary/AIGlossaryPro/node_modules/lucide-react/dist/esm/icons/moon.js
✓ Icons chunk matched: /Users/pranay/Projects/AIMLGlossary/AIGlossaryPro/node_modules/lucide-react/dist/esm/icons/moon.js
Module ID: /Users/pranay/Projects/AIMLGlossary/AIGlossaryPro/node_modules/lucide-react/dist/esm/icons/mountain-snow.js
✓ Icons chunk matched: /Users/pranay/Projects/AIMLGlossary/AIGlossaryPro/node_modules/lucide-react/dist/esm/icons/mountain-snow.js
Module ID: /Users/pranay/Projects/AIMLGlossary/AIGlossaryPro/node_modules/lucide-react/dist/esm/icons/mountain.js
✓ Icons chunk matched: /Users/pranay/Projects/AIMLGlossary/AIGlossaryPro/node_modules/lucide-react/dist/esm/icons/mountain.js
Module ID: /Users/pranay/Projects/AIMLGlossary/AIGlossaryPro/node_modules/lucide-react/dist/esm/icons/mouse-off.js
✓ Icons chunk matched: /Users/pranay/Projects/AIMLGlossary/AIGlossaryPro/node_modules/lucide-react/dist/esm/icons/mouse-off.js
Module ID: /Users/pranay/Projects/AIMLGlossary/AIGlossaryPro/node_modules/lucide-react/dist/esm/icons/mouse-pointer-2.js
✓ Icons chunk matched: /Users/pranay/Projects/AIMLGlossary/AIGlossaryPro/node_modules/lucide-react/dist/esm/icons/mouse-pointer-2.js
Module ID: /Users/pranay/Projects/AIMLGlossary/AIGlossaryPro/node_modules/lucide-react/dist/esm/icons/mouse-pointer-ban.js
✓ Icons chunk matched: /Users/pranay/Projects/AIMLGlossary/AIGlossaryPro/node_modules/lucide-react/dist/esm/icons/mouse-pointer-ban.js
Module ID: /Users/pranay/Projects/AIMLGlossary/AIGlossaryPro/node_modules/lucide-react/dist/esm/icons/mouse-pointer-click.js
✓ Icons chunk matched: /Users/pranay/Projects/AIMLGlossary/AIGlossaryPro/node_modules/lucide-react/dist/esm/icons/mouse-pointer-click.js
Module ID: /Users/pranay/Projects/AIMLGlossary/AIGlossaryPro/node_modules/lucide-react/dist/esm/icons/mouse-pointer.js
✓ Icons chunk matched: /Users/pranay/Projects/AIMLGlossary/AIGlossaryPro/node_modules/lucide-react/dist/esm/icons/mouse-pointer.js
Module ID: /Users/pranay/Projects/AIMLGlossary/AIGlossaryPro/node_modules/lucide-react/dist/esm/icons/mouse.js
✓ Icons chunk matched: /Users/pranay/Projects/AIMLGlossary/AIGlossaryPro/node_modules/lucide-react/dist/esm/icons/mouse.js
Module ID: /Users/pranay/Projects/AIMLGlossary/AIGlossaryPro/node_modules/lucide-react/dist/esm/icons/move-diagonal-2.js
✓ Icons chunk matched: /Users/pranay/Projects/AIMLGlossary/AIGlossaryPro/node_modules/lucide-react/dist/esm/icons/move-diagonal-2.js
Module ID: /Users/pranay/Projects/AIMLGlossary/AIGlossaryPro/node_modules/lucide-react/dist/esm/icons/move-diagonal.js
✓ Icons chunk matched: /Users/pranay/Projects/AIMLGlossary/AIGlossaryPro/node_modules/lucide-react/dist/esm/icons/move-diagonal.js
Module ID: /Users/pranay/Projects/AIMLGlossary/AIGlossaryPro/node_modules/lucide-react/dist/esm/icons/move-down-left.js
✓ Icons chunk matched: /Users/pranay/Projects/AIMLGlossary/AIGlossaryPro/node_modules/lucide-react/dist/esm/icons/move-down-left.js
Module ID: /Users/pranay/Projects/AIMLGlossary/AIGlossaryPro/node_modules/lucide-react/dist/esm/icons/move-down-right.js
✓ Icons chunk matched: /Users/pranay/Projects/AIMLGlossary/AIGlossaryPro/node_modules/lucide-react/dist/esm/icons/move-down-right.js
Module ID: /Users/pranay/Projects/AIMLGlossary/AIGlossaryPro/node_modules/lucide-react/dist/esm/icons/move-down.js
✓ Icons chunk matched: /Users/pranay/Projects/AIMLGlossary/AIGlossaryPro/node_modules/lucide-react/dist/esm/icons/move-down.js
Module ID: /Users/pranay/Projects/AIMLGlossary/AIGlossaryPro/node_modules/lucide-react/dist/esm/icons/move-horizontal.js
✓ Icons chunk matched: /Users/pranay/Projects/AIMLGlossary/AIGlossaryPro/node_modules/lucide-react/dist/esm/icons/move-horizontal.js
Module ID: /Users/pranay/Projects/AIMLGlossary/AIGlossaryPro/node_modules/lucide-react/dist/esm/icons/move-left.js
✓ Icons chunk matched: /Users/pranay/Projects/AIMLGlossary/AIGlossaryPro/node_modules/lucide-react/dist/esm/icons/move-left.js
Module ID: /Users/pranay/Projects/AIMLGlossary/AIGlossaryPro/node_modules/lucide-react/dist/esm/icons/move-right.js
✓ Icons chunk matched: /Users/pranay/Projects/AIMLGlossary/AIGlossaryPro/node_modules/lucide-react/dist/esm/icons/move-right.js
Module ID: /Users/pranay/Projects/AIMLGlossary/AIGlossaryPro/node_modules/lucide-react/dist/esm/icons/move-up-left.js
✓ Icons chunk matched: /Users/pranay/Projects/AIMLGlossary/AIGlossaryPro/node_modules/lucide-react/dist/esm/icons/move-up-left.js
Module ID: /Users/pranay/Projects/AIMLGlossary/AIGlossaryPro/node_modules/lucide-react/dist/esm/icons/move-up-right.js
✓ Icons chunk matched: /Users/pranay/Projects/AIMLGlossary/AIGlossaryPro/node_modules/lucide-react/dist/esm/icons/move-up-right.js
Module ID: /Users/pranay/Projects/AIMLGlossary/AIGlossaryPro/node_modules/lucide-react/dist/esm/icons/move-up.js
✓ Icons chunk matched: /Users/pranay/Projects/AIMLGlossary/AIGlossaryPro/node_modules/lucide-react/dist/esm/icons/move-up.js
Module ID: /Users/pranay/Projects/AIMLGlossary/AIGlossaryPro/node_modules/lucide-react/dist/esm/icons/move-vertical.js
✓ Icons chunk matched: /Users/pranay/Projects/AIMLGlossary/AIGlossaryPro/node_modules/lucide-react/dist/esm/icons/move-vertical.js
Module ID: /Users/pranay/Projects/AIMLGlossary/AIGlossaryPro/node_modules/lucide-react/dist/esm/icons/move.js
✓ Icons chunk matched: /Users/pranay/Projects/AIMLGlossary/AIGlossaryPro/node_modules/lucide-react/dist/esm/icons/move.js
Module ID: /Users/pranay/Projects/AIMLGlossary/AIGlossaryPro/node_modules/lucide-react/dist/esm/icons/music-2.js
✓ Icons chunk matched: /Users/pranay/Projects/AIMLGlossary/AIGlossaryPro/node_modules/lucide-react/dist/esm/icons/music-2.js
Module ID: /Users/pranay/Projects/AIMLGlossary/AIGlossaryPro/node_modules/lucide-react/dist/esm/icons/music-3.js
✓ Icons chunk matched: /Users/pranay/Projects/AIMLGlossary/AIGlossaryPro/node_modules/lucide-react/dist/esm/icons/music-3.js
Module ID: /Users/pranay/Projects/AIMLGlossary/AIGlossaryPro/node_modules/lucide-react/dist/esm/icons/music-4.js
✓ Icons chunk matched: /Users/pranay/Projects/AIMLGlossary/AIGlossaryPro/node_modules/lucide-react/dist/esm/icons/music-4.js
Module ID: /Users/pranay/Projects/AIMLGlossary/AIGlossaryPro/node_modules/lucide-react/dist/esm/icons/music.js
✓ Icons chunk matched: /Users/pranay/Projects/AIMLGlossary/AIGlossaryPro/node_modules/lucide-react/dist/esm/icons/music.js
Module ID: /Users/pranay/Projects/AIMLGlossary/AIGlossaryPro/node_modules/lucide-react/dist/esm/icons/navigation-2-off.js
✓ Icons chunk matched: /Users/pranay/Projects/AIMLGlossary/AIGlossaryPro/node_modules/lucide-react/dist/esm/icons/navigation-2-off.js
Module ID: /Users/pranay/Projects/AIMLGlossary/AIGlossaryPro/node_modules/lucide-react/dist/esm/icons/navigation-2.js
✓ Icons chunk matched: /Users/pranay/Projects/AIMLGlossary/AIGlossaryPro/node_modules/lucide-react/dist/esm/icons/navigation-2.js
Module ID: /Users/pranay/Projects/AIMLGlossary/AIGlossaryPro/node_modules/lucide-react/dist/esm/icons/navigation-off.js
✓ Icons chunk matched: /Users/pranay/Projects/AIMLGlossary/AIGlossaryPro/node_modules/lucide-react/dist/esm/icons/navigation-off.js
Module ID: /Users/pranay/Projects/AIMLGlossary/AIGlossaryPro/node_modules/lucide-react/dist/esm/icons/navigation.js
✓ Icons chunk matched: /Users/pranay/Projects/AIMLGlossary/AIGlossaryPro/node_modules/lucide-react/dist/esm/icons/navigation.js
Module ID: /Users/pranay/Projects/AIMLGlossary/AIGlossaryPro/node_modules/lucide-react/dist/esm/icons/network.js
✓ Icons chunk matched: /Users/pranay/Projects/AIMLGlossary/AIGlossaryPro/node_modules/lucide-react/dist/esm/icons/network.js
Module ID: /Users/pranay/Projects/AIMLGlossary/AIGlossaryPro/node_modules/lucide-react/dist/esm/icons/newspaper.js
✓ Icons chunk matched: /Users/pranay/Projects/AIMLGlossary/AIGlossaryPro/node_modules/lucide-react/dist/esm/icons/newspaper.js
Module ID: /Users/pranay/Projects/AIMLGlossary/AIGlossaryPro/node_modules/lucide-react/dist/esm/icons/nfc.js
✓ Icons chunk matched: /Users/pranay/Projects/AIMLGlossary/AIGlossaryPro/node_modules/lucide-react/dist/esm/icons/nfc.js
Module ID: /Users/pranay/Projects/AIMLGlossary/AIGlossaryPro/node_modules/lucide-react/dist/esm/icons/notebook-pen.js
✓ Icons chunk matched: /Users/pranay/Projects/AIMLGlossary/AIGlossaryPro/node_modules/lucide-react/dist/esm/icons/notebook-pen.js
Module ID: /Users/pranay/Projects/AIMLGlossary/AIGlossaryPro/node_modules/lucide-react/dist/esm/icons/notebook-tabs.js
✓ Icons chunk matched: /Users/pranay/Projects/AIMLGlossary/AIGlossaryPro/node_modules/lucide-react/dist/esm/icons/notebook-tabs.js
Module ID: /Users/pranay/Projects/AIMLGlossary/AIGlossaryPro/node_modules/lucide-react/dist/esm/icons/notebook-text.js
✓ Icons chunk matched: /Users/pranay/Projects/AIMLGlossary/AIGlossaryPro/node_modules/lucide-react/dist/esm/icons/notebook-text.js
Module ID: /Users/pranay/Projects/AIMLGlossary/AIGlossaryPro/node_modules/lucide-react/dist/esm/icons/notebook.js
✓ Icons chunk matched: /Users/pranay/Projects/AIMLGlossary/AIGlossaryPro/node_modules/lucide-react/dist/esm/icons/notebook.js
Module ID: /Users/pranay/Projects/AIMLGlossary/AIGlossaryPro/node_modules/lucide-react/dist/esm/icons/notepad-text-dashed.js
✓ Icons chunk matched: /Users/pranay/Projects/AIMLGlossary/AIGlossaryPro/node_modules/lucide-react/dist/esm/icons/notepad-text-dashed.js
Module ID: /Users/pranay/Projects/AIMLGlossary/AIGlossaryPro/node_modules/lucide-react/dist/esm/icons/notepad-text.js
✓ Icons chunk matched: /Users/pranay/Projects/AIMLGlossary/AIGlossaryPro/node_modules/lucide-react/dist/esm/icons/notepad-text.js
Module ID: /Users/pranay/Projects/AIMLGlossary/AIGlossaryPro/node_modules/lucide-react/dist/esm/icons/nut-off.js
✓ Icons chunk matched: /Users/pranay/Projects/AIMLGlossary/AIGlossaryPro/node_modules/lucide-react/dist/esm/icons/nut-off.js
Module ID: /Users/pranay/Projects/AIMLGlossary/AIGlossaryPro/node_modules/lucide-react/dist/esm/icons/nut.js
✓ Icons chunk matched: /Users/pranay/Projects/AIMLGlossary/AIGlossaryPro/node_modules/lucide-react/dist/esm/icons/nut.js
Module ID: /Users/pranay/Projects/AIMLGlossary/AIGlossaryPro/node_modules/lucide-react/dist/esm/icons/octagon-minus.js
✓ Icons chunk matched: /Users/pranay/Projects/AIMLGlossary/AIGlossaryPro/node_modules/lucide-react/dist/esm/icons/octagon-minus.js
Module ID: /Users/pranay/Projects/AIMLGlossary/AIGlossaryPro/node_modules/lucide-react/dist/esm/icons/octagon.js
✓ Icons chunk matched: /Users/pranay/Projects/AIMLGlossary/AIGlossaryPro/node_modules/lucide-react/dist/esm/icons/octagon.js
Module ID: /Users/pranay/Projects/AIMLGlossary/AIGlossaryPro/node_modules/lucide-react/dist/esm/icons/omega.js
✓ Icons chunk matched: /Users/pranay/Projects/AIMLGlossary/AIGlossaryPro/node_modules/lucide-react/dist/esm/icons/omega.js
Module ID: /Users/pranay/Projects/AIMLGlossary/AIGlossaryPro/node_modules/lucide-react/dist/esm/icons/option.js
✓ Icons chunk matched: /Users/pranay/Projects/AIMLGlossary/AIGlossaryPro/node_modules/lucide-react/dist/esm/icons/option.js
Module ID: /Users/pranay/Projects/AIMLGlossary/AIGlossaryPro/node_modules/lucide-react/dist/esm/icons/orbit.js
✓ Icons chunk matched: /Users/pranay/Projects/AIMLGlossary/AIGlossaryPro/node_modules/lucide-react/dist/esm/icons/orbit.js
Module ID: /Users/pranay/Projects/AIMLGlossary/AIGlossaryPro/node_modules/lucide-react/dist/esm/icons/origami.js
✓ Icons chunk matched: /Users/pranay/Projects/AIMLGlossary/AIGlossaryPro/node_modules/lucide-react/dist/esm/icons/origami.js
Module ID: /Users/pranay/Projects/AIMLGlossary/AIGlossaryPro/node_modules/lucide-react/dist/esm/icons/package-2.js
✓ Icons chunk matched: /Users/pranay/Projects/AIMLGlossary/AIGlossaryPro/node_modules/lucide-react/dist/esm/icons/package-2.js
Module ID: /Users/pranay/Projects/AIMLGlossary/AIGlossaryPro/node_modules/lucide-react/dist/esm/icons/package-check.js
✓ Icons chunk matched: /Users/pranay/Projects/AIMLGlossary/AIGlossaryPro/node_modules/lucide-react/dist/esm/icons/package-check.js
Module ID: /Users/pranay/Projects/AIMLGlossary/AIGlossaryPro/node_modules/lucide-react/dist/esm/icons/package-minus.js
✓ Icons chunk matched: /Users/pranay/Projects/AIMLGlossary/AIGlossaryPro/node_modules/lucide-react/dist/esm/icons/package-minus.js
Module ID: /Users/pranay/Projects/AIMLGlossary/AIGlossaryPro/node_modules/lucide-react/dist/esm/icons/package-open.js
✓ Icons chunk matched: /Users/pranay/Projects/AIMLGlossary/AIGlossaryPro/node_modules/lucide-react/dist/esm/icons/package-open.js
Module ID: /Users/pranay/Projects/AIMLGlossary/AIGlossaryPro/node_modules/lucide-react/dist/esm/icons/package-plus.js
✓ Icons chunk matched: /Users/pranay/Projects/AIMLGlossary/AIGlossaryPro/node_modules/lucide-react/dist/esm/icons/package-plus.js
Module ID: /Users/pranay/Projects/AIMLGlossary/AIGlossaryPro/node_modules/lucide-react/dist/esm/icons/package-search.js
✓ Icons chunk matched: /Users/pranay/Projects/AIMLGlossary/AIGlossaryPro/node_modules/lucide-react/dist/esm/icons/package-search.js
Module ID: /Users/pranay/Projects/AIMLGlossary/AIGlossaryPro/node_modules/lucide-react/dist/esm/icons/package-x.js
✓ Icons chunk matched: /Users/pranay/Projects/AIMLGlossary/AIGlossaryPro/node_modules/lucide-react/dist/esm/icons/package-x.js
Module ID: /Users/pranay/Projects/AIMLGlossary/AIGlossaryPro/node_modules/lucide-react/dist/esm/icons/package.js
✓ Icons chunk matched: /Users/pranay/Projects/AIMLGlossary/AIGlossaryPro/node_modules/lucide-react/dist/esm/icons/package.js
Module ID: /Users/pranay/Projects/AIMLGlossary/AIGlossaryPro/node_modules/lucide-react/dist/esm/icons/paint-bucket.js
✓ Icons chunk matched: /Users/pranay/Projects/AIMLGlossary/AIGlossaryPro/node_modules/lucide-react/dist/esm/icons/paint-bucket.js
Module ID: /Users/pranay/Projects/AIMLGlossary/AIGlossaryPro/node_modules/lucide-react/dist/esm/icons/paint-roller.js
✓ Icons chunk matched: /Users/pranay/Projects/AIMLGlossary/AIGlossaryPro/node_modules/lucide-react/dist/esm/icons/paint-roller.js
Module ID: /Users/pranay/Projects/AIMLGlossary/AIGlossaryPro/node_modules/lucide-react/dist/esm/icons/paintbrush.js
✓ Icons chunk matched: /Users/pranay/Projects/AIMLGlossary/AIGlossaryPro/node_modules/lucide-react/dist/esm/icons/paintbrush.js
Module ID: /Users/pranay/Projects/AIMLGlossary/AIGlossaryPro/node_modules/lucide-react/dist/esm/icons/palette.js
✓ Icons chunk matched: /Users/pranay/Projects/AIMLGlossary/AIGlossaryPro/node_modules/lucide-react/dist/esm/icons/palette.js
Module ID: /Users/pranay/Projects/AIMLGlossary/AIGlossaryPro/node_modules/lucide-react/dist/esm/icons/panel-bottom-close.js
✓ Icons chunk matched: /Users/pranay/Projects/AIMLGlossary/AIGlossaryPro/node_modules/lucide-react/dist/esm/icons/panel-bottom-close.js
Module ID: /Users/pranay/Projects/AIMLGlossary/AIGlossaryPro/node_modules/lucide-react/dist/esm/icons/panel-bottom-open.js
✓ Icons chunk matched: /Users/pranay/Projects/AIMLGlossary/AIGlossaryPro/node_modules/lucide-react/dist/esm/icons/panel-bottom-open.js
Module ID: /Users/pranay/Projects/AIMLGlossary/AIGlossaryPro/node_modules/lucide-react/dist/esm/icons/panel-bottom.js
✓ Icons chunk matched: /Users/pranay/Projects/AIMLGlossary/AIGlossaryPro/node_modules/lucide-react/dist/esm/icons/panel-bottom.js
Module ID: /Users/pranay/Projects/AIMLGlossary/AIGlossaryPro/node_modules/lucide-react/dist/esm/icons/panel-right-close.js
✓ Icons chunk matched: /Users/pranay/Projects/AIMLGlossary/AIGlossaryPro/node_modules/lucide-react/dist/esm/icons/panel-right-close.js
Module ID: /Users/pranay/Projects/AIMLGlossary/AIGlossaryPro/node_modules/lucide-react/dist/esm/icons/panel-right-open.js
✓ Icons chunk matched: /Users/pranay/Projects/AIMLGlossary/AIGlossaryPro/node_modules/lucide-react/dist/esm/icons/panel-right-open.js
Module ID: /Users/pranay/Projects/AIMLGlossary/AIGlossaryPro/node_modules/lucide-react/dist/esm/icons/panel-right.js
✓ Icons chunk matched: /Users/pranay/Projects/AIMLGlossary/AIGlossaryPro/node_modules/lucide-react/dist/esm/icons/panel-right.js
Module ID: /Users/pranay/Projects/AIMLGlossary/AIGlossaryPro/node_modules/lucide-react/dist/esm/icons/panel-top-close.js
✓ Icons chunk matched: /Users/pranay/Projects/AIMLGlossary/AIGlossaryPro/node_modules/lucide-react/dist/esm/icons/panel-top-close.js
Module ID: /Users/pranay/Projects/AIMLGlossary/AIGlossaryPro/node_modules/lucide-react/dist/esm/icons/panel-top-open.js
✓ Icons chunk matched: /Users/pranay/Projects/AIMLGlossary/AIGlossaryPro/node_modules/lucide-react/dist/esm/icons/panel-top-open.js
Module ID: /Users/pranay/Projects/AIMLGlossary/AIGlossaryPro/node_modules/lucide-react/dist/esm/icons/panel-top.js
✓ Icons chunk matched: /Users/pranay/Projects/AIMLGlossary/AIGlossaryPro/node_modules/lucide-react/dist/esm/icons/panel-top.js
Module ID: /Users/pranay/Projects/AIMLGlossary/AIGlossaryPro/node_modules/lucide-react/dist/esm/icons/panels-left-bottom.js
✓ Icons chunk matched: /Users/pranay/Projects/AIMLGlossary/AIGlossaryPro/node_modules/lucide-react/dist/esm/icons/panels-left-bottom.js
Module ID: /Users/pranay/Projects/AIMLGlossary/AIGlossaryPro/node_modules/lucide-react/dist/esm/icons/panels-right-bottom.js
✓ Icons chunk matched: /Users/pranay/Projects/AIMLGlossary/AIGlossaryPro/node_modules/lucide-react/dist/esm/icons/panels-right-bottom.js
Module ID: /Users/pranay/Projects/AIMLGlossary/AIGlossaryPro/node_modules/lucide-react/dist/esm/icons/paperclip.js
✓ Icons chunk matched: /Users/pranay/Projects/AIMLGlossary/AIGlossaryPro/node_modules/lucide-react/dist/esm/icons/paperclip.js
Module ID: /Users/pranay/Projects/AIMLGlossary/AIGlossaryPro/node_modules/lucide-react/dist/esm/icons/parentheses.js
✓ Icons chunk matched: /Users/pranay/Projects/AIMLGlossary/AIGlossaryPro/node_modules/lucide-react/dist/esm/icons/parentheses.js
Module ID: /Users/pranay/Projects/AIMLGlossary/AIGlossaryPro/node_modules/lucide-react/dist/esm/icons/parking-meter.js
✓ Icons chunk matched: /Users/pranay/Projects/AIMLGlossary/AIGlossaryPro/node_modules/lucide-react/dist/esm/icons/parking-meter.js
Module ID: /Users/pranay/Projects/AIMLGlossary/AIGlossaryPro/node_modules/lucide-react/dist/esm/icons/party-popper.js
✓ Icons chunk matched: /Users/pranay/Projects/AIMLGlossary/AIGlossaryPro/node_modules/lucide-react/dist/esm/icons/party-popper.js
Module ID: /Users/pranay/Projects/AIMLGlossary/AIGlossaryPro/node_modules/lucide-react/dist/esm/icons/pause.js
✓ Icons chunk matched: /Users/pranay/Projects/AIMLGlossary/AIGlossaryPro/node_modules/lucide-react/dist/esm/icons/pause.js
Module ID: /Users/pranay/Projects/AIMLGlossary/AIGlossaryPro/node_modules/lucide-react/dist/esm/icons/paw-print.js
✓ Icons chunk matched: /Users/pranay/Projects/AIMLGlossary/AIGlossaryPro/node_modules/lucide-react/dist/esm/icons/paw-print.js
Module ID: /Users/pranay/Projects/AIMLGlossary/AIGlossaryPro/node_modules/lucide-react/dist/esm/icons/pc-case.js
✓ Icons chunk matched: /Users/pranay/Projects/AIMLGlossary/AIGlossaryPro/node_modules/lucide-react/dist/esm/icons/pc-case.js
Module ID: /Users/pranay/Projects/AIMLGlossary/AIGlossaryPro/node_modules/lucide-react/dist/esm/icons/pen-off.js
✓ Icons chunk matched: /Users/pranay/Projects/AIMLGlossary/AIGlossaryPro/node_modules/lucide-react/dist/esm/icons/pen-off.js
Module ID: /Users/pranay/Projects/AIMLGlossary/AIGlossaryPro/node_modules/lucide-react/dist/esm/icons/pen-tool.js
✓ Icons chunk matched: /Users/pranay/Projects/AIMLGlossary/AIGlossaryPro/node_modules/lucide-react/dist/esm/icons/pen-tool.js
Module ID: /Users/pranay/Projects/AIMLGlossary/AIGlossaryPro/node_modules/lucide-react/dist/esm/icons/pencil-line.js
✓ Icons chunk matched: /Users/pranay/Projects/AIMLGlossary/AIGlossaryPro/node_modules/lucide-react/dist/esm/icons/pencil-line.js
Module ID: /Users/pranay/Projects/AIMLGlossary/AIGlossaryPro/node_modules/lucide-react/dist/esm/icons/pencil-off.js
✓ Icons chunk matched: /Users/pranay/Projects/AIMLGlossary/AIGlossaryPro/node_modules/lucide-react/dist/esm/icons/pencil-off.js
Module ID: /Users/pranay/Projects/AIMLGlossary/AIGlossaryPro/node_modules/lucide-react/dist/esm/icons/pencil-ruler.js
✓ Icons chunk matched: /Users/pranay/Projects/AIMLGlossary/AIGlossaryPro/node_modules/lucide-react/dist/esm/icons/pencil-ruler.js
Module ID: /Users/pranay/Projects/AIMLGlossary/AIGlossaryPro/node_modules/lucide-react/dist/esm/icons/pencil.js
✓ Icons chunk matched: /Users/pranay/Projects/AIMLGlossary/AIGlossaryPro/node_modules/lucide-react/dist/esm/icons/pencil.js
Module ID: /Users/pranay/Projects/AIMLGlossary/AIGlossaryPro/node_modules/lucide-react/dist/esm/icons/pentagon.js
✓ Icons chunk matched: /Users/pranay/Projects/AIMLGlossary/AIGlossaryPro/node_modules/lucide-react/dist/esm/icons/pentagon.js
Module ID: /Users/pranay/Projects/AIMLGlossary/AIGlossaryPro/node_modules/lucide-react/dist/esm/icons/percent.js
✓ Icons chunk matched: /Users/pranay/Projects/AIMLGlossary/AIGlossaryPro/node_modules/lucide-react/dist/esm/icons/percent.js
Module ID: /Users/pranay/Projects/AIMLGlossary/AIGlossaryPro/node_modules/lucide-react/dist/esm/icons/person-standing.js
✓ Icons chunk matched: /Users/pranay/Projects/AIMLGlossary/AIGlossaryPro/node_modules/lucide-react/dist/esm/icons/person-standing.js
Module ID: /Users/pranay/Projects/AIMLGlossary/AIGlossaryPro/node_modules/lucide-react/dist/esm/icons/philippine-peso.js
✓ Icons chunk matched: /Users/pranay/Projects/AIMLGlossary/AIGlossaryPro/node_modules/lucide-react/dist/esm/icons/philippine-peso.js
Module ID: /Users/pranay/Projects/AIMLGlossary/AIGlossaryPro/node_modules/lucide-react/dist/esm/icons/phone-call.js
✓ Icons chunk matched: /Users/pranay/Projects/AIMLGlossary/AIGlossaryPro/node_modules/lucide-react/dist/esm/icons/phone-call.js
Module ID: /Users/pranay/Projects/AIMLGlossary/AIGlossaryPro/node_modules/lucide-react/dist/esm/icons/phone-forwarded.js
✓ Icons chunk matched: /Users/pranay/Projects/AIMLGlossary/AIGlossaryPro/node_modules/lucide-react/dist/esm/icons/phone-forwarded.js
Module ID: /Users/pranay/Projects/AIMLGlossary/AIGlossaryPro/node_modules/lucide-react/dist/esm/icons/phone-incoming.js
✓ Icons chunk matched: /Users/pranay/Projects/AIMLGlossary/AIGlossaryPro/node_modules/lucide-react/dist/esm/icons/phone-incoming.js
Module ID: /Users/pranay/Projects/AIMLGlossary/AIGlossaryPro/node_modules/lucide-react/dist/esm/icons/phone-missed.js
✓ Icons chunk matched: /Users/pranay/Projects/AIMLGlossary/AIGlossaryPro/node_modules/lucide-react/dist/esm/icons/phone-missed.js
Module ID: /Users/pranay/Projects/AIMLGlossary/AIGlossaryPro/node_modules/lucide-react/dist/esm/icons/phone-off.js
✓ Icons chunk matched: /Users/pranay/Projects/AIMLGlossary/AIGlossaryPro/node_modules/lucide-react/dist/esm/icons/phone-off.js
Module ID: /Users/pranay/Projects/AIMLGlossary/AIGlossaryPro/node_modules/lucide-react/dist/esm/icons/phone-outgoing.js
✓ Icons chunk matched: /Users/pranay/Projects/AIMLGlossary/AIGlossaryPro/node_modules/lucide-react/dist/esm/icons/phone-outgoing.js
Module ID: /Users/pranay/Projects/AIMLGlossary/AIGlossaryPro/node_modules/lucide-react/dist/esm/icons/phone.js
✓ Icons chunk matched: /Users/pranay/Projects/AIMLGlossary/AIGlossaryPro/node_modules/lucide-react/dist/esm/icons/phone.js
Module ID: /Users/pranay/Projects/AIMLGlossary/AIGlossaryPro/node_modules/lucide-react/dist/esm/icons/pi.js
✓ Icons chunk matched: /Users/pranay/Projects/AIMLGlossary/AIGlossaryPro/node_modules/lucide-react/dist/esm/icons/pi.js
Module ID: /Users/pranay/Projects/AIMLGlossary/AIGlossaryPro/node_modules/lucide-react/dist/esm/icons/piano.js
✓ Icons chunk matched: /Users/pranay/Projects/AIMLGlossary/AIGlossaryPro/node_modules/lucide-react/dist/esm/icons/piano.js
Module ID: /Users/pranay/Projects/AIMLGlossary/AIGlossaryPro/node_modules/lucide-react/dist/esm/icons/pickaxe.js
✓ Icons chunk matched: /Users/pranay/Projects/AIMLGlossary/AIGlossaryPro/node_modules/lucide-react/dist/esm/icons/pickaxe.js
Module ID: /Users/pranay/Projects/AIMLGlossary/AIGlossaryPro/node_modules/lucide-react/dist/esm/icons/picture-in-picture-2.js
✓ Icons chunk matched: /Users/pranay/Projects/AIMLGlossary/AIGlossaryPro/node_modules/lucide-react/dist/esm/icons/picture-in-picture-2.js
Module ID: /Users/pranay/Projects/AIMLGlossary/AIGlossaryPro/node_modules/lucide-react/dist/esm/icons/picture-in-picture.js
✓ Icons chunk matched: /Users/pranay/Projects/AIMLGlossary/AIGlossaryPro/node_modules/lucide-react/dist/esm/icons/picture-in-picture.js
Module ID: /Users/pranay/Projects/AIMLGlossary/AIGlossaryPro/node_modules/lucide-react/dist/esm/icons/piggy-bank.js
✓ Icons chunk matched: /Users/pranay/Projects/AIMLGlossary/AIGlossaryPro/node_modules/lucide-react/dist/esm/icons/piggy-bank.js
Module ID: /Users/pranay/Projects/AIMLGlossary/AIGlossaryPro/node_modules/lucide-react/dist/esm/icons/pilcrow-left.js
✓ Icons chunk matched: /Users/pranay/Projects/AIMLGlossary/AIGlossaryPro/node_modules/lucide-react/dist/esm/icons/pilcrow-left.js
Module ID: /Users/pranay/Projects/AIMLGlossary/AIGlossaryPro/node_modules/lucide-react/dist/esm/icons/pilcrow-right.js
✓ Icons chunk matched: /Users/pranay/Projects/AIMLGlossary/AIGlossaryPro/node_modules/lucide-react/dist/esm/icons/pilcrow-right.js
Module ID: /Users/pranay/Projects/AIMLGlossary/AIGlossaryPro/node_modules/lucide-react/dist/esm/icons/pilcrow.js
✓ Icons chunk matched: /Users/pranay/Projects/AIMLGlossary/AIGlossaryPro/node_modules/lucide-react/dist/esm/icons/pilcrow.js
Module ID: /Users/pranay/Projects/AIMLGlossary/AIGlossaryPro/node_modules/lucide-react/dist/esm/icons/pill-bottle.js
✓ Icons chunk matched: /Users/pranay/Projects/AIMLGlossary/AIGlossaryPro/node_modules/lucide-react/dist/esm/icons/pill-bottle.js
Module ID: /Users/pranay/Projects/AIMLGlossary/AIGlossaryPro/node_modules/lucide-react/dist/esm/icons/pill.js
✓ Icons chunk matched: /Users/pranay/Projects/AIMLGlossary/AIGlossaryPro/node_modules/lucide-react/dist/esm/icons/pill.js
Module ID: /Users/pranay/Projects/AIMLGlossary/AIGlossaryPro/node_modules/lucide-react/dist/esm/icons/pin-off.js
✓ Icons chunk matched: /Users/pranay/Projects/AIMLGlossary/AIGlossaryPro/node_modules/lucide-react/dist/esm/icons/pin-off.js
Module ID: /Users/pranay/Projects/AIMLGlossary/AIGlossaryPro/node_modules/lucide-react/dist/esm/icons/pin.js
✓ Icons chunk matched: /Users/pranay/Projects/AIMLGlossary/AIGlossaryPro/node_modules/lucide-react/dist/esm/icons/pin.js
Module ID: /Users/pranay/Projects/AIMLGlossary/AIGlossaryPro/node_modules/lucide-react/dist/esm/icons/pipette.js
✓ Icons chunk matched: /Users/pranay/Projects/AIMLGlossary/AIGlossaryPro/node_modules/lucide-react/dist/esm/icons/pipette.js
Module ID: /Users/pranay/Projects/AIMLGlossary/AIGlossaryPro/node_modules/lucide-react/dist/esm/icons/pizza.js
✓ Icons chunk matched: /Users/pranay/Projects/AIMLGlossary/AIGlossaryPro/node_modules/lucide-react/dist/esm/icons/pizza.js
Module ID: /Users/pranay/Projects/AIMLGlossary/AIGlossaryPro/node_modules/lucide-react/dist/esm/icons/plane-landing.js
✓ Icons chunk matched: /Users/pranay/Projects/AIMLGlossary/AIGlossaryPro/node_modules/lucide-react/dist/esm/icons/plane-landing.js
Module ID: /Users/pranay/Projects/AIMLGlossary/AIGlossaryPro/node_modules/lucide-react/dist/esm/icons/plane-takeoff.js
✓ Icons chunk matched: /Users/pranay/Projects/AIMLGlossary/AIGlossaryPro/node_modules/lucide-react/dist/esm/icons/plane-takeoff.js
Module ID: /Users/pranay/Projects/AIMLGlossary/AIGlossaryPro/node_modules/lucide-react/dist/esm/icons/plane.js
✓ Icons chunk matched: /Users/pranay/Projects/AIMLGlossary/AIGlossaryPro/node_modules/lucide-react/dist/esm/icons/plane.js
Module ID: /Users/pranay/Projects/AIMLGlossary/AIGlossaryPro/node_modules/lucide-react/dist/esm/icons/play.js
✓ Icons chunk matched: /Users/pranay/Projects/AIMLGlossary/AIGlossaryPro/node_modules/lucide-react/dist/esm/icons/play.js
Module ID: /Users/pranay/Projects/AIMLGlossary/AIGlossaryPro/node_modules/lucide-react/dist/esm/icons/plug-2.js
✓ Icons chunk matched: /Users/pranay/Projects/AIMLGlossary/AIGlossaryPro/node_modules/lucide-react/dist/esm/icons/plug-2.js
Module ID: /Users/pranay/Projects/AIMLGlossary/AIGlossaryPro/node_modules/lucide-react/dist/esm/icons/plug.js
✓ Icons chunk matched: /Users/pranay/Projects/AIMLGlossary/AIGlossaryPro/node_modules/lucide-react/dist/esm/icons/plug.js
Module ID: /Users/pranay/Projects/AIMLGlossary/AIGlossaryPro/node_modules/lucide-react/dist/esm/icons/plus.js
✓ Icons chunk matched: /Users/pranay/Projects/AIMLGlossary/AIGlossaryPro/node_modules/lucide-react/dist/esm/icons/plus.js
Module ID: /Users/pranay/Projects/AIMLGlossary/AIGlossaryPro/node_modules/lucide-react/dist/esm/icons/pocket-knife.js
✓ Icons chunk matched: /Users/pranay/Projects/AIMLGlossary/AIGlossaryPro/node_modules/lucide-react/dist/esm/icons/pocket-knife.js
Module ID: /Users/pranay/Projects/AIMLGlossary/AIGlossaryPro/node_modules/lucide-react/dist/esm/icons/pocket.js
✓ Icons chunk matched: /Users/pranay/Projects/AIMLGlossary/AIGlossaryPro/node_modules/lucide-react/dist/esm/icons/pocket.js
Module ID: /Users/pranay/Projects/AIMLGlossary/AIGlossaryPro/node_modules/lucide-react/dist/esm/icons/podcast.js
✓ Icons chunk matched: /Users/pranay/Projects/AIMLGlossary/AIGlossaryPro/node_modules/lucide-react/dist/esm/icons/podcast.js
Module ID: /Users/pranay/Projects/AIMLGlossary/AIGlossaryPro/node_modules/lucide-react/dist/esm/icons/pointer-off.js
✓ Icons chunk matched: /Users/pranay/Projects/AIMLGlossary/AIGlossaryPro/node_modules/lucide-react/dist/esm/icons/pointer-off.js
Module ID: /Users/pranay/Projects/AIMLGlossary/AIGlossaryPro/node_modules/lucide-react/dist/esm/icons/pointer.js
✓ Icons chunk matched: /Users/pranay/Projects/AIMLGlossary/AIGlossaryPro/node_modules/lucide-react/dist/esm/icons/pointer.js
Module ID: /Users/pranay/Projects/AIMLGlossary/AIGlossaryPro/node_modules/lucide-react/dist/esm/icons/popcorn.js
✓ Icons chunk matched: /Users/pranay/Projects/AIMLGlossary/AIGlossaryPro/node_modules/lucide-react/dist/esm/icons/popcorn.js
Module ID: /Users/pranay/Projects/AIMLGlossary/AIGlossaryPro/node_modules/lucide-react/dist/esm/icons/popsicle.js
✓ Icons chunk matched: /Users/pranay/Projects/AIMLGlossary/AIGlossaryPro/node_modules/lucide-react/dist/esm/icons/popsicle.js
Module ID: /Users/pranay/Projects/AIMLGlossary/AIGlossaryPro/node_modules/lucide-react/dist/esm/icons/pound-sterling.js
✓ Icons chunk matched: /Users/pranay/Projects/AIMLGlossary/AIGlossaryPro/node_modules/lucide-react/dist/esm/icons/pound-sterling.js
Module ID: /Users/pranay/Projects/AIMLGlossary/AIGlossaryPro/node_modules/lucide-react/dist/esm/icons/power-off.js
✓ Icons chunk matched: /Users/pranay/Projects/AIMLGlossary/AIGlossaryPro/node_modules/lucide-react/dist/esm/icons/power-off.js
Module ID: /Users/pranay/Projects/AIMLGlossary/AIGlossaryPro/node_modules/lucide-react/dist/esm/icons/power.js
✓ Icons chunk matched: /Users/pranay/Projects/AIMLGlossary/AIGlossaryPro/node_modules/lucide-react/dist/esm/icons/power.js
Module ID: /Users/pranay/Projects/AIMLGlossary/AIGlossaryPro/node_modules/lucide-react/dist/esm/icons/presentation.js
✓ Icons chunk matched: /Users/pranay/Projects/AIMLGlossary/AIGlossaryPro/node_modules/lucide-react/dist/esm/icons/presentation.js
Module ID: /Users/pranay/Projects/AIMLGlossary/AIGlossaryPro/node_modules/lucide-react/dist/esm/icons/printer-check.js
✓ Icons chunk matched: /Users/pranay/Projects/AIMLGlossary/AIGlossaryPro/node_modules/lucide-react/dist/esm/icons/printer-check.js
Module ID: /Users/pranay/Projects/AIMLGlossary/AIGlossaryPro/node_modules/lucide-react/dist/esm/icons/printer.js
✓ Icons chunk matched: /Users/pranay/Projects/AIMLGlossary/AIGlossaryPro/node_modules/lucide-react/dist/esm/icons/printer.js
Module ID: /Users/pranay/Projects/AIMLGlossary/AIGlossaryPro/node_modules/lucide-react/dist/esm/icons/projector.js
✓ Icons chunk matched: /Users/pranay/Projects/AIMLGlossary/AIGlossaryPro/node_modules/lucide-react/dist/esm/icons/projector.js
Module ID: /Users/pranay/Projects/AIMLGlossary/AIGlossaryPro/node_modules/lucide-react/dist/esm/icons/proportions.js
✓ Icons chunk matched: /Users/pranay/Projects/AIMLGlossary/AIGlossaryPro/node_modules/lucide-react/dist/esm/icons/proportions.js
Module ID: /Users/pranay/Projects/AIMLGlossary/AIGlossaryPro/node_modules/lucide-react/dist/esm/icons/puzzle.js
✓ Icons chunk matched: /Users/pranay/Projects/AIMLGlossary/AIGlossaryPro/node_modules/lucide-react/dist/esm/icons/puzzle.js
Module ID: /Users/pranay/Projects/AIMLGlossary/AIGlossaryPro/node_modules/lucide-react/dist/esm/icons/pyramid.js
✓ Icons chunk matched: /Users/pranay/Projects/AIMLGlossary/AIGlossaryPro/node_modules/lucide-react/dist/esm/icons/pyramid.js
Module ID: /Users/pranay/Projects/AIMLGlossary/AIGlossaryPro/node_modules/lucide-react/dist/esm/icons/qr-code.js
✓ Icons chunk matched: /Users/pranay/Projects/AIMLGlossary/AIGlossaryPro/node_modules/lucide-react/dist/esm/icons/qr-code.js
Module ID: /Users/pranay/Projects/AIMLGlossary/AIGlossaryPro/node_modules/lucide-react/dist/esm/icons/quote.js
✓ Icons chunk matched: /Users/pranay/Projects/AIMLGlossary/AIGlossaryPro/node_modules/lucide-react/dist/esm/icons/quote.js
Module ID: /Users/pranay/Projects/AIMLGlossary/AIGlossaryPro/node_modules/lucide-react/dist/esm/icons/rabbit.js
✓ Icons chunk matched: /Users/pranay/Projects/AIMLGlossary/AIGlossaryPro/node_modules/lucide-react/dist/esm/icons/rabbit.js
Module ID: /Users/pranay/Projects/AIMLGlossary/AIGlossaryPro/node_modules/lucide-react/dist/esm/icons/radar.js
✓ Icons chunk matched: /Users/pranay/Projects/AIMLGlossary/AIGlossaryPro/node_modules/lucide-react/dist/esm/icons/radar.js
Module ID: /Users/pranay/Projects/AIMLGlossary/AIGlossaryPro/node_modules/lucide-react/dist/esm/icons/radiation.js
✓ Icons chunk matched: /Users/pranay/Projects/AIMLGlossary/AIGlossaryPro/node_modules/lucide-react/dist/esm/icons/radiation.js
Module ID: /Users/pranay/Projects/AIMLGlossary/AIGlossaryPro/node_modules/lucide-react/dist/esm/icons/radical.js
✓ Icons chunk matched: /Users/pranay/Projects/AIMLGlossary/AIGlossaryPro/node_modules/lucide-react/dist/esm/icons/radical.js
Module ID: /Users/pranay/Projects/AIMLGlossary/AIGlossaryPro/node_modules/lucide-react/dist/esm/icons/radio-receiver.js
✓ Icons chunk matched: /Users/pranay/Projects/AIMLGlossary/AIGlossaryPro/node_modules/lucide-react/dist/esm/icons/radio-receiver.js
Module ID: /Users/pranay/Projects/AIMLGlossary/AIGlossaryPro/node_modules/lucide-react/dist/esm/icons/radio-tower.js
✓ Icons chunk matched: /Users/pranay/Projects/AIMLGlossary/AIGlossaryPro/node_modules/lucide-react/dist/esm/icons/radio-tower.js
Module ID: /Users/pranay/Projects/AIMLGlossary/AIGlossaryPro/node_modules/lucide-react/dist/esm/icons/radio.js
✓ Icons chunk matched: /Users/pranay/Projects/AIMLGlossary/AIGlossaryPro/node_modules/lucide-react/dist/esm/icons/radio.js
Module ID: /Users/pranay/Projects/AIMLGlossary/AIGlossaryPro/node_modules/lucide-react/dist/esm/icons/radius.js
✓ Icons chunk matched: /Users/pranay/Projects/AIMLGlossary/AIGlossaryPro/node_modules/lucide-react/dist/esm/icons/radius.js
Module ID: /Users/pranay/Projects/AIMLGlossary/AIGlossaryPro/node_modules/lucide-react/dist/esm/icons/rail-symbol.js
✓ Icons chunk matched: /Users/pranay/Projects/AIMLGlossary/AIGlossaryPro/node_modules/lucide-react/dist/esm/icons/rail-symbol.js
Module ID: /Users/pranay/Projects/AIMLGlossary/AIGlossaryPro/node_modules/lucide-react/dist/esm/icons/rainbow.js
✓ Icons chunk matched: /Users/pranay/Projects/AIMLGlossary/AIGlossaryPro/node_modules/lucide-react/dist/esm/icons/rainbow.js
Module ID: /Users/pranay/Projects/AIMLGlossary/AIGlossaryPro/node_modules/lucide-react/dist/esm/icons/rat.js
✓ Icons chunk matched: /Users/pranay/Projects/AIMLGlossary/AIGlossaryPro/node_modules/lucide-react/dist/esm/icons/rat.js
Module ID: /Users/pranay/Projects/AIMLGlossary/AIGlossaryPro/node_modules/lucide-react/dist/esm/icons/ratio.js
✓ Icons chunk matched: /Users/pranay/Projects/AIMLGlossary/AIGlossaryPro/node_modules/lucide-react/dist/esm/icons/ratio.js
Module ID: /Users/pranay/Projects/AIMLGlossary/AIGlossaryPro/node_modules/lucide-react/dist/esm/icons/receipt-cent.js
✓ Icons chunk matched: /Users/pranay/Projects/AIMLGlossary/AIGlossaryPro/node_modules/lucide-react/dist/esm/icons/receipt-cent.js
Module ID: /Users/pranay/Projects/AIMLGlossary/AIGlossaryPro/node_modules/lucide-react/dist/esm/icons/receipt-euro.js
✓ Icons chunk matched: /Users/pranay/Projects/AIMLGlossary/AIGlossaryPro/node_modules/lucide-react/dist/esm/icons/receipt-euro.js
Module ID: /Users/pranay/Projects/AIMLGlossary/AIGlossaryPro/node_modules/lucide-react/dist/esm/icons/receipt-indian-rupee.js
✓ Icons chunk matched: /Users/pranay/Projects/AIMLGlossary/AIGlossaryPro/node_modules/lucide-react/dist/esm/icons/receipt-indian-rupee.js
Module ID: /Users/pranay/Projects/AIMLGlossary/AIGlossaryPro/node_modules/lucide-react/dist/esm/icons/receipt-japanese-yen.js
✓ Icons chunk matched: /Users/pranay/Projects/AIMLGlossary/AIGlossaryPro/node_modules/lucide-react/dist/esm/icons/receipt-japanese-yen.js
Module ID: /Users/pranay/Projects/AIMLGlossary/AIGlossaryPro/node_modules/lucide-react/dist/esm/icons/receipt-pound-sterling.js
✓ Icons chunk matched: /Users/pranay/Projects/AIMLGlossary/AIGlossaryPro/node_modules/lucide-react/dist/esm/icons/receipt-pound-sterling.js
Module ID: /Users/pranay/Projects/AIMLGlossary/AIGlossaryPro/node_modules/lucide-react/dist/esm/icons/receipt-russian-ruble.js
✓ Icons chunk matched: /Users/pranay/Projects/AIMLGlossary/AIGlossaryPro/node_modules/lucide-react/dist/esm/icons/receipt-russian-ruble.js
Module ID: /Users/pranay/Projects/AIMLGlossary/AIGlossaryPro/node_modules/lucide-react/dist/esm/icons/receipt-swiss-franc.js
✓ Icons chunk matched: /Users/pranay/Projects/AIMLGlossary/AIGlossaryPro/node_modules/lucide-react/dist/esm/icons/receipt-swiss-franc.js
Module ID: /Users/pranay/Projects/AIMLGlossary/AIGlossaryPro/node_modules/lucide-react/dist/esm/icons/receipt-text.js
✓ Icons chunk matched: /Users/pranay/Projects/AIMLGlossary/AIGlossaryPro/node_modules/lucide-react/dist/esm/icons/receipt-text.js
Module ID: /Users/pranay/Projects/AIMLGlossary/AIGlossaryPro/node_modules/lucide-react/dist/esm/icons/receipt.js
✓ Icons chunk matched: /Users/pranay/Projects/AIMLGlossary/AIGlossaryPro/node_modules/lucide-react/dist/esm/icons/receipt.js
Module ID: /Users/pranay/Projects/AIMLGlossary/AIGlossaryPro/node_modules/lucide-react/dist/esm/icons/rectangle-horizontal.js
✓ Icons chunk matched: /Users/pranay/Projects/AIMLGlossary/AIGlossaryPro/node_modules/lucide-react/dist/esm/icons/rectangle-horizontal.js
Module ID: /Users/pranay/Projects/AIMLGlossary/AIGlossaryPro/node_modules/lucide-react/dist/esm/icons/rectangle-vertical.js
✓ Icons chunk matched: /Users/pranay/Projects/AIMLGlossary/AIGlossaryPro/node_modules/lucide-react/dist/esm/icons/rectangle-vertical.js
Module ID: /Users/pranay/Projects/AIMLGlossary/AIGlossaryPro/node_modules/lucide-react/dist/esm/icons/recycle.js
✓ Icons chunk matched: /Users/pranay/Projects/AIMLGlossary/AIGlossaryPro/node_modules/lucide-react/dist/esm/icons/recycle.js
Module ID: /Users/pranay/Projects/AIMLGlossary/AIGlossaryPro/node_modules/lucide-react/dist/esm/icons/redo-2.js
✓ Icons chunk matched: /Users/pranay/Projects/AIMLGlossary/AIGlossaryPro/node_modules/lucide-react/dist/esm/icons/redo-2.js
Module ID: /Users/pranay/Projects/AIMLGlossary/AIGlossaryPro/node_modules/lucide-react/dist/esm/icons/redo-dot.js
✓ Icons chunk matched: /Users/pranay/Projects/AIMLGlossary/AIGlossaryPro/node_modules/lucide-react/dist/esm/icons/redo-dot.js
Module ID: /Users/pranay/Projects/AIMLGlossary/AIGlossaryPro/node_modules/lucide-react/dist/esm/icons/redo.js
✓ Icons chunk matched: /Users/pranay/Projects/AIMLGlossary/AIGlossaryPro/node_modules/lucide-react/dist/esm/icons/redo.js
Module ID: /Users/pranay/Projects/AIMLGlossary/AIGlossaryPro/node_modules/lucide-react/dist/esm/icons/refresh-ccw-dot.js
✓ Icons chunk matched: /Users/pranay/Projects/AIMLGlossary/AIGlossaryPro/node_modules/lucide-react/dist/esm/icons/refresh-ccw-dot.js
Module ID: /Users/pranay/Projects/AIMLGlossary/AIGlossaryPro/node_modules/lucide-react/dist/esm/icons/refresh-ccw.js
✓ Icons chunk matched: /Users/pranay/Projects/AIMLGlossary/AIGlossaryPro/node_modules/lucide-react/dist/esm/icons/refresh-ccw.js
Module ID: /Users/pranay/Projects/AIMLGlossary/AIGlossaryPro/node_modules/lucide-react/dist/esm/icons/refresh-cw-off.js
✓ Icons chunk matched: /Users/pranay/Projects/AIMLGlossary/AIGlossaryPro/node_modules/lucide-react/dist/esm/icons/refresh-cw-off.js
Module ID: /Users/pranay/Projects/AIMLGlossary/AIGlossaryPro/node_modules/lucide-react/dist/esm/icons/refresh-cw.js
✓ Icons chunk matched: /Users/pranay/Projects/AIMLGlossary/AIGlossaryPro/node_modules/lucide-react/dist/esm/icons/refresh-cw.js
Module ID: /Users/pranay/Projects/AIMLGlossary/AIGlossaryPro/node_modules/lucide-react/dist/esm/icons/refrigerator.js
✓ Icons chunk matched: /Users/pranay/Projects/AIMLGlossary/AIGlossaryPro/node_modules/lucide-react/dist/esm/icons/refrigerator.js
Module ID: /Users/pranay/Projects/AIMLGlossary/AIGlossaryPro/node_modules/lucide-react/dist/esm/icons/regex.js
✓ Icons chunk matched: /Users/pranay/Projects/AIMLGlossary/AIGlossaryPro/node_modules/lucide-react/dist/esm/icons/regex.js
Module ID: /Users/pranay/Projects/AIMLGlossary/AIGlossaryPro/node_modules/lucide-react/dist/esm/icons/remove-formatting.js
✓ Icons chunk matched: /Users/pranay/Projects/AIMLGlossary/AIGlossaryPro/node_modules/lucide-react/dist/esm/icons/remove-formatting.js
Module ID: /Users/pranay/Projects/AIMLGlossary/AIGlossaryPro/node_modules/lucide-react/dist/esm/icons/repeat-1.js
✓ Icons chunk matched: /Users/pranay/Projects/AIMLGlossary/AIGlossaryPro/node_modules/lucide-react/dist/esm/icons/repeat-1.js
Module ID: /Users/pranay/Projects/AIMLGlossary/AIGlossaryPro/node_modules/lucide-react/dist/esm/icons/repeat-2.js
✓ Icons chunk matched: /Users/pranay/Projects/AIMLGlossary/AIGlossaryPro/node_modules/lucide-react/dist/esm/icons/repeat-2.js
Module ID: /Users/pranay/Projects/AIMLGlossary/AIGlossaryPro/node_modules/lucide-react/dist/esm/icons/repeat.js
✓ Icons chunk matched: /Users/pranay/Projects/AIMLGlossary/AIGlossaryPro/node_modules/lucide-react/dist/esm/icons/repeat.js
Module ID: /Users/pranay/Projects/AIMLGlossary/AIGlossaryPro/node_modules/lucide-react/dist/esm/icons/replace-all.js
✓ Icons chunk matched: /Users/pranay/Projects/AIMLGlossary/AIGlossaryPro/node_modules/lucide-react/dist/esm/icons/replace-all.js
Module ID: /Users/pranay/Projects/AIMLGlossary/AIGlossaryPro/node_modules/lucide-react/dist/esm/icons/replace.js
✓ Icons chunk matched: /Users/pranay/Projects/AIMLGlossary/AIGlossaryPro/node_modules/lucide-react/dist/esm/icons/replace.js
Module ID: /Users/pranay/Projects/AIMLGlossary/AIGlossaryPro/node_modules/lucide-react/dist/esm/icons/reply-all.js
✓ Icons chunk matched: /Users/pranay/Projects/AIMLGlossary/AIGlossaryPro/node_modules/lucide-react/dist/esm/icons/reply-all.js
Module ID: /Users/pranay/Projects/AIMLGlossary/AIGlossaryPro/node_modules/lucide-react/dist/esm/icons/reply.js
✓ Icons chunk matched: /Users/pranay/Projects/AIMLGlossary/AIGlossaryPro/node_modules/lucide-react/dist/esm/icons/reply.js
Module ID: /Users/pranay/Projects/AIMLGlossary/AIGlossaryPro/node_modules/lucide-react/dist/esm/icons/rewind.js
✓ Icons chunk matched: /Users/pranay/Projects/AIMLGlossary/AIGlossaryPro/node_modules/lucide-react/dist/esm/icons/rewind.js
Module ID: /Users/pranay/Projects/AIMLGlossary/AIGlossaryPro/node_modules/lucide-react/dist/esm/icons/ribbon.js
✓ Icons chunk matched: /Users/pranay/Projects/AIMLGlossary/AIGlossaryPro/node_modules/lucide-react/dist/esm/icons/ribbon.js
Module ID: /Users/pranay/Projects/AIMLGlossary/AIGlossaryPro/node_modules/lucide-react/dist/esm/icons/rocket.js
✓ Icons chunk matched: /Users/pranay/Projects/AIMLGlossary/AIGlossaryPro/node_modules/lucide-react/dist/esm/icons/rocket.js
Module ID: /Users/pranay/Projects/AIMLGlossary/AIGlossaryPro/node_modules/lucide-react/dist/esm/icons/rocking-chair.js
✓ Icons chunk matched: /Users/pranay/Projects/AIMLGlossary/AIGlossaryPro/node_modules/lucide-react/dist/esm/icons/rocking-chair.js
Module ID: /Users/pranay/Projects/AIMLGlossary/AIGlossaryPro/node_modules/lucide-react/dist/esm/icons/roller-coaster.js
✓ Icons chunk matched: /Users/pranay/Projects/AIMLGlossary/AIGlossaryPro/node_modules/lucide-react/dist/esm/icons/roller-coaster.js
Module ID: /Users/pranay/Projects/AIMLGlossary/AIGlossaryPro/node_modules/lucide-react/dist/esm/icons/rotate-ccw-square.js
✓ Icons chunk matched: /Users/pranay/Projects/AIMLGlossary/AIGlossaryPro/node_modules/lucide-react/dist/esm/icons/rotate-ccw-square.js
Module ID: /Users/pranay/Projects/AIMLGlossary/AIGlossaryPro/node_modules/lucide-react/dist/esm/icons/rotate-ccw.js
✓ Icons chunk matched: /Users/pranay/Projects/AIMLGlossary/AIGlossaryPro/node_modules/lucide-react/dist/esm/icons/rotate-ccw.js
Module ID: /Users/pranay/Projects/AIMLGlossary/AIGlossaryPro/node_modules/lucide-react/dist/esm/icons/rotate-cw-square.js
✓ Icons chunk matched: /Users/pranay/Projects/AIMLGlossary/AIGlossaryPro/node_modules/lucide-react/dist/esm/icons/rotate-cw-square.js
Module ID: /Users/pranay/Projects/AIMLGlossary/AIGlossaryPro/node_modules/lucide-react/dist/esm/icons/rotate-cw.js
✓ Icons chunk matched: /Users/pranay/Projects/AIMLGlossary/AIGlossaryPro/node_modules/lucide-react/dist/esm/icons/rotate-cw.js
Module ID: /Users/pranay/Projects/AIMLGlossary/AIGlossaryPro/node_modules/lucide-react/dist/esm/icons/route-off.js
✓ Icons chunk matched: /Users/pranay/Projects/AIMLGlossary/AIGlossaryPro/node_modules/lucide-react/dist/esm/icons/route-off.js
Module ID: /Users/pranay/Projects/AIMLGlossary/AIGlossaryPro/node_modules/lucide-react/dist/esm/icons/route.js
✓ Icons chunk matched: /Users/pranay/Projects/AIMLGlossary/AIGlossaryPro/node_modules/lucide-react/dist/esm/icons/route.js
Module ID: /Users/pranay/Projects/AIMLGlossary/AIGlossaryPro/node_modules/lucide-react/dist/esm/icons/router.js
✓ Icons chunk matched: /Users/pranay/Projects/AIMLGlossary/AIGlossaryPro/node_modules/lucide-react/dist/esm/icons/router.js
Module ID: /Users/pranay/Projects/AIMLGlossary/AIGlossaryPro/node_modules/lucide-react/dist/esm/icons/rows-4.js
✓ Icons chunk matched: /Users/pranay/Projects/AIMLGlossary/AIGlossaryPro/node_modules/lucide-react/dist/esm/icons/rows-4.js
Module ID: /Users/pranay/Projects/AIMLGlossary/AIGlossaryPro/node_modules/lucide-react/dist/esm/icons/rss.js
✓ Icons chunk matched: /Users/pranay/Projects/AIMLGlossary/AIGlossaryPro/node_modules/lucide-react/dist/esm/icons/rss.js
Module ID: /Users/pranay/Projects/AIMLGlossary/AIGlossaryPro/node_modules/lucide-react/dist/esm/icons/ruler.js
✓ Icons chunk matched: /Users/pranay/Projects/AIMLGlossary/AIGlossaryPro/node_modules/lucide-react/dist/esm/icons/ruler.js
Module ID: /Users/pranay/Projects/AIMLGlossary/AIGlossaryPro/node_modules/lucide-react/dist/esm/icons/russian-ruble.js
✓ Icons chunk matched: /Users/pranay/Projects/AIMLGlossary/AIGlossaryPro/node_modules/lucide-react/dist/esm/icons/russian-ruble.js
Module ID: /Users/pranay/Projects/AIMLGlossary/AIGlossaryPro/node_modules/lucide-react/dist/esm/icons/sailboat.js
✓ Icons chunk matched: /Users/pranay/Projects/AIMLGlossary/AIGlossaryPro/node_modules/lucide-react/dist/esm/icons/sailboat.js
Module ID: /Users/pranay/Projects/AIMLGlossary/AIGlossaryPro/node_modules/lucide-react/dist/esm/icons/salad.js
✓ Icons chunk matched: /Users/pranay/Projects/AIMLGlossary/AIGlossaryPro/node_modules/lucide-react/dist/esm/icons/salad.js
Module ID: /Users/pranay/Projects/AIMLGlossary/AIGlossaryPro/node_modules/lucide-react/dist/esm/icons/sandwich.js
✓ Icons chunk matched: /Users/pranay/Projects/AIMLGlossary/AIGlossaryPro/node_modules/lucide-react/dist/esm/icons/sandwich.js
Module ID: /Users/pranay/Projects/AIMLGlossary/AIGlossaryPro/node_modules/lucide-react/dist/esm/icons/satellite-dish.js
✓ Icons chunk matched: /Users/pranay/Projects/AIMLGlossary/AIGlossaryPro/node_modules/lucide-react/dist/esm/icons/satellite-dish.js
Module ID: /Users/pranay/Projects/AIMLGlossary/AIGlossaryPro/node_modules/lucide-react/dist/esm/icons/satellite.js
✓ Icons chunk matched: /Users/pranay/Projects/AIMLGlossary/AIGlossaryPro/node_modules/lucide-react/dist/esm/icons/satellite.js
Module ID: /Users/pranay/Projects/AIMLGlossary/AIGlossaryPro/node_modules/lucide-react/dist/esm/icons/save-all.js
✓ Icons chunk matched: /Users/pranay/Projects/AIMLGlossary/AIGlossaryPro/node_modules/lucide-react/dist/esm/icons/save-all.js
Module ID: /Users/pranay/Projects/AIMLGlossary/AIGlossaryPro/node_modules/lucide-react/dist/esm/icons/save-off.js
✓ Icons chunk matched: /Users/pranay/Projects/AIMLGlossary/AIGlossaryPro/node_modules/lucide-react/dist/esm/icons/save-off.js
Module ID: /Users/pranay/Projects/AIMLGlossary/AIGlossaryPro/node_modules/lucide-react/dist/esm/icons/save.js
✓ Icons chunk matched: /Users/pranay/Projects/AIMLGlossary/AIGlossaryPro/node_modules/lucide-react/dist/esm/icons/save.js
Module ID: /Users/pranay/Projects/AIMLGlossary/AIGlossaryPro/node_modules/lucide-react/dist/esm/icons/scale.js
✓ Icons chunk matched: /Users/pranay/Projects/AIMLGlossary/AIGlossaryPro/node_modules/lucide-react/dist/esm/icons/scale.js
Module ID: /Users/pranay/Projects/AIMLGlossary/AIGlossaryPro/node_modules/lucide-react/dist/esm/icons/scaling.js
✓ Icons chunk matched: /Users/pranay/Projects/AIMLGlossary/AIGlossaryPro/node_modules/lucide-react/dist/esm/icons/scaling.js
Module ID: /Users/pranay/Projects/AIMLGlossary/AIGlossaryPro/node_modules/lucide-react/dist/esm/icons/scan-barcode.js
✓ Icons chunk matched: /Users/pranay/Projects/AIMLGlossary/AIGlossaryPro/node_modules/lucide-react/dist/esm/icons/scan-barcode.js
Module ID: /Users/pranay/Projects/AIMLGlossary/AIGlossaryPro/node_modules/lucide-react/dist/esm/icons/scan-eye.js
✓ Icons chunk matched: /Users/pranay/Projects/AIMLGlossary/AIGlossaryPro/node_modules/lucide-react/dist/esm/icons/scan-eye.js
Module ID: /Users/pranay/Projects/AIMLGlossary/AIGlossaryPro/node_modules/lucide-react/dist/esm/icons/scan-face.js
✓ Icons chunk matched: /Users/pranay/Projects/AIMLGlossary/AIGlossaryPro/node_modules/lucide-react/dist/esm/icons/scan-face.js
Module ID: /Users/pranay/Projects/AIMLGlossary/AIGlossaryPro/node_modules/lucide-react/dist/esm/icons/scan-line.js
✓ Icons chunk matched: /Users/pranay/Projects/AIMLGlossary/AIGlossaryPro/node_modules/lucide-react/dist/esm/icons/scan-line.js
Module ID: /Users/pranay/Projects/AIMLGlossary/AIGlossaryPro/node_modules/lucide-react/dist/esm/icons/scan-qr-code.js
✓ Icons chunk matched: /Users/pranay/Projects/AIMLGlossary/AIGlossaryPro/node_modules/lucide-react/dist/esm/icons/scan-qr-code.js
Module ID: /Users/pranay/Projects/AIMLGlossary/AIGlossaryPro/node_modules/lucide-react/dist/esm/icons/scan-search.js
✓ Icons chunk matched: /Users/pranay/Projects/AIMLGlossary/AIGlossaryPro/node_modules/lucide-react/dist/esm/icons/scan-search.js
Module ID: /Users/pranay/Projects/AIMLGlossary/AIGlossaryPro/node_modules/lucide-react/dist/esm/icons/scan-text.js
✓ Icons chunk matched: /Users/pranay/Projects/AIMLGlossary/AIGlossaryPro/node_modules/lucide-react/dist/esm/icons/scan-text.js
Module ID: /Users/pranay/Projects/AIMLGlossary/AIGlossaryPro/node_modules/lucide-react/dist/esm/icons/scan.js
✓ Icons chunk matched: /Users/pranay/Projects/AIMLGlossary/AIGlossaryPro/node_modules/lucide-react/dist/esm/icons/scan.js
Module ID: /Users/pranay/Projects/AIMLGlossary/AIGlossaryPro/node_modules/lucide-react/dist/esm/icons/school.js
✓ Icons chunk matched: /Users/pranay/Projects/AIMLGlossary/AIGlossaryPro/node_modules/lucide-react/dist/esm/icons/school.js
Module ID: /Users/pranay/Projects/AIMLGlossary/AIGlossaryPro/node_modules/lucide-react/dist/esm/icons/scissors-line-dashed.js
✓ Icons chunk matched: /Users/pranay/Projects/AIMLGlossary/AIGlossaryPro/node_modules/lucide-react/dist/esm/icons/scissors-line-dashed.js
Module ID: /Users/pranay/Projects/AIMLGlossary/AIGlossaryPro/node_modules/lucide-react/dist/esm/icons/scissors.js
✓ Icons chunk matched: /Users/pranay/Projects/AIMLGlossary/AIGlossaryPro/node_modules/lucide-react/dist/esm/icons/scissors.js
Module ID: /Users/pranay/Projects/AIMLGlossary/AIGlossaryPro/node_modules/lucide-react/dist/esm/icons/screen-share-off.js
✓ Icons chunk matched: /Users/pranay/Projects/AIMLGlossary/AIGlossaryPro/node_modules/lucide-react/dist/esm/icons/screen-share-off.js
Module ID: /Users/pranay/Projects/AIMLGlossary/AIGlossaryPro/node_modules/lucide-react/dist/esm/icons/screen-share.js
✓ Icons chunk matched: /Users/pranay/Projects/AIMLGlossary/AIGlossaryPro/node_modules/lucide-react/dist/esm/icons/screen-share.js
Module ID: /Users/pranay/Projects/AIMLGlossary/AIGlossaryPro/node_modules/lucide-react/dist/esm/icons/scroll-text.js
✓ Icons chunk matched: /Users/pranay/Projects/AIMLGlossary/AIGlossaryPro/node_modules/lucide-react/dist/esm/icons/scroll-text.js
Module ID: /Users/pranay/Projects/AIMLGlossary/AIGlossaryPro/node_modules/lucide-react/dist/esm/icons/scroll.js
✓ Icons chunk matched: /Users/pranay/Projects/AIMLGlossary/AIGlossaryPro/node_modules/lucide-react/dist/esm/icons/scroll.js
Module ID: /Users/pranay/Projects/AIMLGlossary/AIGlossaryPro/node_modules/lucide-react/dist/esm/icons/search-check.js
✓ Icons chunk matched: /Users/pranay/Projects/AIMLGlossary/AIGlossaryPro/node_modules/lucide-react/dist/esm/icons/search-check.js
Module ID: /Users/pranay/Projects/AIMLGlossary/AIGlossaryPro/node_modules/lucide-react/dist/esm/icons/search-code.js
✓ Icons chunk matched: /Users/pranay/Projects/AIMLGlossary/AIGlossaryPro/node_modules/lucide-react/dist/esm/icons/search-code.js
Module ID: /Users/pranay/Projects/AIMLGlossary/AIGlossaryPro/node_modules/lucide-react/dist/esm/icons/search-slash.js
✓ Icons chunk matched: /Users/pranay/Projects/AIMLGlossary/AIGlossaryPro/node_modules/lucide-react/dist/esm/icons/search-slash.js
Module ID: /Users/pranay/Projects/AIMLGlossary/AIGlossaryPro/node_modules/lucide-react/dist/esm/icons/search-x.js
✓ Icons chunk matched: /Users/pranay/Projects/AIMLGlossary/AIGlossaryPro/node_modules/lucide-react/dist/esm/icons/search-x.js
Module ID: /Users/pranay/Projects/AIMLGlossary/AIGlossaryPro/node_modules/lucide-react/dist/esm/icons/search.js
✓ Icons chunk matched: /Users/pranay/Projects/AIMLGlossary/AIGlossaryPro/node_modules/lucide-react/dist/esm/icons/search.js
Module ID: /Users/pranay/Projects/AIMLGlossary/AIGlossaryPro/node_modules/lucide-react/dist/esm/icons/section.js
✓ Icons chunk matched: /Users/pranay/Projects/AIMLGlossary/AIGlossaryPro/node_modules/lucide-react/dist/esm/icons/section.js
Module ID: /Users/pranay/Projects/AIMLGlossary/AIGlossaryPro/node_modules/lucide-react/dist/esm/icons/send-to-back.js
✓ Icons chunk matched: /Users/pranay/Projects/AIMLGlossary/AIGlossaryPro/node_modules/lucide-react/dist/esm/icons/send-to-back.js
Module ID: /Users/pranay/Projects/AIMLGlossary/AIGlossaryPro/node_modules/lucide-react/dist/esm/icons/send.js
✓ Icons chunk matched: /Users/pranay/Projects/AIMLGlossary/AIGlossaryPro/node_modules/lucide-react/dist/esm/icons/send.js
Module ID: /Users/pranay/Projects/AIMLGlossary/AIGlossaryPro/node_modules/lucide-react/dist/esm/icons/separator-horizontal.js
✓ Icons chunk matched: /Users/pranay/Projects/AIMLGlossary/AIGlossaryPro/node_modules/lucide-react/dist/esm/icons/separator-horizontal.js
Module ID: /Users/pranay/Projects/AIMLGlossary/AIGlossaryPro/node_modules/lucide-react/dist/esm/icons/separator-vertical.js
✓ Icons chunk matched: /Users/pranay/Projects/AIMLGlossary/AIGlossaryPro/node_modules/lucide-react/dist/esm/icons/separator-vertical.js
Module ID: /Users/pranay/Projects/AIMLGlossary/AIGlossaryPro/node_modules/lucide-react/dist/esm/icons/server-cog.js
✓ Icons chunk matched: /Users/pranay/Projects/AIMLGlossary/AIGlossaryPro/node_modules/lucide-react/dist/esm/icons/server-cog.js
Module ID: /Users/pranay/Projects/AIMLGlossary/AIGlossaryPro/node_modules/lucide-react/dist/esm/icons/server-crash.js
✓ Icons chunk matched: /Users/pranay/Projects/AIMLGlossary/AIGlossaryPro/node_modules/lucide-react/dist/esm/icons/server-crash.js
Module ID: /Users/pranay/Projects/AIMLGlossary/AIGlossaryPro/node_modules/lucide-react/dist/esm/icons/server-off.js
✓ Icons chunk matched: /Users/pranay/Projects/AIMLGlossary/AIGlossaryPro/node_modules/lucide-react/dist/esm/icons/server-off.js
Module ID: /Users/pranay/Projects/AIMLGlossary/AIGlossaryPro/node_modules/lucide-react/dist/esm/icons/server.js
✓ Icons chunk matched: /Users/pranay/Projects/AIMLGlossary/AIGlossaryPro/node_modules/lucide-react/dist/esm/icons/server.js
Module ID: /Users/pranay/Projects/AIMLGlossary/AIGlossaryPro/node_modules/lucide-react/dist/esm/icons/settings-2.js
✓ Icons chunk matched: /Users/pranay/Projects/AIMLGlossary/AIGlossaryPro/node_modules/lucide-react/dist/esm/icons/settings-2.js
Module ID: /Users/pranay/Projects/AIMLGlossary/AIGlossaryPro/node_modules/lucide-react/dist/esm/icons/settings.js
✓ Icons chunk matched: /Users/pranay/Projects/AIMLGlossary/AIGlossaryPro/node_modules/lucide-react/dist/esm/icons/settings.js
Module ID: /Users/pranay/Projects/AIMLGlossary/AIGlossaryPro/node_modules/lucide-react/dist/esm/icons/shapes.js
✓ Icons chunk matched: /Users/pranay/Projects/AIMLGlossary/AIGlossaryPro/node_modules/lucide-react/dist/esm/icons/shapes.js
Module ID: /Users/pranay/Projects/AIMLGlossary/AIGlossaryPro/node_modules/lucide-react/dist/esm/icons/share-2.js
✓ Icons chunk matched: /Users/pranay/Projects/AIMLGlossary/AIGlossaryPro/node_modules/lucide-react/dist/esm/icons/share-2.js
Module ID: /Users/pranay/Projects/AIMLGlossary/AIGlossaryPro/node_modules/lucide-react/dist/esm/icons/share.js
✓ Icons chunk matched: /Users/pranay/Projects/AIMLGlossary/AIGlossaryPro/node_modules/lucide-react/dist/esm/icons/share.js
Module ID: /Users/pranay/Projects/AIMLGlossary/AIGlossaryPro/node_modules/lucide-react/dist/esm/icons/sheet.js
✓ Icons chunk matched: /Users/pranay/Projects/AIMLGlossary/AIGlossaryPro/node_modules/lucide-react/dist/esm/icons/sheet.js
Module ID: /Users/pranay/Projects/AIMLGlossary/AIGlossaryPro/node_modules/lucide-react/dist/esm/icons/shell.js
✓ Icons chunk matched: /Users/pranay/Projects/AIMLGlossary/AIGlossaryPro/node_modules/lucide-react/dist/esm/icons/shell.js
Module ID: /Users/pranay/Projects/AIMLGlossary/AIGlossaryPro/node_modules/lucide-react/dist/esm/icons/shield-alert.js
✓ Icons chunk matched: /Users/pranay/Projects/AIMLGlossary/AIGlossaryPro/node_modules/lucide-react/dist/esm/icons/shield-alert.js
Module ID: /Users/pranay/Projects/AIMLGlossary/AIGlossaryPro/node_modules/lucide-react/dist/esm/icons/shield-ban.js
✓ Icons chunk matched: /Users/pranay/Projects/AIMLGlossary/AIGlossaryPro/node_modules/lucide-react/dist/esm/icons/shield-ban.js
Module ID: /Users/pranay/Projects/AIMLGlossary/AIGlossaryPro/node_modules/lucide-react/dist/esm/icons/shield-check.js
✓ Icons chunk matched: /Users/pranay/Projects/AIMLGlossary/AIGlossaryPro/node_modules/lucide-react/dist/esm/icons/shield-check.js
Module ID: /Users/pranay/Projects/AIMLGlossary/AIGlossaryPro/node_modules/lucide-react/dist/esm/icons/shield-ellipsis.js
✓ Icons chunk matched: /Users/pranay/Projects/AIMLGlossary/AIGlossaryPro/node_modules/lucide-react/dist/esm/icons/shield-ellipsis.js
Module ID: /Users/pranay/Projects/AIMLGlossary/AIGlossaryPro/node_modules/lucide-react/dist/esm/icons/shield-half.js
✓ Icons chunk matched: /Users/pranay/Projects/AIMLGlossary/AIGlossaryPro/node_modules/lucide-react/dist/esm/icons/shield-half.js
Module ID: /Users/pranay/Projects/AIMLGlossary/AIGlossaryPro/node_modules/lucide-react/dist/esm/icons/shield-minus.js
✓ Icons chunk matched: /Users/pranay/Projects/AIMLGlossary/AIGlossaryPro/node_modules/lucide-react/dist/esm/icons/shield-minus.js
Module ID: /Users/pranay/Projects/AIMLGlossary/AIGlossaryPro/node_modules/lucide-react/dist/esm/icons/shield-off.js
✓ Icons chunk matched: /Users/pranay/Projects/AIMLGlossary/AIGlossaryPro/node_modules/lucide-react/dist/esm/icons/shield-off.js
Module ID: /Users/pranay/Projects/AIMLGlossary/AIGlossaryPro/node_modules/lucide-react/dist/esm/icons/shield-plus.js
✓ Icons chunk matched: /Users/pranay/Projects/AIMLGlossary/AIGlossaryPro/node_modules/lucide-react/dist/esm/icons/shield-plus.js
Module ID: /Users/pranay/Projects/AIMLGlossary/AIGlossaryPro/node_modules/lucide-react/dist/esm/icons/shield-question.js
✓ Icons chunk matched: /Users/pranay/Projects/AIMLGlossary/AIGlossaryPro/node_modules/lucide-react/dist/esm/icons/shield-question.js
Module ID: /Users/pranay/Projects/AIMLGlossary/AIGlossaryPro/node_modules/lucide-react/dist/esm/icons/shield.js
✓ Icons chunk matched: /Users/pranay/Projects/AIMLGlossary/AIGlossaryPro/node_modules/lucide-react/dist/esm/icons/shield.js
Module ID: /Users/pranay/Projects/AIMLGlossary/AIGlossaryPro/node_modules/lucide-react/dist/esm/icons/ship-wheel.js
✓ Icons chunk matched: /Users/pranay/Projects/AIMLGlossary/AIGlossaryPro/node_modules/lucide-react/dist/esm/icons/ship-wheel.js
Module ID: /Users/pranay/Projects/AIMLGlossary/AIGlossaryPro/node_modules/lucide-react/dist/esm/icons/ship.js
✓ Icons chunk matched: /Users/pranay/Projects/AIMLGlossary/AIGlossaryPro/node_modules/lucide-react/dist/esm/icons/ship.js
Module ID: /Users/pranay/Projects/AIMLGlossary/AIGlossaryPro/node_modules/lucide-react/dist/esm/icons/shirt.js
✓ Icons chunk matched: /Users/pranay/Projects/AIMLGlossary/AIGlossaryPro/node_modules/lucide-react/dist/esm/icons/shirt.js
Module ID: /Users/pranay/Projects/AIMLGlossary/AIGlossaryPro/node_modules/lucide-react/dist/esm/icons/shopping-bag.js
✓ Icons chunk matched: /Users/pranay/Projects/AIMLGlossary/AIGlossaryPro/node_modules/lucide-react/dist/esm/icons/shopping-bag.js
Module ID: /Users/pranay/Projects/AIMLGlossary/AIGlossaryPro/node_modules/lucide-react/dist/esm/icons/shopping-basket.js
✓ Icons chunk matched: /Users/pranay/Projects/AIMLGlossary/AIGlossaryPro/node_modules/lucide-react/dist/esm/icons/shopping-basket.js
Module ID: /Users/pranay/Projects/AIMLGlossary/AIGlossaryPro/node_modules/lucide-react/dist/esm/icons/shopping-cart.js
✓ Icons chunk matched: /Users/pranay/Projects/AIMLGlossary/AIGlossaryPro/node_modules/lucide-react/dist/esm/icons/shopping-cart.js
Module ID: /Users/pranay/Projects/AIMLGlossary/AIGlossaryPro/node_modules/lucide-react/dist/esm/icons/shovel.js
✓ Icons chunk matched: /Users/pranay/Projects/AIMLGlossary/AIGlossaryPro/node_modules/lucide-react/dist/esm/icons/shovel.js
Module ID: /Users/pranay/Projects/AIMLGlossary/AIGlossaryPro/node_modules/lucide-react/dist/esm/icons/shower-head.js
✓ Icons chunk matched: /Users/pranay/Projects/AIMLGlossary/AIGlossaryPro/node_modules/lucide-react/dist/esm/icons/shower-head.js
Module ID: /Users/pranay/Projects/AIMLGlossary/AIGlossaryPro/node_modules/lucide-react/dist/esm/icons/shrink.js
✓ Icons chunk matched: /Users/pranay/Projects/AIMLGlossary/AIGlossaryPro/node_modules/lucide-react/dist/esm/icons/shrink.js
Module ID: /Users/pranay/Projects/AIMLGlossary/AIGlossaryPro/node_modules/lucide-react/dist/esm/icons/shrub.js
✓ Icons chunk matched: /Users/pranay/Projects/AIMLGlossary/AIGlossaryPro/node_modules/lucide-react/dist/esm/icons/shrub.js
Module ID: /Users/pranay/Projects/AIMLGlossary/AIGlossaryPro/node_modules/lucide-react/dist/esm/icons/shuffle.js
✓ Icons chunk matched: /Users/pranay/Projects/AIMLGlossary/AIGlossaryPro/node_modules/lucide-react/dist/esm/icons/shuffle.js
Module ID: /Users/pranay/Projects/AIMLGlossary/AIGlossaryPro/node_modules/lucide-react/dist/esm/icons/sigma.js
✓ Icons chunk matched: /Users/pranay/Projects/AIMLGlossary/AIGlossaryPro/node_modules/lucide-react/dist/esm/icons/sigma.js
Module ID: /Users/pranay/Projects/AIMLGlossary/AIGlossaryPro/node_modules/lucide-react/dist/esm/icons/signal-high.js
✓ Icons chunk matched: /Users/pranay/Projects/AIMLGlossary/AIGlossaryPro/node_modules/lucide-react/dist/esm/icons/signal-high.js
Module ID: /Users/pranay/Projects/AIMLGlossary/AIGlossaryPro/node_modules/lucide-react/dist/esm/icons/signal-low.js
✓ Icons chunk matched: /Users/pranay/Projects/AIMLGlossary/AIGlossaryPro/node_modules/lucide-react/dist/esm/icons/signal-low.js
Module ID: /Users/pranay/Projects/AIMLGlossary/AIGlossaryPro/node_modules/lucide-react/dist/esm/icons/signal-medium.js
✓ Icons chunk matched: /Users/pranay/Projects/AIMLGlossary/AIGlossaryPro/node_modules/lucide-react/dist/esm/icons/signal-medium.js
Module ID: /Users/pranay/Projects/AIMLGlossary/AIGlossaryPro/node_modules/lucide-react/dist/esm/icons/signal-zero.js
✓ Icons chunk matched: /Users/pranay/Projects/AIMLGlossary/AIGlossaryPro/node_modules/lucide-react/dist/esm/icons/signal-zero.js
Module ID: /Users/pranay/Projects/AIMLGlossary/AIGlossaryPro/node_modules/lucide-react/dist/esm/icons/signal.js
✓ Icons chunk matched: /Users/pranay/Projects/AIMLGlossary/AIGlossaryPro/node_modules/lucide-react/dist/esm/icons/signal.js
Module ID: /Users/pranay/Projects/AIMLGlossary/AIGlossaryPro/node_modules/lucide-react/dist/esm/icons/signature.js
✓ Icons chunk matched: /Users/pranay/Projects/AIMLGlossary/AIGlossaryPro/node_modules/lucide-react/dist/esm/icons/signature.js
Module ID: /Users/pranay/Projects/AIMLGlossary/AIGlossaryPro/node_modules/lucide-react/dist/esm/icons/signpost-big.js
✓ Icons chunk matched: /Users/pranay/Projects/AIMLGlossary/AIGlossaryPro/node_modules/lucide-react/dist/esm/icons/signpost-big.js
Module ID: /Users/pranay/Projects/AIMLGlossary/AIGlossaryPro/node_modules/lucide-react/dist/esm/icons/signpost.js
✓ Icons chunk matched: /Users/pranay/Projects/AIMLGlossary/AIGlossaryPro/node_modules/lucide-react/dist/esm/icons/signpost.js
Module ID: /Users/pranay/Projects/AIMLGlossary/AIGlossaryPro/node_modules/lucide-react/dist/esm/icons/siren.js
✓ Icons chunk matched: /Users/pranay/Projects/AIMLGlossary/AIGlossaryPro/node_modules/lucide-react/dist/esm/icons/siren.js
Module ID: /Users/pranay/Projects/AIMLGlossary/AIGlossaryPro/node_modules/lucide-react/dist/esm/icons/skip-back.js
✓ Icons chunk matched: /Users/pranay/Projects/AIMLGlossary/AIGlossaryPro/node_modules/lucide-react/dist/esm/icons/skip-back.js
Module ID: /Users/pranay/Projects/AIMLGlossary/AIGlossaryPro/node_modules/lucide-react/dist/esm/icons/skip-forward.js
✓ Icons chunk matched: /Users/pranay/Projects/AIMLGlossary/AIGlossaryPro/node_modules/lucide-react/dist/esm/icons/skip-forward.js
Module ID: /Users/pranay/Projects/AIMLGlossary/AIGlossaryPro/node_modules/lucide-react/dist/esm/icons/skull.js
✓ Icons chunk matched: /Users/pranay/Projects/AIMLGlossary/AIGlossaryPro/node_modules/lucide-react/dist/esm/icons/skull.js
Module ID: /Users/pranay/Projects/AIMLGlossary/AIGlossaryPro/node_modules/lucide-react/dist/esm/icons/slack.js
✓ Icons chunk matched: /Users/pranay/Projects/AIMLGlossary/AIGlossaryPro/node_modules/lucide-react/dist/esm/icons/slack.js
Module ID: /Users/pranay/Projects/AIMLGlossary/AIGlossaryPro/node_modules/lucide-react/dist/esm/icons/slash.js
✓ Icons chunk matched: /Users/pranay/Projects/AIMLGlossary/AIGlossaryPro/node_modules/lucide-react/dist/esm/icons/slash.js
Module ID: /Users/pranay/Projects/AIMLGlossary/AIGlossaryPro/node_modules/lucide-react/dist/esm/icons/slice.js
✓ Icons chunk matched: /Users/pranay/Projects/AIMLGlossary/AIGlossaryPro/node_modules/lucide-react/dist/esm/icons/slice.js
Module ID: /Users/pranay/Projects/AIMLGlossary/AIGlossaryPro/node_modules/lucide-react/dist/esm/icons/sliders-horizontal.js
✓ Icons chunk matched: /Users/pranay/Projects/AIMLGlossary/AIGlossaryPro/node_modules/lucide-react/dist/esm/icons/sliders-horizontal.js
Module ID: /Users/pranay/Projects/AIMLGlossary/AIGlossaryPro/node_modules/lucide-react/dist/esm/icons/smartphone-charging.js
✓ Icons chunk matched: /Users/pranay/Projects/AIMLGlossary/AIGlossaryPro/node_modules/lucide-react/dist/esm/icons/smartphone-charging.js
Module ID: /Users/pranay/Projects/AIMLGlossary/AIGlossaryPro/node_modules/lucide-react/dist/esm/icons/smartphone-nfc.js
✓ Icons chunk matched: /Users/pranay/Projects/AIMLGlossary/AIGlossaryPro/node_modules/lucide-react/dist/esm/icons/smartphone-nfc.js
Module ID: /Users/pranay/Projects/AIMLGlossary/AIGlossaryPro/node_modules/lucide-react/dist/esm/icons/smartphone.js
✓ Icons chunk matched: /Users/pranay/Projects/AIMLGlossary/AIGlossaryPro/node_modules/lucide-react/dist/esm/icons/smartphone.js
Module ID: /Users/pranay/Projects/AIMLGlossary/AIGlossaryPro/node_modules/lucide-react/dist/esm/icons/smile-plus.js
✓ Icons chunk matched: /Users/pranay/Projects/AIMLGlossary/AIGlossaryPro/node_modules/lucide-react/dist/esm/icons/smile-plus.js
Module ID: /Users/pranay/Projects/AIMLGlossary/AIGlossaryPro/node_modules/lucide-react/dist/esm/icons/smile.js
✓ Icons chunk matched: /Users/pranay/Projects/AIMLGlossary/AIGlossaryPro/node_modules/lucide-react/dist/esm/icons/smile.js
Module ID: /Users/pranay/Projects/AIMLGlossary/AIGlossaryPro/node_modules/lucide-react/dist/esm/icons/snail.js
✓ Icons chunk matched: /Users/pranay/Projects/AIMLGlossary/AIGlossaryPro/node_modules/lucide-react/dist/esm/icons/snail.js
Module ID: /Users/pranay/Projects/AIMLGlossary/AIGlossaryPro/node_modules/lucide-react/dist/esm/icons/snowflake.js
✓ Icons chunk matched: /Users/pranay/Projects/AIMLGlossary/AIGlossaryPro/node_modules/lucide-react/dist/esm/icons/snowflake.js
Module ID: /Users/pranay/Projects/AIMLGlossary/AIGlossaryPro/node_modules/lucide-react/dist/esm/icons/sofa.js
✓ Icons chunk matched: /Users/pranay/Projects/AIMLGlossary/AIGlossaryPro/node_modules/lucide-react/dist/esm/icons/sofa.js
Module ID: /Users/pranay/Projects/AIMLGlossary/AIGlossaryPro/node_modules/lucide-react/dist/esm/icons/soup.js
✓ Icons chunk matched: /Users/pranay/Projects/AIMLGlossary/AIGlossaryPro/node_modules/lucide-react/dist/esm/icons/soup.js
Module ID: /Users/pranay/Projects/AIMLGlossary/AIGlossaryPro/node_modules/lucide-react/dist/esm/icons/space.js
✓ Icons chunk matched: /Users/pranay/Projects/AIMLGlossary/AIGlossaryPro/node_modules/lucide-react/dist/esm/icons/space.js
Module ID: /Users/pranay/Projects/AIMLGlossary/AIGlossaryPro/node_modules/lucide-react/dist/esm/icons/spade.js
✓ Icons chunk matched: /Users/pranay/Projects/AIMLGlossary/AIGlossaryPro/node_modules/lucide-react/dist/esm/icons/spade.js
Module ID: /Users/pranay/Projects/AIMLGlossary/AIGlossaryPro/node_modules/lucide-react/dist/esm/icons/sparkle.js
✓ Icons chunk matched: /Users/pranay/Projects/AIMLGlossary/AIGlossaryPro/node_modules/lucide-react/dist/esm/icons/sparkle.js
Module ID: /Users/pranay/Projects/AIMLGlossary/AIGlossaryPro/node_modules/lucide-react/dist/esm/icons/speaker.js
✓ Icons chunk matched: /Users/pranay/Projects/AIMLGlossary/AIGlossaryPro/node_modules/lucide-react/dist/esm/icons/speaker.js
Module ID: /Users/pranay/Projects/AIMLGlossary/AIGlossaryPro/node_modules/lucide-react/dist/esm/icons/speech.js
✓ Icons chunk matched: /Users/pranay/Projects/AIMLGlossary/AIGlossaryPro/node_modules/lucide-react/dist/esm/icons/speech.js
Module ID: /Users/pranay/Projects/AIMLGlossary/AIGlossaryPro/node_modules/lucide-react/dist/esm/icons/spell-check-2.js
✓ Icons chunk matched: /Users/pranay/Projects/AIMLGlossary/AIGlossaryPro/node_modules/lucide-react/dist/esm/icons/spell-check-2.js
Module ID: /Users/pranay/Projects/AIMLGlossary/AIGlossaryPro/node_modules/lucide-react/dist/esm/icons/spell-check.js
✓ Icons chunk matched: /Users/pranay/Projects/AIMLGlossary/AIGlossaryPro/node_modules/lucide-react/dist/esm/icons/spell-check.js
Module ID: /Users/pranay/Projects/AIMLGlossary/AIGlossaryPro/node_modules/lucide-react/dist/esm/icons/spline.js
✓ Icons chunk matched: /Users/pranay/Projects/AIMLGlossary/AIGlossaryPro/node_modules/lucide-react/dist/esm/icons/spline.js
Module ID: /Users/pranay/Projects/AIMLGlossary/AIGlossaryPro/node_modules/lucide-react/dist/esm/icons/split.js
✓ Icons chunk matched: /Users/pranay/Projects/AIMLGlossary/AIGlossaryPro/node_modules/lucide-react/dist/esm/icons/split.js
Module ID: /Users/pranay/Projects/AIMLGlossary/AIGlossaryPro/node_modules/lucide-react/dist/esm/icons/spray-can.js
✓ Icons chunk matched: /Users/pranay/Projects/AIMLGlossary/AIGlossaryPro/node_modules/lucide-react/dist/esm/icons/spray-can.js
Module ID: /Users/pranay/Projects/AIMLGlossary/AIGlossaryPro/node_modules/lucide-react/dist/esm/icons/sprout.js
✓ Icons chunk matched: /Users/pranay/Projects/AIMLGlossary/AIGlossaryPro/node_modules/lucide-react/dist/esm/icons/sprout.js
Module ID: /Users/pranay/Projects/AIMLGlossary/AIGlossaryPro/node_modules/lucide-react/dist/esm/icons/square-dashed-bottom-code.js
✓ Icons chunk matched: /Users/pranay/Projects/AIMLGlossary/AIGlossaryPro/node_modules/lucide-react/dist/esm/icons/square-dashed-bottom-code.js
Module ID: /Users/pranay/Projects/AIMLGlossary/AIGlossaryPro/node_modules/lucide-react/dist/esm/icons/square-dashed-bottom.js
✓ Icons chunk matched: /Users/pranay/Projects/AIMLGlossary/AIGlossaryPro/node_modules/lucide-react/dist/esm/icons/square-dashed-bottom.js
Module ID: /Users/pranay/Projects/AIMLGlossary/AIGlossaryPro/node_modules/lucide-react/dist/esm/icons/square-radical.js
✓ Icons chunk matched: /Users/pranay/Projects/AIMLGlossary/AIGlossaryPro/node_modules/lucide-react/dist/esm/icons/square-radical.js
Module ID: /Users/pranay/Projects/AIMLGlossary/AIGlossaryPro/node_modules/lucide-react/dist/esm/icons/square-square.js
✓ Icons chunk matched: /Users/pranay/Projects/AIMLGlossary/AIGlossaryPro/node_modules/lucide-react/dist/esm/icons/square-square.js
Module ID: /Users/pranay/Projects/AIMLGlossary/AIGlossaryPro/node_modules/lucide-react/dist/esm/icons/square-stack.js
✓ Icons chunk matched: /Users/pranay/Projects/AIMLGlossary/AIGlossaryPro/node_modules/lucide-react/dist/esm/icons/square-stack.js
Module ID: /Users/pranay/Projects/AIMLGlossary/AIGlossaryPro/node_modules/lucide-react/dist/esm/icons/square.js
✓ Icons chunk matched: /Users/pranay/Projects/AIMLGlossary/AIGlossaryPro/node_modules/lucide-react/dist/esm/icons/square.js
Module ID: /Users/pranay/Projects/AIMLGlossary/AIGlossaryPro/node_modules/lucide-react/dist/esm/icons/squircle.js
✓ Icons chunk matched: /Users/pranay/Projects/AIMLGlossary/AIGlossaryPro/node_modules/lucide-react/dist/esm/icons/squircle.js
Module ID: /Users/pranay/Projects/AIMLGlossary/AIGlossaryPro/node_modules/lucide-react/dist/esm/icons/squirrel.js
✓ Icons chunk matched: /Users/pranay/Projects/AIMLGlossary/AIGlossaryPro/node_modules/lucide-react/dist/esm/icons/squirrel.js
Module ID: /Users/pranay/Projects/AIMLGlossary/AIGlossaryPro/node_modules/lucide-react/dist/esm/icons/stamp.js
✓ Icons chunk matched: /Users/pranay/Projects/AIMLGlossary/AIGlossaryPro/node_modules/lucide-react/dist/esm/icons/stamp.js
Module ID: /Users/pranay/Projects/AIMLGlossary/AIGlossaryPro/node_modules/lucide-react/dist/esm/icons/star-half.js
✓ Icons chunk matched: /Users/pranay/Projects/AIMLGlossary/AIGlossaryPro/node_modules/lucide-react/dist/esm/icons/star-half.js
Module ID: /Users/pranay/Projects/AIMLGlossary/AIGlossaryPro/node_modules/lucide-react/dist/esm/icons/star-off.js
✓ Icons chunk matched: /Users/pranay/Projects/AIMLGlossary/AIGlossaryPro/node_modules/lucide-react/dist/esm/icons/star-off.js
Module ID: /Users/pranay/Projects/AIMLGlossary/AIGlossaryPro/node_modules/lucide-react/dist/esm/icons/star.js
✓ Icons chunk matched: /Users/pranay/Projects/AIMLGlossary/AIGlossaryPro/node_modules/lucide-react/dist/esm/icons/star.js
Module ID: /Users/pranay/Projects/AIMLGlossary/AIGlossaryPro/node_modules/lucide-react/dist/esm/icons/step-back.js
✓ Icons chunk matched: /Users/pranay/Projects/AIMLGlossary/AIGlossaryPro/node_modules/lucide-react/dist/esm/icons/step-back.js
Module ID: /Users/pranay/Projects/AIMLGlossary/AIGlossaryPro/node_modules/lucide-react/dist/esm/icons/step-forward.js
✓ Icons chunk matched: /Users/pranay/Projects/AIMLGlossary/AIGlossaryPro/node_modules/lucide-react/dist/esm/icons/step-forward.js
Module ID: /Users/pranay/Projects/AIMLGlossary/AIGlossaryPro/node_modules/lucide-react/dist/esm/icons/stethoscope.js
✓ Icons chunk matched: /Users/pranay/Projects/AIMLGlossary/AIGlossaryPro/node_modules/lucide-react/dist/esm/icons/stethoscope.js
Module ID: /Users/pranay/Projects/AIMLGlossary/AIGlossaryPro/node_modules/lucide-react/dist/esm/icons/sticker.js
✓ Icons chunk matched: /Users/pranay/Projects/AIMLGlossary/AIGlossaryPro/node_modules/lucide-react/dist/esm/icons/sticker.js
Module ID: /Users/pranay/Projects/AIMLGlossary/AIGlossaryPro/node_modules/lucide-react/dist/esm/icons/sticky-note.js
✓ Icons chunk matched: /Users/pranay/Projects/AIMLGlossary/AIGlossaryPro/node_modules/lucide-react/dist/esm/icons/sticky-note.js
Module ID: /Users/pranay/Projects/AIMLGlossary/AIGlossaryPro/node_modules/lucide-react/dist/esm/icons/store.js
✓ Icons chunk matched: /Users/pranay/Projects/AIMLGlossary/AIGlossaryPro/node_modules/lucide-react/dist/esm/icons/store.js
Module ID: /Users/pranay/Projects/AIMLGlossary/AIGlossaryPro/node_modules/lucide-react/dist/esm/icons/stretch-horizontal.js
✓ Icons chunk matched: /Users/pranay/Projects/AIMLGlossary/AIGlossaryPro/node_modules/lucide-react/dist/esm/icons/stretch-horizontal.js
Module ID: /Users/pranay/Projects/AIMLGlossary/AIGlossaryPro/node_modules/lucide-react/dist/esm/icons/stretch-vertical.js
✓ Icons chunk matched: /Users/pranay/Projects/AIMLGlossary/AIGlossaryPro/node_modules/lucide-react/dist/esm/icons/stretch-vertical.js
Module ID: /Users/pranay/Projects/AIMLGlossary/AIGlossaryPro/node_modules/lucide-react/dist/esm/icons/strikethrough.js
✓ Icons chunk matched: /Users/pranay/Projects/AIMLGlossary/AIGlossaryPro/node_modules/lucide-react/dist/esm/icons/strikethrough.js
Module ID: /Users/pranay/Projects/AIMLGlossary/AIGlossaryPro/node_modules/lucide-react/dist/esm/icons/subscript.js
✓ Icons chunk matched: /Users/pranay/Projects/AIMLGlossary/AIGlossaryPro/node_modules/lucide-react/dist/esm/icons/subscript.js
Module ID: /Users/pranay/Projects/AIMLGlossary/AIGlossaryPro/node_modules/lucide-react/dist/esm/icons/sun-dim.js
✓ Icons chunk matched: /Users/pranay/Projects/AIMLGlossary/AIGlossaryPro/node_modules/lucide-react/dist/esm/icons/sun-dim.js
Module ID: /Users/pranay/Projects/AIMLGlossary/AIGlossaryPro/node_modules/lucide-react/dist/esm/icons/sun-medium.js
✓ Icons chunk matched: /Users/pranay/Projects/AIMLGlossary/AIGlossaryPro/node_modules/lucide-react/dist/esm/icons/sun-medium.js
Module ID: /Users/pranay/Projects/AIMLGlossary/AIGlossaryPro/node_modules/lucide-react/dist/esm/icons/sun-moon.js
✓ Icons chunk matched: /Users/pranay/Projects/AIMLGlossary/AIGlossaryPro/node_modules/lucide-react/dist/esm/icons/sun-moon.js
Module ID: /Users/pranay/Projects/AIMLGlossary/AIGlossaryPro/node_modules/lucide-react/dist/esm/icons/sun-snow.js
✓ Icons chunk matched: /Users/pranay/Projects/AIMLGlossary/AIGlossaryPro/node_modules/lucide-react/dist/esm/icons/sun-snow.js
Module ID: /Users/pranay/Projects/AIMLGlossary/AIGlossaryPro/node_modules/lucide-react/dist/esm/icons/sun.js
✓ Icons chunk matched: /Users/pranay/Projects/AIMLGlossary/AIGlossaryPro/node_modules/lucide-react/dist/esm/icons/sun.js
Module ID: /Users/pranay/Projects/AIMLGlossary/AIGlossaryPro/node_modules/lucide-react/dist/esm/icons/sunrise.js
✓ Icons chunk matched: /Users/pranay/Projects/AIMLGlossary/AIGlossaryPro/node_modules/lucide-react/dist/esm/icons/sunrise.js
Module ID: /Users/pranay/Projects/AIMLGlossary/AIGlossaryPro/node_modules/lucide-react/dist/esm/icons/sunset.js
✓ Icons chunk matched: /Users/pranay/Projects/AIMLGlossary/AIGlossaryPro/node_modules/lucide-react/dist/esm/icons/sunset.js
Module ID: /Users/pranay/Projects/AIMLGlossary/AIGlossaryPro/node_modules/lucide-react/dist/esm/icons/superscript.js
✓ Icons chunk matched: /Users/pranay/Projects/AIMLGlossary/AIGlossaryPro/node_modules/lucide-react/dist/esm/icons/superscript.js
Module ID: /Users/pranay/Projects/AIMLGlossary/AIGlossaryPro/node_modules/lucide-react/dist/esm/icons/swatch-book.js
✓ Icons chunk matched: /Users/pranay/Projects/AIMLGlossary/AIGlossaryPro/node_modules/lucide-react/dist/esm/icons/swatch-book.js
Module ID: /Users/pranay/Projects/AIMLGlossary/AIGlossaryPro/node_modules/lucide-react/dist/esm/icons/swiss-franc.js
✓ Icons chunk matched: /Users/pranay/Projects/AIMLGlossary/AIGlossaryPro/node_modules/lucide-react/dist/esm/icons/swiss-franc.js
Module ID: /Users/pranay/Projects/AIMLGlossary/AIGlossaryPro/node_modules/lucide-react/dist/esm/icons/switch-camera.js
✓ Icons chunk matched: /Users/pranay/Projects/AIMLGlossary/AIGlossaryPro/node_modules/lucide-react/dist/esm/icons/switch-camera.js
Module ID: /Users/pranay/Projects/AIMLGlossary/AIGlossaryPro/node_modules/lucide-react/dist/esm/icons/sword.js
✓ Icons chunk matched: /Users/pranay/Projects/AIMLGlossary/AIGlossaryPro/node_modules/lucide-react/dist/esm/icons/sword.js
Module ID: /Users/pranay/Projects/AIMLGlossary/AIGlossaryPro/node_modules/lucide-react/dist/esm/icons/swords.js
✓ Icons chunk matched: /Users/pranay/Projects/AIMLGlossary/AIGlossaryPro/node_modules/lucide-react/dist/esm/icons/swords.js
Module ID: /Users/pranay/Projects/AIMLGlossary/AIGlossaryPro/node_modules/lucide-react/dist/esm/icons/syringe.js
✓ Icons chunk matched: /Users/pranay/Projects/AIMLGlossary/AIGlossaryPro/node_modules/lucide-react/dist/esm/icons/syringe.js
Module ID: /Users/pranay/Projects/AIMLGlossary/AIGlossaryPro/node_modules/lucide-react/dist/esm/icons/table-2.js
✓ Icons chunk matched: /Users/pranay/Projects/AIMLGlossary/AIGlossaryPro/node_modules/lucide-react/dist/esm/icons/table-2.js
Module ID: /Users/pranay/Projects/AIMLGlossary/AIGlossaryPro/node_modules/lucide-react/dist/esm/icons/table-cells-merge.js
✓ Icons chunk matched: /Users/pranay/Projects/AIMLGlossary/AIGlossaryPro/node_modules/lucide-react/dist/esm/icons/table-cells-merge.js
Module ID: /Users/pranay/Projects/AIMLGlossary/AIGlossaryPro/node_modules/lucide-react/dist/esm/icons/table-cells-split.js
✓ Icons chunk matched: /Users/pranay/Projects/AIMLGlossary/AIGlossaryPro/node_modules/lucide-react/dist/esm/icons/table-cells-split.js
Module ID: /Users/pranay/Projects/AIMLGlossary/AIGlossaryPro/node_modules/lucide-react/dist/esm/icons/table-columns-split.js
✓ Icons chunk matched: /Users/pranay/Projects/AIMLGlossary/AIGlossaryPro/node_modules/lucide-react/dist/esm/icons/table-columns-split.js
Module ID: /Users/pranay/Projects/AIMLGlossary/AIGlossaryPro/node_modules/lucide-react/dist/esm/icons/table-of-contents.js
✓ Icons chunk matched: /Users/pranay/Projects/AIMLGlossary/AIGlossaryPro/node_modules/lucide-react/dist/esm/icons/table-of-contents.js
Module ID: /Users/pranay/Projects/AIMLGlossary/AIGlossaryPro/node_modules/lucide-react/dist/esm/icons/table-properties.js
✓ Icons chunk matched: /Users/pranay/Projects/AIMLGlossary/AIGlossaryPro/node_modules/lucide-react/dist/esm/icons/table-properties.js
Module ID: /Users/pranay/Projects/AIMLGlossary/AIGlossaryPro/node_modules/lucide-react/dist/esm/icons/table-rows-split.js
✓ Icons chunk matched: /Users/pranay/Projects/AIMLGlossary/AIGlossaryPro/node_modules/lucide-react/dist/esm/icons/table-rows-split.js
Module ID: /Users/pranay/Projects/AIMLGlossary/AIGlossaryPro/node_modules/lucide-react/dist/esm/icons/table.js
✓ Icons chunk matched: /Users/pranay/Projects/AIMLGlossary/AIGlossaryPro/node_modules/lucide-react/dist/esm/icons/table.js
Module ID: /Users/pranay/Projects/AIMLGlossary/AIGlossaryPro/node_modules/lucide-react/dist/esm/icons/tablet-smartphone.js
✓ Icons chunk matched: /Users/pranay/Projects/AIMLGlossary/AIGlossaryPro/node_modules/lucide-react/dist/esm/icons/tablet-smartphone.js
Module ID: /Users/pranay/Projects/AIMLGlossary/AIGlossaryPro/node_modules/lucide-react/dist/esm/icons/tablet.js
✓ Icons chunk matched: /Users/pranay/Projects/AIMLGlossary/AIGlossaryPro/node_modules/lucide-react/dist/esm/icons/tablet.js
Module ID: /Users/pranay/Projects/AIMLGlossary/AIGlossaryPro/node_modules/lucide-react/dist/esm/icons/tablets.js
✓ Icons chunk matched: /Users/pranay/Projects/AIMLGlossary/AIGlossaryPro/node_modules/lucide-react/dist/esm/icons/tablets.js
Module ID: /Users/pranay/Projects/AIMLGlossary/AIGlossaryPro/node_modules/lucide-react/dist/esm/icons/tag.js
✓ Icons chunk matched: /Users/pranay/Projects/AIMLGlossary/AIGlossaryPro/node_modules/lucide-react/dist/esm/icons/tag.js
Module ID: /Users/pranay/Projects/AIMLGlossary/AIGlossaryPro/node_modules/lucide-react/dist/esm/icons/tags.js
✓ Icons chunk matched: /Users/pranay/Projects/AIMLGlossary/AIGlossaryPro/node_modules/lucide-react/dist/esm/icons/tags.js
Module ID: /Users/pranay/Projects/AIMLGlossary/AIGlossaryPro/node_modules/lucide-react/dist/esm/icons/tally-1.js
✓ Icons chunk matched: /Users/pranay/Projects/AIMLGlossary/AIGlossaryPro/node_modules/lucide-react/dist/esm/icons/tally-1.js
Module ID: /Users/pranay/Projects/AIMLGlossary/AIGlossaryPro/node_modules/lucide-react/dist/esm/icons/tally-2.js
✓ Icons chunk matched: /Users/pranay/Projects/AIMLGlossary/AIGlossaryPro/node_modules/lucide-react/dist/esm/icons/tally-2.js
Module ID: /Users/pranay/Projects/AIMLGlossary/AIGlossaryPro/node_modules/lucide-react/dist/esm/icons/tally-3.js
✓ Icons chunk matched: /Users/pranay/Projects/AIMLGlossary/AIGlossaryPro/node_modules/lucide-react/dist/esm/icons/tally-3.js
Module ID: /Users/pranay/Projects/AIMLGlossary/AIGlossaryPro/node_modules/lucide-react/dist/esm/icons/tally-4.js
✓ Icons chunk matched: /Users/pranay/Projects/AIMLGlossary/AIGlossaryPro/node_modules/lucide-react/dist/esm/icons/tally-4.js
Module ID: /Users/pranay/Projects/AIMLGlossary/AIGlossaryPro/node_modules/lucide-react/dist/esm/icons/tally-5.js
✓ Icons chunk matched: /Users/pranay/Projects/AIMLGlossary/AIGlossaryPro/node_modules/lucide-react/dist/esm/icons/tally-5.js
Module ID: /Users/pranay/Projects/AIMLGlossary/AIGlossaryPro/node_modules/lucide-react/dist/esm/icons/tangent.js
✓ Icons chunk matched: /Users/pranay/Projects/AIMLGlossary/AIGlossaryPro/node_modules/lucide-react/dist/esm/icons/tangent.js
Module ID: /Users/pranay/Projects/AIMLGlossary/AIGlossaryPro/node_modules/lucide-react/dist/esm/icons/target.js
✓ Icons chunk matched: /Users/pranay/Projects/AIMLGlossary/AIGlossaryPro/node_modules/lucide-react/dist/esm/icons/target.js
Module ID: /Users/pranay/Projects/AIMLGlossary/AIGlossaryPro/node_modules/lucide-react/dist/esm/icons/telescope.js
✓ Icons chunk matched: /Users/pranay/Projects/AIMLGlossary/AIGlossaryPro/node_modules/lucide-react/dist/esm/icons/telescope.js
Module ID: /Users/pranay/Projects/AIMLGlossary/AIGlossaryPro/node_modules/lucide-react/dist/esm/icons/tent-tree.js
✓ Icons chunk matched: /Users/pranay/Projects/AIMLGlossary/AIGlossaryPro/node_modules/lucide-react/dist/esm/icons/tent-tree.js
Module ID: /Users/pranay/Projects/AIMLGlossary/AIGlossaryPro/node_modules/lucide-react/dist/esm/icons/tent.js
✓ Icons chunk matched: /Users/pranay/Projects/AIMLGlossary/AIGlossaryPro/node_modules/lucide-react/dist/esm/icons/tent.js
Module ID: /Users/pranay/Projects/AIMLGlossary/AIGlossaryPro/node_modules/lucide-react/dist/esm/icons/terminal.js
✓ Icons chunk matched: /Users/pranay/Projects/AIMLGlossary/AIGlossaryPro/node_modules/lucide-react/dist/esm/icons/terminal.js
Module ID: /Users/pranay/Projects/AIMLGlossary/AIGlossaryPro/node_modules/lucide-react/dist/esm/icons/test-tube.js
✓ Icons chunk matched: /Users/pranay/Projects/AIMLGlossary/AIGlossaryPro/node_modules/lucide-react/dist/esm/icons/test-tube.js
Module ID: /Users/pranay/Projects/AIMLGlossary/AIGlossaryPro/node_modules/lucide-react/dist/esm/icons/test-tubes.js
✓ Icons chunk matched: /Users/pranay/Projects/AIMLGlossary/AIGlossaryPro/node_modules/lucide-react/dist/esm/icons/test-tubes.js
Module ID: /Users/pranay/Projects/AIMLGlossary/AIGlossaryPro/node_modules/lucide-react/dist/esm/icons/text-cursor-input.js
✓ Icons chunk matched: /Users/pranay/Projects/AIMLGlossary/AIGlossaryPro/node_modules/lucide-react/dist/esm/icons/text-cursor-input.js
Module ID: /Users/pranay/Projects/AIMLGlossary/AIGlossaryPro/node_modules/lucide-react/dist/esm/icons/text-cursor.js
✓ Icons chunk matched: /Users/pranay/Projects/AIMLGlossary/AIGlossaryPro/node_modules/lucide-react/dist/esm/icons/text-cursor.js
Module ID: /Users/pranay/Projects/AIMLGlossary/AIGlossaryPro/node_modules/lucide-react/dist/esm/icons/text-quote.js
✓ Icons chunk matched: /Users/pranay/Projects/AIMLGlossary/AIGlossaryPro/node_modules/lucide-react/dist/esm/icons/text-quote.js
Module ID: /Users/pranay/Projects/AIMLGlossary/AIGlossaryPro/node_modules/lucide-react/dist/esm/icons/text-search.js
✓ Icons chunk matched: /Users/pranay/Projects/AIMLGlossary/AIGlossaryPro/node_modules/lucide-react/dist/esm/icons/text-search.js
Module ID: /Users/pranay/Projects/AIMLGlossary/AIGlossaryPro/node_modules/lucide-react/dist/esm/icons/text.js
✓ Icons chunk matched: /Users/pranay/Projects/AIMLGlossary/AIGlossaryPro/node_modules/lucide-react/dist/esm/icons/text.js
Module ID: /Users/pranay/Projects/AIMLGlossary/AIGlossaryPro/node_modules/lucide-react/dist/esm/icons/theater.js
✓ Icons chunk matched: /Users/pranay/Projects/AIMLGlossary/AIGlossaryPro/node_modules/lucide-react/dist/esm/icons/theater.js
Module ID: /Users/pranay/Projects/AIMLGlossary/AIGlossaryPro/node_modules/lucide-react/dist/esm/icons/thermometer-snowflake.js
✓ Icons chunk matched: /Users/pranay/Projects/AIMLGlossary/AIGlossaryPro/node_modules/lucide-react/dist/esm/icons/thermometer-snowflake.js
Module ID: /Users/pranay/Projects/AIMLGlossary/AIGlossaryPro/node_modules/lucide-react/dist/esm/icons/thermometer-sun.js
✓ Icons chunk matched: /Users/pranay/Projects/AIMLGlossary/AIGlossaryPro/node_modules/lucide-react/dist/esm/icons/thermometer-sun.js
Module ID: /Users/pranay/Projects/AIMLGlossary/AIGlossaryPro/node_modules/lucide-react/dist/esm/icons/thermometer.js
✓ Icons chunk matched: /Users/pranay/Projects/AIMLGlossary/AIGlossaryPro/node_modules/lucide-react/dist/esm/icons/thermometer.js
Module ID: /Users/pranay/Projects/AIMLGlossary/AIGlossaryPro/node_modules/lucide-react/dist/esm/icons/thumbs-down.js
✓ Icons chunk matched: /Users/pranay/Projects/AIMLGlossary/AIGlossaryPro/node_modules/lucide-react/dist/esm/icons/thumbs-down.js
Module ID: /Users/pranay/Projects/AIMLGlossary/AIGlossaryPro/node_modules/lucide-react/dist/esm/icons/thumbs-up.js
✓ Icons chunk matched: /Users/pranay/Projects/AIMLGlossary/AIGlossaryPro/node_modules/lucide-react/dist/esm/icons/thumbs-up.js
Module ID: /Users/pranay/Projects/AIMLGlossary/AIGlossaryPro/node_modules/lucide-react/dist/esm/icons/ticket-check.js
✓ Icons chunk matched: /Users/pranay/Projects/AIMLGlossary/AIGlossaryPro/node_modules/lucide-react/dist/esm/icons/ticket-check.js
Module ID: /Users/pranay/Projects/AIMLGlossary/AIGlossaryPro/node_modules/lucide-react/dist/esm/icons/ticket-minus.js
✓ Icons chunk matched: /Users/pranay/Projects/AIMLGlossary/AIGlossaryPro/node_modules/lucide-react/dist/esm/icons/ticket-minus.js
Module ID: /Users/pranay/Projects/AIMLGlossary/AIGlossaryPro/node_modules/lucide-react/dist/esm/icons/ticket-percent.js
✓ Icons chunk matched: /Users/pranay/Projects/AIMLGlossary/AIGlossaryPro/node_modules/lucide-react/dist/esm/icons/ticket-percent.js
Module ID: /Users/pranay/Projects/AIMLGlossary/AIGlossaryPro/node_modules/lucide-react/dist/esm/icons/ticket-plus.js
✓ Icons chunk matched: /Users/pranay/Projects/AIMLGlossary/AIGlossaryPro/node_modules/lucide-react/dist/esm/icons/ticket-plus.js
Module ID: /Users/pranay/Projects/AIMLGlossary/AIGlossaryPro/node_modules/lucide-react/dist/esm/icons/ticket-slash.js
✓ Icons chunk matched: /Users/pranay/Projects/AIMLGlossary/AIGlossaryPro/node_modules/lucide-react/dist/esm/icons/ticket-slash.js
Module ID: /Users/pranay/Projects/AIMLGlossary/AIGlossaryPro/node_modules/lucide-react/dist/esm/icons/ticket-x.js
✓ Icons chunk matched: /Users/pranay/Projects/AIMLGlossary/AIGlossaryPro/node_modules/lucide-react/dist/esm/icons/ticket-x.js
Module ID: /Users/pranay/Projects/AIMLGlossary/AIGlossaryPro/node_modules/lucide-react/dist/esm/icons/ticket.js
✓ Icons chunk matched: /Users/pranay/Projects/AIMLGlossary/AIGlossaryPro/node_modules/lucide-react/dist/esm/icons/ticket.js
Module ID: /Users/pranay/Projects/AIMLGlossary/AIGlossaryPro/node_modules/lucide-react/dist/esm/icons/tickets-plane.js
✓ Icons chunk matched: /Users/pranay/Projects/AIMLGlossary/AIGlossaryPro/node_modules/lucide-react/dist/esm/icons/tickets-plane.js
Module ID: /Users/pranay/Projects/AIMLGlossary/AIGlossaryPro/node_modules/lucide-react/dist/esm/icons/tickets.js
✓ Icons chunk matched: /Users/pranay/Projects/AIMLGlossary/AIGlossaryPro/node_modules/lucide-react/dist/esm/icons/tickets.js
Module ID: /Users/pranay/Projects/AIMLGlossary/AIGlossaryPro/node_modules/lucide-react/dist/esm/icons/timer-off.js
✓ Icons chunk matched: /Users/pranay/Projects/AIMLGlossary/AIGlossaryPro/node_modules/lucide-react/dist/esm/icons/timer-off.js
Module ID: /Users/pranay/Projects/AIMLGlossary/AIGlossaryPro/node_modules/lucide-react/dist/esm/icons/timer-reset.js
✓ Icons chunk matched: /Users/pranay/Projects/AIMLGlossary/AIGlossaryPro/node_modules/lucide-react/dist/esm/icons/timer-reset.js
Module ID: /Users/pranay/Projects/AIMLGlossary/AIGlossaryPro/node_modules/lucide-react/dist/esm/icons/timer.js
✓ Icons chunk matched: /Users/pranay/Projects/AIMLGlossary/AIGlossaryPro/node_modules/lucide-react/dist/esm/icons/timer.js
Module ID: /Users/pranay/Projects/AIMLGlossary/AIGlossaryPro/node_modules/lucide-react/dist/esm/icons/toggle-left.js
✓ Icons chunk matched: /Users/pranay/Projects/AIMLGlossary/AIGlossaryPro/node_modules/lucide-react/dist/esm/icons/toggle-left.js
Module ID: /Users/pranay/Projects/AIMLGlossary/AIGlossaryPro/node_modules/lucide-react/dist/esm/icons/toggle-right.js
✓ Icons chunk matched: /Users/pranay/Projects/AIMLGlossary/AIGlossaryPro/node_modules/lucide-react/dist/esm/icons/toggle-right.js
Module ID: /Users/pranay/Projects/AIMLGlossary/AIGlossaryPro/node_modules/lucide-react/dist/esm/icons/tornado.js
✓ Icons chunk matched: /Users/pranay/Projects/AIMLGlossary/AIGlossaryPro/node_modules/lucide-react/dist/esm/icons/tornado.js
Module ID: /Users/pranay/Projects/AIMLGlossary/AIGlossaryPro/node_modules/lucide-react/dist/esm/icons/torus.js
✓ Icons chunk matched: /Users/pranay/Projects/AIMLGlossary/AIGlossaryPro/node_modules/lucide-react/dist/esm/icons/torus.js
Module ID: /Users/pranay/Projects/AIMLGlossary/AIGlossaryPro/node_modules/lucide-react/dist/esm/icons/touchpad-off.js
✓ Icons chunk matched: /Users/pranay/Projects/AIMLGlossary/AIGlossaryPro/node_modules/lucide-react/dist/esm/icons/touchpad-off.js
Module ID: /Users/pranay/Projects/AIMLGlossary/AIGlossaryPro/node_modules/lucide-react/dist/esm/icons/touchpad.js
✓ Icons chunk matched: /Users/pranay/Projects/AIMLGlossary/AIGlossaryPro/node_modules/lucide-react/dist/esm/icons/touchpad.js
Module ID: /Users/pranay/Projects/AIMLGlossary/AIGlossaryPro/node_modules/lucide-react/dist/esm/icons/tower-control.js
✓ Icons chunk matched: /Users/pranay/Projects/AIMLGlossary/AIGlossaryPro/node_modules/lucide-react/dist/esm/icons/tower-control.js
Module ID: /Users/pranay/Projects/AIMLGlossary/AIGlossaryPro/node_modules/lucide-react/dist/esm/icons/toy-brick.js
✓ Icons chunk matched: /Users/pranay/Projects/AIMLGlossary/AIGlossaryPro/node_modules/lucide-react/dist/esm/icons/toy-brick.js
Module ID: /Users/pranay/Projects/AIMLGlossary/AIGlossaryPro/node_modules/lucide-react/dist/esm/icons/tractor.js
✓ Icons chunk matched: /Users/pranay/Projects/AIMLGlossary/AIGlossaryPro/node_modules/lucide-react/dist/esm/icons/tractor.js
Module ID: /Users/pranay/Projects/AIMLGlossary/AIGlossaryPro/node_modules/lucide-react/dist/esm/icons/traffic-cone.js
✓ Icons chunk matched: /Users/pranay/Projects/AIMLGlossary/AIGlossaryPro/node_modules/lucide-react/dist/esm/icons/traffic-cone.js
Module ID: /Users/pranay/Projects/AIMLGlossary/AIGlossaryPro/node_modules/lucide-react/dist/esm/icons/train-front-tunnel.js
✓ Icons chunk matched: /Users/pranay/Projects/AIMLGlossary/AIGlossaryPro/node_modules/lucide-react/dist/esm/icons/train-front-tunnel.js
Module ID: /Users/pranay/Projects/AIMLGlossary/AIGlossaryPro/node_modules/lucide-react/dist/esm/icons/train-front.js
✓ Icons chunk matched: /Users/pranay/Projects/AIMLGlossary/AIGlossaryPro/node_modules/lucide-react/dist/esm/icons/train-front.js
Module ID: /Users/pranay/Projects/AIMLGlossary/AIGlossaryPro/node_modules/lucide-react/dist/esm/icons/train-track.js
✓ Icons chunk matched: /Users/pranay/Projects/AIMLGlossary/AIGlossaryPro/node_modules/lucide-react/dist/esm/icons/train-track.js
Module ID: /Users/pranay/Projects/AIMLGlossary/AIGlossaryPro/node_modules/lucide-react/dist/esm/icons/trash-2.js
✓ Icons chunk matched: /Users/pranay/Projects/AIMLGlossary/AIGlossaryPro/node_modules/lucide-react/dist/esm/icons/trash-2.js
Module ID: /Users/pranay/Projects/AIMLGlossary/AIGlossaryPro/node_modules/lucide-react/dist/esm/icons/trash.js
✓ Icons chunk matched: /Users/pranay/Projects/AIMLGlossary/AIGlossaryPro/node_modules/lucide-react/dist/esm/icons/trash.js
Module ID: /Users/pranay/Projects/AIMLGlossary/AIGlossaryPro/node_modules/lucide-react/dist/esm/icons/tree-deciduous.js
✓ Icons chunk matched: /Users/pranay/Projects/AIMLGlossary/AIGlossaryPro/node_modules/lucide-react/dist/esm/icons/tree-deciduous.js
Module ID: /Users/pranay/Projects/AIMLGlossary/AIGlossaryPro/node_modules/lucide-react/dist/esm/icons/tree-pine.js
✓ Icons chunk matched: /Users/pranay/Projects/AIMLGlossary/AIGlossaryPro/node_modules/lucide-react/dist/esm/icons/tree-pine.js
Module ID: /Users/pranay/Projects/AIMLGlossary/AIGlossaryPro/node_modules/lucide-react/dist/esm/icons/trees.js
✓ Icons chunk matched: /Users/pranay/Projects/AIMLGlossary/AIGlossaryPro/node_modules/lucide-react/dist/esm/icons/trees.js
Module ID: /Users/pranay/Projects/AIMLGlossary/AIGlossaryPro/node_modules/lucide-react/dist/esm/icons/trello.js
✓ Icons chunk matched: /Users/pranay/Projects/AIMLGlossary/AIGlossaryPro/node_modules/lucide-react/dist/esm/icons/trello.js
Module ID: /Users/pranay/Projects/AIMLGlossary/AIGlossaryPro/node_modules/lucide-react/dist/esm/icons/trending-down.js
✓ Icons chunk matched: /Users/pranay/Projects/AIMLGlossary/AIGlossaryPro/node_modules/lucide-react/dist/esm/icons/trending-down.js
Module ID: /Users/pranay/Projects/AIMLGlossary/AIGlossaryPro/node_modules/lucide-react/dist/esm/icons/trending-up-down.js
✓ Icons chunk matched: /Users/pranay/Projects/AIMLGlossary/AIGlossaryPro/node_modules/lucide-react/dist/esm/icons/trending-up-down.js
Module ID: /Users/pranay/Projects/AIMLGlossary/AIGlossaryPro/node_modules/lucide-react/dist/esm/icons/trending-up.js
✓ Icons chunk matched: /Users/pranay/Projects/AIMLGlossary/AIGlossaryPro/node_modules/lucide-react/dist/esm/icons/trending-up.js
Module ID: /Users/pranay/Projects/AIMLGlossary/AIGlossaryPro/node_modules/lucide-react/dist/esm/icons/triangle-right.js
✓ Icons chunk matched: /Users/pranay/Projects/AIMLGlossary/AIGlossaryPro/node_modules/lucide-react/dist/esm/icons/triangle-right.js
Module ID: /Users/pranay/Projects/AIMLGlossary/AIGlossaryPro/node_modules/lucide-react/dist/esm/icons/triangle.js
✓ Icons chunk matched: /Users/pranay/Projects/AIMLGlossary/AIGlossaryPro/node_modules/lucide-react/dist/esm/icons/triangle.js
Module ID: /Users/pranay/Projects/AIMLGlossary/AIGlossaryPro/node_modules/lucide-react/dist/esm/icons/trophy.js
✓ Icons chunk matched: /Users/pranay/Projects/AIMLGlossary/AIGlossaryPro/node_modules/lucide-react/dist/esm/icons/trophy.js
Module ID: /Users/pranay/Projects/AIMLGlossary/AIGlossaryPro/node_modules/lucide-react/dist/esm/icons/truck.js
✓ Icons chunk matched: /Users/pranay/Projects/AIMLGlossary/AIGlossaryPro/node_modules/lucide-react/dist/esm/icons/truck.js
Module ID: /Users/pranay/Projects/AIMLGlossary/AIGlossaryPro/node_modules/lucide-react/dist/esm/icons/turtle.js
✓ Icons chunk matched: /Users/pranay/Projects/AIMLGlossary/AIGlossaryPro/node_modules/lucide-react/dist/esm/icons/turtle.js
Module ID: /Users/pranay/Projects/AIMLGlossary/AIGlossaryPro/node_modules/lucide-react/dist/esm/icons/tv-minimal-play.js
✓ Icons chunk matched: /Users/pranay/Projects/AIMLGlossary/AIGlossaryPro/node_modules/lucide-react/dist/esm/icons/tv-minimal-play.js
Module ID: /Users/pranay/Projects/AIMLGlossary/AIGlossaryPro/node_modules/lucide-react/dist/esm/icons/tv.js
✓ Icons chunk matched: /Users/pranay/Projects/AIMLGlossary/AIGlossaryPro/node_modules/lucide-react/dist/esm/icons/tv.js
Module ID: /Users/pranay/Projects/AIMLGlossary/AIGlossaryPro/node_modules/lucide-react/dist/esm/icons/twitch.js
✓ Icons chunk matched: /Users/pranay/Projects/AIMLGlossary/AIGlossaryPro/node_modules/lucide-react/dist/esm/icons/twitch.js
Module ID: /Users/pranay/Projects/AIMLGlossary/AIGlossaryPro/node_modules/lucide-react/dist/esm/icons/twitter.js
✓ Icons chunk matched: /Users/pranay/Projects/AIMLGlossary/AIGlossaryPro/node_modules/lucide-react/dist/esm/icons/twitter.js
Module ID: /Users/pranay/Projects/AIMLGlossary/AIGlossaryPro/node_modules/lucide-react/dist/esm/icons/type-outline.js
✓ Icons chunk matched: /Users/pranay/Projects/AIMLGlossary/AIGlossaryPro/node_modules/lucide-react/dist/esm/icons/type-outline.js
Module ID: /Users/pranay/Projects/AIMLGlossary/AIGlossaryPro/node_modules/lucide-react/dist/esm/icons/type.js
✓ Icons chunk matched: /Users/pranay/Projects/AIMLGlossary/AIGlossaryPro/node_modules/lucide-react/dist/esm/icons/type.js
Module ID: /Users/pranay/Projects/AIMLGlossary/AIGlossaryPro/node_modules/lucide-react/dist/esm/icons/umbrella-off.js
✓ Icons chunk matched: /Users/pranay/Projects/AIMLGlossary/AIGlossaryPro/node_modules/lucide-react/dist/esm/icons/umbrella-off.js
Module ID: /Users/pranay/Projects/AIMLGlossary/AIGlossaryPro/node_modules/lucide-react/dist/esm/icons/umbrella.js
✓ Icons chunk matched: /Users/pranay/Projects/AIMLGlossary/AIGlossaryPro/node_modules/lucide-react/dist/esm/icons/umbrella.js
Module ID: /Users/pranay/Projects/AIMLGlossary/AIGlossaryPro/node_modules/lucide-react/dist/esm/icons/underline.js
✓ Icons chunk matched: /Users/pranay/Projects/AIMLGlossary/AIGlossaryPro/node_modules/lucide-react/dist/esm/icons/underline.js
Module ID: /Users/pranay/Projects/AIMLGlossary/AIGlossaryPro/node_modules/lucide-react/dist/esm/icons/undo-2.js
✓ Icons chunk matched: /Users/pranay/Projects/AIMLGlossary/AIGlossaryPro/node_modules/lucide-react/dist/esm/icons/undo-2.js
Module ID: /Users/pranay/Projects/AIMLGlossary/AIGlossaryPro/node_modules/lucide-react/dist/esm/icons/undo-dot.js
✓ Icons chunk matched: /Users/pranay/Projects/AIMLGlossary/AIGlossaryPro/node_modules/lucide-react/dist/esm/icons/undo-dot.js
Module ID: /Users/pranay/Projects/AIMLGlossary/AIGlossaryPro/node_modules/lucide-react/dist/esm/icons/undo.js
✓ Icons chunk matched: /Users/pranay/Projects/AIMLGlossary/AIGlossaryPro/node_modules/lucide-react/dist/esm/icons/undo.js
Module ID: /Users/pranay/Projects/AIMLGlossary/AIGlossaryPro/node_modules/lucide-react/dist/esm/icons/unfold-horizontal.js
✓ Icons chunk matched: /Users/pranay/Projects/AIMLGlossary/AIGlossaryPro/node_modules/lucide-react/dist/esm/icons/unfold-horizontal.js
Module ID: /Users/pranay/Projects/AIMLGlossary/AIGlossaryPro/node_modules/lucide-react/dist/esm/icons/unfold-vertical.js
✓ Icons chunk matched: /Users/pranay/Projects/AIMLGlossary/AIGlossaryPro/node_modules/lucide-react/dist/esm/icons/unfold-vertical.js
Module ID: /Users/pranay/Projects/AIMLGlossary/AIGlossaryPro/node_modules/lucide-react/dist/esm/icons/ungroup.js
✓ Icons chunk matched: /Users/pranay/Projects/AIMLGlossary/AIGlossaryPro/node_modules/lucide-react/dist/esm/icons/ungroup.js
Module ID: /Users/pranay/Projects/AIMLGlossary/AIGlossaryPro/node_modules/lucide-react/dist/esm/icons/unlink-2.js
✓ Icons chunk matched: /Users/pranay/Projects/AIMLGlossary/AIGlossaryPro/node_modules/lucide-react/dist/esm/icons/unlink-2.js
Module ID: /Users/pranay/Projects/AIMLGlossary/AIGlossaryPro/node_modules/lucide-react/dist/esm/icons/unlink.js
✓ Icons chunk matched: /Users/pranay/Projects/AIMLGlossary/AIGlossaryPro/node_modules/lucide-react/dist/esm/icons/unlink.js
Module ID: /Users/pranay/Projects/AIMLGlossary/AIGlossaryPro/node_modules/lucide-react/dist/esm/icons/unplug.js
✓ Icons chunk matched: /Users/pranay/Projects/AIMLGlossary/AIGlossaryPro/node_modules/lucide-react/dist/esm/icons/unplug.js
Module ID: /Users/pranay/Projects/AIMLGlossary/AIGlossaryPro/node_modules/lucide-react/dist/esm/icons/upload.js
✓ Icons chunk matched: /Users/pranay/Projects/AIMLGlossary/AIGlossaryPro/node_modules/lucide-react/dist/esm/icons/upload.js
Module ID: /Users/pranay/Projects/AIMLGlossary/AIGlossaryPro/node_modules/lucide-react/dist/esm/icons/usb.js
✓ Icons chunk matched: /Users/pranay/Projects/AIMLGlossary/AIGlossaryPro/node_modules/lucide-react/dist/esm/icons/usb.js
Module ID: /Users/pranay/Projects/AIMLGlossary/AIGlossaryPro/node_modules/lucide-react/dist/esm/icons/user-check.js
✓ Icons chunk matched: /Users/pranay/Projects/AIMLGlossary/AIGlossaryPro/node_modules/lucide-react/dist/esm/icons/user-check.js
Module ID: /Users/pranay/Projects/AIMLGlossary/AIGlossaryPro/node_modules/lucide-react/dist/esm/icons/user-cog.js
✓ Icons chunk matched: /Users/pranay/Projects/AIMLGlossary/AIGlossaryPro/node_modules/lucide-react/dist/esm/icons/user-cog.js
Module ID: /Users/pranay/Projects/AIMLGlossary/AIGlossaryPro/node_modules/lucide-react/dist/esm/icons/user-minus.js
✓ Icons chunk matched: /Users/pranay/Projects/AIMLGlossary/AIGlossaryPro/node_modules/lucide-react/dist/esm/icons/user-minus.js
Module ID: /Users/pranay/Projects/AIMLGlossary/AIGlossaryPro/node_modules/lucide-react/dist/esm/icons/user-pen.js
✓ Icons chunk matched: /Users/pranay/Projects/AIMLGlossary/AIGlossaryPro/node_modules/lucide-react/dist/esm/icons/user-pen.js
Module ID: /Users/pranay/Projects/AIMLGlossary/AIGlossaryPro/node_modules/lucide-react/dist/esm/icons/user-plus.js
✓ Icons chunk matched: /Users/pranay/Projects/AIMLGlossary/AIGlossaryPro/node_modules/lucide-react/dist/esm/icons/user-plus.js
Module ID: /Users/pranay/Projects/AIMLGlossary/AIGlossaryPro/node_modules/lucide-react/dist/esm/icons/user-round-pen.js
✓ Icons chunk matched: /Users/pranay/Projects/AIMLGlossary/AIGlossaryPro/node_modules/lucide-react/dist/esm/icons/user-round-pen.js
Module ID: /Users/pranay/Projects/AIMLGlossary/AIGlossaryPro/node_modules/lucide-react/dist/esm/icons/user-round-search.js
✓ Icons chunk matched: /Users/pranay/Projects/AIMLGlossary/AIGlossaryPro/node_modules/lucide-react/dist/esm/icons/user-round-search.js
Module ID: /Users/pranay/Projects/AIMLGlossary/AIGlossaryPro/node_modules/lucide-react/dist/esm/icons/user-search.js
✓ Icons chunk matched: /Users/pranay/Projects/AIMLGlossary/AIGlossaryPro/node_modules/lucide-react/dist/esm/icons/user-search.js
Module ID: /Users/pranay/Projects/AIMLGlossary/AIGlossaryPro/node_modules/lucide-react/dist/esm/icons/user-x.js
✓ Icons chunk matched: /Users/pranay/Projects/AIMLGlossary/AIGlossaryPro/node_modules/lucide-react/dist/esm/icons/user-x.js
Module ID: /Users/pranay/Projects/AIMLGlossary/AIGlossaryPro/node_modules/lucide-react/dist/esm/icons/user.js
✓ Icons chunk matched: /Users/pranay/Projects/AIMLGlossary/AIGlossaryPro/node_modules/lucide-react/dist/esm/icons/user.js
Module ID: /Users/pranay/Projects/AIMLGlossary/AIGlossaryPro/node_modules/lucide-react/dist/esm/icons/users.js
✓ Icons chunk matched: /Users/pranay/Projects/AIMLGlossary/AIGlossaryPro/node_modules/lucide-react/dist/esm/icons/users.js
Module ID: /Users/pranay/Projects/AIMLGlossary/AIGlossaryPro/node_modules/lucide-react/dist/esm/icons/utility-pole.js
✓ Icons chunk matched: /Users/pranay/Projects/AIMLGlossary/AIGlossaryPro/node_modules/lucide-react/dist/esm/icons/utility-pole.js
Module ID: /Users/pranay/Projects/AIMLGlossary/AIGlossaryPro/node_modules/lucide-react/dist/esm/icons/variable.js
✓ Icons chunk matched: /Users/pranay/Projects/AIMLGlossary/AIGlossaryPro/node_modules/lucide-react/dist/esm/icons/variable.js
Module ID: /Users/pranay/Projects/AIMLGlossary/AIGlossaryPro/node_modules/lucide-react/dist/esm/icons/vault.js
✓ Icons chunk matched: /Users/pranay/Projects/AIMLGlossary/AIGlossaryPro/node_modules/lucide-react/dist/esm/icons/vault.js
Module ID: /Users/pranay/Projects/AIMLGlossary/AIGlossaryPro/node_modules/lucide-react/dist/esm/icons/vegan.js
✓ Icons chunk matched: /Users/pranay/Projects/AIMLGlossary/AIGlossaryPro/node_modules/lucide-react/dist/esm/icons/vegan.js
Module ID: /Users/pranay/Projects/AIMLGlossary/AIGlossaryPro/node_modules/lucide-react/dist/esm/icons/venetian-mask.js
✓ Icons chunk matched: /Users/pranay/Projects/AIMLGlossary/AIGlossaryPro/node_modules/lucide-react/dist/esm/icons/venetian-mask.js
Module ID: /Users/pranay/Projects/AIMLGlossary/AIGlossaryPro/node_modules/lucide-react/dist/esm/icons/vibrate-off.js
✓ Icons chunk matched: /Users/pranay/Projects/AIMLGlossary/AIGlossaryPro/node_modules/lucide-react/dist/esm/icons/vibrate-off.js
Module ID: /Users/pranay/Projects/AIMLGlossary/AIGlossaryPro/node_modules/lucide-react/dist/esm/icons/vibrate.js
✓ Icons chunk matched: /Users/pranay/Projects/AIMLGlossary/AIGlossaryPro/node_modules/lucide-react/dist/esm/icons/vibrate.js
Module ID: /Users/pranay/Projects/AIMLGlossary/AIGlossaryPro/node_modules/lucide-react/dist/esm/icons/video-off.js
✓ Icons chunk matched: /Users/pranay/Projects/AIMLGlossary/AIGlossaryPro/node_modules/lucide-react/dist/esm/icons/video-off.js
Module ID: /Users/pranay/Projects/AIMLGlossary/AIGlossaryPro/node_modules/lucide-react/dist/esm/icons/video.js
✓ Icons chunk matched: /Users/pranay/Projects/AIMLGlossary/AIGlossaryPro/node_modules/lucide-react/dist/esm/icons/video.js
Module ID: /Users/pranay/Projects/AIMLGlossary/AIGlossaryPro/node_modules/lucide-react/dist/esm/icons/videotape.js
✓ Icons chunk matched: /Users/pranay/Projects/AIMLGlossary/AIGlossaryPro/node_modules/lucide-react/dist/esm/icons/videotape.js
Module ID: /Users/pranay/Projects/AIMLGlossary/AIGlossaryPro/node_modules/lucide-react/dist/esm/icons/view.js
✓ Icons chunk matched: /Users/pranay/Projects/AIMLGlossary/AIGlossaryPro/node_modules/lucide-react/dist/esm/icons/view.js
Module ID: /Users/pranay/Projects/AIMLGlossary/AIGlossaryPro/node_modules/lucide-react/dist/esm/icons/voicemail.js
✓ Icons chunk matched: /Users/pranay/Projects/AIMLGlossary/AIGlossaryPro/node_modules/lucide-react/dist/esm/icons/voicemail.js
Module ID: /Users/pranay/Projects/AIMLGlossary/AIGlossaryPro/node_modules/lucide-react/dist/esm/icons/volleyball.js
✓ Icons chunk matched: /Users/pranay/Projects/AIMLGlossary/AIGlossaryPro/node_modules/lucide-react/dist/esm/icons/volleyball.js
Module ID: /Users/pranay/Projects/AIMLGlossary/AIGlossaryPro/node_modules/lucide-react/dist/esm/icons/volume-1.js
✓ Icons chunk matched: /Users/pranay/Projects/AIMLGlossary/AIGlossaryPro/node_modules/lucide-react/dist/esm/icons/volume-1.js
Module ID: /Users/pranay/Projects/AIMLGlossary/AIGlossaryPro/node_modules/lucide-react/dist/esm/icons/volume-2.js
✓ Icons chunk matched: /Users/pranay/Projects/AIMLGlossary/AIGlossaryPro/node_modules/lucide-react/dist/esm/icons/volume-2.js
Module ID: /Users/pranay/Projects/AIMLGlossary/AIGlossaryPro/node_modules/lucide-react/dist/esm/icons/volume-off.js
✓ Icons chunk matched: /Users/pranay/Projects/AIMLGlossary/AIGlossaryPro/node_modules/lucide-react/dist/esm/icons/volume-off.js
Module ID: /Users/pranay/Projects/AIMLGlossary/AIGlossaryPro/node_modules/lucide-react/dist/esm/icons/volume-x.js
✓ Icons chunk matched: /Users/pranay/Projects/AIMLGlossary/AIGlossaryPro/node_modules/lucide-react/dist/esm/icons/volume-x.js
Module ID: /Users/pranay/Projects/AIMLGlossary/AIGlossaryPro/node_modules/lucide-react/dist/esm/icons/volume.js
✓ Icons chunk matched: /Users/pranay/Projects/AIMLGlossary/AIGlossaryPro/node_modules/lucide-react/dist/esm/icons/volume.js
Module ID: /Users/pranay/Projects/AIMLGlossary/AIGlossaryPro/node_modules/lucide-react/dist/esm/icons/vote.js
✓ Icons chunk matched: /Users/pranay/Projects/AIMLGlossary/AIGlossaryPro/node_modules/lucide-react/dist/esm/icons/vote.js
Module ID: /Users/pranay/Projects/AIMLGlossary/AIGlossaryPro/node_modules/lucide-react/dist/esm/icons/wallet-cards.js
✓ Icons chunk matched: /Users/pranay/Projects/AIMLGlossary/AIGlossaryPro/node_modules/lucide-react/dist/esm/icons/wallet-cards.js
Module ID: /Users/pranay/Projects/AIMLGlossary/AIGlossaryPro/node_modules/lucide-react/dist/esm/icons/wallet.js
✓ Icons chunk matched: /Users/pranay/Projects/AIMLGlossary/AIGlossaryPro/node_modules/lucide-react/dist/esm/icons/wallet.js
Module ID: /Users/pranay/Projects/AIMLGlossary/AIGlossaryPro/node_modules/lucide-react/dist/esm/icons/wallpaper.js
✓ Icons chunk matched: /Users/pranay/Projects/AIMLGlossary/AIGlossaryPro/node_modules/lucide-react/dist/esm/icons/wallpaper.js
Module ID: /Users/pranay/Projects/AIMLGlossary/AIGlossaryPro/node_modules/lucide-react/dist/esm/icons/wand.js
✓ Icons chunk matched: /Users/pranay/Projects/AIMLGlossary/AIGlossaryPro/node_modules/lucide-react/dist/esm/icons/wand.js
Module ID: /Users/pranay/Projects/AIMLGlossary/AIGlossaryPro/node_modules/lucide-react/dist/esm/icons/warehouse.js
✓ Icons chunk matched: /Users/pranay/Projects/AIMLGlossary/AIGlossaryPro/node_modules/lucide-react/dist/esm/icons/warehouse.js
Module ID: /Users/pranay/Projects/AIMLGlossary/AIGlossaryPro/node_modules/lucide-react/dist/esm/icons/washing-machine.js
✓ Icons chunk matched: /Users/pranay/Projects/AIMLGlossary/AIGlossaryPro/node_modules/lucide-react/dist/esm/icons/washing-machine.js
Module ID: /Users/pranay/Projects/AIMLGlossary/AIGlossaryPro/node_modules/lucide-react/dist/esm/icons/watch.js
✓ Icons chunk matched: /Users/pranay/Projects/AIMLGlossary/AIGlossaryPro/node_modules/lucide-react/dist/esm/icons/watch.js
Module ID: /Users/pranay/Projects/AIMLGlossary/AIGlossaryPro/node_modules/lucide-react/dist/esm/icons/waves.js
✓ Icons chunk matched: /Users/pranay/Projects/AIMLGlossary/AIGlossaryPro/node_modules/lucide-react/dist/esm/icons/waves.js
Module ID: /Users/pranay/Projects/AIMLGlossary/AIGlossaryPro/node_modules/lucide-react/dist/esm/icons/waypoints.js
✓ Icons chunk matched: /Users/pranay/Projects/AIMLGlossary/AIGlossaryPro/node_modules/lucide-react/dist/esm/icons/waypoints.js
Module ID: /Users/pranay/Projects/AIMLGlossary/AIGlossaryPro/node_modules/lucide-react/dist/esm/icons/webcam.js
✓ Icons chunk matched: /Users/pranay/Projects/AIMLGlossary/AIGlossaryPro/node_modules/lucide-react/dist/esm/icons/webcam.js
Module ID: /Users/pranay/Projects/AIMLGlossary/AIGlossaryPro/node_modules/lucide-react/dist/esm/icons/webhook-off.js
✓ Icons chunk matched: /Users/pranay/Projects/AIMLGlossary/AIGlossaryPro/node_modules/lucide-react/dist/esm/icons/webhook-off.js
Module ID: /Users/pranay/Projects/AIMLGlossary/AIGlossaryPro/node_modules/lucide-react/dist/esm/icons/webhook.js
✓ Icons chunk matched: /Users/pranay/Projects/AIMLGlossary/AIGlossaryPro/node_modules/lucide-react/dist/esm/icons/webhook.js
Module ID: /Users/pranay/Projects/AIMLGlossary/AIGlossaryPro/node_modules/lucide-react/dist/esm/icons/weight.js
✓ Icons chunk matched: /Users/pranay/Projects/AIMLGlossary/AIGlossaryPro/node_modules/lucide-react/dist/esm/icons/weight.js
Module ID: /Users/pranay/Projects/AIMLGlossary/AIGlossaryPro/node_modules/lucide-react/dist/esm/icons/wheat-off.js
✓ Icons chunk matched: /Users/pranay/Projects/AIMLGlossary/AIGlossaryPro/node_modules/lucide-react/dist/esm/icons/wheat-off.js
Module ID: /Users/pranay/Projects/AIMLGlossary/AIGlossaryPro/node_modules/lucide-react/dist/esm/icons/wheat.js
✓ Icons chunk matched: /Users/pranay/Projects/AIMLGlossary/AIGlossaryPro/node_modules/lucide-react/dist/esm/icons/wheat.js
Module ID: /Users/pranay/Projects/AIMLGlossary/AIGlossaryPro/node_modules/lucide-react/dist/esm/icons/whole-word.js
✓ Icons chunk matched: /Users/pranay/Projects/AIMLGlossary/AIGlossaryPro/node_modules/lucide-react/dist/esm/icons/whole-word.js
Module ID: /Users/pranay/Projects/AIMLGlossary/AIGlossaryPro/node_modules/lucide-react/dist/esm/icons/wifi-high.js
✓ Icons chunk matched: /Users/pranay/Projects/AIMLGlossary/AIGlossaryPro/node_modules/lucide-react/dist/esm/icons/wifi-high.js
Module ID: /Users/pranay/Projects/AIMLGlossary/AIGlossaryPro/node_modules/lucide-react/dist/esm/icons/wifi-low.js
✓ Icons chunk matched: /Users/pranay/Projects/AIMLGlossary/AIGlossaryPro/node_modules/lucide-react/dist/esm/icons/wifi-low.js
Module ID: /Users/pranay/Projects/AIMLGlossary/AIGlossaryPro/node_modules/lucide-react/dist/esm/icons/wifi-off.js
✓ Icons chunk matched: /Users/pranay/Projects/AIMLGlossary/AIGlossaryPro/node_modules/lucide-react/dist/esm/icons/wifi-off.js
Module ID: /Users/pranay/Projects/AIMLGlossary/AIGlossaryPro/node_modules/lucide-react/dist/esm/icons/wifi-zero.js
✓ Icons chunk matched: /Users/pranay/Projects/AIMLGlossary/AIGlossaryPro/node_modules/lucide-react/dist/esm/icons/wifi-zero.js
Module ID: /Users/pranay/Projects/AIMLGlossary/AIGlossaryPro/node_modules/lucide-react/dist/esm/icons/wifi.js
✓ Icons chunk matched: /Users/pranay/Projects/AIMLGlossary/AIGlossaryPro/node_modules/lucide-react/dist/esm/icons/wifi.js
Module ID: /Users/pranay/Projects/AIMLGlossary/AIGlossaryPro/node_modules/lucide-react/dist/esm/icons/wind.js
✓ Icons chunk matched: /Users/pranay/Projects/AIMLGlossary/AIGlossaryPro/node_modules/lucide-react/dist/esm/icons/wind.js
Module ID: /Users/pranay/Projects/AIMLGlossary/AIGlossaryPro/node_modules/lucide-react/dist/esm/icons/wine-off.js
✓ Icons chunk matched: /Users/pranay/Projects/AIMLGlossary/AIGlossaryPro/node_modules/lucide-react/dist/esm/icons/wine-off.js
Module ID: /Users/pranay/Projects/AIMLGlossary/AIGlossaryPro/node_modules/lucide-react/dist/esm/icons/wine.js
✓ Icons chunk matched: /Users/pranay/Projects/AIMLGlossary/AIGlossaryPro/node_modules/lucide-react/dist/esm/icons/wine.js
Module ID: /Users/pranay/Projects/AIMLGlossary/AIGlossaryPro/node_modules/lucide-react/dist/esm/icons/workflow.js
✓ Icons chunk matched: /Users/pranay/Projects/AIMLGlossary/AIGlossaryPro/node_modules/lucide-react/dist/esm/icons/workflow.js
Module ID: /Users/pranay/Projects/AIMLGlossary/AIGlossaryPro/node_modules/lucide-react/dist/esm/icons/worm.js
✓ Icons chunk matched: /Users/pranay/Projects/AIMLGlossary/AIGlossaryPro/node_modules/lucide-react/dist/esm/icons/worm.js
Module ID: /Users/pranay/Projects/AIMLGlossary/AIGlossaryPro/node_modules/lucide-react/dist/esm/icons/wrap-text.js
✓ Icons chunk matched: /Users/pranay/Projects/AIMLGlossary/AIGlossaryPro/node_modules/lucide-react/dist/esm/icons/wrap-text.js
Module ID: /Users/pranay/Projects/AIMLGlossary/AIGlossaryPro/node_modules/lucide-react/dist/esm/icons/wrench.js
✓ Icons chunk matched: /Users/pranay/Projects/AIMLGlossary/AIGlossaryPro/node_modules/lucide-react/dist/esm/icons/wrench.js
Module ID: /Users/pranay/Projects/AIMLGlossary/AIGlossaryPro/node_modules/lucide-react/dist/esm/icons/x.js
✓ Icons chunk matched: /Users/pranay/Projects/AIMLGlossary/AIGlossaryPro/node_modules/lucide-react/dist/esm/icons/x.js
Module ID: /Users/pranay/Projects/AIMLGlossary/AIGlossaryPro/node_modules/lucide-react/dist/esm/icons/youtube.js
✓ Icons chunk matched: /Users/pranay/Projects/AIMLGlossary/AIGlossaryPro/node_modules/lucide-react/dist/esm/icons/youtube.js
Module ID: /Users/pranay/Projects/AIMLGlossary/AIGlossaryPro/node_modules/lucide-react/dist/esm/icons/zap-off.js
✓ Icons chunk matched: /Users/pranay/Projects/AIMLGlossary/AIGlossaryPro/node_modules/lucide-react/dist/esm/icons/zap-off.js
Module ID: /Users/pranay/Projects/AIMLGlossary/AIGlossaryPro/node_modules/lucide-react/dist/esm/icons/zap.js
✓ Icons chunk matched: /Users/pranay/Projects/AIMLGlossary/AIGlossaryPro/node_modules/lucide-react/dist/esm/icons/zap.js
Module ID: /Users/pranay/Projects/AIMLGlossary/AIGlossaryPro/node_modules/lucide-react/dist/esm/icons/zoom-in.js
✓ Icons chunk matched: /Users/pranay/Projects/AIMLGlossary/AIGlossaryPro/node_modules/lucide-react/dist/esm/icons/zoom-in.js
Module ID: /Users/pranay/Projects/AIMLGlossary/AIGlossaryPro/node_modules/lucide-react/dist/esm/icons/zoom-out.js
✓ Icons chunk matched: /Users/pranay/Projects/AIMLGlossary/AIGlossaryPro/node_modules/lucide-react/dist/esm/icons/zoom-out.js
Module ID: /Users/pranay/Projects/AIMLGlossary/AIGlossaryPro/node_modules/lucide-react/dist/esm/icons/alarm-clock-check.js
✓ Icons chunk matched: /Users/pranay/Projects/AIMLGlossary/AIGlossaryPro/node_modules/lucide-react/dist/esm/icons/alarm-clock-check.js
Module ID: /Users/pranay/Projects/AIMLGlossary/AIGlossaryPro/node_modules/lucide-react/dist/esm/icons/alarm-clock-minus.js
✓ Icons chunk matched: /Users/pranay/Projects/AIMLGlossary/AIGlossaryPro/node_modules/lucide-react/dist/esm/icons/alarm-clock-minus.js
Module ID: /Users/pranay/Projects/AIMLGlossary/AIGlossaryPro/node_modules/lucide-react/dist/esm/icons/alarm-clock-plus.js
✓ Icons chunk matched: /Users/pranay/Projects/AIMLGlossary/AIGlossaryPro/node_modules/lucide-react/dist/esm/icons/alarm-clock-plus.js
Module ID: /Users/pranay/Projects/AIMLGlossary/AIGlossaryPro/node_modules/lucide-react/dist/esm/icons/arrow-down-0-1.js
✓ Icons chunk matched: /Users/pranay/Projects/AIMLGlossary/AIGlossaryPro/node_modules/lucide-react/dist/esm/icons/arrow-down-0-1.js
Module ID: /Users/pranay/Projects/AIMLGlossary/AIGlossaryPro/node_modules/lucide-react/dist/esm/icons/arrow-down-1-0.js
✓ Icons chunk matched: /Users/pranay/Projects/AIMLGlossary/AIGlossaryPro/node_modules/lucide-react/dist/esm/icons/arrow-down-1-0.js
Module ID: /Users/pranay/Projects/AIMLGlossary/AIGlossaryPro/node_modules/lucide-react/dist/esm/icons/arrow-down-a-z.js
✓ Icons chunk matched: /Users/pranay/Projects/AIMLGlossary/AIGlossaryPro/node_modules/lucide-react/dist/esm/icons/arrow-down-a-z.js
Module ID: /Users/pranay/Projects/AIMLGlossary/AIGlossaryPro/node_modules/lucide-react/dist/esm/icons/arrow-down-wide-narrow.js
✓ Icons chunk matched: /Users/pranay/Projects/AIMLGlossary/AIGlossaryPro/node_modules/lucide-react/dist/esm/icons/arrow-down-wide-narrow.js
Module ID: /Users/pranay/Projects/AIMLGlossary/AIGlossaryPro/node_modules/lucide-react/dist/esm/icons/arrow-down-z-a.js
✓ Icons chunk matched: /Users/pranay/Projects/AIMLGlossary/AIGlossaryPro/node_modules/lucide-react/dist/esm/icons/arrow-down-z-a.js
Module ID: /Users/pranay/Projects/AIMLGlossary/AIGlossaryPro/node_modules/lucide-react/dist/esm/icons/arrow-up-0-1.js
✓ Icons chunk matched: /Users/pranay/Projects/AIMLGlossary/AIGlossaryPro/node_modules/lucide-react/dist/esm/icons/arrow-up-0-1.js
Module ID: /Users/pranay/Projects/AIMLGlossary/AIGlossaryPro/node_modules/lucide-react/dist/esm/icons/arrow-up-1-0.js
✓ Icons chunk matched: /Users/pranay/Projects/AIMLGlossary/AIGlossaryPro/node_modules/lucide-react/dist/esm/icons/arrow-up-1-0.js
Module ID: /Users/pranay/Projects/AIMLGlossary/AIGlossaryPro/node_modules/lucide-react/dist/esm/icons/arrow-up-a-z.js
✓ Icons chunk matched: /Users/pranay/Projects/AIMLGlossary/AIGlossaryPro/node_modules/lucide-react/dist/esm/icons/arrow-up-a-z.js
Module ID: /Users/pranay/Projects/AIMLGlossary/AIGlossaryPro/node_modules/lucide-react/dist/esm/icons/arrow-up-z-a.js
✓ Icons chunk matched: /Users/pranay/Projects/AIMLGlossary/AIGlossaryPro/node_modules/lucide-react/dist/esm/icons/arrow-up-z-a.js
Module ID: /Users/pranay/Projects/AIMLGlossary/AIGlossaryPro/node_modules/lucide-react/dist/esm/icons/arrow-up-narrow-wide.js
✓ Icons chunk matched: /Users/pranay/Projects/AIMLGlossary/AIGlossaryPro/node_modules/lucide-react/dist/esm/icons/arrow-up-narrow-wide.js
Module ID: /Users/pranay/Projects/AIMLGlossary/AIGlossaryPro/node_modules/lucide-react/dist/esm/icons/axis-3d.js
✓ Icons chunk matched: /Users/pranay/Projects/AIMLGlossary/AIGlossaryPro/node_modules/lucide-react/dist/esm/icons/axis-3d.js
Module ID: /Users/pranay/Projects/AIMLGlossary/AIGlossaryPro/node_modules/lucide-react/dist/esm/icons/badge-check.js
✓ Icons chunk matched: /Users/pranay/Projects/AIMLGlossary/AIGlossaryPro/node_modules/lucide-react/dist/esm/icons/badge-check.js
Module ID: /Users/pranay/Projects/AIMLGlossary/AIGlossaryPro/node_modules/lucide-react/dist/esm/icons/between-horizontal-end.js
✓ Icons chunk matched: /Users/pranay/Projects/AIMLGlossary/AIGlossaryPro/node_modules/lucide-react/dist/esm/icons/between-horizontal-end.js
Module ID: /Users/pranay/Projects/AIMLGlossary/AIGlossaryPro/node_modules/lucide-react/dist/esm/icons/between-horizontal-start.js
✓ Icons chunk matched: /Users/pranay/Projects/AIMLGlossary/AIGlossaryPro/node_modules/lucide-react/dist/esm/icons/between-horizontal-start.js
Module ID: /Users/pranay/Projects/AIMLGlossary/AIGlossaryPro/node_modules/lucide-react/dist/esm/icons/book-dashed.js
✓ Icons chunk matched: /Users/pranay/Projects/AIMLGlossary/AIGlossaryPro/node_modules/lucide-react/dist/esm/icons/book-dashed.js
Module ID: /Users/pranay/Projects/AIMLGlossary/AIGlossaryPro/node_modules/lucide-react/dist/esm/icons/braces.js
✓ Icons chunk matched: /Users/pranay/Projects/AIMLGlossary/AIGlossaryPro/node_modules/lucide-react/dist/esm/icons/braces.js
Module ID: /Users/pranay/Projects/AIMLGlossary/AIGlossaryPro/node_modules/lucide-react/dist/esm/icons/captions.js
✓ Icons chunk matched: /Users/pranay/Projects/AIMLGlossary/AIGlossaryPro/node_modules/lucide-react/dist/esm/icons/captions.js
Module ID: /Users/pranay/Projects/AIMLGlossary/AIGlossaryPro/node_modules/lucide-react/dist/esm/icons/chart-area.js
✓ Icons chunk matched: /Users/pranay/Projects/AIMLGlossary/AIGlossaryPro/node_modules/lucide-react/dist/esm/icons/chart-area.js
Module ID: /Users/pranay/Projects/AIMLGlossary/AIGlossaryPro/node_modules/lucide-react/dist/esm/icons/chart-bar-big.js
✓ Icons chunk matched: /Users/pranay/Projects/AIMLGlossary/AIGlossaryPro/node_modules/lucide-react/dist/esm/icons/chart-bar-big.js
Module ID: /Users/pranay/Projects/AIMLGlossary/AIGlossaryPro/node_modules/lucide-react/dist/esm/icons/chart-bar.js
✓ Icons chunk matched: /Users/pranay/Projects/AIMLGlossary/AIGlossaryPro/node_modules/lucide-react/dist/esm/icons/chart-bar.js
Module ID: /Users/pranay/Projects/AIMLGlossary/AIGlossaryPro/node_modules/lucide-react/dist/esm/icons/chart-candlestick.js
✓ Icons chunk matched: /Users/pranay/Projects/AIMLGlossary/AIGlossaryPro/node_modules/lucide-react/dist/esm/icons/chart-candlestick.js
Module ID: /Users/pranay/Projects/AIMLGlossary/AIGlossaryPro/node_modules/lucide-react/dist/esm/icons/chart-column-big.js
✓ Icons chunk matched: /Users/pranay/Projects/AIMLGlossary/AIGlossaryPro/node_modules/lucide-react/dist/esm/icons/chart-column-big.js
Module ID: /Users/pranay/Projects/AIMLGlossary/AIGlossaryPro/node_modules/lucide-react/dist/esm/icons/chart-column-increasing.js
✓ Icons chunk matched: /Users/pranay/Projects/AIMLGlossary/AIGlossaryPro/node_modules/lucide-react/dist/esm/icons/chart-column-increasing.js
Module ID: /Users/pranay/Projects/AIMLGlossary/AIGlossaryPro/node_modules/lucide-react/dist/esm/icons/chart-column.js
✓ Icons chunk matched: /Users/pranay/Projects/AIMLGlossary/AIGlossaryPro/node_modules/lucide-react/dist/esm/icons/chart-column.js
Module ID: /Users/pranay/Projects/AIMLGlossary/AIGlossaryPro/node_modules/lucide-react/dist/esm/icons/chart-line.js
✓ Icons chunk matched: /Users/pranay/Projects/AIMLGlossary/AIGlossaryPro/node_modules/lucide-react/dist/esm/icons/chart-line.js
Module ID: /Users/pranay/Projects/AIMLGlossary/AIGlossaryPro/node_modules/lucide-react/dist/esm/icons/chart-no-axes-column-increasing.js
✓ Icons chunk matched: /Users/pranay/Projects/AIMLGlossary/AIGlossaryPro/node_modules/lucide-react/dist/esm/icons/chart-no-axes-column-increasing.js
Module ID: /Users/pranay/Projects/AIMLGlossary/AIGlossaryPro/node_modules/lucide-react/dist/esm/icons/chart-no-axes-column.js
✓ Icons chunk matched: /Users/pranay/Projects/AIMLGlossary/AIGlossaryPro/node_modules/lucide-react/dist/esm/icons/chart-no-axes-column.js
Module ID: /Users/pranay/Projects/AIMLGlossary/AIGlossaryPro/node_modules/lucide-react/dist/esm/icons/chart-no-axes-gantt.js
✓ Icons chunk matched: /Users/pranay/Projects/AIMLGlossary/AIGlossaryPro/node_modules/lucide-react/dist/esm/icons/chart-no-axes-gantt.js
Module ID: /Users/pranay/Projects/AIMLGlossary/AIGlossaryPro/node_modules/lucide-react/dist/esm/icons/chart-pie.js
✓ Icons chunk matched: /Users/pranay/Projects/AIMLGlossary/AIGlossaryPro/node_modules/lucide-react/dist/esm/icons/chart-pie.js
Module ID: /Users/pranay/Projects/AIMLGlossary/AIGlossaryPro/node_modules/lucide-react/dist/esm/icons/circle-alert.js
✓ Icons chunk matched: /Users/pranay/Projects/AIMLGlossary/AIGlossaryPro/node_modules/lucide-react/dist/esm/icons/circle-alert.js
Module ID: /Users/pranay/Projects/AIMLGlossary/AIGlossaryPro/node_modules/lucide-react/dist/esm/icons/chart-scatter.js
✓ Icons chunk matched: /Users/pranay/Projects/AIMLGlossary/AIGlossaryPro/node_modules/lucide-react/dist/esm/icons/chart-scatter.js
Module ID: /Users/pranay/Projects/AIMLGlossary/AIGlossaryPro/node_modules/lucide-react/dist/esm/icons/circle-arrow-down.js
✓ Icons chunk matched: /Users/pranay/Projects/AIMLGlossary/AIGlossaryPro/node_modules/lucide-react/dist/esm/icons/circle-arrow-down.js
Module ID: /Users/pranay/Projects/AIMLGlossary/AIGlossaryPro/node_modules/lucide-react/dist/esm/icons/circle-arrow-left.js
✓ Icons chunk matched: /Users/pranay/Projects/AIMLGlossary/AIGlossaryPro/node_modules/lucide-react/dist/esm/icons/circle-arrow-left.js
Module ID: /Users/pranay/Projects/AIMLGlossary/AIGlossaryPro/node_modules/lucide-react/dist/esm/icons/circle-arrow-out-down-left.js
✓ Icons chunk matched: /Users/pranay/Projects/AIMLGlossary/AIGlossaryPro/node_modules/lucide-react/dist/esm/icons/circle-arrow-out-down-left.js
Module ID: /Users/pranay/Projects/AIMLGlossary/AIGlossaryPro/node_modules/lucide-react/dist/esm/icons/circle-arrow-out-up-left.js
✓ Icons chunk matched: /Users/pranay/Projects/AIMLGlossary/AIGlossaryPro/node_modules/lucide-react/dist/esm/icons/circle-arrow-out-up-left.js
Module ID: /Users/pranay/Projects/AIMLGlossary/AIGlossaryPro/node_modules/lucide-react/dist/esm/icons/circle-arrow-out-down-right.js
✓ Icons chunk matched: /Users/pranay/Projects/AIMLGlossary/AIGlossaryPro/node_modules/lucide-react/dist/esm/icons/circle-arrow-out-down-right.js
Module ID: /Users/pranay/Projects/AIMLGlossary/AIGlossaryPro/node_modules/lucide-react/dist/esm/icons/circle-arrow-right.js
✓ Icons chunk matched: /Users/pranay/Projects/AIMLGlossary/AIGlossaryPro/node_modules/lucide-react/dist/esm/icons/circle-arrow-right.js
Module ID: /Users/pranay/Projects/AIMLGlossary/AIGlossaryPro/node_modules/lucide-react/dist/esm/icons/circle-arrow-out-up-right.js
✓ Icons chunk matched: /Users/pranay/Projects/AIMLGlossary/AIGlossaryPro/node_modules/lucide-react/dist/esm/icons/circle-arrow-out-up-right.js
Module ID: /Users/pranay/Projects/AIMLGlossary/AIGlossaryPro/node_modules/lucide-react/dist/esm/icons/circle-arrow-up.js
✓ Icons chunk matched: /Users/pranay/Projects/AIMLGlossary/AIGlossaryPro/node_modules/lucide-react/dist/esm/icons/circle-arrow-up.js
Module ID: /Users/pranay/Projects/AIMLGlossary/AIGlossaryPro/node_modules/lucide-react/dist/esm/icons/circle-check-big.js
✓ Icons chunk matched: /Users/pranay/Projects/AIMLGlossary/AIGlossaryPro/node_modules/lucide-react/dist/esm/icons/circle-check-big.js
Module ID: /Users/pranay/Projects/AIMLGlossary/AIGlossaryPro/node_modules/lucide-react/dist/esm/icons/circle-check.js
✓ Icons chunk matched: /Users/pranay/Projects/AIMLGlossary/AIGlossaryPro/node_modules/lucide-react/dist/esm/icons/circle-check.js
Module ID: /Users/pranay/Projects/AIMLGlossary/AIGlossaryPro/node_modules/lucide-react/dist/esm/icons/circle-chevron-left.js
✓ Icons chunk matched: /Users/pranay/Projects/AIMLGlossary/AIGlossaryPro/node_modules/lucide-react/dist/esm/icons/circle-chevron-left.js
Module ID: /Users/pranay/Projects/AIMLGlossary/AIGlossaryPro/node_modules/lucide-react/dist/esm/icons/circle-chevron-down.js
✓ Icons chunk matched: /Users/pranay/Projects/AIMLGlossary/AIGlossaryPro/node_modules/lucide-react/dist/esm/icons/circle-chevron-down.js
Module ID: /Users/pranay/Projects/AIMLGlossary/AIGlossaryPro/node_modules/lucide-react/dist/esm/icons/circle-chevron-right.js
✓ Icons chunk matched: /Users/pranay/Projects/AIMLGlossary/AIGlossaryPro/node_modules/lucide-react/dist/esm/icons/circle-chevron-right.js
Module ID: /Users/pranay/Projects/AIMLGlossary/AIGlossaryPro/node_modules/lucide-react/dist/esm/icons/circle-chevron-up.js
✓ Icons chunk matched: /Users/pranay/Projects/AIMLGlossary/AIGlossaryPro/node_modules/lucide-react/dist/esm/icons/circle-chevron-up.js
Module ID: /Users/pranay/Projects/AIMLGlossary/AIGlossaryPro/node_modules/lucide-react/dist/esm/icons/circle-divide.js
✓ Icons chunk matched: /Users/pranay/Projects/AIMLGlossary/AIGlossaryPro/node_modules/lucide-react/dist/esm/icons/circle-divide.js
Module ID: /Users/pranay/Projects/AIMLGlossary/AIGlossaryPro/node_modules/lucide-react/dist/esm/icons/circle-gauge.js
✓ Icons chunk matched: /Users/pranay/Projects/AIMLGlossary/AIGlossaryPro/node_modules/lucide-react/dist/esm/icons/circle-gauge.js
Module ID: /Users/pranay/Projects/AIMLGlossary/AIGlossaryPro/node_modules/lucide-react/dist/esm/icons/circle-help.js
✓ Icons chunk matched: /Users/pranay/Projects/AIMLGlossary/AIGlossaryPro/node_modules/lucide-react/dist/esm/icons/circle-help.js
Module ID: /Users/pranay/Projects/AIMLGlossary/AIGlossaryPro/node_modules/lucide-react/dist/esm/icons/circle-minus.js
✓ Icons chunk matched: /Users/pranay/Projects/AIMLGlossary/AIGlossaryPro/node_modules/lucide-react/dist/esm/icons/circle-minus.js
Module ID: /Users/pranay/Projects/AIMLGlossary/AIGlossaryPro/node_modules/lucide-react/dist/esm/icons/circle-parking-off.js
✓ Icons chunk matched: /Users/pranay/Projects/AIMLGlossary/AIGlossaryPro/node_modules/lucide-react/dist/esm/icons/circle-parking-off.js
Module ID: /Users/pranay/Projects/AIMLGlossary/AIGlossaryPro/node_modules/lucide-react/dist/esm/icons/circle-parking.js
✓ Icons chunk matched: /Users/pranay/Projects/AIMLGlossary/AIGlossaryPro/node_modules/lucide-react/dist/esm/icons/circle-parking.js
Module ID: /Users/pranay/Projects/AIMLGlossary/AIGlossaryPro/node_modules/lucide-react/dist/esm/icons/circle-percent.js
✓ Icons chunk matched: /Users/pranay/Projects/AIMLGlossary/AIGlossaryPro/node_modules/lucide-react/dist/esm/icons/circle-percent.js
Module ID: /Users/pranay/Projects/AIMLGlossary/AIGlossaryPro/node_modules/lucide-react/dist/esm/icons/circle-pause.js
✓ Icons chunk matched: /Users/pranay/Projects/AIMLGlossary/AIGlossaryPro/node_modules/lucide-react/dist/esm/icons/circle-pause.js
Module ID: /Users/pranay/Projects/AIMLGlossary/AIGlossaryPro/node_modules/lucide-react/dist/esm/icons/circle-play.js
✓ Icons chunk matched: /Users/pranay/Projects/AIMLGlossary/AIGlossaryPro/node_modules/lucide-react/dist/esm/icons/circle-play.js
Module ID: /Users/pranay/Projects/AIMLGlossary/AIGlossaryPro/node_modules/lucide-react/dist/esm/icons/circle-plus.js
✓ Icons chunk matched: /Users/pranay/Projects/AIMLGlossary/AIGlossaryPro/node_modules/lucide-react/dist/esm/icons/circle-plus.js
Module ID: /Users/pranay/Projects/AIMLGlossary/AIGlossaryPro/node_modules/lucide-react/dist/esm/icons/circle-power.js
✓ Icons chunk matched: /Users/pranay/Projects/AIMLGlossary/AIGlossaryPro/node_modules/lucide-react/dist/esm/icons/circle-power.js
Module ID: /Users/pranay/Projects/AIMLGlossary/AIGlossaryPro/node_modules/lucide-react/dist/esm/icons/circle-slash-2.js
✓ Icons chunk matched: /Users/pranay/Projects/AIMLGlossary/AIGlossaryPro/node_modules/lucide-react/dist/esm/icons/circle-slash-2.js
Module ID: /Users/pranay/Projects/AIMLGlossary/AIGlossaryPro/node_modules/lucide-react/dist/esm/icons/circle-stop.js
✓ Icons chunk matched: /Users/pranay/Projects/AIMLGlossary/AIGlossaryPro/node_modules/lucide-react/dist/esm/icons/circle-stop.js
Module ID: /Users/pranay/Projects/AIMLGlossary/AIGlossaryPro/node_modules/lucide-react/dist/esm/icons/circle-user-round.js
✓ Icons chunk matched: /Users/pranay/Projects/AIMLGlossary/AIGlossaryPro/node_modules/lucide-react/dist/esm/icons/circle-user-round.js
Module ID: /Users/pranay/Projects/AIMLGlossary/AIGlossaryPro/node_modules/lucide-react/dist/esm/icons/circle-user.js
✓ Icons chunk matched: /Users/pranay/Projects/AIMLGlossary/AIGlossaryPro/node_modules/lucide-react/dist/esm/icons/circle-user.js
Module ID: /Users/pranay/Projects/AIMLGlossary/AIGlossaryPro/node_modules/lucide-react/dist/esm/icons/clipboard-pen-line.js
✓ Icons chunk matched: /Users/pranay/Projects/AIMLGlossary/AIGlossaryPro/node_modules/lucide-react/dist/esm/icons/clipboard-pen-line.js
Module ID: /Users/pranay/Projects/AIMLGlossary/AIGlossaryPro/node_modules/lucide-react/dist/esm/icons/circle-x.js
✓ Icons chunk matched: /Users/pranay/Projects/AIMLGlossary/AIGlossaryPro/node_modules/lucide-react/dist/esm/icons/circle-x.js
Module ID: /Users/pranay/Projects/AIMLGlossary/AIGlossaryPro/node_modules/lucide-react/dist/esm/icons/clipboard-pen.js
✓ Icons chunk matched: /Users/pranay/Projects/AIMLGlossary/AIGlossaryPro/node_modules/lucide-react/dist/esm/icons/clipboard-pen.js
Module ID: /Users/pranay/Projects/AIMLGlossary/AIGlossaryPro/node_modules/lucide-react/dist/esm/icons/cloud-download.js
✓ Icons chunk matched: /Users/pranay/Projects/AIMLGlossary/AIGlossaryPro/node_modules/lucide-react/dist/esm/icons/cloud-download.js
Module ID: /Users/pranay/Projects/AIMLGlossary/AIGlossaryPro/node_modules/lucide-react/dist/esm/icons/cloud-upload.js
✓ Icons chunk matched: /Users/pranay/Projects/AIMLGlossary/AIGlossaryPro/node_modules/lucide-react/dist/esm/icons/cloud-upload.js
Module ID: /Users/pranay/Projects/AIMLGlossary/AIGlossaryPro/node_modules/lucide-react/dist/esm/icons/code-xml.js
✓ Icons chunk matched: /Users/pranay/Projects/AIMLGlossary/AIGlossaryPro/node_modules/lucide-react/dist/esm/icons/code-xml.js
Module ID: /Users/pranay/Projects/AIMLGlossary/AIGlossaryPro/node_modules/lucide-react/dist/esm/icons/columns-2.js
✓ Icons chunk matched: /Users/pranay/Projects/AIMLGlossary/AIGlossaryPro/node_modules/lucide-react/dist/esm/icons/columns-2.js
Module ID: /Users/pranay/Projects/AIMLGlossary/AIGlossaryPro/node_modules/lucide-react/dist/esm/icons/columns-3.js
✓ Icons chunk matched: /Users/pranay/Projects/AIMLGlossary/AIGlossaryPro/node_modules/lucide-react/dist/esm/icons/columns-3.js
Module ID: /Users/pranay/Projects/AIMLGlossary/AIGlossaryPro/node_modules/lucide-react/dist/esm/icons/contact-round.js
✓ Icons chunk matched: /Users/pranay/Projects/AIMLGlossary/AIGlossaryPro/node_modules/lucide-react/dist/esm/icons/contact-round.js
Module ID: /Users/pranay/Projects/AIMLGlossary/AIGlossaryPro/node_modules/lucide-react/dist/esm/icons/diamond-percent.js
✓ Icons chunk matched: /Users/pranay/Projects/AIMLGlossary/AIGlossaryPro/node_modules/lucide-react/dist/esm/icons/diamond-percent.js
Module ID: /Users/pranay/Projects/AIMLGlossary/AIGlossaryPro/node_modules/lucide-react/dist/esm/icons/earth.js
✓ Icons chunk matched: /Users/pranay/Projects/AIMLGlossary/AIGlossaryPro/node_modules/lucide-react/dist/esm/icons/earth.js
Module ID: /Users/pranay/Projects/AIMLGlossary/AIGlossaryPro/node_modules/lucide-react/dist/esm/icons/ellipsis-vertical.js
✓ Icons chunk matched: /Users/pranay/Projects/AIMLGlossary/AIGlossaryPro/node_modules/lucide-react/dist/esm/icons/ellipsis-vertical.js
Module ID: /Users/pranay/Projects/AIMLGlossary/AIGlossaryPro/node_modules/lucide-react/dist/esm/icons/ellipsis.js
✓ Icons chunk matched: /Users/pranay/Projects/AIMLGlossary/AIGlossaryPro/node_modules/lucide-react/dist/esm/icons/ellipsis.js
Module ID: /Users/pranay/Projects/AIMLGlossary/AIGlossaryPro/node_modules/lucide-react/dist/esm/icons/file-axis-3d.js
✓ Icons chunk matched: /Users/pranay/Projects/AIMLGlossary/AIGlossaryPro/node_modules/lucide-react/dist/esm/icons/file-axis-3d.js
Module ID: /Users/pranay/Projects/AIMLGlossary/AIGlossaryPro/node_modules/lucide-react/dist/esm/icons/file-chart-column-increasing.js
✓ Icons chunk matched: /Users/pranay/Projects/AIMLGlossary/AIGlossaryPro/node_modules/lucide-react/dist/esm/icons/file-chart-column-increasing.js
Module ID: /Users/pranay/Projects/AIMLGlossary/AIGlossaryPro/node_modules/lucide-react/dist/esm/icons/file-chart-column.js
✓ Icons chunk matched: /Users/pranay/Projects/AIMLGlossary/AIGlossaryPro/node_modules/lucide-react/dist/esm/icons/file-chart-column.js
Module ID: /Users/pranay/Projects/AIMLGlossary/AIGlossaryPro/node_modules/lucide-react/dist/esm/icons/file-chart-line.js
✓ Icons chunk matched: /Users/pranay/Projects/AIMLGlossary/AIGlossaryPro/node_modules/lucide-react/dist/esm/icons/file-chart-line.js
Module ID: /Users/pranay/Projects/AIMLGlossary/AIGlossaryPro/node_modules/lucide-react/dist/esm/icons/file-cog.js
✓ Icons chunk matched: /Users/pranay/Projects/AIMLGlossary/AIGlossaryPro/node_modules/lucide-react/dist/esm/icons/file-cog.js
Module ID: /Users/pranay/Projects/AIMLGlossary/AIGlossaryPro/node_modules/lucide-react/dist/esm/icons/file-chart-pie.js
✓ Icons chunk matched: /Users/pranay/Projects/AIMLGlossary/AIGlossaryPro/node_modules/lucide-react/dist/esm/icons/file-chart-pie.js
Module ID: /Users/pranay/Projects/AIMLGlossary/AIGlossaryPro/node_modules/lucide-react/dist/esm/icons/file-pen.js
✓ Icons chunk matched: /Users/pranay/Projects/AIMLGlossary/AIGlossaryPro/node_modules/lucide-react/dist/esm/icons/file-pen.js
Module ID: /Users/pranay/Projects/AIMLGlossary/AIGlossaryPro/node_modules/lucide-react/dist/esm/icons/file-pen-line.js
✓ Icons chunk matched: /Users/pranay/Projects/AIMLGlossary/AIGlossaryPro/node_modules/lucide-react/dist/esm/icons/file-pen-line.js
Module ID: /Users/pranay/Projects/AIMLGlossary/AIGlossaryPro/node_modules/lucide-react/dist/esm/icons/folder-cog.js
✓ Icons chunk matched: /Users/pranay/Projects/AIMLGlossary/AIGlossaryPro/node_modules/lucide-react/dist/esm/icons/folder-cog.js
Module ID: /Users/pranay/Projects/AIMLGlossary/AIGlossaryPro/node_modules/lucide-react/dist/esm/icons/folder-pen.js
✓ Icons chunk matched: /Users/pranay/Projects/AIMLGlossary/AIGlossaryPro/node_modules/lucide-react/dist/esm/icons/folder-pen.js
Module ID: /Users/pranay/Projects/AIMLGlossary/AIGlossaryPro/node_modules/lucide-react/dist/esm/icons/git-commit-horizontal.js
✓ Icons chunk matched: /Users/pranay/Projects/AIMLGlossary/AIGlossaryPro/node_modules/lucide-react/dist/esm/icons/git-commit-horizontal.js
Module ID: /Users/pranay/Projects/AIMLGlossary/AIGlossaryPro/node_modules/lucide-react/dist/esm/icons/grid-2x2.js
✓ Icons chunk matched: /Users/pranay/Projects/AIMLGlossary/AIGlossaryPro/node_modules/lucide-react/dist/esm/icons/grid-2x2.js
Module ID: /Users/pranay/Projects/AIMLGlossary/AIGlossaryPro/node_modules/lucide-react/dist/esm/icons/grid-3x3.js
✓ Icons chunk matched: /Users/pranay/Projects/AIMLGlossary/AIGlossaryPro/node_modules/lucide-react/dist/esm/icons/grid-3x3.js
Module ID: /Users/pranay/Projects/AIMLGlossary/AIGlossaryPro/node_modules/lucide-react/dist/esm/icons/hand-helping.js
✓ Icons chunk matched: /Users/pranay/Projects/AIMLGlossary/AIGlossaryPro/node_modules/lucide-react/dist/esm/icons/hand-helping.js
Module ID: /Users/pranay/Projects/AIMLGlossary/AIGlossaryPro/node_modules/lucide-react/dist/esm/icons/ice-cream-bowl.js
✓ Icons chunk matched: /Users/pranay/Projects/AIMLGlossary/AIGlossaryPro/node_modules/lucide-react/dist/esm/icons/ice-cream-bowl.js
Module ID: /Users/pranay/Projects/AIMLGlossary/AIGlossaryPro/node_modules/lucide-react/dist/esm/icons/house.js
✓ Icons chunk matched: /Users/pranay/Projects/AIMLGlossary/AIGlossaryPro/node_modules/lucide-react/dist/esm/icons/house.js
Module ID: /Users/pranay/Projects/AIMLGlossary/AIGlossaryPro/node_modules/lucide-react/dist/esm/icons/ice-cream-cone.js
✓ Icons chunk matched: /Users/pranay/Projects/AIMLGlossary/AIGlossaryPro/node_modules/lucide-react/dist/esm/icons/ice-cream-cone.js
Module ID: /Users/pranay/Projects/AIMLGlossary/AIGlossaryPro/node_modules/lucide-react/dist/esm/icons/indent-decrease.js
✓ Icons chunk matched: /Users/pranay/Projects/AIMLGlossary/AIGlossaryPro/node_modules/lucide-react/dist/esm/icons/indent-decrease.js
Module ID: /Users/pranay/Projects/AIMLGlossary/AIGlossaryPro/node_modules/lucide-react/dist/esm/icons/indent-increase.js
✓ Icons chunk matched: /Users/pranay/Projects/AIMLGlossary/AIGlossaryPro/node_modules/lucide-react/dist/esm/icons/indent-increase.js
Module ID: /Users/pranay/Projects/AIMLGlossary/AIGlossaryPro/node_modules/lucide-react/dist/esm/icons/laptop-minimal.js
✓ Icons chunk matched: /Users/pranay/Projects/AIMLGlossary/AIGlossaryPro/node_modules/lucide-react/dist/esm/icons/laptop-minimal.js
Module ID: /Users/pranay/Projects/AIMLGlossary/AIGlossaryPro/node_modules/lucide-react/dist/esm/icons/lock-keyhole-open.js
✓ Icons chunk matched: /Users/pranay/Projects/AIMLGlossary/AIGlossaryPro/node_modules/lucide-react/dist/esm/icons/lock-keyhole-open.js
Module ID: /Users/pranay/Projects/AIMLGlossary/AIGlossaryPro/node_modules/lucide-react/dist/esm/icons/loader-circle.js
✓ Icons chunk matched: /Users/pranay/Projects/AIMLGlossary/AIGlossaryPro/node_modules/lucide-react/dist/esm/icons/loader-circle.js
Module ID: /Users/pranay/Projects/AIMLGlossary/AIGlossaryPro/node_modules/lucide-react/dist/esm/icons/lock-open.js
✓ Icons chunk matched: /Users/pranay/Projects/AIMLGlossary/AIGlossaryPro/node_modules/lucide-react/dist/esm/icons/lock-open.js
Module ID: /Users/pranay/Projects/AIMLGlossary/AIGlossaryPro/node_modules/lucide-react/dist/esm/icons/mic-vocal.js
✓ Icons chunk matched: /Users/pranay/Projects/AIMLGlossary/AIGlossaryPro/node_modules/lucide-react/dist/esm/icons/mic-vocal.js
Module ID: /Users/pranay/Projects/AIMLGlossary/AIGlossaryPro/node_modules/lucide-react/dist/esm/icons/move-3d.js
✓ Icons chunk matched: /Users/pranay/Projects/AIMLGlossary/AIGlossaryPro/node_modules/lucide-react/dist/esm/icons/move-3d.js
Module ID: /Users/pranay/Projects/AIMLGlossary/AIGlossaryPro/node_modules/lucide-react/dist/esm/icons/octagon-alert.js
✓ Icons chunk matched: /Users/pranay/Projects/AIMLGlossary/AIGlossaryPro/node_modules/lucide-react/dist/esm/icons/octagon-alert.js
Module ID: /Users/pranay/Projects/AIMLGlossary/AIGlossaryPro/node_modules/lucide-react/dist/esm/icons/octagon-x.js
✓ Icons chunk matched: /Users/pranay/Projects/AIMLGlossary/AIGlossaryPro/node_modules/lucide-react/dist/esm/icons/octagon-x.js
Module ID: /Users/pranay/Projects/AIMLGlossary/AIGlossaryPro/node_modules/lucide-react/dist/esm/icons/octagon-pause.js
✓ Icons chunk matched: /Users/pranay/Projects/AIMLGlossary/AIGlossaryPro/node_modules/lucide-react/dist/esm/icons/octagon-pause.js
Module ID: /Users/pranay/Projects/AIMLGlossary/AIGlossaryPro/node_modules/lucide-react/dist/esm/icons/paintbrush-vertical.js
✓ Icons chunk matched: /Users/pranay/Projects/AIMLGlossary/AIGlossaryPro/node_modules/lucide-react/dist/esm/icons/paintbrush-vertical.js
Module ID: /Users/pranay/Projects/AIMLGlossary/AIGlossaryPro/node_modules/lucide-react/dist/esm/icons/panel-bottom-dashed.js
✓ Icons chunk matched: /Users/pranay/Projects/AIMLGlossary/AIGlossaryPro/node_modules/lucide-react/dist/esm/icons/panel-bottom-dashed.js
Module ID: /Users/pranay/Projects/AIMLGlossary/AIGlossaryPro/node_modules/lucide-react/dist/esm/icons/panel-left-close.js
✓ Icons chunk matched: /Users/pranay/Projects/AIMLGlossary/AIGlossaryPro/node_modules/lucide-react/dist/esm/icons/panel-left-close.js
Module ID: /Users/pranay/Projects/AIMLGlossary/AIGlossaryPro/node_modules/lucide-react/dist/esm/icons/panel-left-dashed.js
✓ Icons chunk matched: /Users/pranay/Projects/AIMLGlossary/AIGlossaryPro/node_modules/lucide-react/dist/esm/icons/panel-left-dashed.js
Module ID: /Users/pranay/Projects/AIMLGlossary/AIGlossaryPro/node_modules/lucide-react/dist/esm/icons/panel-left-open.js
✓ Icons chunk matched: /Users/pranay/Projects/AIMLGlossary/AIGlossaryPro/node_modules/lucide-react/dist/esm/icons/panel-left-open.js
Module ID: /Users/pranay/Projects/AIMLGlossary/AIGlossaryPro/node_modules/lucide-react/dist/esm/icons/panel-left.js
✓ Icons chunk matched: /Users/pranay/Projects/AIMLGlossary/AIGlossaryPro/node_modules/lucide-react/dist/esm/icons/panel-left.js
Module ID: /Users/pranay/Projects/AIMLGlossary/AIGlossaryPro/node_modules/lucide-react/dist/esm/icons/panel-right-dashed.js
✓ Icons chunk matched: /Users/pranay/Projects/AIMLGlossary/AIGlossaryPro/node_modules/lucide-react/dist/esm/icons/panel-right-dashed.js
Module ID: /Users/pranay/Projects/AIMLGlossary/AIGlossaryPro/node_modules/lucide-react/dist/esm/icons/panel-top-dashed.js
✓ Icons chunk matched: /Users/pranay/Projects/AIMLGlossary/AIGlossaryPro/node_modules/lucide-react/dist/esm/icons/panel-top-dashed.js
Module ID: /Users/pranay/Projects/AIMLGlossary/AIGlossaryPro/node_modules/lucide-react/dist/esm/icons/pen-line.js
✓ Icons chunk matched: /Users/pranay/Projects/AIMLGlossary/AIGlossaryPro/node_modules/lucide-react/dist/esm/icons/pen-line.js
Module ID: /Users/pranay/Projects/AIMLGlossary/AIGlossaryPro/node_modules/lucide-react/dist/esm/icons/pen.js
✓ Icons chunk matched: /Users/pranay/Projects/AIMLGlossary/AIGlossaryPro/node_modules/lucide-react/dist/esm/icons/pen.js
Module ID: /Users/pranay/Projects/AIMLGlossary/AIGlossaryPro/node_modules/lucide-react/dist/esm/icons/panels-top-left.js
✓ Icons chunk matched: /Users/pranay/Projects/AIMLGlossary/AIGlossaryPro/node_modules/lucide-react/dist/esm/icons/panels-top-left.js
Module ID: /Users/pranay/Projects/AIMLGlossary/AIGlossaryPro/node_modules/lucide-react/dist/esm/icons/plug-zap.js
✓ Icons chunk matched: /Users/pranay/Projects/AIMLGlossary/AIGlossaryPro/node_modules/lucide-react/dist/esm/icons/plug-zap.js
Module ID: /Users/pranay/Projects/AIMLGlossary/AIGlossaryPro/node_modules/lucide-react/dist/esm/icons/rectangle-ellipsis.js
✓ Icons chunk matched: /Users/pranay/Projects/AIMLGlossary/AIGlossaryPro/node_modules/lucide-react/dist/esm/icons/rectangle-ellipsis.js
Module ID: /Users/pranay/Projects/AIMLGlossary/AIGlossaryPro/node_modules/lucide-react/dist/esm/icons/rotate-3d.js
✓ Icons chunk matched: /Users/pranay/Projects/AIMLGlossary/AIGlossaryPro/node_modules/lucide-react/dist/esm/icons/rotate-3d.js
Module ID: /Users/pranay/Projects/AIMLGlossary/AIGlossaryPro/node_modules/lucide-react/dist/esm/icons/rows-2.js
✓ Icons chunk matched: /Users/pranay/Projects/AIMLGlossary/AIGlossaryPro/node_modules/lucide-react/dist/esm/icons/rows-2.js
Module ID: /Users/pranay/Projects/AIMLGlossary/AIGlossaryPro/node_modules/lucide-react/dist/esm/icons/rows-3.js
✓ Icons chunk matched: /Users/pranay/Projects/AIMLGlossary/AIGlossaryPro/node_modules/lucide-react/dist/esm/icons/rows-3.js
Module ID: /Users/pranay/Projects/AIMLGlossary/AIGlossaryPro/node_modules/lucide-react/dist/esm/icons/scale-3d.js
✓ Icons chunk matched: /Users/pranay/Projects/AIMLGlossary/AIGlossaryPro/node_modules/lucide-react/dist/esm/icons/scale-3d.js
Module ID: /Users/pranay/Projects/AIMLGlossary/AIGlossaryPro/node_modules/lucide-react/dist/esm/icons/send-horizontal.js
✓ Icons chunk matched: /Users/pranay/Projects/AIMLGlossary/AIGlossaryPro/node_modules/lucide-react/dist/esm/icons/send-horizontal.js
Module ID: /Users/pranay/Projects/AIMLGlossary/AIGlossaryPro/node_modules/lucide-react/dist/esm/icons/shield-x.js
✓ Icons chunk matched: /Users/pranay/Projects/AIMLGlossary/AIGlossaryPro/node_modules/lucide-react/dist/esm/icons/shield-x.js
Module ID: /Users/pranay/Projects/AIMLGlossary/AIGlossaryPro/node_modules/lucide-react/dist/esm/icons/sliders-vertical.js
✓ Icons chunk matched: /Users/pranay/Projects/AIMLGlossary/AIGlossaryPro/node_modules/lucide-react/dist/esm/icons/sliders-vertical.js
Module ID: /Users/pranay/Projects/AIMLGlossary/AIGlossaryPro/node_modules/lucide-react/dist/esm/icons/sparkles.js
✓ Icons chunk matched: /Users/pranay/Projects/AIMLGlossary/AIGlossaryPro/node_modules/lucide-react/dist/esm/icons/sparkles.js
Module ID: /Users/pranay/Projects/AIMLGlossary/AIGlossaryPro/node_modules/lucide-react/dist/esm/icons/square-activity.js
✓ Icons chunk matched: /Users/pranay/Projects/AIMLGlossary/AIGlossaryPro/node_modules/lucide-react/dist/esm/icons/square-activity.js
Module ID: /Users/pranay/Projects/AIMLGlossary/AIGlossaryPro/node_modules/lucide-react/dist/esm/icons/square-arrow-down-left.js
✓ Icons chunk matched: /Users/pranay/Projects/AIMLGlossary/AIGlossaryPro/node_modules/lucide-react/dist/esm/icons/square-arrow-down-left.js
Module ID: /Users/pranay/Projects/AIMLGlossary/AIGlossaryPro/node_modules/lucide-react/dist/esm/icons/square-arrow-down-right.js
✓ Icons chunk matched: /Users/pranay/Projects/AIMLGlossary/AIGlossaryPro/node_modules/lucide-react/dist/esm/icons/square-arrow-down-right.js
Module ID: /Users/pranay/Projects/AIMLGlossary/AIGlossaryPro/node_modules/lucide-react/dist/esm/icons/square-arrow-down.js
✓ Icons chunk matched: /Users/pranay/Projects/AIMLGlossary/AIGlossaryPro/node_modules/lucide-react/dist/esm/icons/square-arrow-down.js
Module ID: /Users/pranay/Projects/AIMLGlossary/AIGlossaryPro/node_modules/lucide-react/dist/esm/icons/square-arrow-left.js
✓ Icons chunk matched: /Users/pranay/Projects/AIMLGlossary/AIGlossaryPro/node_modules/lucide-react/dist/esm/icons/square-arrow-left.js
Module ID: /Users/pranay/Projects/AIMLGlossary/AIGlossaryPro/node_modules/lucide-react/dist/esm/icons/square-arrow-out-down-left.js
✓ Icons chunk matched: /Users/pranay/Projects/AIMLGlossary/AIGlossaryPro/node_modules/lucide-react/dist/esm/icons/square-arrow-out-down-left.js
Module ID: /Users/pranay/Projects/AIMLGlossary/AIGlossaryPro/node_modules/lucide-react/dist/esm/icons/square-arrow-out-down-right.js
✓ Icons chunk matched: /Users/pranay/Projects/AIMLGlossary/AIGlossaryPro/node_modules/lucide-react/dist/esm/icons/square-arrow-out-down-right.js
Module ID: /Users/pranay/Projects/AIMLGlossary/AIGlossaryPro/node_modules/lucide-react/dist/esm/icons/square-arrow-out-up-left.js
✓ Icons chunk matched: /Users/pranay/Projects/AIMLGlossary/AIGlossaryPro/node_modules/lucide-react/dist/esm/icons/square-arrow-out-up-left.js
Module ID: /Users/pranay/Projects/AIMLGlossary/AIGlossaryPro/node_modules/lucide-react/dist/esm/icons/square-arrow-out-up-right.js
✓ Icons chunk matched: /Users/pranay/Projects/AIMLGlossary/AIGlossaryPro/node_modules/lucide-react/dist/esm/icons/square-arrow-out-up-right.js
Module ID: /Users/pranay/Projects/AIMLGlossary/AIGlossaryPro/node_modules/lucide-react/dist/esm/icons/square-arrow-right.js
✓ Icons chunk matched: /Users/pranay/Projects/AIMLGlossary/AIGlossaryPro/node_modules/lucide-react/dist/esm/icons/square-arrow-right.js
Module ID: /Users/pranay/Projects/AIMLGlossary/AIGlossaryPro/node_modules/lucide-react/dist/esm/icons/square-arrow-up-left.js
✓ Icons chunk matched: /Users/pranay/Projects/AIMLGlossary/AIGlossaryPro/node_modules/lucide-react/dist/esm/icons/square-arrow-up-left.js
Module ID: /Users/pranay/Projects/AIMLGlossary/AIGlossaryPro/node_modules/lucide-react/dist/esm/icons/square-arrow-up-right.js
✓ Icons chunk matched: /Users/pranay/Projects/AIMLGlossary/AIGlossaryPro/node_modules/lucide-react/dist/esm/icons/square-arrow-up-right.js
Module ID: /Users/pranay/Projects/AIMLGlossary/AIGlossaryPro/node_modules/lucide-react/dist/esm/icons/square-arrow-up.js
✓ Icons chunk matched: /Users/pranay/Projects/AIMLGlossary/AIGlossaryPro/node_modules/lucide-react/dist/esm/icons/square-arrow-up.js
Module ID: /Users/pranay/Projects/AIMLGlossary/AIGlossaryPro/node_modules/lucide-react/dist/esm/icons/square-bottom-dashed-scissors.js
✓ Icons chunk matched: /Users/pranay/Projects/AIMLGlossary/AIGlossaryPro/node_modules/lucide-react/dist/esm/icons/square-bottom-dashed-scissors.js
Module ID: /Users/pranay/Projects/AIMLGlossary/AIGlossaryPro/node_modules/lucide-react/dist/esm/icons/square-asterisk.js
✓ Icons chunk matched: /Users/pranay/Projects/AIMLGlossary/AIGlossaryPro/node_modules/lucide-react/dist/esm/icons/square-asterisk.js
Module ID: /Users/pranay/Projects/AIMLGlossary/AIGlossaryPro/node_modules/lucide-react/dist/esm/icons/square-chart-gantt.js
✓ Icons chunk matched: /Users/pranay/Projects/AIMLGlossary/AIGlossaryPro/node_modules/lucide-react/dist/esm/icons/square-chart-gantt.js
Module ID: /Users/pranay/Projects/AIMLGlossary/AIGlossaryPro/node_modules/lucide-react/dist/esm/icons/square-check-big.js
✓ Icons chunk matched: /Users/pranay/Projects/AIMLGlossary/AIGlossaryPro/node_modules/lucide-react/dist/esm/icons/square-check-big.js
Module ID: /Users/pranay/Projects/AIMLGlossary/AIGlossaryPro/node_modules/lucide-react/dist/esm/icons/square-check.js
✓ Icons chunk matched: /Users/pranay/Projects/AIMLGlossary/AIGlossaryPro/node_modules/lucide-react/dist/esm/icons/square-check.js
Module ID: /Users/pranay/Projects/AIMLGlossary/AIGlossaryPro/node_modules/lucide-react/dist/esm/icons/square-chevron-down.js
✓ Icons chunk matched: /Users/pranay/Projects/AIMLGlossary/AIGlossaryPro/node_modules/lucide-react/dist/esm/icons/square-chevron-down.js
Module ID: /Users/pranay/Projects/AIMLGlossary/AIGlossaryPro/node_modules/lucide-react/dist/esm/icons/square-chevron-left.js
✓ Icons chunk matched: /Users/pranay/Projects/AIMLGlossary/AIGlossaryPro/node_modules/lucide-react/dist/esm/icons/square-chevron-left.js
Module ID: /Users/pranay/Projects/AIMLGlossary/AIGlossaryPro/node_modules/lucide-react/dist/esm/icons/square-chevron-right.js
✓ Icons chunk matched: /Users/pranay/Projects/AIMLGlossary/AIGlossaryPro/node_modules/lucide-react/dist/esm/icons/square-chevron-right.js
Module ID: /Users/pranay/Projects/AIMLGlossary/AIGlossaryPro/node_modules/lucide-react/dist/esm/icons/square-chevron-up.js
✓ Icons chunk matched: /Users/pranay/Projects/AIMLGlossary/AIGlossaryPro/node_modules/lucide-react/dist/esm/icons/square-chevron-up.js
Module ID: /Users/pranay/Projects/AIMLGlossary/AIGlossaryPro/node_modules/lucide-react/dist/esm/icons/square-code.js
✓ Icons chunk matched: /Users/pranay/Projects/AIMLGlossary/AIGlossaryPro/node_modules/lucide-react/dist/esm/icons/square-code.js
Module ID: /Users/pranay/Projects/AIMLGlossary/AIGlossaryPro/node_modules/lucide-react/dist/esm/icons/square-dashed-kanban.js
✓ Icons chunk matched: /Users/pranay/Projects/AIMLGlossary/AIGlossaryPro/node_modules/lucide-react/dist/esm/icons/square-dashed-kanban.js
Module ID: /Users/pranay/Projects/AIMLGlossary/AIGlossaryPro/node_modules/lucide-react/dist/esm/icons/square-dashed-mouse-pointer.js
✓ Icons chunk matched: /Users/pranay/Projects/AIMLGlossary/AIGlossaryPro/node_modules/lucide-react/dist/esm/icons/square-dashed-mouse-pointer.js
Module ID: /Users/pranay/Projects/AIMLGlossary/AIGlossaryPro/node_modules/lucide-react/dist/esm/icons/square-divide.js
✓ Icons chunk matched: /Users/pranay/Projects/AIMLGlossary/AIGlossaryPro/node_modules/lucide-react/dist/esm/icons/square-divide.js
Module ID: /Users/pranay/Projects/AIMLGlossary/AIGlossaryPro/node_modules/lucide-react/dist/esm/icons/square-dashed.js
✓ Icons chunk matched: /Users/pranay/Projects/AIMLGlossary/AIGlossaryPro/node_modules/lucide-react/dist/esm/icons/square-dashed.js
Module ID: /Users/pranay/Projects/AIMLGlossary/AIGlossaryPro/node_modules/lucide-react/dist/esm/icons/square-dot.js
✓ Icons chunk matched: /Users/pranay/Projects/AIMLGlossary/AIGlossaryPro/node_modules/lucide-react/dist/esm/icons/square-dot.js
Module ID: /Users/pranay/Projects/AIMLGlossary/AIGlossaryPro/node_modules/lucide-react/dist/esm/icons/square-equal.js
✓ Icons chunk matched: /Users/pranay/Projects/AIMLGlossary/AIGlossaryPro/node_modules/lucide-react/dist/esm/icons/square-equal.js
Module ID: /Users/pranay/Projects/AIMLGlossary/AIGlossaryPro/node_modules/lucide-react/dist/esm/icons/square-function.js
✓ Icons chunk matched: /Users/pranay/Projects/AIMLGlossary/AIGlossaryPro/node_modules/lucide-react/dist/esm/icons/square-function.js
Module ID: /Users/pranay/Projects/AIMLGlossary/AIGlossaryPro/node_modules/lucide-react/dist/esm/icons/square-kanban.js
✓ Icons chunk matched: /Users/pranay/Projects/AIMLGlossary/AIGlossaryPro/node_modules/lucide-react/dist/esm/icons/square-kanban.js
Module ID: /Users/pranay/Projects/AIMLGlossary/AIGlossaryPro/node_modules/lucide-react/dist/esm/icons/square-library.js
✓ Icons chunk matched: /Users/pranay/Projects/AIMLGlossary/AIGlossaryPro/node_modules/lucide-react/dist/esm/icons/square-library.js
Module ID: /Users/pranay/Projects/AIMLGlossary/AIGlossaryPro/node_modules/lucide-react/dist/esm/icons/square-m.js
✓ Icons chunk matched: /Users/pranay/Projects/AIMLGlossary/AIGlossaryPro/node_modules/lucide-react/dist/esm/icons/square-m.js
Module ID: /Users/pranay/Projects/AIMLGlossary/AIGlossaryPro/node_modules/lucide-react/dist/esm/icons/square-minus.js
✓ Icons chunk matched: /Users/pranay/Projects/AIMLGlossary/AIGlossaryPro/node_modules/lucide-react/dist/esm/icons/square-minus.js
Module ID: /Users/pranay/Projects/AIMLGlossary/AIGlossaryPro/node_modules/lucide-react/dist/esm/icons/square-mouse-pointer.js
✓ Icons chunk matched: /Users/pranay/Projects/AIMLGlossary/AIGlossaryPro/node_modules/lucide-react/dist/esm/icons/square-mouse-pointer.js
Module ID: /Users/pranay/Projects/AIMLGlossary/AIGlossaryPro/node_modules/lucide-react/dist/esm/icons/square-menu.js
✓ Icons chunk matched: /Users/pranay/Projects/AIMLGlossary/AIGlossaryPro/node_modules/lucide-react/dist/esm/icons/square-menu.js
Module ID: /Users/pranay/Projects/AIMLGlossary/AIGlossaryPro/node_modules/lucide-react/dist/esm/icons/square-parking-off.js
✓ Icons chunk matched: /Users/pranay/Projects/AIMLGlossary/AIGlossaryPro/node_modules/lucide-react/dist/esm/icons/square-parking-off.js
Module ID: /Users/pranay/Projects/AIMLGlossary/AIGlossaryPro/node_modules/lucide-react/dist/esm/icons/square-parking.js
✓ Icons chunk matched: /Users/pranay/Projects/AIMLGlossary/AIGlossaryPro/node_modules/lucide-react/dist/esm/icons/square-parking.js
Module ID: /Users/pranay/Projects/AIMLGlossary/AIGlossaryPro/node_modules/lucide-react/dist/esm/icons/square-pen.js
✓ Icons chunk matched: /Users/pranay/Projects/AIMLGlossary/AIGlossaryPro/node_modules/lucide-react/dist/esm/icons/square-pen.js
Module ID: /Users/pranay/Projects/AIMLGlossary/AIGlossaryPro/node_modules/lucide-react/dist/esm/icons/square-percent.js
✓ Icons chunk matched: /Users/pranay/Projects/AIMLGlossary/AIGlossaryPro/node_modules/lucide-react/dist/esm/icons/square-percent.js
Module ID: /Users/pranay/Projects/AIMLGlossary/AIGlossaryPro/node_modules/lucide-react/dist/esm/icons/square-pi.js
✓ Icons chunk matched: /Users/pranay/Projects/AIMLGlossary/AIGlossaryPro/node_modules/lucide-react/dist/esm/icons/square-pi.js
Module ID: /Users/pranay/Projects/AIMLGlossary/AIGlossaryPro/node_modules/lucide-react/dist/esm/icons/square-pilcrow.js
✓ Icons chunk matched: /Users/pranay/Projects/AIMLGlossary/AIGlossaryPro/node_modules/lucide-react/dist/esm/icons/square-pilcrow.js
Module ID: /Users/pranay/Projects/AIMLGlossary/AIGlossaryPro/node_modules/lucide-react/dist/esm/icons/square-play.js
✓ Icons chunk matched: /Users/pranay/Projects/AIMLGlossary/AIGlossaryPro/node_modules/lucide-react/dist/esm/icons/square-play.js
Module ID: /Users/pranay/Projects/AIMLGlossary/AIGlossaryPro/node_modules/lucide-react/dist/esm/icons/square-power.js
✓ Icons chunk matched: /Users/pranay/Projects/AIMLGlossary/AIGlossaryPro/node_modules/lucide-react/dist/esm/icons/square-power.js
Module ID: /Users/pranay/Projects/AIMLGlossary/AIGlossaryPro/node_modules/lucide-react/dist/esm/icons/square-plus.js
✓ Icons chunk matched: /Users/pranay/Projects/AIMLGlossary/AIGlossaryPro/node_modules/lucide-react/dist/esm/icons/square-plus.js
Module ID: /Users/pranay/Projects/AIMLGlossary/AIGlossaryPro/node_modules/lucide-react/dist/esm/icons/square-scissors.js
✓ Icons chunk matched: /Users/pranay/Projects/AIMLGlossary/AIGlossaryPro/node_modules/lucide-react/dist/esm/icons/square-scissors.js
Module ID: /Users/pranay/Projects/AIMLGlossary/AIGlossaryPro/node_modules/lucide-react/dist/esm/icons/square-sigma.js
✓ Icons chunk matched: /Users/pranay/Projects/AIMLGlossary/AIGlossaryPro/node_modules/lucide-react/dist/esm/icons/square-sigma.js
Module ID: /Users/pranay/Projects/AIMLGlossary/AIGlossaryPro/node_modules/lucide-react/dist/esm/icons/square-slash.js
✓ Icons chunk matched: /Users/pranay/Projects/AIMLGlossary/AIGlossaryPro/node_modules/lucide-react/dist/esm/icons/square-slash.js
Module ID: /Users/pranay/Projects/AIMLGlossary/AIGlossaryPro/node_modules/lucide-react/dist/esm/icons/square-split-vertical.js
✓ Icons chunk matched: /Users/pranay/Projects/AIMLGlossary/AIGlossaryPro/node_modules/lucide-react/dist/esm/icons/square-split-vertical.js
Module ID: /Users/pranay/Projects/AIMLGlossary/AIGlossaryPro/node_modules/lucide-react/dist/esm/icons/square-split-horizontal.js
✓ Icons chunk matched: /Users/pranay/Projects/AIMLGlossary/AIGlossaryPro/node_modules/lucide-react/dist/esm/icons/square-split-horizontal.js
Module ID: /Users/pranay/Projects/AIMLGlossary/AIGlossaryPro/node_modules/lucide-react/dist/esm/icons/square-terminal.js
✓ Icons chunk matched: /Users/pranay/Projects/AIMLGlossary/AIGlossaryPro/node_modules/lucide-react/dist/esm/icons/square-terminal.js
Module ID: /Users/pranay/Projects/AIMLGlossary/AIGlossaryPro/node_modules/lucide-react/dist/esm/icons/square-user-round.js
✓ Icons chunk matched: /Users/pranay/Projects/AIMLGlossary/AIGlossaryPro/node_modules/lucide-react/dist/esm/icons/square-user-round.js
Module ID: /Users/pranay/Projects/AIMLGlossary/AIGlossaryPro/node_modules/lucide-react/dist/esm/icons/square-user.js
✓ Icons chunk matched: /Users/pranay/Projects/AIMLGlossary/AIGlossaryPro/node_modules/lucide-react/dist/esm/icons/square-user.js
Module ID: /Users/pranay/Projects/AIMLGlossary/AIGlossaryPro/node_modules/lucide-react/dist/esm/icons/square-x.js
✓ Icons chunk matched: /Users/pranay/Projects/AIMLGlossary/AIGlossaryPro/node_modules/lucide-react/dist/esm/icons/square-x.js
Module ID: /Users/pranay/Projects/AIMLGlossary/AIGlossaryPro/node_modules/lucide-react/dist/esm/icons/test-tube-diagonal.js
✓ Icons chunk matched: /Users/pranay/Projects/AIMLGlossary/AIGlossaryPro/node_modules/lucide-react/dist/esm/icons/test-tube-diagonal.js
Module ID: /Users/pranay/Projects/AIMLGlossary/AIGlossaryPro/node_modules/lucide-react/dist/esm/icons/text-select.js
✓ Icons chunk matched: /Users/pranay/Projects/AIMLGlossary/AIGlossaryPro/node_modules/lucide-react/dist/esm/icons/text-select.js
Module ID: /Users/pranay/Projects/AIMLGlossary/AIGlossaryPro/node_modules/lucide-react/dist/esm/icons/tram-front.js
✓ Icons chunk matched: /Users/pranay/Projects/AIMLGlossary/AIGlossaryPro/node_modules/lucide-react/dist/esm/icons/tram-front.js
Module ID: /Users/pranay/Projects/AIMLGlossary/AIGlossaryPro/node_modules/lucide-react/dist/esm/icons/tree-palm.js
✓ Icons chunk matched: /Users/pranay/Projects/AIMLGlossary/AIGlossaryPro/node_modules/lucide-react/dist/esm/icons/tree-palm.js
Module ID: /Users/pranay/Projects/AIMLGlossary/AIGlossaryPro/node_modules/lucide-react/dist/esm/icons/triangle-alert.js
✓ Icons chunk matched: /Users/pranay/Projects/AIMLGlossary/AIGlossaryPro/node_modules/lucide-react/dist/esm/icons/triangle-alert.js
Module ID: /Users/pranay/Projects/AIMLGlossary/AIGlossaryPro/node_modules/lucide-react/dist/esm/icons/tv-minimal.js
✓ Icons chunk matched: /Users/pranay/Projects/AIMLGlossary/AIGlossaryPro/node_modules/lucide-react/dist/esm/icons/tv-minimal.js
Module ID: /Users/pranay/Projects/AIMLGlossary/AIGlossaryPro/node_modules/lucide-react/dist/esm/icons/university.js
✓ Icons chunk matched: /Users/pranay/Projects/AIMLGlossary/AIGlossaryPro/node_modules/lucide-react/dist/esm/icons/university.js
Module ID: /Users/pranay/Projects/AIMLGlossary/AIGlossaryPro/node_modules/lucide-react/dist/esm/icons/user-round-check.js
✓ Icons chunk matched: /Users/pranay/Projects/AIMLGlossary/AIGlossaryPro/node_modules/lucide-react/dist/esm/icons/user-round-check.js
Module ID: /Users/pranay/Projects/AIMLGlossary/AIGlossaryPro/node_modules/lucide-react/dist/esm/icons/user-round-cog.js
✓ Icons chunk matched: /Users/pranay/Projects/AIMLGlossary/AIGlossaryPro/node_modules/lucide-react/dist/esm/icons/user-round-cog.js
Module ID: /Users/pranay/Projects/AIMLGlossary/AIGlossaryPro/node_modules/lucide-react/dist/esm/icons/user-round-minus.js
✓ Icons chunk matched: /Users/pranay/Projects/AIMLGlossary/AIGlossaryPro/node_modules/lucide-react/dist/esm/icons/user-round-minus.js
Module ID: /Users/pranay/Projects/AIMLGlossary/AIGlossaryPro/node_modules/lucide-react/dist/esm/icons/user-round-plus.js
✓ Icons chunk matched: /Users/pranay/Projects/AIMLGlossary/AIGlossaryPro/node_modules/lucide-react/dist/esm/icons/user-round-plus.js
Module ID: /Users/pranay/Projects/AIMLGlossary/AIGlossaryPro/node_modules/lucide-react/dist/esm/icons/user-round-x.js
✓ Icons chunk matched: /Users/pranay/Projects/AIMLGlossary/AIGlossaryPro/node_modules/lucide-react/dist/esm/icons/user-round-x.js
Module ID: /Users/pranay/Projects/AIMLGlossary/AIGlossaryPro/node_modules/lucide-react/dist/esm/icons/user-round.js
✓ Icons chunk matched: /Users/pranay/Projects/AIMLGlossary/AIGlossaryPro/node_modules/lucide-react/dist/esm/icons/user-round.js
Module ID: /Users/pranay/Projects/AIMLGlossary/AIGlossaryPro/node_modules/lucide-react/dist/esm/icons/users-round.js
✓ Icons chunk matched: /Users/pranay/Projects/AIMLGlossary/AIGlossaryPro/node_modules/lucide-react/dist/esm/icons/users-round.js
Module ID: /Users/pranay/Projects/AIMLGlossary/AIGlossaryPro/node_modules/lucide-react/dist/esm/icons/utensils-crossed.js
✓ Icons chunk matched: /Users/pranay/Projects/AIMLGlossary/AIGlossaryPro/node_modules/lucide-react/dist/esm/icons/utensils-crossed.js
Module ID: /Users/pranay/Projects/AIMLGlossary/AIGlossaryPro/node_modules/lucide-react/dist/esm/icons/wallet-minimal.js
✓ Icons chunk matched: /Users/pranay/Projects/AIMLGlossary/AIGlossaryPro/node_modules/lucide-react/dist/esm/icons/wallet-minimal.js
Module ID: /Users/pranay/Projects/AIMLGlossary/AIGlossaryPro/node_modules/lucide-react/dist/esm/icons/utensils.js
✓ Icons chunk matched: /Users/pranay/Projects/AIMLGlossary/AIGlossaryPro/node_modules/lucide-react/dist/esm/icons/utensils.js
Module ID: /Users/pranay/Projects/AIMLGlossary/AIGlossaryPro/node_modules/lucide-react/dist/esm/icons/wand-sparkles.js
✓ Icons chunk matched: /Users/pranay/Projects/AIMLGlossary/AIGlossaryPro/node_modules/lucide-react/dist/esm/icons/wand-sparkles.js
Module ID: /Users/pranay/Projects/AIMLGlossary/AIGlossaryPro/node_modules/lucide-react/dist/esm/createLucideIcon.js
✓ Icons chunk matched: /Users/pranay/Projects/AIMLGlossary/AIGlossaryPro/node_modules/lucide-react/dist/esm/createLucideIcon.js
Module ID: /Users/pranay/Projects/AIMLGlossary/AIGlossaryPro/node_modules/lucide-react/dist/esm/Icon.js
✓ Icons chunk matched: /Users/pranay/Projects/AIMLGlossary/AIGlossaryPro/node_modules/lucide-react/dist/esm/Icon.js
Module ID:  /Users/pranay/Projects/AIMLGlossary/AIGlossaryPro/node_modules/react/cjs/react-jsx-dev-runtime.development.js?commonjs-exports
✓ React chunk matched:  /Users/pranay/Projects/AIMLGlossary/AIGlossaryPro/node_modules/react/cjs/react-jsx-dev-runtime.development.js?commonjs-exports
Module ID:  /Users/pranay/Projects/AIMLGlossary/AIGlossaryPro/node_modules/react/index.js?commonjs-proxy
✓ React chunk matched:  /Users/pranay/Projects/AIMLGlossary/AIGlossaryPro/node_modules/react/index.js?commonjs-proxy
Module ID: /Users/pranay/Projects/AIMLGlossary/AIGlossaryPro/node_modules/use-sync-external-store/cjs/use-sync-external-store-shim.development.js
✓ Vendor chunk matched: /Users/pranay/Projects/AIMLGlossary/AIGlossaryPro/node_modules/use-sync-external-store/cjs/use-sync-external-store-shim.development.js
Module ID: /Users/pranay/Projects/AIMLGlossary/AIGlossaryPro/node_modules/clsx/dist/clsx.mjs
✓ Vendor chunk matched: /Users/pranay/Projects/AIMLGlossary/AIGlossaryPro/node_modules/clsx/dist/clsx.mjs
Module ID: /Users/pranay/Projects/AIMLGlossary/AIGlossaryPro/node_modules/tailwind-merge/dist/bundle-mjs.mjs
✓ Vendor chunk matched: /Users/pranay/Projects/AIMLGlossary/AIGlossaryPro/node_modules/tailwind-merge/dist/bundle-mjs.mjs
Module ID: /Users/pranay/Projects/AIMLGlossary/AIGlossaryPro/node_modules/class-variance-authority/dist/index.mjs
✓ Vendor chunk matched: /Users/pranay/Projects/AIMLGlossary/AIGlossaryPro/node_modules/class-variance-authority/dist/index.mjs
Module ID: /Users/pranay/Projects/AIMLGlossary/AIGlossaryPro/client/src/components/ui/select.tsx
Module ID: /Users/pranay/Projects/AIMLGlossary/AIGlossaryPro/client/src/components/sections/SectionLayoutManager.tsx
Module ID: /Users/pranay/Projects/AIMLGlossary/AIGlossaryPro/client/src/components/interactive/InteractiveElementsManager.tsx
Module ID: /Users/pranay/Projects/AIMLGlossary/AIGlossaryPro/client/src/components/AIDefinitionImprover.tsx
Module ID: /Users/pranay/Projects/AIMLGlossary/AIGlossaryPro/client/src/components/ProgressTracker.tsx
Module ID: /Users/pranay/Projects/AIMLGlossary/AIGlossaryPro/client/src/components/term/TermHeader.tsx
Module ID: /Users/pranay/Projects/AIMLGlossary/AIGlossaryPro/client/src/components/term/TermContentTabs.tsx
Module ID: /Users/pranay/Projects/AIMLGlossary/AIGlossaryPro/client/src/components/term/TermOverview.tsx
Module ID: /Users/pranay/Projects/AIMLGlossary/AIGlossaryPro/client/src/components/term/TermRelationships.tsx
Module ID: /Users/pranay/Projects/AIMLGlossary/AIGlossaryPro/client/src/components/term/RecommendedTerms.tsx
Module ID: /Users/pranay/Projects/AIMLGlossary/AIGlossaryPro/client/src/hooks/useTermData.ts
Module ID: /Users/pranay/Projects/AIMLGlossary/AIGlossaryPro/client/src/constants/messages.ts
Module ID: /Users/pranay/Projects/AIMLGlossary/AIGlossaryPro/client/src/components/SubcategoryCard.tsx
Module ID: /Users/pranay/Projects/AIMLGlossary/AIGlossaryPro/client/src/components/CategoryHierarchy.tsx
Module ID: /Users/pranay/Projects/AIMLGlossary/AIGlossaryPro/node_modules/@radix-ui/react-tabs/dist/index.mjs
✓ Radix UI chunk matched: /Users/pranay/Projects/AIMLGlossary/AIGlossaryPro/node_modules/@radix-ui/react-tabs/dist/index.mjs
Module ID: /Users/pranay/Projects/AIMLGlossary/AIGlossaryPro/node_modules/@radix-ui/react-separator/dist/index.mjs
✓ Radix UI chunk matched: /Users/pranay/Projects/AIMLGlossary/AIGlossaryPro/node_modules/@radix-ui/react-separator/dist/index.mjs
Module ID: /Users/pranay/Projects/AIMLGlossary/AIGlossaryPro/node_modules/@radix-ui/react-dropdown-menu/dist/index.mjs
✓ Radix UI chunk matched: /Users/pranay/Projects/AIMLGlossary/AIGlossaryPro/node_modules/@radix-ui/react-dropdown-menu/dist/index.mjs
Module ID: /Users/pranay/Projects/AIMLGlossary/AIGlossaryPro/node_modules/@radix-ui/react-label/dist/index.mjs
✓ Radix UI chunk matched: /Users/pranay/Projects/AIMLGlossary/AIGlossaryPro/node_modules/@radix-ui/react-label/dist/index.mjs
Module ID: /Users/pranay/Projects/AIMLGlossary/AIGlossaryPro/client/src/components/ui/chart.tsx
Module ID: /Users/pranay/Projects/AIMLGlossary/AIGlossaryPro/node_modules/@radix-ui/react-toast/dist/index.mjs
✓ Radix UI chunk matched: /Users/pranay/Projects/AIMLGlossary/AIGlossaryPro/node_modules/@radix-ui/react-toast/dist/index.mjs
Module ID: /Users/pranay/Projects/AIMLGlossary/AIGlossaryPro/client/src/components/ui/checkbox.tsx
Module ID: /Users/pranay/Projects/AIMLGlossary/AIGlossaryPro/client/src/components/S3FileBrowser.tsx
Module ID: /Users/pranay/Projects/AIMLGlossary/AIGlossaryPro/client/src/components/AIAdminDashboard.tsx
Module ID: /Users/pranay/Projects/AIMLGlossary/AIGlossaryPro/client/src/pages/admin/AdminNewsletterDashboard.tsx
✓ Admin pages chunk matched: /Users/pranay/Projects/AIMLGlossary/AIGlossaryPro/client/src/pages/admin/AdminNewsletterDashboard.tsx
Module ID: /Users/pranay/Projects/AIMLGlossary/AIGlossaryPro/client/src/pages/admin/AdminContactsDashboard.tsx
✓ Admin pages chunk matched: /Users/pranay/Projects/AIMLGlossary/AIGlossaryPro/client/src/pages/admin/AdminContactsDashboard.tsx
Module ID: /Users/pranay/Projects/AIMLGlossary/AIGlossaryPro/node_modules/react/cjs/react-jsx-runtime.development.js
✓ React chunk matched: /Users/pranay/Projects/AIMLGlossary/AIGlossaryPro/node_modules/react/cjs/react-jsx-runtime.development.js
Module ID: /Users/pranay/Projects/AIMLGlossary/AIGlossaryPro/client/src/components/ui/page-breadcrumb.tsx
Module ID: /Users/pranay/Projects/AIMLGlossary/AIGlossaryPro/node_modules/@radix-ui/react-avatar/dist/index.mjs
✓ Radix UI chunk matched: /Users/pranay/Projects/AIMLGlossary/AIGlossaryPro/node_modules/@radix-ui/react-avatar/dist/index.mjs
Module ID: /Users/pranay/Projects/AIMLGlossary/AIGlossaryPro/node_modules/mermaid/dist/mermaid.core.mjs
✓ Mermaid chunk matched: /Users/pranay/Projects/AIMLGlossary/AIGlossaryPro/node_modules/mermaid/dist/mermaid.core.mjs
Module ID: /Users/pranay/Projects/AIMLGlossary/AIGlossaryPro/client/src/utils/sanitize.ts
Module ID: /Users/pranay/Projects/AIMLGlossary/AIGlossaryPro/client/src/components/ui/progress.tsx
Module ID: /Users/pranay/Projects/AIMLGlossary/AIGlossaryPro/node_modules/react-window/dist/index.esm.js
✓ Vendor chunk matched: /Users/pranay/Projects/AIMLGlossary/AIGlossaryPro/node_modules/react-window/dist/index.esm.js
Module ID: /Users/pranay/Projects/AIMLGlossary/AIGlossaryPro/node_modules/react-window-infinite-loader/dist/index.esm.js
✓ Vendor chunk matched: /Users/pranay/Projects/AIMLGlossary/AIGlossaryPro/node_modules/react-window-infinite-loader/dist/index.esm.js
Module ID: /Users/pranay/Projects/AIMLGlossary/AIGlossaryPro/client/src/components/ui/collapsible.tsx
Module ID: /Users/pranay/Projects/AIMLGlossary/AIGlossaryPro/client/src/components/AIDefinitionGenerator.tsx
Module ID: /Users/pranay/Projects/AIMLGlossary/AIGlossaryPro/client/src/components/AITermSuggestions.tsx
Module ID: /Users/pranay/Projects/AIMLGlossary/AIGlossaryPro/client/src/components/AISemanticSearch.tsx
Module ID: /Users/pranay/Projects/AIMLGlossary/AIGlossaryPro/client/src/components/landing/LandingHeader.tsx
✓ Landing page chunk matched: /Users/pranay/Projects/AIMLGlossary/AIGlossaryPro/client/src/components/landing/LandingHeader.tsx
Module ID: /Users/pranay/Projects/AIMLGlossary/AIGlossaryPro/client/src/components/landing/HeroSection.tsx
✓ Landing page chunk matched: /Users/pranay/Projects/AIMLGlossary/AIGlossaryPro/client/src/components/landing/HeroSection.tsx
Module ID: /Users/pranay/Projects/AIMLGlossary/AIGlossaryPro/client/src/components/landing/ValueProposition.tsx
✓ Landing page chunk matched: /Users/pranay/Projects/AIMLGlossary/AIGlossaryPro/client/src/components/landing/ValueProposition.tsx
Module ID: /Users/pranay/Projects/AIMLGlossary/AIGlossaryPro/client/src/components/landing/FounderStory.tsx
✓ Landing page chunk matched: /Users/pranay/Projects/AIMLGlossary/AIGlossaryPro/client/src/components/landing/FounderStory.tsx
Module ID: /Users/pranay/Projects/AIMLGlossary/AIGlossaryPro/client/src/components/landing/WhatYouGet.tsx
✓ Landing page chunk matched: /Users/pranay/Projects/AIMLGlossary/AIGlossaryPro/client/src/components/landing/WhatYouGet.tsx
Module ID: /Users/pranay/Projects/AIMLGlossary/AIGlossaryPro/client/src/components/landing/ContentPreview.tsx
✓ Landing page chunk matched: /Users/pranay/Projects/AIMLGlossary/AIGlossaryPro/client/src/components/landing/ContentPreview.tsx
Module ID: /Users/pranay/Projects/AIMLGlossary/AIGlossaryPro/client/src/components/interactive/InteractiveDemo.tsx
Module ID: /Users/pranay/Projects/AIMLGlossary/AIGlossaryPro/client/src/components/landing/SocialProof.tsx
✓ Landing page chunk matched: /Users/pranay/Projects/AIMLGlossary/AIGlossaryPro/client/src/components/landing/SocialProof.tsx
Module ID: /Users/pranay/Projects/AIMLGlossary/AIGlossaryPro/client/src/components/landing/Pricing.tsx
✓ Landing page chunk matched: /Users/pranay/Projects/AIMLGlossary/AIGlossaryPro/client/src/components/landing/Pricing.tsx
Module ID: /Users/pranay/Projects/AIMLGlossary/AIGlossaryPro/client/src/components/landing/FAQ.tsx
✓ Landing page chunk matched: /Users/pranay/Projects/AIMLGlossary/AIGlossaryPro/client/src/components/landing/FAQ.tsx
Module ID: /Users/pranay/Projects/AIMLGlossary/AIGlossaryPro/client/src/components/landing/FinalCTA.tsx
✓ Landing page chunk matched: /Users/pranay/Projects/AIMLGlossary/AIGlossaryPro/client/src/components/landing/FinalCTA.tsx
Module ID: /Users/pranay/Projects/AIMLGlossary/AIGlossaryPro/client/src/components/landing/ContactForm.tsx
✓ Landing page chunk matched: /Users/pranay/Projects/AIMLGlossary/AIGlossaryPro/client/src/components/landing/ContactForm.tsx
Module ID: /Users/pranay/Projects/AIMLGlossary/AIGlossaryPro/node_modules/@radix-ui/react-switch/dist/index.mjs
✓ Radix UI chunk matched: /Users/pranay/Projects/AIMLGlossary/AIGlossaryPro/node_modules/@radix-ui/react-switch/dist/index.mjs
Module ID: /Users/pranay/Projects/AIMLGlossary/AIGlossaryPro/client/src/components/ShareMenu.tsx
Module ID: /Users/pranay/Projects/AIMLGlossary/AIGlossaryPro/client/src/components/PurchaseVerification.tsx
Module ID: /Users/pranay/Projects/AIMLGlossary/AIGlossaryPro/client/src/components/TestPurchaseButton.tsx
Module ID: /Users/pranay/Projects/AIMLGlossary/AIGlossaryPro/client/src/utils/termUtils.ts
Module ID: /Users/pranay/Projects/AIMLGlossary/AIGlossaryPro/node_modules/recharts/es6/util/ReactUtils.js
✓ Charts chunk matched: /Users/pranay/Projects/AIMLGlossary/AIGlossaryPro/node_modules/recharts/es6/util/ReactUtils.js
Module ID: /Users/pranay/Projects/AIMLGlossary/AIGlossaryPro/node_modules/recharts/es6/util/DataUtils.js
✓ Charts chunk matched: /Users/pranay/Projects/AIMLGlossary/AIGlossaryPro/node_modules/recharts/es6/util/DataUtils.js
Module ID: /Users/pranay/Projects/AIMLGlossary/AIGlossaryPro/node_modules/recharts/es6/util/payload/getUniqPayload.js
✓ Charts chunk matched: /Users/pranay/Projects/AIMLGlossary/AIGlossaryPro/node_modules/recharts/es6/util/payload/getUniqPayload.js
Module ID: /Users/pranay/Projects/AIMLGlossary/AIGlossaryPro/node_modules/lodash/isFunction.js
✓ Vendor chunk matched: /Users/pranay/Projects/AIMLGlossary/AIGlossaryPro/node_modules/lodash/isFunction.js
Module ID: /Users/pranay/Projects/AIMLGlossary/AIGlossaryPro/node_modules/recharts/es6/util/LogUtils.js
✓ Charts chunk matched: /Users/pranay/Projects/AIMLGlossary/AIGlossaryPro/node_modules/recharts/es6/util/LogUtils.js
Module ID: /Users/pranay/Projects/AIMLGlossary/AIGlossaryPro/node_modules/recharts/es6/util/types.js
✓ Charts chunk matched: /Users/pranay/Projects/AIMLGlossary/AIGlossaryPro/node_modules/recharts/es6/util/types.js
Module ID: /Users/pranay/Projects/AIMLGlossary/AIGlossaryPro/node_modules/lodash/sortBy.js
✓ Vendor chunk matched: /Users/pranay/Projects/AIMLGlossary/AIGlossaryPro/node_modules/lodash/sortBy.js
Module ID: /Users/pranay/Projects/AIMLGlossary/AIGlossaryPro/node_modules/lodash/isNil.js
✓ Vendor chunk matched: /Users/pranay/Projects/AIMLGlossary/AIGlossaryPro/node_modules/lodash/isNil.js
Module ID: /Users/pranay/Projects/AIMLGlossary/AIGlossaryPro/node_modules/lodash/throttle.js
✓ Vendor chunk matched: /Users/pranay/Projects/AIMLGlossary/AIGlossaryPro/node_modules/lodash/throttle.js
Module ID: /Users/pranay/Projects/AIMLGlossary/AIGlossaryPro/node_modules/lodash/isObject.js
✓ Vendor chunk matched: /Users/pranay/Projects/AIMLGlossary/AIGlossaryPro/node_modules/lodash/isObject.js
Module ID: /Users/pranay/Projects/AIMLGlossary/AIGlossaryPro/node_modules/recharts/es6/util/PolarUtils.js
✓ Charts chunk matched: /Users/pranay/Projects/AIMLGlossary/AIGlossaryPro/node_modules/recharts/es6/util/PolarUtils.js
Module ID: /Users/pranay/Projects/AIMLGlossary/AIGlossaryPro/node_modules/lodash/last.js
✓ Vendor chunk matched: /Users/pranay/Projects/AIMLGlossary/AIGlossaryPro/node_modules/lodash/last.js
Module ID: /Users/pranay/Projects/AIMLGlossary/AIGlossaryPro/node_modules/recharts/es6/util/ChartUtils.js
✓ Charts chunk matched: /Users/pranay/Projects/AIMLGlossary/AIGlossaryPro/node_modules/recharts/es6/util/ChartUtils.js
Module ID: /Users/pranay/Projects/AIMLGlossary/AIGlossaryPro/node_modules/recharts/es6/util/DOMUtils.js
✓ Charts chunk matched: /Users/pranay/Projects/AIMLGlossary/AIGlossaryPro/node_modules/recharts/es6/util/DOMUtils.js
Module ID: /Users/pranay/Projects/AIMLGlossary/AIGlossaryPro/node_modules/recharts/es6/util/ReduceCSSCalc.js
✓ Charts chunk matched: /Users/pranay/Projects/AIMLGlossary/AIGlossaryPro/node_modules/recharts/es6/util/ReduceCSSCalc.js
Module ID: /Users/pranay/Projects/AIMLGlossary/AIGlossaryPro/node_modules/recharts/es6/component/TooltipBoundingBox.js
✓ Charts chunk matched: /Users/pranay/Projects/AIMLGlossary/AIGlossaryPro/node_modules/recharts/es6/component/TooltipBoundingBox.js
Module ID: /Users/pranay/Projects/AIMLGlossary/AIGlossaryPro/node_modules/victory-vendor/es/d3-shape.js
✓ Vendor chunk matched: /Users/pranay/Projects/AIMLGlossary/AIGlossaryPro/node_modules/victory-vendor/es/d3-shape.js
Module ID: /Users/pranay/Projects/AIMLGlossary/AIGlossaryPro/node_modules/lodash/upperFirst.js
✓ Vendor chunk matched: /Users/pranay/Projects/AIMLGlossary/AIGlossaryPro/node_modules/lodash/upperFirst.js
Module ID: /Users/pranay/Projects/AIMLGlossary/AIGlossaryPro/node_modules/react-smooth/es6/index.js
✓ Vendor chunk matched: /Users/pranay/Projects/AIMLGlossary/AIGlossaryPro/node_modules/react-smooth/es6/index.js
Module ID: /Users/pranay/Projects/AIMLGlossary/AIGlossaryPro/node_modules/lodash/maxBy.js
✓ Vendor chunk matched: /Users/pranay/Projects/AIMLGlossary/AIGlossaryPro/node_modules/lodash/maxBy.js
Module ID: /Users/pranay/Projects/AIMLGlossary/AIGlossaryPro/node_modules/lodash/minBy.js
✓ Vendor chunk matched: /Users/pranay/Projects/AIMLGlossary/AIGlossaryPro/node_modules/lodash/minBy.js
Module ID: /Users/pranay/Projects/AIMLGlossary/AIGlossaryPro/node_modules/lodash/first.js
✓ Vendor chunk matched: /Users/pranay/Projects/AIMLGlossary/AIGlossaryPro/node_modules/lodash/first.js
Module ID: /Users/pranay/Projects/AIMLGlossary/AIGlossaryPro/node_modules/lodash/isEqual.js
✓ Vendor chunk matched: /Users/pranay/Projects/AIMLGlossary/AIGlossaryPro/node_modules/lodash/isEqual.js
Module ID: /Users/pranay/Projects/AIMLGlossary/AIGlossaryPro/node_modules/recharts/es6/util/RadialBarUtils.js
✓ Charts chunk matched: /Users/pranay/Projects/AIMLGlossary/AIGlossaryPro/node_modules/recharts/es6/util/RadialBarUtils.js
Module ID: /Users/pranay/Projects/AIMLGlossary/AIGlossaryPro/node_modules/lodash/get.js
✓ Vendor chunk matched: /Users/pranay/Projects/AIMLGlossary/AIGlossaryPro/node_modules/lodash/get.js
Module ID: /Users/pranay/Projects/AIMLGlossary/AIGlossaryPro/node_modules/recharts/es6/util/ActiveShapeUtils.js
✓ Charts chunk matched: /Users/pranay/Projects/AIMLGlossary/AIGlossaryPro/node_modules/recharts/es6/util/ActiveShapeUtils.js
Module ID: /Users/pranay/Projects/AIMLGlossary/AIGlossaryPro/node_modules/victory-vendor/es/d3-scale.js
✓ Vendor chunk matched: /Users/pranay/Projects/AIMLGlossary/AIGlossaryPro/node_modules/victory-vendor/es/d3-scale.js
Module ID: /Users/pranay/Projects/AIMLGlossary/AIGlossaryPro/node_modules/lodash/range.js
✓ Vendor chunk matched: /Users/pranay/Projects/AIMLGlossary/AIGlossaryPro/node_modules/lodash/range.js
Module ID: /Users/pranay/Projects/AIMLGlossary/AIGlossaryPro/node_modules/recharts/es6/util/CssPrefixUtils.js
✓ Charts chunk matched: /Users/pranay/Projects/AIMLGlossary/AIGlossaryPro/node_modules/recharts/es6/util/CssPrefixUtils.js
Module ID: /Users/pranay/Projects/AIMLGlossary/AIGlossaryPro/node_modules/lodash/some.js
✓ Vendor chunk matched: /Users/pranay/Projects/AIMLGlossary/AIGlossaryPro/node_modules/lodash/some.js
Module ID: /Users/pranay/Projects/AIMLGlossary/AIGlossaryPro/node_modules/recharts/es6/util/IfOverflowMatches.js
✓ Charts chunk matched: /Users/pranay/Projects/AIMLGlossary/AIGlossaryPro/node_modules/recharts/es6/util/IfOverflowMatches.js
Module ID: /Users/pranay/Projects/AIMLGlossary/AIGlossaryPro/node_modules/recharts/es6/util/CartesianUtils.js
✓ Charts chunk matched: /Users/pranay/Projects/AIMLGlossary/AIGlossaryPro/node_modules/recharts/es6/util/CartesianUtils.js
Module ID: /Users/pranay/Projects/AIMLGlossary/AIGlossaryPro/node_modules/recharts/es6/context/chartLayoutContext.js
✓ Charts chunk matched: /Users/pranay/Projects/AIMLGlossary/AIGlossaryPro/node_modules/recharts/es6/context/chartLayoutContext.js
Module ID: /Users/pranay/Projects/AIMLGlossary/AIGlossaryPro/node_modules/recharts/es6/util/ShallowEqual.js
✓ Charts chunk matched: /Users/pranay/Projects/AIMLGlossary/AIGlossaryPro/node_modules/recharts/es6/util/ShallowEqual.js
Module ID: /Users/pranay/Projects/AIMLGlossary/AIGlossaryPro/node_modules/recharts/es6/cartesian/getTicks.js
✓ Charts chunk matched: /Users/pranay/Projects/AIMLGlossary/AIGlossaryPro/node_modules/recharts/es6/cartesian/getTicks.js
Module ID: /Users/pranay/Projects/AIMLGlossary/AIGlossaryPro/node_modules/recharts/es6/util/ScatterUtils.js
✓ Charts chunk matched: /Users/pranay/Projects/AIMLGlossary/AIGlossaryPro/node_modules/recharts/es6/util/ScatterUtils.js
Module ID: /Users/pranay/Projects/AIMLGlossary/AIGlossaryPro/node_modules/recharts/es6/util/BarUtils.js
✓ Charts chunk matched: /Users/pranay/Projects/AIMLGlossary/AIGlossaryPro/node_modules/recharts/es6/util/BarUtils.js
Module ID: /Users/pranay/Projects/AIMLGlossary/AIGlossaryPro/node_modules/lodash/max.js
✓ Vendor chunk matched: /Users/pranay/Projects/AIMLGlossary/AIGlossaryPro/node_modules/lodash/max.js
Module ID: /Users/pranay/Projects/AIMLGlossary/AIGlossaryPro/node_modules/lodash/isNaN.js
✓ Vendor chunk matched: /Users/pranay/Projects/AIMLGlossary/AIGlossaryPro/node_modules/lodash/isNaN.js
Module ID: /Users/pranay/Projects/AIMLGlossary/AIGlossaryPro/node_modules/recharts/es6/chart/generateCategoricalChart.js
✓ Charts chunk matched: /Users/pranay/Projects/AIMLGlossary/AIGlossaryPro/node_modules/recharts/es6/chart/generateCategoricalChart.js
Module ID: /Users/pranay/Projects/AIMLGlossary/AIGlossaryPro/node_modules/lodash/omit.js
✓ Vendor chunk matched: /Users/pranay/Projects/AIMLGlossary/AIGlossaryPro/node_modules/lodash/omit.js
Module ID: /Users/pranay/Projects/AIMLGlossary/AIGlossaryPro/node_modules/recharts/es6/util/Constants.js
✓ Charts chunk matched: /Users/pranay/Projects/AIMLGlossary/AIGlossaryPro/node_modules/recharts/es6/util/Constants.js
Module ID: /Users/pranay/Projects/AIMLGlossary/AIGlossaryPro/node_modules/lodash/min.js
✓ Vendor chunk matched: /Users/pranay/Projects/AIMLGlossary/AIGlossaryPro/node_modules/lodash/min.js
Module ID: /Users/pranay/Projects/AIMLGlossary/AIGlossaryPro/node_modules/lodash/sumBy.js
✓ Vendor chunk matched: /Users/pranay/Projects/AIMLGlossary/AIGlossaryPro/node_modules/lodash/sumBy.js
Module ID: /Users/pranay/Projects/AIMLGlossary/AIGlossaryPro/node_modules/lodash/isNumber.js
✓ Vendor chunk matched: /Users/pranay/Projects/AIMLGlossary/AIGlossaryPro/node_modules/lodash/isNumber.js
Module ID: /Users/pranay/Projects/AIMLGlossary/AIGlossaryPro/node_modules/lodash/isString.js
✓ Vendor chunk matched: /Users/pranay/Projects/AIMLGlossary/AIGlossaryPro/node_modules/lodash/isString.js
Module ID: /Users/pranay/Projects/AIMLGlossary/AIGlossaryPro/node_modules/recharts/es6/util/FunnelUtils.js
✓ Charts chunk matched: /Users/pranay/Projects/AIMLGlossary/AIGlossaryPro/node_modules/recharts/es6/util/FunnelUtils.js
Module ID: /Users/pranay/Projects/AIMLGlossary/AIGlossaryPro/node_modules/@radix-ui/react-use-layout-effect/dist/index.mjs
✓ Radix UI chunk matched: /Users/pranay/Projects/AIMLGlossary/AIGlossaryPro/node_modules/@radix-ui/react-use-layout-effect/dist/index.mjs
Module ID: /Users/pranay/Projects/AIMLGlossary/AIGlossaryPro/node_modules/@radix-ui/react-use-callback-ref/dist/index.mjs
✓ Radix UI chunk matched: /Users/pranay/Projects/AIMLGlossary/AIGlossaryPro/node_modules/@radix-ui/react-use-callback-ref/dist/index.mjs
Module ID: /Users/pranay/Projects/AIMLGlossary/AIGlossaryPro/node_modules/@radix-ui/react-use-escape-keydown/dist/index.mjs
✓ Radix UI chunk matched: /Users/pranay/Projects/AIMLGlossary/AIGlossaryPro/node_modules/@radix-ui/react-use-escape-keydown/dist/index.mjs
Module ID: /Users/pranay/Projects/AIMLGlossary/AIGlossaryPro/node_modules/@radix-ui/react-use-effect-event/dist/index.mjs
✓ Radix UI chunk matched: /Users/pranay/Projects/AIMLGlossary/AIGlossaryPro/node_modules/@radix-ui/react-use-effect-event/dist/index.mjs
Module ID: /Users/pranay/Projects/AIMLGlossary/AIGlossaryPro/node_modules/@floating-ui/react-dom/dist/floating-ui.react-dom.mjs
✓ Vendor chunk matched: /Users/pranay/Projects/AIMLGlossary/AIGlossaryPro/node_modules/@floating-ui/react-dom/dist/floating-ui.react-dom.mjs
Module ID: /Users/pranay/Projects/AIMLGlossary/AIGlossaryPro/node_modules/@radix-ui/react-arrow/dist/index.mjs
✓ Radix UI chunk matched: /Users/pranay/Projects/AIMLGlossary/AIGlossaryPro/node_modules/@radix-ui/react-arrow/dist/index.mjs
Module ID: /Users/pranay/Projects/AIMLGlossary/AIGlossaryPro/node_modules/@radix-ui/react-use-size/dist/index.mjs
✓ Radix UI chunk matched: /Users/pranay/Projects/AIMLGlossary/AIGlossaryPro/node_modules/@radix-ui/react-use-size/dist/index.mjs
Module ID: /Users/pranay/Projects/AIMLGlossary/AIGlossaryPro/client/src/components/ui/textarea.tsx
Module ID: /Users/pranay/Projects/AIMLGlossary/AIGlossaryPro/node_modules/firebase/app/dist/esm/index.esm.js
✓ Firebase chunk matched: /Users/pranay/Projects/AIMLGlossary/AIGlossaryPro/node_modules/firebase/app/dist/esm/index.esm.js
Module ID: /Users/pranay/Projects/AIMLGlossary/AIGlossaryPro/node_modules/firebase/auth/dist/esm/index.esm.js
✓ Firebase chunk matched: /Users/pranay/Projects/AIMLGlossary/AIGlossaryPro/node_modules/firebase/auth/dist/esm/index.esm.js
Module ID: /Users/pranay/Projects/AIMLGlossary/AIGlossaryPro/node_modules/lodash/_baseGetTag.js
✓ Vendor chunk matched: /Users/pranay/Projects/AIMLGlossary/AIGlossaryPro/node_modules/lodash/_baseGetTag.js
Module ID: /Users/pranay/Projects/AIMLGlossary/AIGlossaryPro/node_modules/lodash/_baseFlatten.js
✓ Vendor chunk matched: /Users/pranay/Projects/AIMLGlossary/AIGlossaryPro/node_modules/lodash/_baseFlatten.js
Module ID: /Users/pranay/Projects/AIMLGlossary/AIGlossaryPro/node_modules/lodash/_baseOrderBy.js
✓ Vendor chunk matched: /Users/pranay/Projects/AIMLGlossary/AIGlossaryPro/node_modules/lodash/_baseOrderBy.js
Module ID: /Users/pranay/Projects/AIMLGlossary/AIGlossaryPro/node_modules/lodash/_baseRest.js
✓ Vendor chunk matched: /Users/pranay/Projects/AIMLGlossary/AIGlossaryPro/node_modules/lodash/_baseRest.js
Module ID: /Users/pranay/Projects/AIMLGlossary/AIGlossaryPro/node_modules/lodash/_isIterateeCall.js
✓ Vendor chunk matched: /Users/pranay/Projects/AIMLGlossary/AIGlossaryPro/node_modules/lodash/_isIterateeCall.js
Module ID: /Users/pranay/Projects/AIMLGlossary/AIGlossaryPro/node_modules/lodash/debounce.js
✓ Vendor chunk matched: /Users/pranay/Projects/AIMLGlossary/AIGlossaryPro/node_modules/lodash/debounce.js
Module ID: /Users/pranay/Projects/AIMLGlossary/AIGlossaryPro/node_modules/lodash/_createCaseFirst.js
✓ Vendor chunk matched: /Users/pranay/Projects/AIMLGlossary/AIGlossaryPro/node_modules/lodash/_createCaseFirst.js
Module ID: /Users/pranay/Projects/AIMLGlossary/AIGlossaryPro/node_modules/lodash/_baseExtremum.js
✓ Vendor chunk matched: /Users/pranay/Projects/AIMLGlossary/AIGlossaryPro/node_modules/lodash/_baseExtremum.js
Module ID: /Users/pranay/Projects/AIMLGlossary/AIGlossaryPro/node_modules/lodash/_baseGt.js
✓ Vendor chunk matched: /Users/pranay/Projects/AIMLGlossary/AIGlossaryPro/node_modules/lodash/_baseGt.js
Module ID: /Users/pranay/Projects/AIMLGlossary/AIGlossaryPro/node_modules/lodash/_baseIteratee.js
✓ Vendor chunk matched: /Users/pranay/Projects/AIMLGlossary/AIGlossaryPro/node_modules/lodash/_baseIteratee.js
Module ID: /Users/pranay/Projects/AIMLGlossary/AIGlossaryPro/node_modules/lodash/_baseLt.js
✓ Vendor chunk matched: /Users/pranay/Projects/AIMLGlossary/AIGlossaryPro/node_modules/lodash/_baseLt.js
Module ID: /Users/pranay/Projects/AIMLGlossary/AIGlossaryPro/node_modules/lodash/head.js
✓ Vendor chunk matched: /Users/pranay/Projects/AIMLGlossary/AIGlossaryPro/node_modules/lodash/head.js
Module ID: /Users/pranay/Projects/AIMLGlossary/AIGlossaryPro/node_modules/lodash/_baseIsEqual.js
✓ Vendor chunk matched: /Users/pranay/Projects/AIMLGlossary/AIGlossaryPro/node_modules/lodash/_baseIsEqual.js
Module ID: /Users/pranay/Projects/AIMLGlossary/AIGlossaryPro/node_modules/lodash/_baseGet.js
✓ Vendor chunk matched: /Users/pranay/Projects/AIMLGlossary/AIGlossaryPro/node_modules/lodash/_baseGet.js
Module ID: /Users/pranay/Projects/AIMLGlossary/AIGlossaryPro/node_modules/lodash/_createRange.js
✓ Vendor chunk matched: /Users/pranay/Projects/AIMLGlossary/AIGlossaryPro/node_modules/lodash/_createRange.js
Module ID: /Users/pranay/Projects/AIMLGlossary/AIGlossaryPro/node_modules/lodash/_arraySome.js
✓ Vendor chunk matched: /Users/pranay/Projects/AIMLGlossary/AIGlossaryPro/node_modules/lodash/_arraySome.js
Module ID: /Users/pranay/Projects/AIMLGlossary/AIGlossaryPro/node_modules/lodash/_baseSome.js
✓ Vendor chunk matched: /Users/pranay/Projects/AIMLGlossary/AIGlossaryPro/node_modules/lodash/_baseSome.js
Module ID: /Users/pranay/Projects/AIMLGlossary/AIGlossaryPro/node_modules/lodash/isArray.js
✓ Vendor chunk matched: /Users/pranay/Projects/AIMLGlossary/AIGlossaryPro/node_modules/lodash/isArray.js
Module ID: /Users/pranay/Projects/AIMLGlossary/AIGlossaryPro/node_modules/lodash/identity.js
✓ Vendor chunk matched: /Users/pranay/Projects/AIMLGlossary/AIGlossaryPro/node_modules/lodash/identity.js
Module ID: /Users/pranay/Projects/AIMLGlossary/AIGlossaryPro/node_modules/lodash/_arrayMap.js
✓ Vendor chunk matched: /Users/pranay/Projects/AIMLGlossary/AIGlossaryPro/node_modules/lodash/_arrayMap.js
Module ID: /Users/pranay/Projects/AIMLGlossary/AIGlossaryPro/node_modules/lodash/_baseClone.js
✓ Vendor chunk matched: /Users/pranay/Projects/AIMLGlossary/AIGlossaryPro/node_modules/lodash/_baseClone.js
Module ID: /Users/pranay/Projects/AIMLGlossary/AIGlossaryPro/node_modules/lodash/_baseUnset.js
✓ Vendor chunk matched: /Users/pranay/Projects/AIMLGlossary/AIGlossaryPro/node_modules/lodash/_baseUnset.js
Module ID: /Users/pranay/Projects/AIMLGlossary/AIGlossaryPro/node_modules/lodash/_castPath.js
✓ Vendor chunk matched: /Users/pranay/Projects/AIMLGlossary/AIGlossaryPro/node_modules/lodash/_castPath.js
Module ID: /Users/pranay/Projects/AIMLGlossary/AIGlossaryPro/node_modules/lodash/_copyObject.js
✓ Vendor chunk matched: /Users/pranay/Projects/AIMLGlossary/AIGlossaryPro/node_modules/lodash/_copyObject.js
Module ID: /Users/pranay/Projects/AIMLGlossary/AIGlossaryPro/node_modules/lodash/_customOmitClone.js
✓ Vendor chunk matched: /Users/pranay/Projects/AIMLGlossary/AIGlossaryPro/node_modules/lodash/_customOmitClone.js
Module ID: /Users/pranay/Projects/AIMLGlossary/AIGlossaryPro/node_modules/lodash/_flatRest.js
✓ Vendor chunk matched: /Users/pranay/Projects/AIMLGlossary/AIGlossaryPro/node_modules/lodash/_flatRest.js
Module ID: /Users/pranay/Projects/AIMLGlossary/AIGlossaryPro/node_modules/lodash/_getAllKeysIn.js
✓ Vendor chunk matched: /Users/pranay/Projects/AIMLGlossary/AIGlossaryPro/node_modules/lodash/_getAllKeysIn.js
Module ID: /Users/pranay/Projects/AIMLGlossary/AIGlossaryPro/node_modules/lodash/_baseSum.js
✓ Vendor chunk matched: /Users/pranay/Projects/AIMLGlossary/AIGlossaryPro/node_modules/lodash/_baseSum.js
Module ID: /Users/pranay/Projects/AIMLGlossary/AIGlossaryPro/node_modules/lodash/isObjectLike.js
✓ Vendor chunk matched: /Users/pranay/Projects/AIMLGlossary/AIGlossaryPro/node_modules/lodash/isObjectLike.js
Module ID: /Users/pranay/Projects/AIMLGlossary/AIGlossaryPro/node_modules/lucide-react/dist/esm/shared/src/utils.js
✓ Icons chunk matched: /Users/pranay/Projects/AIMLGlossary/AIGlossaryPro/node_modules/lucide-react/dist/esm/shared/src/utils.js
Module ID: /Users/pranay/Projects/AIMLGlossary/AIGlossaryPro/node_modules/lucide-react/dist/esm/defaultAttributes.js
✓ Icons chunk matched: /Users/pranay/Projects/AIMLGlossary/AIGlossaryPro/node_modules/lucide-react/dist/esm/defaultAttributes.js
Module ID: /Users/pranay/Projects/AIMLGlossary/AIGlossaryPro/node_modules/@radix-ui/react-roving-focus/dist/index.mjs
✓ Radix UI chunk matched: /Users/pranay/Projects/AIMLGlossary/AIGlossaryPro/node_modules/@radix-ui/react-roving-focus/dist/index.mjs
Module ID: /Users/pranay/Projects/AIMLGlossary/AIGlossaryPro/node_modules/@radix-ui/react-direction/dist/index.mjs
✓ Radix UI chunk matched: /Users/pranay/Projects/AIMLGlossary/AIGlossaryPro/node_modules/@radix-ui/react-direction/dist/index.mjs
Module ID: /Users/pranay/Projects/AIMLGlossary/AIGlossaryPro/node_modules/@radix-ui/react-menu/dist/index.mjs
✓ Radix UI chunk matched: /Users/pranay/Projects/AIMLGlossary/AIGlossaryPro/node_modules/@radix-ui/react-menu/dist/index.mjs
Module ID: /Users/pranay/Projects/AIMLGlossary/AIGlossaryPro/node_modules/@radix-ui/react-collection/dist/index.mjs
✓ Radix UI chunk matched: /Users/pranay/Projects/AIMLGlossary/AIGlossaryPro/node_modules/@radix-ui/react-collection/dist/index.mjs
Module ID: /Users/pranay/Projects/AIMLGlossary/AIGlossaryPro/node_modules/@radix-ui/react-use-is-hydrated/dist/index.mjs
✓ Radix UI chunk matched: /Users/pranay/Projects/AIMLGlossary/AIGlossaryPro/node_modules/@radix-ui/react-use-is-hydrated/dist/index.mjs
Module ID: /Users/pranay/Projects/AIMLGlossary/AIGlossaryPro/node_modules/ts-dedent/esm/index.js
✓ Vendor chunk matched: /Users/pranay/Projects/AIMLGlossary/AIGlossaryPro/node_modules/ts-dedent/esm/index.js
Module ID: /Users/pranay/Projects/AIMLGlossary/AIGlossaryPro/node_modules/d3/src/index.js
✓ Vendor chunk matched: /Users/pranay/Projects/AIMLGlossary/AIGlossaryPro/node_modules/d3/src/index.js
Module ID: /Users/pranay/Projects/AIMLGlossary/AIGlossaryPro/node_modules/stylis/index.js
✓ Vendor chunk matched: /Users/pranay/Projects/AIMLGlossary/AIGlossaryPro/node_modules/stylis/index.js
Module ID: /Users/pranay/Projects/AIMLGlossary/AIGlossaryPro/node_modules/lodash-es/isEmpty.js
✓ Vendor chunk matched: /Users/pranay/Projects/AIMLGlossary/AIGlossaryPro/node_modules/lodash-es/isEmpty.js
Module ID: /Users/pranay/Projects/AIMLGlossary/AIGlossaryPro/node_modules/mermaid/dist/chunks/mermaid.core/chunk-VDROSRA5.mjs
✓ Mermaid chunk matched: /Users/pranay/Projects/AIMLGlossary/AIGlossaryPro/node_modules/mermaid/dist/chunks/mermaid.core/chunk-VDROSRA5.mjs
Module ID: /Users/pranay/Projects/AIMLGlossary/AIGlossaryPro/node_modules/mermaid/dist/chunks/mermaid.core/chunk-BRE4QBWZ.mjs
✓ Mermaid chunk matched: /Users/pranay/Projects/AIMLGlossary/AIGlossaryPro/node_modules/mermaid/dist/chunks/mermaid.core/chunk-BRE4QBWZ.mjs
Module ID: /Users/pranay/Projects/AIMLGlossary/AIGlossaryPro/node_modules/mermaid/dist/chunks/mermaid.core/chunk-AEN23PCK.mjs
✓ Mermaid chunk matched: /Users/pranay/Projects/AIMLGlossary/AIGlossaryPro/node_modules/mermaid/dist/chunks/mermaid.core/chunk-AEN23PCK.mjs
Module ID: /Users/pranay/Projects/AIMLGlossary/AIGlossaryPro/node_modules/mermaid/dist/chunks/mermaid.core/chunk-NUTPFWZB.mjs
✓ Mermaid chunk matched: /Users/pranay/Projects/AIMLGlossary/AIGlossaryPro/node_modules/mermaid/dist/chunks/mermaid.core/chunk-NUTPFWZB.mjs
Module ID: /Users/pranay/Projects/AIMLGlossary/AIGlossaryPro/node_modules/mermaid/dist/chunks/mermaid.core/chunk-DS2CGKN3.mjs
✓ Mermaid chunk matched: /Users/pranay/Projects/AIMLGlossary/AIGlossaryPro/node_modules/mermaid/dist/chunks/mermaid.core/chunk-DS2CGKN3.mjs
Module ID: /Users/pranay/Projects/AIMLGlossary/AIGlossaryPro/node_modules/mermaid/dist/chunks/mermaid.core/chunk-YL523NDC.mjs
✓ Mermaid chunk matched: /Users/pranay/Projects/AIMLGlossary/AIGlossaryPro/node_modules/mermaid/dist/chunks/mermaid.core/chunk-YL523NDC.mjs
Module ID: /Users/pranay/Projects/AIMLGlossary/AIGlossaryPro/node_modules/mermaid/dist/chunks/mermaid.core/chunk-7N6UNFX7.mjs
✓ Mermaid chunk matched: /Users/pranay/Projects/AIMLGlossary/AIGlossaryPro/node_modules/mermaid/dist/chunks/mermaid.core/chunk-7N6UNFX7.mjs
Module ID: /Users/pranay/Projects/AIMLGlossary/AIGlossaryPro/node_modules/mermaid/dist/chunks/mermaid.core/chunk-F7MYA6JM.mjs
✓ Mermaid chunk matched: /Users/pranay/Projects/AIMLGlossary/AIGlossaryPro/node_modules/mermaid/dist/chunks/mermaid.core/chunk-F7MYA6JM.mjs
Module ID: /Users/pranay/Projects/AIMLGlossary/AIGlossaryPro/node_modules/mermaid/dist/chunks/mermaid.core/chunk-UT7MDFXQ.mjs
✓ Mermaid chunk matched: /Users/pranay/Projects/AIMLGlossary/AIGlossaryPro/node_modules/mermaid/dist/chunks/mermaid.core/chunk-UT7MDFXQ.mjs
Module ID: /Users/pranay/Projects/AIMLGlossary/AIGlossaryPro/node_modules/mermaid/dist/chunks/mermaid.core/chunk-D33BOVEP.mjs
✓ Mermaid chunk matched: /Users/pranay/Projects/AIMLGlossary/AIGlossaryPro/node_modules/mermaid/dist/chunks/mermaid.core/chunk-D33BOVEP.mjs
Module ID: /Users/pranay/Projects/AIMLGlossary/AIGlossaryPro/node_modules/mermaid/dist/chunks/mermaid.core/chunk-BMRFU3JQ.mjs
✓ Mermaid chunk matched: /Users/pranay/Projects/AIMLGlossary/AIGlossaryPro/node_modules/mermaid/dist/chunks/mermaid.core/chunk-BMRFU3JQ.mjs
Module ID: /Users/pranay/Projects/AIMLGlossary/AIGlossaryPro/node_modules/dompurify/dist/purify.es.mjs
✓ Vendor chunk matched: /Users/pranay/Projects/AIMLGlossary/AIGlossaryPro/node_modules/dompurify/dist/purify.es.mjs
Module ID: /Users/pranay/Projects/AIMLGlossary/AIGlossaryPro/node_modules/mermaid/dist/chunks/mermaid.core/c4Diagram-E5VUS4TQ.mjs
✓ Mermaid chunk matched: /Users/pranay/Projects/AIMLGlossary/AIGlossaryPro/node_modules/mermaid/dist/chunks/mermaid.core/c4Diagram-E5VUS4TQ.mjs
Module ID: /Users/pranay/Projects/AIMLGlossary/AIGlossaryPro/node_modules/mermaid/dist/chunks/mermaid.core/flowDiagram-OUUYVNGO.mjs
✓ Mermaid chunk matched: /Users/pranay/Projects/AIMLGlossary/AIGlossaryPro/node_modules/mermaid/dist/chunks/mermaid.core/flowDiagram-OUUYVNGO.mjs
Module ID: /Users/pranay/Projects/AIMLGlossary/AIGlossaryPro/node_modules/mermaid/dist/chunks/mermaid.core/erDiagram-FWMTN743.mjs
✓ Mermaid chunk matched: /Users/pranay/Projects/AIMLGlossary/AIGlossaryPro/node_modules/mermaid/dist/chunks/mermaid.core/erDiagram-FWMTN743.mjs
Module ID: /Users/pranay/Projects/AIMLGlossary/AIGlossaryPro/node_modules/mermaid/dist/chunks/mermaid.core/gitGraphDiagram-SOPYED2O.mjs
✓ Mermaid chunk matched: /Users/pranay/Projects/AIMLGlossary/AIGlossaryPro/node_modules/mermaid/dist/chunks/mermaid.core/gitGraphDiagram-SOPYED2O.mjs
Module ID: /Users/pranay/Projects/AIMLGlossary/AIGlossaryPro/node_modules/mermaid/dist/chunks/mermaid.core/ganttDiagram-Y4ZJHTSR.mjs
✓ Mermaid chunk matched: /Users/pranay/Projects/AIMLGlossary/AIGlossaryPro/node_modules/mermaid/dist/chunks/mermaid.core/ganttDiagram-Y4ZJHTSR.mjs
Module ID: /Users/pranay/Projects/AIMLGlossary/AIGlossaryPro/node_modules/mermaid/dist/chunks/mermaid.core/infoDiagram-LZPS564M.mjs
✓ Mermaid chunk matched: /Users/pranay/Projects/AIMLGlossary/AIGlossaryPro/node_modules/mermaid/dist/chunks/mermaid.core/infoDiagram-LZPS564M.mjs
Module ID: /Users/pranay/Projects/AIMLGlossary/AIGlossaryPro/node_modules/mermaid/dist/chunks/mermaid.core/pieDiagram-JVH3GP2A.mjs
✓ Mermaid chunk matched: /Users/pranay/Projects/AIMLGlossary/AIGlossaryPro/node_modules/mermaid/dist/chunks/mermaid.core/pieDiagram-JVH3GP2A.mjs
Module ID: /Users/pranay/Projects/AIMLGlossary/AIGlossaryPro/node_modules/mermaid/dist/chunks/mermaid.core/quadrantDiagram-2GFVJBMM.mjs
✓ Mermaid chunk matched: /Users/pranay/Projects/AIMLGlossary/AIGlossaryPro/node_modules/mermaid/dist/chunks/mermaid.core/quadrantDiagram-2GFVJBMM.mjs
Module ID: /Users/pranay/Projects/AIMLGlossary/AIGlossaryPro/node_modules/mermaid/dist/chunks/mermaid.core/xychartDiagram-4SJQ7YKO.mjs
✓ Mermaid chunk matched: /Users/pranay/Projects/AIMLGlossary/AIGlossaryPro/node_modules/mermaid/dist/chunks/mermaid.core/xychartDiagram-4SJQ7YKO.mjs
Module ID: /Users/pranay/Projects/AIMLGlossary/AIGlossaryPro/node_modules/mermaid/dist/chunks/mermaid.core/requirementDiagram-PBTKI7ZP.mjs
✓ Mermaid chunk matched: /Users/pranay/Projects/AIMLGlossary/AIGlossaryPro/node_modules/mermaid/dist/chunks/mermaid.core/requirementDiagram-PBTKI7ZP.mjs
Module ID: /Users/pranay/Projects/AIMLGlossary/AIGlossaryPro/node_modules/mermaid/dist/chunks/mermaid.core/sequenceDiagram-BLN7LXEI.mjs
✓ Mermaid chunk matched: /Users/pranay/Projects/AIMLGlossary/AIGlossaryPro/node_modules/mermaid/dist/chunks/mermaid.core/sequenceDiagram-BLN7LXEI.mjs
Module ID: /Users/pranay/Projects/AIMLGlossary/AIGlossaryPro/node_modules/mermaid/dist/chunks/mermaid.core/classDiagram-EGQPL23Y.mjs
✓ Mermaid chunk matched: /Users/pranay/Projects/AIMLGlossary/AIGlossaryPro/node_modules/mermaid/dist/chunks/mermaid.core/classDiagram-EGQPL23Y.mjs
Module ID: /Users/pranay/Projects/AIMLGlossary/AIGlossaryPro/node_modules/mermaid/dist/chunks/mermaid.core/classDiagram-v2-4EBKGCBT.mjs
✓ Mermaid chunk matched: /Users/pranay/Projects/AIMLGlossary/AIGlossaryPro/node_modules/mermaid/dist/chunks/mermaid.core/classDiagram-v2-4EBKGCBT.mjs
Module ID: /Users/pranay/Projects/AIMLGlossary/AIGlossaryPro/node_modules/mermaid/dist/chunks/mermaid.core/stateDiagram-WEXRT5W7.mjs
✓ Mermaid chunk matched: /Users/pranay/Projects/AIMLGlossary/AIGlossaryPro/node_modules/mermaid/dist/chunks/mermaid.core/stateDiagram-WEXRT5W7.mjs
Module ID: /Users/pranay/Projects/AIMLGlossary/AIGlossaryPro/node_modules/mermaid/dist/chunks/mermaid.core/stateDiagram-v2-SNKRMT2F.mjs
✓ Mermaid chunk matched: /Users/pranay/Projects/AIMLGlossary/AIGlossaryPro/node_modules/mermaid/dist/chunks/mermaid.core/stateDiagram-v2-SNKRMT2F.mjs
Module ID: /Users/pranay/Projects/AIMLGlossary/AIGlossaryPro/node_modules/mermaid/dist/chunks/mermaid.core/journeyDiagram-KRBQ73NG.mjs
✓ Mermaid chunk matched: /Users/pranay/Projects/AIMLGlossary/AIGlossaryPro/node_modules/mermaid/dist/chunks/mermaid.core/journeyDiagram-KRBQ73NG.mjs
Module ID: /Users/pranay/Projects/AIMLGlossary/AIGlossaryPro/node_modules/mermaid/dist/chunks/mermaid.core/timeline-definition-GH3MJCYT.mjs
✓ Mermaid chunk matched: /Users/pranay/Projects/AIMLGlossary/AIGlossaryPro/node_modules/mermaid/dist/chunks/mermaid.core/timeline-definition-GH3MJCYT.mjs
Module ID: /Users/pranay/Projects/AIMLGlossary/AIGlossaryPro/node_modules/mermaid/dist/chunks/mermaid.core/mindmap-definition-RDSO3R44.mjs
✓ Mermaid chunk matched: /Users/pranay/Projects/AIMLGlossary/AIGlossaryPro/node_modules/mermaid/dist/chunks/mermaid.core/mindmap-definition-RDSO3R44.mjs
Module ID: /Users/pranay/Projects/AIMLGlossary/AIGlossaryPro/node_modules/mermaid/dist/chunks/mermaid.core/kanban-definition-TWHLSRP4.mjs
✓ Mermaid chunk matched: /Users/pranay/Projects/AIMLGlossary/AIGlossaryPro/node_modules/mermaid/dist/chunks/mermaid.core/kanban-definition-TWHLSRP4.mjs
Module ID: /Users/pranay/Projects/AIMLGlossary/AIGlossaryPro/node_modules/mermaid/dist/chunks/mermaid.core/sankeyDiagram-XYA53EP7.mjs
✓ Mermaid chunk matched: /Users/pranay/Projects/AIMLGlossary/AIGlossaryPro/node_modules/mermaid/dist/chunks/mermaid.core/sankeyDiagram-XYA53EP7.mjs
Module ID: /Users/pranay/Projects/AIMLGlossary/AIGlossaryPro/node_modules/mermaid/dist/chunks/mermaid.core/diagram-3XXCIKAB.mjs
✓ Mermaid chunk matched: /Users/pranay/Projects/AIMLGlossary/AIGlossaryPro/node_modules/mermaid/dist/chunks/mermaid.core/diagram-3XXCIKAB.mjs
Module ID: /Users/pranay/Projects/AIMLGlossary/AIGlossaryPro/node_modules/mermaid/dist/chunks/mermaid.core/diagram-DTTGSU4T.mjs
✓ Mermaid chunk matched: /Users/pranay/Projects/AIMLGlossary/AIGlossaryPro/node_modules/mermaid/dist/chunks/mermaid.core/diagram-DTTGSU4T.mjs
Module ID: /Users/pranay/Projects/AIMLGlossary/AIGlossaryPro/node_modules/mermaid/dist/chunks/mermaid.core/blockDiagram-ZUX3OVTL.mjs
✓ Mermaid chunk matched: /Users/pranay/Projects/AIMLGlossary/AIGlossaryPro/node_modules/mermaid/dist/chunks/mermaid.core/blockDiagram-ZUX3OVTL.mjs
Module ID: /Users/pranay/Projects/AIMLGlossary/AIGlossaryPro/node_modules/mermaid/dist/chunks/mermaid.core/architectureDiagram-KYWUMXXP.mjs
✓ Mermaid chunk matched: /Users/pranay/Projects/AIMLGlossary/AIGlossaryPro/node_modules/mermaid/dist/chunks/mermaid.core/architectureDiagram-KYWUMXXP.mjs
Module ID: /Users/pranay/Projects/AIMLGlossary/AIGlossaryPro/node_modules/@radix-ui/react-use-previous/dist/index.mjs
✓ Radix UI chunk matched: /Users/pranay/Projects/AIMLGlossary/AIGlossaryPro/node_modules/@radix-ui/react-use-previous/dist/index.mjs
Module ID: /Users/pranay/Projects/AIMLGlossary/AIGlossaryPro/node_modules/lodash/uniqBy.js
✓ Vendor chunk matched: /Users/pranay/Projects/AIMLGlossary/AIGlossaryPro/node_modules/lodash/uniqBy.js
Module ID: /Users/pranay/Projects/AIMLGlossary/AIGlossaryPro/node_modules/recharts/node_modules/react-is/index.js
✓ Charts chunk matched: /Users/pranay/Projects/AIMLGlossary/AIGlossaryPro/node_modules/recharts/node_modules/react-is/index.js
Module ID: /Users/pranay/Projects/AIMLGlossary/AIGlossaryPro/node_modules/lodash/flatMap.js
✓ Vendor chunk matched: /Users/pranay/Projects/AIMLGlossary/AIGlossaryPro/node_modules/lodash/flatMap.js
Module ID: /Users/pranay/Projects/AIMLGlossary/AIGlossaryPro/node_modules/recharts-scale/es6/index.js
✓ Vendor chunk matched: /Users/pranay/Projects/AIMLGlossary/AIGlossaryPro/node_modules/recharts-scale/es6/index.js
Module ID: /Users/pranay/Projects/AIMLGlossary/AIGlossaryPro/node_modules/recharts/es6/util/getLegendProps.js
✓ Charts chunk matched: /Users/pranay/Projects/AIMLGlossary/AIGlossaryPro/node_modules/recharts/es6/util/getLegendProps.js
Module ID: /Users/pranay/Projects/AIMLGlossary/AIGlossaryPro/node_modules/d3-shape/src/index.js
✓ Vendor chunk matched: /Users/pranay/Projects/AIMLGlossary/AIGlossaryPro/node_modules/d3-shape/src/index.js
Module ID: /Users/pranay/Projects/AIMLGlossary/AIGlossaryPro/node_modules/recharts/es6/util/tooltip/translate.js
✓ Charts chunk matched: /Users/pranay/Projects/AIMLGlossary/AIGlossaryPro/node_modules/recharts/es6/util/tooltip/translate.js
Module ID: /Users/pranay/Projects/AIMLGlossary/AIGlossaryPro/node_modules/react-smooth/es6/Animate.js
✓ Vendor chunk matched: /Users/pranay/Projects/AIMLGlossary/AIGlossaryPro/node_modules/react-smooth/es6/Animate.js
Module ID: /Users/pranay/Projects/AIMLGlossary/AIGlossaryPro/node_modules/react-smooth/es6/easing.js
✓ Vendor chunk matched: /Users/pranay/Projects/AIMLGlossary/AIGlossaryPro/node_modules/react-smooth/es6/easing.js
Module ID: /Users/pranay/Projects/AIMLGlossary/AIGlossaryPro/node_modules/react-smooth/es6/AnimateGroup.js
✓ Vendor chunk matched: /Users/pranay/Projects/AIMLGlossary/AIGlossaryPro/node_modules/react-smooth/es6/AnimateGroup.js
Module ID: /Users/pranay/Projects/AIMLGlossary/AIGlossaryPro/node_modules/d3-scale/src/index.js
✓ Vendor chunk matched: /Users/pranay/Projects/AIMLGlossary/AIGlossaryPro/node_modules/d3-scale/src/index.js
Module ID: /Users/pranay/Projects/AIMLGlossary/AIGlossaryPro/node_modules/lodash/isPlainObject.js
✓ Vendor chunk matched: /Users/pranay/Projects/AIMLGlossary/AIGlossaryPro/node_modules/lodash/isPlainObject.js
Module ID: /Users/pranay/Projects/AIMLGlossary/AIGlossaryPro/node_modules/lodash/isBoolean.js
✓ Vendor chunk matched: /Users/pranay/Projects/AIMLGlossary/AIGlossaryPro/node_modules/lodash/isBoolean.js
Module ID: /Users/pranay/Projects/AIMLGlossary/AIGlossaryPro/node_modules/lodash/mapValues.js
✓ Vendor chunk matched: /Users/pranay/Projects/AIMLGlossary/AIGlossaryPro/node_modules/lodash/mapValues.js
Module ID: /Users/pranay/Projects/AIMLGlossary/AIGlossaryPro/node_modules/lodash/every.js
✓ Vendor chunk matched: /Users/pranay/Projects/AIMLGlossary/AIGlossaryPro/node_modules/lodash/every.js
Module ID: /Users/pranay/Projects/AIMLGlossary/AIGlossaryPro/node_modules/recharts/es6/util/TickUtils.js
✓ Charts chunk matched: /Users/pranay/Projects/AIMLGlossary/AIGlossaryPro/node_modules/recharts/es6/util/TickUtils.js
Module ID: /Users/pranay/Projects/AIMLGlossary/AIGlossaryPro/node_modules/recharts/es6/cartesian/getEquidistantTicks.js
✓ Charts chunk matched: /Users/pranay/Projects/AIMLGlossary/AIGlossaryPro/node_modules/recharts/es6/cartesian/getEquidistantTicks.js
Module ID: /Users/pranay/Projects/AIMLGlossary/AIGlossaryPro/node_modules/@floating-ui/dom/dist/floating-ui.dom.mjs
✓ Vendor chunk matched: /Users/pranay/Projects/AIMLGlossary/AIGlossaryPro/node_modules/@floating-ui/dom/dist/floating-ui.dom.mjs
Module ID: /Users/pranay/Projects/AIMLGlossary/AIGlossaryPro/node_modules/scheduler/index.js
✓ Vendor chunk matched: /Users/pranay/Projects/AIMLGlossary/AIGlossaryPro/node_modules/scheduler/index.js
Module ID: /Users/pranay/Projects/AIMLGlossary/AIGlossaryPro/node_modules/tiny-invariant/dist/esm/tiny-invariant.js
✓ Vendor chunk matched: /Users/pranay/Projects/AIMLGlossary/AIGlossaryPro/node_modules/tiny-invariant/dist/esm/tiny-invariant.js
Module ID: /Users/pranay/Projects/AIMLGlossary/AIGlossaryPro/node_modules/@radix-ui/react-select/dist/index.mjs
✓ Radix UI chunk matched: /Users/pranay/Projects/AIMLGlossary/AIGlossaryPro/node_modules/@radix-ui/react-select/dist/index.mjs
Module ID: /Users/pranay/Projects/AIMLGlossary/AIGlossaryPro/node_modules/firebase/node_modules/@firebase/auth/dist/esm2017/index.js
✓ Firebase chunk matched: /Users/pranay/Projects/AIMLGlossary/AIGlossaryPro/node_modules/firebase/node_modules/@firebase/auth/dist/esm2017/index.js
Module ID: /Users/pranay/Projects/AIMLGlossary/AIGlossaryPro/client/src/components/interactive/CodeBlock.tsx
Module ID: /Users/pranay/Projects/AIMLGlossary/AIGlossaryPro/client/src/components/interactive/InteractiveQuiz.tsx
Module ID: /Users/pranay/Projects/AIMLGlossary/AIGlossaryPro/node_modules/@firebase/app/dist/esm/index.esm2017.js
✓ Vendor chunk matched: /Users/pranay/Projects/AIMLGlossary/AIGlossaryPro/node_modules/@firebase/app/dist/esm/index.esm2017.js
Module ID: /Users/pranay/Projects/AIMLGlossary/AIGlossaryPro/node_modules/@radix-ui/react-checkbox/dist/index.mjs
✓ Radix UI chunk matched: /Users/pranay/Projects/AIMLGlossary/AIGlossaryPro/node_modules/@radix-ui/react-checkbox/dist/index.mjs
Module ID: /Users/pranay/Projects/AIMLGlossary/AIGlossaryPro/client/src/components/ui/breadcrumb.tsx
Module ID: /Users/pranay/Projects/AIMLGlossary/AIGlossaryPro/node_modules/@radix-ui/react-collapsible/dist/index.mjs
✓ Radix UI chunk matched: /Users/pranay/Projects/AIMLGlossary/AIGlossaryPro/node_modules/@radix-ui/react-collapsible/dist/index.mjs
Module ID: /Users/pranay/Projects/AIMLGlossary/AIGlossaryPro/node_modules/@radix-ui/react-progress/dist/index.mjs
✓ Radix UI chunk matched: /Users/pranay/Projects/AIMLGlossary/AIGlossaryPro/node_modules/@radix-ui/react-progress/dist/index.mjs
Module ID:  /Users/pranay/Projects/AIMLGlossary/AIGlossaryPro/node_modules/use-sync-external-store/shim/index.js?commonjs-module
✓ Vendor chunk matched:  /Users/pranay/Projects/AIMLGlossary/AIGlossaryPro/node_modules/use-sync-external-store/shim/index.js?commonjs-module
Module ID:  /Users/pranay/Projects/AIMLGlossary/AIGlossaryPro/node_modules/use-sync-external-store/cjs/use-sync-external-store-shim.development.js?commonjs-proxy
✓ Vendor chunk matched:  /Users/pranay/Projects/AIMLGlossary/AIGlossaryPro/node_modules/use-sync-external-store/cjs/use-sync-external-store-shim.development.js?commonjs-proxy
Module ID: /Users/pranay/Projects/AIMLGlossary/AIGlossaryPro/node_modules/lodash/_arrayPush.js
✓ Vendor chunk matched: /Users/pranay/Projects/AIMLGlossary/AIGlossaryPro/node_modules/lodash/_arrayPush.js
Module ID: /Users/pranay/Projects/AIMLGlossary/AIGlossaryPro/node_modules/lodash/_isFlattenable.js
✓ Vendor chunk matched: /Users/pranay/Projects/AIMLGlossary/AIGlossaryPro/node_modules/lodash/_isFlattenable.js
Module ID: /Users/pranay/Projects/AIMLGlossary/AIGlossaryPro/node_modules/lodash/_Symbol.js
✓ Vendor chunk matched: /Users/pranay/Projects/AIMLGlossary/AIGlossaryPro/node_modules/lodash/_Symbol.js
Module ID: /Users/pranay/Projects/AIMLGlossary/AIGlossaryPro/node_modules/lodash/_getRawTag.js
✓ Vendor chunk matched: /Users/pranay/Projects/AIMLGlossary/AIGlossaryPro/node_modules/lodash/_getRawTag.js
Module ID: /Users/pranay/Projects/AIMLGlossary/AIGlossaryPro/node_modules/lodash/_objectToString.js
✓ Vendor chunk matched: /Users/pranay/Projects/AIMLGlossary/AIGlossaryPro/node_modules/lodash/_objectToString.js
Module ID: /Users/pranay/Projects/AIMLGlossary/AIGlossaryPro/node_modules/lodash/_overRest.js
✓ Vendor chunk matched: /Users/pranay/Projects/AIMLGlossary/AIGlossaryPro/node_modules/lodash/_overRest.js
Module ID: /Users/pranay/Projects/AIMLGlossary/AIGlossaryPro/node_modules/lodash/_setToString.js
✓ Vendor chunk matched: /Users/pranay/Projects/AIMLGlossary/AIGlossaryPro/node_modules/lodash/_setToString.js
Module ID: /Users/pranay/Projects/AIMLGlossary/AIGlossaryPro/node_modules/lodash/eq.js
✓ Vendor chunk matched: /Users/pranay/Projects/AIMLGlossary/AIGlossaryPro/node_modules/lodash/eq.js
Module ID: /Users/pranay/Projects/AIMLGlossary/AIGlossaryPro/node_modules/lodash/isArrayLike.js
✓ Vendor chunk matched: /Users/pranay/Projects/AIMLGlossary/AIGlossaryPro/node_modules/lodash/isArrayLike.js
Module ID: /Users/pranay/Projects/AIMLGlossary/AIGlossaryPro/node_modules/lodash/_isIndex.js
✓ Vendor chunk matched: /Users/pranay/Projects/AIMLGlossary/AIGlossaryPro/node_modules/lodash/_isIndex.js
Module ID: /Users/pranay/Projects/AIMLGlossary/AIGlossaryPro/node_modules/lodash/_baseMap.js
✓ Vendor chunk matched: /Users/pranay/Projects/AIMLGlossary/AIGlossaryPro/node_modules/lodash/_baseMap.js
Module ID: /Users/pranay/Projects/AIMLGlossary/AIGlossaryPro/node_modules/lodash/_baseSortBy.js
✓ Vendor chunk matched: /Users/pranay/Projects/AIMLGlossary/AIGlossaryPro/node_modules/lodash/_baseSortBy.js
Module ID: /Users/pranay/Projects/AIMLGlossary/AIGlossaryPro/node_modules/lodash/_baseUnary.js
✓ Vendor chunk matched: /Users/pranay/Projects/AIMLGlossary/AIGlossaryPro/node_modules/lodash/_baseUnary.js
Module ID: /Users/pranay/Projects/AIMLGlossary/AIGlossaryPro/node_modules/lodash/_compareMultiple.js
✓ Vendor chunk matched: /Users/pranay/Projects/AIMLGlossary/AIGlossaryPro/node_modules/lodash/_compareMultiple.js
Module ID: /Users/pranay/Projects/AIMLGlossary/AIGlossaryPro/node_modules/lodash/now.js
✓ Vendor chunk matched: /Users/pranay/Projects/AIMLGlossary/AIGlossaryPro/node_modules/lodash/now.js
Module ID: /Users/pranay/Projects/AIMLGlossary/AIGlossaryPro/node_modules/lodash/toNumber.js
✓ Vendor chunk matched: /Users/pranay/Projects/AIMLGlossary/AIGlossaryPro/node_modules/lodash/toNumber.js
Module ID: /Users/pranay/Projects/AIMLGlossary/AIGlossaryPro/node_modules/lodash/_castSlice.js
✓ Vendor chunk matched: /Users/pranay/Projects/AIMLGlossary/AIGlossaryPro/node_modules/lodash/_castSlice.js
Module ID: /Users/pranay/Projects/AIMLGlossary/AIGlossaryPro/node_modules/lodash/_hasUnicode.js
✓ Vendor chunk matched: /Users/pranay/Projects/AIMLGlossary/AIGlossaryPro/node_modules/lodash/_hasUnicode.js
Module ID: /Users/pranay/Projects/AIMLGlossary/AIGlossaryPro/node_modules/lodash/_stringToArray.js
✓ Vendor chunk matched: /Users/pranay/Projects/AIMLGlossary/AIGlossaryPro/node_modules/lodash/_stringToArray.js
Module ID: /Users/pranay/Projects/AIMLGlossary/AIGlossaryPro/node_modules/lodash/toString.js
✓ Vendor chunk matched: /Users/pranay/Projects/AIMLGlossary/AIGlossaryPro/node_modules/lodash/toString.js
Module ID: /Users/pranay/Projects/AIMLGlossary/AIGlossaryPro/node_modules/lodash/isSymbol.js
✓ Vendor chunk matched: /Users/pranay/Projects/AIMLGlossary/AIGlossaryPro/node_modules/lodash/isSymbol.js
Module ID: /Users/pranay/Projects/AIMLGlossary/AIGlossaryPro/node_modules/lodash/_baseMatches.js
✓ Vendor chunk matched: /Users/pranay/Projects/AIMLGlossary/AIGlossaryPro/node_modules/lodash/_baseMatches.js
Module ID: /Users/pranay/Projects/AIMLGlossary/AIGlossaryPro/node_modules/lodash/_baseMatchesProperty.js
✓ Vendor chunk matched: /Users/pranay/Projects/AIMLGlossary/AIGlossaryPro/node_modules/lodash/_baseMatchesProperty.js
Module ID: /Users/pranay/Projects/AIMLGlossary/AIGlossaryPro/node_modules/lodash/property.js
✓ Vendor chunk matched: /Users/pranay/Projects/AIMLGlossary/AIGlossaryPro/node_modules/lodash/property.js
Module ID: /Users/pranay/Projects/AIMLGlossary/AIGlossaryPro/node_modules/lodash/_baseIsEqualDeep.js
✓ Vendor chunk matched: /Users/pranay/Projects/AIMLGlossary/AIGlossaryPro/node_modules/lodash/_baseIsEqualDeep.js
Module ID: /Users/pranay/Projects/AIMLGlossary/AIGlossaryPro/node_modules/lodash/_toKey.js
✓ Vendor chunk matched: /Users/pranay/Projects/AIMLGlossary/AIGlossaryPro/node_modules/lodash/_toKey.js
Module ID: /Users/pranay/Projects/AIMLGlossary/AIGlossaryPro/node_modules/lodash/_baseRange.js
✓ Vendor chunk matched: /Users/pranay/Projects/AIMLGlossary/AIGlossaryPro/node_modules/lodash/_baseRange.js
Module ID: /Users/pranay/Projects/AIMLGlossary/AIGlossaryPro/node_modules/lodash/toFinite.js
✓ Vendor chunk matched: /Users/pranay/Projects/AIMLGlossary/AIGlossaryPro/node_modules/lodash/toFinite.js
Module ID: /Users/pranay/Projects/AIMLGlossary/AIGlossaryPro/node_modules/lodash/_baseEach.js
✓ Vendor chunk matched: /Users/pranay/Projects/AIMLGlossary/AIGlossaryPro/node_modules/lodash/_baseEach.js
Module ID: /Users/pranay/Projects/AIMLGlossary/AIGlossaryPro/node_modules/lodash/_parent.js
✓ Vendor chunk matched: /Users/pranay/Projects/AIMLGlossary/AIGlossaryPro/node_modules/lodash/_parent.js
Module ID: /Users/pranay/Projects/AIMLGlossary/AIGlossaryPro/node_modules/lodash/_assignValue.js
✓ Vendor chunk matched: /Users/pranay/Projects/AIMLGlossary/AIGlossaryPro/node_modules/lodash/_assignValue.js
Module ID: /Users/pranay/Projects/AIMLGlossary/AIGlossaryPro/node_modules/lodash/_baseAssignValue.js
✓ Vendor chunk matched: /Users/pranay/Projects/AIMLGlossary/AIGlossaryPro/node_modules/lodash/_baseAssignValue.js
Module ID: /Users/pranay/Projects/AIMLGlossary/AIGlossaryPro/node_modules/lodash/flatten.js
✓ Vendor chunk matched: /Users/pranay/Projects/AIMLGlossary/AIGlossaryPro/node_modules/lodash/flatten.js
Module ID: /Users/pranay/Projects/AIMLGlossary/AIGlossaryPro/node_modules/lodash/_isKey.js
✓ Vendor chunk matched: /Users/pranay/Projects/AIMLGlossary/AIGlossaryPro/node_modules/lodash/_isKey.js
Module ID: /Users/pranay/Projects/AIMLGlossary/AIGlossaryPro/node_modules/lodash/_stringToPath.js
✓ Vendor chunk matched: /Users/pranay/Projects/AIMLGlossary/AIGlossaryPro/node_modules/lodash/_stringToPath.js
Module ID: /Users/pranay/Projects/AIMLGlossary/AIGlossaryPro/node_modules/lodash/_baseGetAllKeys.js
✓ Vendor chunk matched: /Users/pranay/Projects/AIMLGlossary/AIGlossaryPro/node_modules/lodash/_baseGetAllKeys.js
Module ID: /Users/pranay/Projects/AIMLGlossary/AIGlossaryPro/node_modules/lodash/_getSymbolsIn.js
✓ Vendor chunk matched: /Users/pranay/Projects/AIMLGlossary/AIGlossaryPro/node_modules/lodash/_getSymbolsIn.js
Module ID: /Users/pranay/Projects/AIMLGlossary/AIGlossaryPro/node_modules/lodash/keysIn.js
✓ Vendor chunk matched: /Users/pranay/Projects/AIMLGlossary/AIGlossaryPro/node_modules/lodash/keysIn.js
Module ID: /Users/pranay/Projects/AIMLGlossary/AIGlossaryPro/node_modules/lodash/_Stack.js
✓ Vendor chunk matched: /Users/pranay/Projects/AIMLGlossary/AIGlossaryPro/node_modules/lodash/_Stack.js
Module ID: /Users/pranay/Projects/AIMLGlossary/AIGlossaryPro/node_modules/lodash/_arrayEach.js
✓ Vendor chunk matched: /Users/pranay/Projects/AIMLGlossary/AIGlossaryPro/node_modules/lodash/_arrayEach.js
Module ID: /Users/pranay/Projects/AIMLGlossary/AIGlossaryPro/node_modules/lodash/_baseAssign.js
✓ Vendor chunk matched: /Users/pranay/Projects/AIMLGlossary/AIGlossaryPro/node_modules/lodash/_baseAssign.js
Module ID: /Users/pranay/Projects/AIMLGlossary/AIGlossaryPro/node_modules/lodash/_baseAssignIn.js
✓ Vendor chunk matched: /Users/pranay/Projects/AIMLGlossary/AIGlossaryPro/node_modules/lodash/_baseAssignIn.js
Module ID: /Users/pranay/Projects/AIMLGlossary/AIGlossaryPro/node_modules/lodash/_cloneBuffer.js
✓ Vendor chunk matched: /Users/pranay/Projects/AIMLGlossary/AIGlossaryPro/node_modules/lodash/_cloneBuffer.js
Module ID: /Users/pranay/Projects/AIMLGlossary/AIGlossaryPro/node_modules/lodash/_copyArray.js
✓ Vendor chunk matched: /Users/pranay/Projects/AIMLGlossary/AIGlossaryPro/node_modules/lodash/_copyArray.js
Module ID: /Users/pranay/Projects/AIMLGlossary/AIGlossaryPro/node_modules/lodash/_copySymbols.js
✓ Vendor chunk matched: /Users/pranay/Projects/AIMLGlossary/AIGlossaryPro/node_modules/lodash/_copySymbols.js
Module ID: /Users/pranay/Projects/AIMLGlossary/AIGlossaryPro/node_modules/lodash/_copySymbolsIn.js
✓ Vendor chunk matched: /Users/pranay/Projects/AIMLGlossary/AIGlossaryPro/node_modules/lodash/_copySymbolsIn.js
Module ID: /Users/pranay/Projects/AIMLGlossary/AIGlossaryPro/node_modules/lodash/_getAllKeys.js
✓ Vendor chunk matched: /Users/pranay/Projects/AIMLGlossary/AIGlossaryPro/node_modules/lodash/_getAllKeys.js
Module ID: /Users/pranay/Projects/AIMLGlossary/AIGlossaryPro/node_modules/lodash/_getTag.js
✓ Vendor chunk matched: /Users/pranay/Projects/AIMLGlossary/AIGlossaryPro/node_modules/lodash/_getTag.js
Module ID: /Users/pranay/Projects/AIMLGlossary/AIGlossaryPro/node_modules/lodash/_initCloneArray.js
✓ Vendor chunk matched: /Users/pranay/Projects/AIMLGlossary/AIGlossaryPro/node_modules/lodash/_initCloneArray.js
Module ID: /Users/pranay/Projects/AIMLGlossary/AIGlossaryPro/node_modules/lodash/_initCloneByTag.js
✓ Vendor chunk matched: /Users/pranay/Projects/AIMLGlossary/AIGlossaryPro/node_modules/lodash/_initCloneByTag.js
Module ID: /Users/pranay/Projects/AIMLGlossary/AIGlossaryPro/node_modules/lodash/_initCloneObject.js
✓ Vendor chunk matched: /Users/pranay/Projects/AIMLGlossary/AIGlossaryPro/node_modules/lodash/_initCloneObject.js
Module ID: /Users/pranay/Projects/AIMLGlossary/AIGlossaryPro/node_modules/lodash/isBuffer.js
✓ Vendor chunk matched: /Users/pranay/Projects/AIMLGlossary/AIGlossaryPro/node_modules/lodash/isBuffer.js
Module ID: /Users/pranay/Projects/AIMLGlossary/AIGlossaryPro/node_modules/lodash/isMap.js
✓ Vendor chunk matched: /Users/pranay/Projects/AIMLGlossary/AIGlossaryPro/node_modules/lodash/isMap.js
Module ID: /Users/pranay/Projects/AIMLGlossary/AIGlossaryPro/node_modules/lodash/isSet.js
✓ Vendor chunk matched: /Users/pranay/Projects/AIMLGlossary/AIGlossaryPro/node_modules/lodash/isSet.js
Module ID: /Users/pranay/Projects/AIMLGlossary/AIGlossaryPro/node_modules/lodash/keys.js
✓ Vendor chunk matched: /Users/pranay/Projects/AIMLGlossary/AIGlossaryPro/node_modules/lodash/keys.js
Module ID: /Users/pranay/Projects/AIMLGlossary/AIGlossaryPro/node_modules/lodash/find.js
✓ Vendor chunk matched: /Users/pranay/Projects/AIMLGlossary/AIGlossaryPro/node_modules/lodash/find.js
Module ID: /Users/pranay/Projects/AIMLGlossary/AIGlossaryPro/node_modules/recharts/es6/util/calculateViewBox.js
✓ Charts chunk matched: /Users/pranay/Projects/AIMLGlossary/AIGlossaryPro/node_modules/recharts/es6/util/calculateViewBox.js
Module ID: /Users/pranay/Projects/AIMLGlossary/AIGlossaryPro/client/src/components/ui/dialog.tsx
Module ID: /Users/pranay/Projects/AIMLGlossary/AIGlossaryPro/node_modules/@babel/runtime/helpers/esm/extends.js
✓ Vendor chunk matched: /Users/pranay/Projects/AIMLGlossary/AIGlossaryPro/node_modules/@babel/runtime/helpers/esm/extends.js
Module ID: /Users/pranay/Projects/AIMLGlossary/AIGlossaryPro/node_modules/@babel/runtime/helpers/esm/assertThisInitialized.js
✓ Vendor chunk matched: /Users/pranay/Projects/AIMLGlossary/AIGlossaryPro/node_modules/@babel/runtime/helpers/esm/assertThisInitialized.js
Module ID: /Users/pranay/Projects/AIMLGlossary/AIGlossaryPro/node_modules/@babel/runtime/helpers/esm/inheritsLoose.js
✓ Vendor chunk matched: /Users/pranay/Projects/AIMLGlossary/AIGlossaryPro/node_modules/@babel/runtime/helpers/esm/inheritsLoose.js
Module ID: /Users/pranay/Projects/AIMLGlossary/AIGlossaryPro/node_modules/memoize-one/dist/memoize-one.esm.js
✓ Vendor chunk matched: /Users/pranay/Projects/AIMLGlossary/AIGlossaryPro/node_modules/memoize-one/dist/memoize-one.esm.js
Module ID: /Users/pranay/Projects/AIMLGlossary/AIGlossaryPro/node_modules/@babel/runtime/helpers/esm/objectWithoutPropertiesLoose.js
✓ Vendor chunk matched: /Users/pranay/Projects/AIMLGlossary/AIGlossaryPro/node_modules/@babel/runtime/helpers/esm/objectWithoutPropertiesLoose.js
Module ID:  /Users/pranay/Projects/AIMLGlossary/AIGlossaryPro/node_modules/use-sync-external-store/cjs/use-sync-external-store-shim.development.js?commonjs-exports
✓ Vendor chunk matched:  /Users/pranay/Projects/AIMLGlossary/AIGlossaryPro/node_modules/use-sync-external-store/cjs/use-sync-external-store-shim.development.js?commonjs-exports
Module ID: /Users/pranay/Projects/AIMLGlossary/AIGlossaryPro/node_modules/lodash/_baseUniq.js
✓ Vendor chunk matched: /Users/pranay/Projects/AIMLGlossary/AIGlossaryPro/node_modules/lodash/_baseUniq.js
Module ID: /Users/pranay/Projects/AIMLGlossary/AIGlossaryPro/node_modules/lodash/map.js
✓ Vendor chunk matched: /Users/pranay/Projects/AIMLGlossary/AIGlossaryPro/node_modules/lodash/map.js
Module ID: /Users/pranay/Projects/AIMLGlossary/AIGlossaryPro/node_modules/lodash/_getPrototype.js
✓ Vendor chunk matched: /Users/pranay/Projects/AIMLGlossary/AIGlossaryPro/node_modules/lodash/_getPrototype.js
Module ID: /Users/pranay/Projects/AIMLGlossary/AIGlossaryPro/node_modules/lodash/_baseForOwn.js
✓ Vendor chunk matched: /Users/pranay/Projects/AIMLGlossary/AIGlossaryPro/node_modules/lodash/_baseForOwn.js
Module ID: /Users/pranay/Projects/AIMLGlossary/AIGlossaryPro/node_modules/lodash/_arrayEvery.js
✓ Vendor chunk matched: /Users/pranay/Projects/AIMLGlossary/AIGlossaryPro/node_modules/lodash/_arrayEvery.js
Module ID: /Users/pranay/Projects/AIMLGlossary/AIGlossaryPro/node_modules/lodash/_baseEvery.js
✓ Vendor chunk matched: /Users/pranay/Projects/AIMLGlossary/AIGlossaryPro/node_modules/lodash/_baseEvery.js
Module ID: /Users/pranay/Projects/AIMLGlossary/AIGlossaryPro/node_modules/stylis/src/Enum.js
✓ Vendor chunk matched: /Users/pranay/Projects/AIMLGlossary/AIGlossaryPro/node_modules/stylis/src/Enum.js
Module ID: /Users/pranay/Projects/AIMLGlossary/AIGlossaryPro/node_modules/stylis/src/Utility.js
✓ Vendor chunk matched: /Users/pranay/Projects/AIMLGlossary/AIGlossaryPro/node_modules/stylis/src/Utility.js
Module ID: /Users/pranay/Projects/AIMLGlossary/AIGlossaryPro/node_modules/stylis/src/Parser.js
✓ Vendor chunk matched: /Users/pranay/Projects/AIMLGlossary/AIGlossaryPro/node_modules/stylis/src/Parser.js
Module ID: /Users/pranay/Projects/AIMLGlossary/AIGlossaryPro/node_modules/stylis/src/Prefixer.js
✓ Vendor chunk matched: /Users/pranay/Projects/AIMLGlossary/AIGlossaryPro/node_modules/stylis/src/Prefixer.js
Module ID: /Users/pranay/Projects/AIMLGlossary/AIGlossaryPro/node_modules/stylis/src/Tokenizer.js
✓ Vendor chunk matched: /Users/pranay/Projects/AIMLGlossary/AIGlossaryPro/node_modules/stylis/src/Tokenizer.js
Module ID: /Users/pranay/Projects/AIMLGlossary/AIGlossaryPro/node_modules/stylis/src/Serializer.js
✓ Vendor chunk matched: /Users/pranay/Projects/AIMLGlossary/AIGlossaryPro/node_modules/stylis/src/Serializer.js
Module ID: /Users/pranay/Projects/AIMLGlossary/AIGlossaryPro/node_modules/stylis/src/Middleware.js
✓ Vendor chunk matched: /Users/pranay/Projects/AIMLGlossary/AIGlossaryPro/node_modules/stylis/src/Middleware.js
Module ID: /Users/pranay/Projects/AIMLGlossary/AIGlossaryPro/node_modules/lodash-es/_baseKeys.js
✓ Vendor chunk matched: /Users/pranay/Projects/AIMLGlossary/AIGlossaryPro/node_modules/lodash-es/_baseKeys.js
Module ID: /Users/pranay/Projects/AIMLGlossary/AIGlossaryPro/node_modules/lodash-es/_getTag.js
✓ Vendor chunk matched: /Users/pranay/Projects/AIMLGlossary/AIGlossaryPro/node_modules/lodash-es/_getTag.js
Module ID: /Users/pranay/Projects/AIMLGlossary/AIGlossaryPro/node_modules/lodash-es/isArguments.js
✓ Vendor chunk matched: /Users/pranay/Projects/AIMLGlossary/AIGlossaryPro/node_modules/lodash-es/isArguments.js
Module ID: /Users/pranay/Projects/AIMLGlossary/AIGlossaryPro/node_modules/lodash-es/isArray.js
✓ Vendor chunk matched: /Users/pranay/Projects/AIMLGlossary/AIGlossaryPro/node_modules/lodash-es/isArray.js
Module ID: /Users/pranay/Projects/AIMLGlossary/AIGlossaryPro/node_modules/lodash-es/isArrayLike.js
✓ Vendor chunk matched: /Users/pranay/Projects/AIMLGlossary/AIGlossaryPro/node_modules/lodash-es/isArrayLike.js
Module ID: /Users/pranay/Projects/AIMLGlossary/AIGlossaryPro/node_modules/lodash-es/isBuffer.js
✓ Vendor chunk matched: /Users/pranay/Projects/AIMLGlossary/AIGlossaryPro/node_modules/lodash-es/isBuffer.js
Module ID: /Users/pranay/Projects/AIMLGlossary/AIGlossaryPro/node_modules/lodash-es/_isPrototype.js
✓ Vendor chunk matched: /Users/pranay/Projects/AIMLGlossary/AIGlossaryPro/node_modules/lodash-es/_isPrototype.js
Module ID: /Users/pranay/Projects/AIMLGlossary/AIGlossaryPro/node_modules/lodash-es/isTypedArray.js
✓ Vendor chunk matched: /Users/pranay/Projects/AIMLGlossary/AIGlossaryPro/node_modules/lodash-es/isTypedArray.js
Module ID: /Users/pranay/Projects/AIMLGlossary/AIGlossaryPro/node_modules/aria-hidden/dist/es2015/index.js
✓ Vendor chunk matched: /Users/pranay/Projects/AIMLGlossary/AIGlossaryPro/node_modules/aria-hidden/dist/es2015/index.js
Module ID: /Users/pranay/Projects/AIMLGlossary/AIGlossaryPro/node_modules/react-remove-scroll/dist/es2015/index.js
✓ Vendor chunk matched: /Users/pranay/Projects/AIMLGlossary/AIGlossaryPro/node_modules/react-remove-scroll/dist/es2015/index.js
Module ID: /Users/pranay/Projects/AIMLGlossary/AIGlossaryPro/node_modules/@radix-ui/react-focus-guards/dist/index.mjs
✓ Radix UI chunk matched: /Users/pranay/Projects/AIMLGlossary/AIGlossaryPro/node_modules/@radix-ui/react-focus-guards/dist/index.mjs
Module ID: /Users/pranay/Projects/AIMLGlossary/AIGlossaryPro/node_modules/@radix-ui/react-focus-scope/dist/index.mjs
✓ Radix UI chunk matched: /Users/pranay/Projects/AIMLGlossary/AIGlossaryPro/node_modules/@radix-ui/react-focus-scope/dist/index.mjs
Module ID: /Users/pranay/Projects/AIMLGlossary/AIGlossaryPro/node_modules/mermaid/dist/chunks/mermaid.core/dagre-IE2X5DAH.mjs
✓ Mermaid chunk matched: /Users/pranay/Projects/AIMLGlossary/AIGlossaryPro/node_modules/mermaid/dist/chunks/mermaid.core/dagre-IE2X5DAH.mjs
Module ID: /Users/pranay/Projects/AIMLGlossary/AIGlossaryPro/node_modules/marked/lib/marked.esm.js
✓ Vendor chunk matched: /Users/pranay/Projects/AIMLGlossary/AIGlossaryPro/node_modules/marked/lib/marked.esm.js
Module ID: /Users/pranay/Projects/AIMLGlossary/AIGlossaryPro/node_modules/@iconify/utils/lib/index.mjs
✓ Vendor chunk matched: /Users/pranay/Projects/AIMLGlossary/AIGlossaryPro/node_modules/@iconify/utils/lib/index.mjs
Module ID: /Users/pranay/Projects/AIMLGlossary/AIGlossaryPro/node_modules/roughjs/bundled/rough.esm.js
✓ Vendor chunk matched: /Users/pranay/Projects/AIMLGlossary/AIGlossaryPro/node_modules/roughjs/bundled/rough.esm.js
Module ID: /Users/pranay/Projects/AIMLGlossary/AIGlossaryPro/node_modules/@braintree/sanitize-url/dist/index.js
✓ Vendor chunk matched: /Users/pranay/Projects/AIMLGlossary/AIGlossaryPro/node_modules/@braintree/sanitize-url/dist/index.js
Module ID: /Users/pranay/Projects/AIMLGlossary/AIGlossaryPro/node_modules/lodash-es/memoize.js
✓ Vendor chunk matched: /Users/pranay/Projects/AIMLGlossary/AIGlossaryPro/node_modules/lodash-es/memoize.js
Module ID: /Users/pranay/Projects/AIMLGlossary/AIGlossaryPro/node_modules/lodash-es/merge.js
✓ Vendor chunk matched: /Users/pranay/Projects/AIMLGlossary/AIGlossaryPro/node_modules/lodash-es/merge.js
Module ID: /Users/pranay/Projects/AIMLGlossary/AIGlossaryPro/node_modules/khroma/dist/index.js
✓ Vendor chunk matched: /Users/pranay/Projects/AIMLGlossary/AIGlossaryPro/node_modules/khroma/dist/index.js
Module ID: /Users/pranay/Projects/AIMLGlossary/AIGlossaryPro/node_modules/mermaid/dist/chunks/mermaid.core/chunk-UIWBPB2F.mjs
✓ Mermaid chunk matched: /Users/pranay/Projects/AIMLGlossary/AIGlossaryPro/node_modules/mermaid/dist/chunks/mermaid.core/chunk-UIWBPB2F.mjs
Module ID: /Users/pranay/Projects/AIMLGlossary/AIGlossaryPro/node_modules/mermaid/dist/chunks/mermaid.core/chunk-HPOVUXKZ.mjs
✓ Mermaid chunk matched: /Users/pranay/Projects/AIMLGlossary/AIGlossaryPro/node_modules/mermaid/dist/chunks/mermaid.core/chunk-HPOVUXKZ.mjs
Module ID: /Users/pranay/Projects/AIMLGlossary/AIGlossaryPro/node_modules/mermaid/dist/chunks/mermaid.core/chunk-WZLT4MVT.mjs
✓ Mermaid chunk matched: /Users/pranay/Projects/AIMLGlossary/AIGlossaryPro/node_modules/mermaid/dist/chunks/mermaid.core/chunk-WZLT4MVT.mjs
Module ID: /Users/pranay/Projects/AIMLGlossary/AIGlossaryPro/node_modules/mermaid/dist/chunks/mermaid.core/chunk-44GW5IO5.mjs
✓ Mermaid chunk matched: /Users/pranay/Projects/AIMLGlossary/AIGlossaryPro/node_modules/mermaid/dist/chunks/mermaid.core/chunk-44GW5IO5.mjs
Module ID: /Users/pranay/Projects/AIMLGlossary/AIGlossaryPro/node_modules/mermaid/dist/chunks/mermaid.core/chunk-BQPDZTM5.mjs
✓ Mermaid chunk matched: /Users/pranay/Projects/AIMLGlossary/AIGlossaryPro/node_modules/mermaid/dist/chunks/mermaid.core/chunk-BQPDZTM5.mjs
Module ID: /Users/pranay/Projects/AIMLGlossary/AIGlossaryPro/node_modules/@mermaid-js/parser/dist/mermaid-parser.core.mjs
✓ Vendor chunk matched: /Users/pranay/Projects/AIMLGlossary/AIGlossaryPro/node_modules/@mermaid-js/parser/dist/mermaid-parser.core.mjs
Module ID: /Users/pranay/Projects/AIMLGlossary/AIGlossaryPro/node_modules/d3-array/src/index.js
✓ Vendor chunk matched: /Users/pranay/Projects/AIMLGlossary/AIGlossaryPro/node_modules/d3-array/src/index.js
Module ID: /Users/pranay/Projects/AIMLGlossary/AIGlossaryPro/node_modules/d3-axis/src/index.js
✓ Vendor chunk matched: /Users/pranay/Projects/AIMLGlossary/AIGlossaryPro/node_modules/d3-axis/src/index.js
Module ID: /Users/pranay/Projects/AIMLGlossary/AIGlossaryPro/node_modules/d3-brush/src/index.js
✓ Vendor chunk matched: /Users/pranay/Projects/AIMLGlossary/AIGlossaryPro/node_modules/d3-brush/src/index.js
Module ID: /Users/pranay/Projects/AIMLGlossary/AIGlossaryPro/node_modules/d3-chord/src/index.js
✓ Vendor chunk matched: /Users/pranay/Projects/AIMLGlossary/AIGlossaryPro/node_modules/d3-chord/src/index.js
Module ID: /Users/pranay/Projects/AIMLGlossary/AIGlossaryPro/node_modules/d3-color/src/index.js
✓ Vendor chunk matched: /Users/pranay/Projects/AIMLGlossary/AIGlossaryPro/node_modules/d3-color/src/index.js
Module ID: /Users/pranay/Projects/AIMLGlossary/AIGlossaryPro/node_modules/d3-contour/src/index.js
✓ Vendor chunk matched: /Users/pranay/Projects/AIMLGlossary/AIGlossaryPro/node_modules/d3-contour/src/index.js
Module ID: /Users/pranay/Projects/AIMLGlossary/AIGlossaryPro/node_modules/d3-delaunay/src/index.js
✓ Vendor chunk matched: /Users/pranay/Projects/AIMLGlossary/AIGlossaryPro/node_modules/d3-delaunay/src/index.js
Module ID: /Users/pranay/Projects/AIMLGlossary/AIGlossaryPro/node_modules/d3-dispatch/src/index.js
✓ Vendor chunk matched: /Users/pranay/Projects/AIMLGlossary/AIGlossaryPro/node_modules/d3-dispatch/src/index.js
Module ID: /Users/pranay/Projects/AIMLGlossary/AIGlossaryPro/node_modules/d3-drag/src/index.js
✓ Vendor chunk matched: /Users/pranay/Projects/AIMLGlossary/AIGlossaryPro/node_modules/d3-drag/src/index.js
Module ID: /Users/pranay/Projects/AIMLGlossary/AIGlossaryPro/node_modules/d3-dsv/src/index.js
✓ Vendor chunk matched: /Users/pranay/Projects/AIMLGlossary/AIGlossaryPro/node_modules/d3-dsv/src/index.js
Module ID: /Users/pranay/Projects/AIMLGlossary/AIGlossaryPro/node_modules/d3-ease/src/index.js
✓ Vendor chunk matched: /Users/pranay/Projects/AIMLGlossary/AIGlossaryPro/node_modules/d3-ease/src/index.js
Module ID: /Users/pranay/Projects/AIMLGlossary/AIGlossaryPro/node_modules/d3-fetch/src/index.js
✓ Vendor chunk matched: /Users/pranay/Projects/AIMLGlossary/AIGlossaryPro/node_modules/d3-fetch/src/index.js
Module ID: /Users/pranay/Projects/AIMLGlossary/AIGlossaryPro/node_modules/d3-force/src/index.js
✓ Vendor chunk matched: /Users/pranay/Projects/AIMLGlossary/AIGlossaryPro/node_modules/d3-force/src/index.js
Module ID: /Users/pranay/Projects/AIMLGlossary/AIGlossaryPro/node_modules/d3-format/src/index.js
✓ Vendor chunk matched: /Users/pranay/Projects/AIMLGlossary/AIGlossaryPro/node_modules/d3-format/src/index.js
Module ID: /Users/pranay/Projects/AIMLGlossary/AIGlossaryPro/node_modules/d3-geo/src/index.js
✓ Vendor chunk matched: /Users/pranay/Projects/AIMLGlossary/AIGlossaryPro/node_modules/d3-geo/src/index.js
Module ID: /Users/pranay/Projects/AIMLGlossary/AIGlossaryPro/node_modules/d3-hierarchy/src/index.js
✓ Vendor chunk matched: /Users/pranay/Projects/AIMLGlossary/AIGlossaryPro/node_modules/d3-hierarchy/src/index.js
Module ID: /Users/pranay/Projects/AIMLGlossary/AIGlossaryPro/node_modules/d3-interpolate/src/index.js
✓ Vendor chunk matched: /Users/pranay/Projects/AIMLGlossary/AIGlossaryPro/node_modules/d3-interpolate/src/index.js
Module ID: /Users/pranay/Projects/AIMLGlossary/AIGlossaryPro/node_modules/d3-path/src/index.js
✓ Vendor chunk matched: /Users/pranay/Projects/AIMLGlossary/AIGlossaryPro/node_modules/d3-path/src/index.js
Module ID: /Users/pranay/Projects/AIMLGlossary/AIGlossaryPro/node_modules/d3-polygon/src/index.js
✓ Vendor chunk matched: /Users/pranay/Projects/AIMLGlossary/AIGlossaryPro/node_modules/d3-polygon/src/index.js
Module ID: /Users/pranay/Projects/AIMLGlossary/AIGlossaryPro/node_modules/d3-quadtree/src/index.js
✓ Vendor chunk matched: /Users/pranay/Projects/AIMLGlossary/AIGlossaryPro/node_modules/d3-quadtree/src/index.js
Module ID: /Users/pranay/Projects/AIMLGlossary/AIGlossaryPro/node_modules/d3-random/src/index.js
✓ Vendor chunk matched: /Users/pranay/Projects/AIMLGlossary/AIGlossaryPro/node_modules/d3-random/src/index.js
Module ID: /Users/pranay/Projects/AIMLGlossary/AIGlossaryPro/node_modules/d3-scale-chromatic/src/index.js
✓ Vendor chunk matched: /Users/pranay/Projects/AIMLGlossary/AIGlossaryPro/node_modules/d3-scale-chromatic/src/index.js
Module ID: /Users/pranay/Projects/AIMLGlossary/AIGlossaryPro/node_modules/d3-selection/src/index.js
✓ Vendor chunk matched: /Users/pranay/Projects/AIMLGlossary/AIGlossaryPro/node_modules/d3-selection/src/index.js
Module ID: /Users/pranay/Projects/AIMLGlossary/AIGlossaryPro/node_modules/d3-time/src/index.js
✓ Vendor chunk matched: /Users/pranay/Projects/AIMLGlossary/AIGlossaryPro/node_modules/d3-time/src/index.js
Module ID: /Users/pranay/Projects/AIMLGlossary/AIGlossaryPro/node_modules/d3-time-format/src/index.js
✓ Vendor chunk matched: /Users/pranay/Projects/AIMLGlossary/AIGlossaryPro/node_modules/d3-time-format/src/index.js
Module ID: /Users/pranay/Projects/AIMLGlossary/AIGlossaryPro/node_modules/d3-timer/src/index.js
✓ Vendor chunk matched: /Users/pranay/Projects/AIMLGlossary/AIGlossaryPro/node_modules/d3-timer/src/index.js
Module ID: /Users/pranay/Projects/AIMLGlossary/AIGlossaryPro/node_modules/d3-transition/src/index.js
✓ Vendor chunk matched: /Users/pranay/Projects/AIMLGlossary/AIGlossaryPro/node_modules/d3-transition/src/index.js
Module ID: /Users/pranay/Projects/AIMLGlossary/AIGlossaryPro/node_modules/d3-zoom/src/index.js
✓ Vendor chunk matched: /Users/pranay/Projects/AIMLGlossary/AIGlossaryPro/node_modules/d3-zoom/src/index.js
Module ID: /Users/pranay/Projects/AIMLGlossary/AIGlossaryPro/node_modules/mermaid/dist/chunks/mermaid.core/chunk-YQZZRAKN.mjs
✓ Mermaid chunk matched: /Users/pranay/Projects/AIMLGlossary/AIGlossaryPro/node_modules/mermaid/dist/chunks/mermaid.core/chunk-YQZZRAKN.mjs
Module ID: /Users/pranay/Projects/AIMLGlossary/AIGlossaryPro/node_modules/dayjs/dayjs.min.js
✓ Vendor chunk matched: /Users/pranay/Projects/AIMLGlossary/AIGlossaryPro/node_modules/dayjs/dayjs.min.js
Module ID: /Users/pranay/Projects/AIMLGlossary/AIGlossaryPro/node_modules/katex/dist/katex.mjs
✓ Syntax highlighting chunk matched: /Users/pranay/Projects/AIMLGlossary/AIGlossaryPro/node_modules/katex/dist/katex.mjs
Module ID: /Users/pranay/Projects/AIMLGlossary/AIGlossaryPro/node_modules/dayjs/plugin/isoWeek.js
✓ Vendor chunk matched: /Users/pranay/Projects/AIMLGlossary/AIGlossaryPro/node_modules/dayjs/plugin/isoWeek.js
Module ID: /Users/pranay/Projects/AIMLGlossary/AIGlossaryPro/node_modules/dayjs/plugin/customParseFormat.js
✓ Vendor chunk matched: /Users/pranay/Projects/AIMLGlossary/AIGlossaryPro/node_modules/dayjs/plugin/customParseFormat.js
Module ID: /Users/pranay/Projects/AIMLGlossary/AIGlossaryPro/node_modules/dayjs/plugin/advancedFormat.js
✓ Vendor chunk matched: /Users/pranay/Projects/AIMLGlossary/AIGlossaryPro/node_modules/dayjs/plugin/advancedFormat.js
Module ID: /Users/pranay/Projects/AIMLGlossary/AIGlossaryPro/node_modules/cytoscape-cose-bilkent/cytoscape-cose-bilkent.js
✓ Vendor chunk matched: /Users/pranay/Projects/AIMLGlossary/AIGlossaryPro/node_modules/cytoscape-cose-bilkent/cytoscape-cose-bilkent.js
Module ID: /Users/pranay/Projects/AIMLGlossary/AIGlossaryPro/node_modules/cytoscape/dist/cytoscape.esm.mjs
✓ Cytoscape chunk matched: /Users/pranay/Projects/AIMLGlossary/AIGlossaryPro/node_modules/cytoscape/dist/cytoscape.esm.mjs
Module ID: /Users/pranay/Projects/AIMLGlossary/AIGlossaryPro/node_modules/mermaid/dist/chunks/mermaid.core/chunk-GOYUR5SG.mjs
✓ Mermaid chunk matched: /Users/pranay/Projects/AIMLGlossary/AIGlossaryPro/node_modules/mermaid/dist/chunks/mermaid.core/chunk-GOYUR5SG.mjs
Module ID: /Users/pranay/Projects/AIMLGlossary/AIGlossaryPro/node_modules/dagre-d3-es/src/dagre/index.js
✓ Vendor chunk matched: /Users/pranay/Projects/AIMLGlossary/AIGlossaryPro/node_modules/dagre-d3-es/src/dagre/index.js
Module ID: /Users/pranay/Projects/AIMLGlossary/AIGlossaryPro/node_modules/dagre-d3-es/src/graphlib/index.js
✓ Vendor chunk matched: /Users/pranay/Projects/AIMLGlossary/AIGlossaryPro/node_modules/dagre-d3-es/src/graphlib/index.js
Module ID: /Users/pranay/Projects/AIMLGlossary/AIGlossaryPro/node_modules/cytoscape-fcose/cytoscape-fcose.js
✓ Vendor chunk matched: /Users/pranay/Projects/AIMLGlossary/AIGlossaryPro/node_modules/cytoscape-fcose/cytoscape-fcose.js
Module ID: /Users/pranay/Projects/AIMLGlossary/AIGlossaryPro/node_modules/d3-sankey/src/index.js
✓ Vendor chunk matched: /Users/pranay/Projects/AIMLGlossary/AIGlossaryPro/node_modules/d3-sankey/src/index.js
Module ID:  /Users/pranay/Projects/AIMLGlossary/AIGlossaryPro/node_modules/react/jsx-runtime.js?commonjs-module
✓ React chunk matched:  /Users/pranay/Projects/AIMLGlossary/AIGlossaryPro/node_modules/react/jsx-runtime.js?commonjs-module
Module ID:  /Users/pranay/Projects/AIMLGlossary/AIGlossaryPro/node_modules/react/cjs/react-jsx-runtime.development.js?commonjs-proxy
✓ React chunk matched:  /Users/pranay/Projects/AIMLGlossary/AIGlossaryPro/node_modules/react/cjs/react-jsx-runtime.development.js?commonjs-proxy
Module ID: /Users/pranay/Projects/AIMLGlossary/AIGlossaryPro/node_modules/lodash-es/clone.js
✓ Vendor chunk matched: /Users/pranay/Projects/AIMLGlossary/AIGlossaryPro/node_modules/lodash-es/clone.js
Module ID: /Users/pranay/Projects/AIMLGlossary/AIGlossaryPro/client/src/components/sections/SectionDisplay.tsx
Module ID: /Users/pranay/Projects/AIMLGlossary/AIGlossaryPro/node_modules/recharts/es6/util/DetectReferenceElementsDomain.js
✓ Charts chunk matched: /Users/pranay/Projects/AIMLGlossary/AIGlossaryPro/node_modules/recharts/es6/util/DetectReferenceElementsDomain.js
Module ID: /Users/pranay/Projects/AIMLGlossary/AIGlossaryPro/node_modules/recharts/es6/util/Events.js
✓ Charts chunk matched: /Users/pranay/Projects/AIMLGlossary/AIGlossaryPro/node_modules/recharts/es6/util/Events.js
Module ID: /Users/pranay/Projects/AIMLGlossary/AIGlossaryPro/node_modules/recharts/es6/chart/AccessibilityManager.js
✓ Charts chunk matched: /Users/pranay/Projects/AIMLGlossary/AIGlossaryPro/node_modules/recharts/es6/chart/AccessibilityManager.js
Module ID: /Users/pranay/Projects/AIMLGlossary/AIGlossaryPro/node_modules/recharts/es6/util/isDomainSpecifiedByUser.js
✓ Charts chunk matched: /Users/pranay/Projects/AIMLGlossary/AIGlossaryPro/node_modules/recharts/es6/util/isDomainSpecifiedByUser.js
Module ID: /Users/pranay/Projects/AIMLGlossary/AIGlossaryPro/node_modules/recharts/es6/component/Cursor.js
✓ Charts chunk matched: /Users/pranay/Projects/AIMLGlossary/AIGlossaryPro/node_modules/recharts/es6/component/Cursor.js
Module ID: /Users/pranay/Projects/AIMLGlossary/AIGlossaryPro/node_modules/recharts-scale/es6/getNiceTickValues.js
✓ Vendor chunk matched: /Users/pranay/Projects/AIMLGlossary/AIGlossaryPro/node_modules/recharts-scale/es6/getNiceTickValues.js
Module ID: /Users/pranay/Projects/AIMLGlossary/AIGlossaryPro/node_modules/d3-shape/src/arc.js
✓ Vendor chunk matched: /Users/pranay/Projects/AIMLGlossary/AIGlossaryPro/node_modules/d3-shape/src/arc.js
Module ID: /Users/pranay/Projects/AIMLGlossary/AIGlossaryPro/node_modules/d3-shape/src/area.js
✓ Vendor chunk matched: /Users/pranay/Projects/AIMLGlossary/AIGlossaryPro/node_modules/d3-shape/src/area.js
Module ID: /Users/pranay/Projects/AIMLGlossary/AIGlossaryPro/node_modules/d3-shape/src/line.js
✓ Vendor chunk matched: /Users/pranay/Projects/AIMLGlossary/AIGlossaryPro/node_modules/d3-shape/src/line.js
Module ID: /Users/pranay/Projects/AIMLGlossary/AIGlossaryPro/node_modules/d3-shape/src/pie.js
✓ Vendor chunk matched: /Users/pranay/Projects/AIMLGlossary/AIGlossaryPro/node_modules/d3-shape/src/pie.js
Module ID: /Users/pranay/Projects/AIMLGlossary/AIGlossaryPro/node_modules/d3-shape/src/areaRadial.js
✓ Vendor chunk matched: /Users/pranay/Projects/AIMLGlossary/AIGlossaryPro/node_modules/d3-shape/src/areaRadial.js
Module ID: /Users/pranay/Projects/AIMLGlossary/AIGlossaryPro/node_modules/d3-shape/src/lineRadial.js
✓ Vendor chunk matched: /Users/pranay/Projects/AIMLGlossary/AIGlossaryPro/node_modules/d3-shape/src/lineRadial.js
Module ID: /Users/pranay/Projects/AIMLGlossary/AIGlossaryPro/node_modules/d3-shape/src/pointRadial.js
✓ Vendor chunk matched: /Users/pranay/Projects/AIMLGlossary/AIGlossaryPro/node_modules/d3-shape/src/pointRadial.js
Module ID: /Users/pranay/Projects/AIMLGlossary/AIGlossaryPro/node_modules/d3-shape/src/link.js
✓ Vendor chunk matched: /Users/pranay/Projects/AIMLGlossary/AIGlossaryPro/node_modules/d3-shape/src/link.js
Module ID: /Users/pranay/Projects/AIMLGlossary/AIGlossaryPro/node_modules/d3-shape/src/symbol.js
✓ Vendor chunk matched: /Users/pranay/Projects/AIMLGlossary/AIGlossaryPro/node_modules/d3-shape/src/symbol.js
Module ID: /Users/pranay/Projects/AIMLGlossary/AIGlossaryPro/node_modules/d3-shape/src/symbol/asterisk.js
✓ Vendor chunk matched: /Users/pranay/Projects/AIMLGlossary/AIGlossaryPro/node_modules/d3-shape/src/symbol/asterisk.js
Module ID: /Users/pranay/Projects/AIMLGlossary/AIGlossaryPro/node_modules/d3-shape/src/symbol/circle.js
✓ Vendor chunk matched: /Users/pranay/Projects/AIMLGlossary/AIGlossaryPro/node_modules/d3-shape/src/symbol/circle.js
Module ID: /Users/pranay/Projects/AIMLGlossary/AIGlossaryPro/node_modules/d3-shape/src/symbol/cross.js
✓ Vendor chunk matched: /Users/pranay/Projects/AIMLGlossary/AIGlossaryPro/node_modules/d3-shape/src/symbol/cross.js
Module ID: /Users/pranay/Projects/AIMLGlossary/AIGlossaryPro/node_modules/d3-shape/src/symbol/diamond.js
✓ Vendor chunk matched: /Users/pranay/Projects/AIMLGlossary/AIGlossaryPro/node_modules/d3-shape/src/symbol/diamond.js
Module ID: /Users/pranay/Projects/AIMLGlossary/AIGlossaryPro/node_modules/d3-shape/src/symbol/diamond2.js
✓ Vendor chunk matched: /Users/pranay/Projects/AIMLGlossary/AIGlossaryPro/node_modules/d3-shape/src/symbol/diamond2.js
Module ID: /Users/pranay/Projects/AIMLGlossary/AIGlossaryPro/node_modules/d3-shape/src/symbol/plus.js
✓ Vendor chunk matched: /Users/pranay/Projects/AIMLGlossary/AIGlossaryPro/node_modules/d3-shape/src/symbol/plus.js
Module ID: /Users/pranay/Projects/AIMLGlossary/AIGlossaryPro/node_modules/d3-shape/src/symbol/square.js
✓ Vendor chunk matched: /Users/pranay/Projects/AIMLGlossary/AIGlossaryPro/node_modules/d3-shape/src/symbol/square.js
Module ID: /Users/pranay/Projects/AIMLGlossary/AIGlossaryPro/node_modules/d3-shape/src/symbol/square2.js
✓ Vendor chunk matched: /Users/pranay/Projects/AIMLGlossary/AIGlossaryPro/node_modules/d3-shape/src/symbol/square2.js
Module ID: /Users/pranay/Projects/AIMLGlossary/AIGlossaryPro/node_modules/d3-shape/src/symbol/star.js
✓ Vendor chunk matched: /Users/pranay/Projects/AIMLGlossary/AIGlossaryPro/node_modules/d3-shape/src/symbol/star.js
Module ID: /Users/pranay/Projects/AIMLGlossary/AIGlossaryPro/node_modules/d3-shape/src/symbol/triangle.js
✓ Vendor chunk matched: /Users/pranay/Projects/AIMLGlossary/AIGlossaryPro/node_modules/d3-shape/src/symbol/triangle.js
Module ID: /Users/pranay/Projects/AIMLGlossary/AIGlossaryPro/node_modules/d3-shape/src/symbol/triangle2.js
✓ Vendor chunk matched: /Users/pranay/Projects/AIMLGlossary/AIGlossaryPro/node_modules/d3-shape/src/symbol/triangle2.js
Module ID: /Users/pranay/Projects/AIMLGlossary/AIGlossaryPro/node_modules/d3-shape/src/symbol/wye.js
✓ Vendor chunk matched: /Users/pranay/Projects/AIMLGlossary/AIGlossaryPro/node_modules/d3-shape/src/symbol/wye.js
Module ID: /Users/pranay/Projects/AIMLGlossary/AIGlossaryPro/node_modules/d3-shape/src/symbol/times.js
✓ Vendor chunk matched: /Users/pranay/Projects/AIMLGlossary/AIGlossaryPro/node_modules/d3-shape/src/symbol/times.js
Module ID: /Users/pranay/Projects/AIMLGlossary/AIGlossaryPro/node_modules/d3-shape/src/curve/basisClosed.js
✓ Vendor chunk matched: /Users/pranay/Projects/AIMLGlossary/AIGlossaryPro/node_modules/d3-shape/src/curve/basisClosed.js
Module ID: /Users/pranay/Projects/AIMLGlossary/AIGlossaryPro/node_modules/d3-shape/src/curve/basisOpen.js
✓ Vendor chunk matched: /Users/pranay/Projects/AIMLGlossary/AIGlossaryPro/node_modules/d3-shape/src/curve/basisOpen.js
Module ID: /Users/pranay/Projects/AIMLGlossary/AIGlossaryPro/node_modules/d3-shape/src/curve/basis.js
✓ Vendor chunk matched: /Users/pranay/Projects/AIMLGlossary/AIGlossaryPro/node_modules/d3-shape/src/curve/basis.js
Module ID: /Users/pranay/Projects/AIMLGlossary/AIGlossaryPro/node_modules/d3-shape/src/curve/bump.js
✓ Vendor chunk matched: /Users/pranay/Projects/AIMLGlossary/AIGlossaryPro/node_modules/d3-shape/src/curve/bump.js
Module ID: /Users/pranay/Projects/AIMLGlossary/AIGlossaryPro/node_modules/d3-shape/src/curve/bundle.js
✓ Vendor chunk matched: /Users/pranay/Projects/AIMLGlossary/AIGlossaryPro/node_modules/d3-shape/src/curve/bundle.js
Module ID: /Users/pranay/Projects/AIMLGlossary/AIGlossaryPro/node_modules/d3-shape/src/curve/cardinalClosed.js
✓ Vendor chunk matched: /Users/pranay/Projects/AIMLGlossary/AIGlossaryPro/node_modules/d3-shape/src/curve/cardinalClosed.js
Module ID: /Users/pranay/Projects/AIMLGlossary/AIGlossaryPro/node_modules/d3-shape/src/curve/cardinalOpen.js
✓ Vendor chunk matched: /Users/pranay/Projects/AIMLGlossary/AIGlossaryPro/node_modules/d3-shape/src/curve/cardinalOpen.js
Module ID: /Users/pranay/Projects/AIMLGlossary/AIGlossaryPro/node_modules/d3-shape/src/curve/cardinal.js
✓ Vendor chunk matched: /Users/pranay/Projects/AIMLGlossary/AIGlossaryPro/node_modules/d3-shape/src/curve/cardinal.js
Module ID: /Users/pranay/Projects/AIMLGlossary/AIGlossaryPro/node_modules/d3-shape/src/curve/catmullRomClosed.js
✓ Vendor chunk matched: /Users/pranay/Projects/AIMLGlossary/AIGlossaryPro/node_modules/d3-shape/src/curve/catmullRomClosed.js
Module ID: /Users/pranay/Projects/AIMLGlossary/AIGlossaryPro/node_modules/d3-shape/src/curve/catmullRomOpen.js
✓ Vendor chunk matched: /Users/pranay/Projects/AIMLGlossary/AIGlossaryPro/node_modules/d3-shape/src/curve/catmullRomOpen.js
Module ID: /Users/pranay/Projects/AIMLGlossary/AIGlossaryPro/node_modules/d3-shape/src/curve/catmullRom.js
✓ Vendor chunk matched: /Users/pranay/Projects/AIMLGlossary/AIGlossaryPro/node_modules/d3-shape/src/curve/catmullRom.js
Module ID: /Users/pranay/Projects/AIMLGlossary/AIGlossaryPro/node_modules/d3-shape/src/curve/linearClosed.js
✓ Vendor chunk matched: /Users/pranay/Projects/AIMLGlossary/AIGlossaryPro/node_modules/d3-shape/src/curve/linearClosed.js
Module ID: /Users/pranay/Projects/AIMLGlossary/AIGlossaryPro/node_modules/d3-shape/src/curve/linear.js
✓ Vendor chunk matched: /Users/pranay/Projects/AIMLGlossary/AIGlossaryPro/node_modules/d3-shape/src/curve/linear.js
Module ID: /Users/pranay/Projects/AIMLGlossary/AIGlossaryPro/node_modules/d3-shape/src/curve/monotone.js
✓ Vendor chunk matched: /Users/pranay/Projects/AIMLGlossary/AIGlossaryPro/node_modules/d3-shape/src/curve/monotone.js
Module ID: /Users/pranay/Projects/AIMLGlossary/AIGlossaryPro/node_modules/d3-shape/src/curve/natural.js
✓ Vendor chunk matched: /Users/pranay/Projects/AIMLGlossary/AIGlossaryPro/node_modules/d3-shape/src/curve/natural.js
Module ID: /Users/pranay/Projects/AIMLGlossary/AIGlossaryPro/node_modules/d3-shape/src/curve/step.js
✓ Vendor chunk matched: /Users/pranay/Projects/AIMLGlossary/AIGlossaryPro/node_modules/d3-shape/src/curve/step.js
Module ID: /Users/pranay/Projects/AIMLGlossary/AIGlossaryPro/node_modules/d3-shape/src/stack.js
✓ Vendor chunk matched: /Users/pranay/Projects/AIMLGlossary/AIGlossaryPro/node_modules/d3-shape/src/stack.js
Module ID: /Users/pranay/Projects/AIMLGlossary/AIGlossaryPro/node_modules/d3-shape/src/offset/expand.js
✓ Vendor chunk matched: /Users/pranay/Projects/AIMLGlossary/AIGlossaryPro/node_modules/d3-shape/src/offset/expand.js
Module ID: /Users/pranay/Projects/AIMLGlossary/AIGlossaryPro/node_modules/d3-shape/src/offset/diverging.js
✓ Vendor chunk matched: /Users/pranay/Projects/AIMLGlossary/AIGlossaryPro/node_modules/d3-shape/src/offset/diverging.js
Module ID: /Users/pranay/Projects/AIMLGlossary/AIGlossaryPro/node_modules/d3-shape/src/offset/none.js
✓ Vendor chunk matched: /Users/pranay/Projects/AIMLGlossary/AIGlossaryPro/node_modules/d3-shape/src/offset/none.js
Module ID: /Users/pranay/Projects/AIMLGlossary/AIGlossaryPro/node_modules/d3-shape/src/offset/silhouette.js
✓ Vendor chunk matched: /Users/pranay/Projects/AIMLGlossary/AIGlossaryPro/node_modules/d3-shape/src/offset/silhouette.js
Module ID: /Users/pranay/Projects/AIMLGlossary/AIGlossaryPro/node_modules/d3-shape/src/offset/wiggle.js
✓ Vendor chunk matched: /Users/pranay/Projects/AIMLGlossary/AIGlossaryPro/node_modules/d3-shape/src/offset/wiggle.js
Module ID: /Users/pranay/Projects/AIMLGlossary/AIGlossaryPro/node_modules/d3-shape/src/order/appearance.js
✓ Vendor chunk matched: /Users/pranay/Projects/AIMLGlossary/AIGlossaryPro/node_modules/d3-shape/src/order/appearance.js
Module ID: /Users/pranay/Projects/AIMLGlossary/AIGlossaryPro/node_modules/d3-shape/src/order/ascending.js
✓ Vendor chunk matched: /Users/pranay/Projects/AIMLGlossary/AIGlossaryPro/node_modules/d3-shape/src/order/ascending.js
Module ID: /Users/pranay/Projects/AIMLGlossary/AIGlossaryPro/node_modules/d3-shape/src/order/descending.js
✓ Vendor chunk matched: /Users/pranay/Projects/AIMLGlossary/AIGlossaryPro/node_modules/d3-shape/src/order/descending.js
Module ID: /Users/pranay/Projects/AIMLGlossary/AIGlossaryPro/node_modules/d3-shape/src/order/insideOut.js
✓ Vendor chunk matched: /Users/pranay/Projects/AIMLGlossary/AIGlossaryPro/node_modules/d3-shape/src/order/insideOut.js
Module ID: /Users/pranay/Projects/AIMLGlossary/AIGlossaryPro/node_modules/d3-shape/src/order/none.js
✓ Vendor chunk matched: /Users/pranay/Projects/AIMLGlossary/AIGlossaryPro/node_modules/d3-shape/src/order/none.js
Module ID: /Users/pranay/Projects/AIMLGlossary/AIGlossaryPro/node_modules/d3-shape/src/order/reverse.js
✓ Vendor chunk matched: /Users/pranay/Projects/AIMLGlossary/AIGlossaryPro/node_modules/d3-shape/src/order/reverse.js
Module ID: /Users/pranay/Projects/AIMLGlossary/AIGlossaryPro/node_modules/react-transition-group/esm/index.js
✓ Vendor chunk matched: /Users/pranay/Projects/AIMLGlossary/AIGlossaryPro/node_modules/react-transition-group/esm/index.js
Module ID: /Users/pranay/Projects/AIMLGlossary/AIGlossaryPro/node_modules/prop-types/index.js
✓ Vendor chunk matched: /Users/pranay/Projects/AIMLGlossary/AIGlossaryPro/node_modules/prop-types/index.js
Module ID: /Users/pranay/Projects/AIMLGlossary/AIGlossaryPro/node_modules/react-smooth/es6/AnimateGroupChild.js
✓ Vendor chunk matched: /Users/pranay/Projects/AIMLGlossary/AIGlossaryPro/node_modules/react-smooth/es6/AnimateGroupChild.js
Module ID: /Users/pranay/Projects/AIMLGlossary/AIGlossaryPro/node_modules/react-smooth/es6/util.js
✓ Vendor chunk matched: /Users/pranay/Projects/AIMLGlossary/AIGlossaryPro/node_modules/react-smooth/es6/util.js
Module ID: /Users/pranay/Projects/AIMLGlossary/AIGlossaryPro/node_modules/d3-scale/src/band.js
✓ Vendor chunk matched: /Users/pranay/Projects/AIMLGlossary/AIGlossaryPro/node_modules/d3-scale/src/band.js
Module ID: /Users/pranay/Projects/AIMLGlossary/AIGlossaryPro/node_modules/d3-scale/src/identity.js
✓ Vendor chunk matched: /Users/pranay/Projects/AIMLGlossary/AIGlossaryPro/node_modules/d3-scale/src/identity.js
Module ID: /Users/pranay/Projects/AIMLGlossary/AIGlossaryPro/node_modules/d3-scale/src/linear.js
✓ Vendor chunk matched: /Users/pranay/Projects/AIMLGlossary/AIGlossaryPro/node_modules/d3-scale/src/linear.js
Module ID: /Users/pranay/Projects/AIMLGlossary/AIGlossaryPro/node_modules/d3-scale/src/log.js
✓ Vendor chunk matched: /Users/pranay/Projects/AIMLGlossary/AIGlossaryPro/node_modules/d3-scale/src/log.js
Module ID: /Users/pranay/Projects/AIMLGlossary/AIGlossaryPro/node_modules/d3-scale/src/symlog.js
✓ Vendor chunk matched: /Users/pranay/Projects/AIMLGlossary/AIGlossaryPro/node_modules/d3-scale/src/symlog.js
Module ID: /Users/pranay/Projects/AIMLGlossary/AIGlossaryPro/node_modules/d3-scale/src/ordinal.js
✓ Vendor chunk matched: /Users/pranay/Projects/AIMLGlossary/AIGlossaryPro/node_modules/d3-scale/src/ordinal.js
Module ID: /Users/pranay/Projects/AIMLGlossary/AIGlossaryPro/node_modules/d3-scale/src/pow.js
✓ Vendor chunk matched: /Users/pranay/Projects/AIMLGlossary/AIGlossaryPro/node_modules/d3-scale/src/pow.js
Module ID: /Users/pranay/Projects/AIMLGlossary/AIGlossaryPro/node_modules/d3-scale/src/radial.js
✓ Vendor chunk matched: /Users/pranay/Projects/AIMLGlossary/AIGlossaryPro/node_modules/d3-scale/src/radial.js
Module ID: /Users/pranay/Projects/AIMLGlossary/AIGlossaryPro/node_modules/d3-scale/src/quantile.js
✓ Vendor chunk matched: /Users/pranay/Projects/AIMLGlossary/AIGlossaryPro/node_modules/d3-scale/src/quantile.js
Module ID: /Users/pranay/Projects/AIMLGlossary/AIGlossaryPro/node_modules/d3-scale/src/quantize.js
✓ Vendor chunk matched: /Users/pranay/Projects/AIMLGlossary/AIGlossaryPro/node_modules/d3-scale/src/quantize.js
Module ID: /Users/pranay/Projects/AIMLGlossary/AIGlossaryPro/node_modules/d3-scale/src/threshold.js
✓ Vendor chunk matched: /Users/pranay/Projects/AIMLGlossary/AIGlossaryPro/node_modules/d3-scale/src/threshold.js
Module ID: /Users/pranay/Projects/AIMLGlossary/AIGlossaryPro/node_modules/d3-scale/src/time.js
✓ Vendor chunk matched: /Users/pranay/Projects/AIMLGlossary/AIGlossaryPro/node_modules/d3-scale/src/time.js
Module ID: /Users/pranay/Projects/AIMLGlossary/AIGlossaryPro/node_modules/d3-scale/src/utcTime.js
✓ Vendor chunk matched: /Users/pranay/Projects/AIMLGlossary/AIGlossaryPro/node_modules/d3-scale/src/utcTime.js
Module ID: /Users/pranay/Projects/AIMLGlossary/AIGlossaryPro/node_modules/d3-scale/src/sequential.js
✓ Vendor chunk matched: /Users/pranay/Projects/AIMLGlossary/AIGlossaryPro/node_modules/d3-scale/src/sequential.js
Module ID: /Users/pranay/Projects/AIMLGlossary/AIGlossaryPro/node_modules/d3-scale/src/sequentialQuantile.js
✓ Vendor chunk matched: /Users/pranay/Projects/AIMLGlossary/AIGlossaryPro/node_modules/d3-scale/src/sequentialQuantile.js
Module ID: /Users/pranay/Projects/AIMLGlossary/AIGlossaryPro/node_modules/d3-scale/src/diverging.js
✓ Vendor chunk matched: /Users/pranay/Projects/AIMLGlossary/AIGlossaryPro/node_modules/d3-scale/src/diverging.js
Module ID: /Users/pranay/Projects/AIMLGlossary/AIGlossaryPro/node_modules/d3-scale/src/tickFormat.js
✓ Vendor chunk matched: /Users/pranay/Projects/AIMLGlossary/AIGlossaryPro/node_modules/d3-scale/src/tickFormat.js
Module ID: /Users/pranay/Projects/AIMLGlossary/AIGlossaryPro/node_modules/react-smooth/es6/AnimateManager.js
✓ Vendor chunk matched: /Users/pranay/Projects/AIMLGlossary/AIGlossaryPro/node_modules/react-smooth/es6/AnimateManager.js
Module ID: /Users/pranay/Projects/AIMLGlossary/AIGlossaryPro/node_modules/react-smooth/es6/configUpdate.js
✓ Vendor chunk matched: /Users/pranay/Projects/AIMLGlossary/AIGlossaryPro/node_modules/react-smooth/es6/configUpdate.js
Module ID: /Users/pranay/Projects/AIMLGlossary/AIGlossaryPro/node_modules/fast-equals/dist/esm/index.mjs
✓ Vendor chunk matched: /Users/pranay/Projects/AIMLGlossary/AIGlossaryPro/node_modules/fast-equals/dist/esm/index.mjs
Module ID:  /Users/pranay/Projects/AIMLGlossary/AIGlossaryPro/node_modules/lodash/head.js?commonjs-proxy
✓ Vendor chunk matched:  /Users/pranay/Projects/AIMLGlossary/AIGlossaryPro/node_modules/lodash/head.js?commonjs-proxy
Module ID: /Users/pranay/Projects/AIMLGlossary/AIGlossaryPro/node_modules/recharts/es6/util/getEveryNthWithCondition.js
✓ Charts chunk matched: /Users/pranay/Projects/AIMLGlossary/AIGlossaryPro/node_modules/recharts/es6/util/getEveryNthWithCondition.js
Module ID: /Users/pranay/Projects/AIMLGlossary/AIGlossaryPro/node_modules/@floating-ui/core/dist/floating-ui.core.mjs
✓ Vendor chunk matched: /Users/pranay/Projects/AIMLGlossary/AIGlossaryPro/node_modules/@floating-ui/core/dist/floating-ui.core.mjs
Module ID: /Users/pranay/Projects/AIMLGlossary/AIGlossaryPro/node_modules/@floating-ui/utils/dist/floating-ui.utils.mjs
✓ Vendor chunk matched: /Users/pranay/Projects/AIMLGlossary/AIGlossaryPro/node_modules/@floating-ui/utils/dist/floating-ui.utils.mjs
Module ID: /Users/pranay/Projects/AIMLGlossary/AIGlossaryPro/node_modules/@floating-ui/utils/dist/floating-ui.utils.dom.mjs
✓ Vendor chunk matched: /Users/pranay/Projects/AIMLGlossary/AIGlossaryPro/node_modules/@floating-ui/utils/dist/floating-ui.utils.dom.mjs
Module ID:  /Users/pranay/Projects/AIMLGlossary/AIGlossaryPro/node_modules/react/cjs/react-jsx-runtime.development.js?commonjs-exports
✓ React chunk matched:  /Users/pranay/Projects/AIMLGlossary/AIGlossaryPro/node_modules/react/cjs/react-jsx-runtime.development.js?commonjs-exports
Module ID: /Users/pranay/Projects/AIMLGlossary/AIGlossaryPro/client/src/hooks/useCountryPricing.ts
Module ID: /Users/pranay/Projects/AIMLGlossary/AIGlossaryPro/client/src/hooks/useBackgroundABTest.ts
Module ID: /Users/pranay/Projects/AIMLGlossary/AIGlossaryPro/client/src/components/landing/backgrounds/index.ts
✓ Landing page chunk matched: /Users/pranay/Projects/AIMLGlossary/AIGlossaryPro/client/src/components/landing/backgrounds/index.ts
Module ID: /Users/pranay/Projects/AIMLGlossary/AIGlossaryPro/client/src/services/abTestingService.ts
Module ID: /Users/pranay/Projects/AIMLGlossary/AIGlossaryPro/client/src/types/analytics.ts
Module ID: /Users/pranay/Projects/AIMLGlossary/AIGlossaryPro/client/src/components/ui/table.tsx
Module ID: /Users/pranay/Projects/AIMLGlossary/AIGlossaryPro/node_modules/recharts/node_modules/react-is/cjs/react-is.development.js
✓ Charts chunk matched: /Users/pranay/Projects/AIMLGlossary/AIGlossaryPro/node_modules/recharts/node_modules/react-is/cjs/react-is.development.js
Module ID: /Users/pranay/Projects/AIMLGlossary/AIGlossaryPro/node_modules/scheduler/cjs/scheduler.development.js
✓ Vendor chunk matched: /Users/pranay/Projects/AIMLGlossary/AIGlossaryPro/node_modules/scheduler/cjs/scheduler.development.js
Module ID: /Users/pranay/Projects/AIMLGlossary/AIGlossaryPro/node_modules/@radix-ui/number/dist/index.mjs
✓ Radix UI chunk matched: /Users/pranay/Projects/AIMLGlossary/AIGlossaryPro/node_modules/@radix-ui/number/dist/index.mjs
Module ID: /Users/pranay/Projects/AIMLGlossary/AIGlossaryPro/client/src/components/ui/accordion.tsx
Module ID: /Users/pranay/Projects/AIMLGlossary/AIGlossaryPro/node_modules/lodash/isArguments.js
✓ Vendor chunk matched: /Users/pranay/Projects/AIMLGlossary/AIGlossaryPro/node_modules/lodash/isArguments.js
Module ID: /Users/pranay/Projects/AIMLGlossary/AIGlossaryPro/node_modules/lodash/_root.js
✓ Vendor chunk matched: /Users/pranay/Projects/AIMLGlossary/AIGlossaryPro/node_modules/lodash/_root.js
Module ID: /Users/pranay/Projects/AIMLGlossary/AIGlossaryPro/node_modules/lodash/_apply.js
✓ Vendor chunk matched: /Users/pranay/Projects/AIMLGlossary/AIGlossaryPro/node_modules/lodash/_apply.js
Module ID: /Users/pranay/Projects/AIMLGlossary/AIGlossaryPro/node_modules/lodash/_baseSetToString.js
✓ Vendor chunk matched: /Users/pranay/Projects/AIMLGlossary/AIGlossaryPro/node_modules/lodash/_baseSetToString.js
Module ID: /Users/pranay/Projects/AIMLGlossary/AIGlossaryPro/node_modules/lodash/_shortOut.js
✓ Vendor chunk matched: /Users/pranay/Projects/AIMLGlossary/AIGlossaryPro/node_modules/lodash/_shortOut.js
Module ID: /Users/pranay/Projects/AIMLGlossary/AIGlossaryPro/node_modules/lodash/isLength.js
✓ Vendor chunk matched: /Users/pranay/Projects/AIMLGlossary/AIGlossaryPro/node_modules/lodash/isLength.js
Module ID: /Users/pranay/Projects/AIMLGlossary/AIGlossaryPro/node_modules/lodash/_compareAscending.js
✓ Vendor chunk matched: /Users/pranay/Projects/AIMLGlossary/AIGlossaryPro/node_modules/lodash/_compareAscending.js
Module ID: /Users/pranay/Projects/AIMLGlossary/AIGlossaryPro/client/src/components/landing/PPPBanner.tsx
✓ Landing page chunk matched: /Users/pranay/Projects/AIMLGlossary/AIGlossaryPro/client/src/components/landing/PPPBanner.tsx
Module ID: /Users/pranay/Projects/AIMLGlossary/AIGlossaryPro/client/src/components/landing/PricingCountdown.tsx
✓ Landing page chunk matched: /Users/pranay/Projects/AIMLGlossary/AIGlossaryPro/client/src/components/landing/PricingCountdown.tsx
Module ID: /Users/pranay/Projects/AIMLGlossary/AIGlossaryPro/client/src/components/landing/FreeForeverMessaging.tsx
✓ Landing page chunk matched: /Users/pranay/Projects/AIMLGlossary/AIGlossaryPro/client/src/components/landing/FreeForeverMessaging.tsx
Module ID: /Users/pranay/Projects/AIMLGlossary/AIGlossaryPro/node_modules/firebase/node_modules/@firebase/auth/dist/esm2017/index-35c79a8a.js
✓ Firebase chunk matched: /Users/pranay/Projects/AIMLGlossary/AIGlossaryPro/node_modules/firebase/node_modules/@firebase/auth/dist/esm2017/index-35c79a8a.js
Module ID: /Users/pranay/Projects/AIMLGlossary/AIGlossaryPro/node_modules/@firebase/util/dist/index.esm2017.js
✓ Vendor chunk matched: /Users/pranay/Projects/AIMLGlossary/AIGlossaryPro/node_modules/@firebase/util/dist/index.esm2017.js
Module ID: /Users/pranay/Projects/AIMLGlossary/AIGlossaryPro/node_modules/@firebase/logger/dist/esm/index.esm2017.js
✓ Vendor chunk matched: /Users/pranay/Projects/AIMLGlossary/AIGlossaryPro/node_modules/@firebase/logger/dist/esm/index.esm2017.js
Module ID: /Users/pranay/Projects/AIMLGlossary/AIGlossaryPro/node_modules/@firebase/component/dist/esm/index.esm2017.js
✓ Vendor chunk matched: /Users/pranay/Projects/AIMLGlossary/AIGlossaryPro/node_modules/@firebase/component/dist/esm/index.esm2017.js
Module ID: /Users/pranay/Projects/AIMLGlossary/AIGlossaryPro/node_modules/tslib/tslib.es6.mjs
✓ Vendor chunk matched: /Users/pranay/Projects/AIMLGlossary/AIGlossaryPro/node_modules/tslib/tslib.es6.mjs
Module ID: /Users/pranay/Projects/AIMLGlossary/AIGlossaryPro/node_modules/lodash/_baseTrim.js
✓ Vendor chunk matched: /Users/pranay/Projects/AIMLGlossary/AIGlossaryPro/node_modules/lodash/_baseTrim.js
Module ID: /Users/pranay/Projects/AIMLGlossary/AIGlossaryPro/node_modules/lodash/_baseSlice.js
✓ Vendor chunk matched: /Users/pranay/Projects/AIMLGlossary/AIGlossaryPro/node_modules/lodash/_baseSlice.js
Module ID: /Users/pranay/Projects/AIMLGlossary/AIGlossaryPro/node_modules/lodash/_baseToString.js
✓ Vendor chunk matched: /Users/pranay/Projects/AIMLGlossary/AIGlossaryPro/node_modules/lodash/_baseToString.js
Module ID: /Users/pranay/Projects/AIMLGlossary/AIGlossaryPro/node_modules/lodash/_asciiToArray.js
✓ Vendor chunk matched: /Users/pranay/Projects/AIMLGlossary/AIGlossaryPro/node_modules/lodash/_asciiToArray.js
Module ID: /Users/pranay/Projects/AIMLGlossary/AIGlossaryPro/node_modules/lodash/_unicodeToArray.js
✓ Vendor chunk matched: /Users/pranay/Projects/AIMLGlossary/AIGlossaryPro/node_modules/lodash/_unicodeToArray.js
Module ID: /Users/pranay/Projects/AIMLGlossary/AIGlossaryPro/node_modules/lodash/_baseIsMatch.js
✓ Vendor chunk matched: /Users/pranay/Projects/AIMLGlossary/AIGlossaryPro/node_modules/lodash/_baseIsMatch.js
Module ID: /Users/pranay/Projects/AIMLGlossary/AIGlossaryPro/node_modules/lodash/_getMatchData.js
✓ Vendor chunk matched: /Users/pranay/Projects/AIMLGlossary/AIGlossaryPro/node_modules/lodash/_getMatchData.js
Module ID: /Users/pranay/Projects/AIMLGlossary/AIGlossaryPro/node_modules/lodash/_matchesStrictComparable.js
✓ Vendor chunk matched: /Users/pranay/Projects/AIMLGlossary/AIGlossaryPro/node_modules/lodash/_matchesStrictComparable.js
Module ID: /Users/pranay/Projects/AIMLGlossary/AIGlossaryPro/node_modules/lodash/hasIn.js
✓ Vendor chunk matched: /Users/pranay/Projects/AIMLGlossary/AIGlossaryPro/node_modules/lodash/hasIn.js
Module ID: /Users/pranay/Projects/AIMLGlossary/AIGlossaryPro/node_modules/lodash/_isStrictComparable.js
✓ Vendor chunk matched: /Users/pranay/Projects/AIMLGlossary/AIGlossaryPro/node_modules/lodash/_isStrictComparable.js
Module ID: /Users/pranay/Projects/AIMLGlossary/AIGlossaryPro/node_modules/lodash/_baseProperty.js
✓ Vendor chunk matched: /Users/pranay/Projects/AIMLGlossary/AIGlossaryPro/node_modules/lodash/_baseProperty.js
Module ID: /Users/pranay/Projects/AIMLGlossary/AIGlossaryPro/node_modules/lodash/_basePropertyDeep.js
✓ Vendor chunk matched: /Users/pranay/Projects/AIMLGlossary/AIGlossaryPro/node_modules/lodash/_basePropertyDeep.js
Module ID: /Users/pranay/Projects/AIMLGlossary/AIGlossaryPro/node_modules/lodash/_equalArrays.js
✓ Vendor chunk matched: /Users/pranay/Projects/AIMLGlossary/AIGlossaryPro/node_modules/lodash/_equalArrays.js
Module ID: /Users/pranay/Projects/AIMLGlossary/AIGlossaryPro/node_modules/lodash/_equalByTag.js
✓ Vendor chunk matched: /Users/pranay/Projects/AIMLGlossary/AIGlossaryPro/node_modules/lodash/_equalByTag.js
Module ID: /Users/pranay/Projects/AIMLGlossary/AIGlossaryPro/node_modules/lodash/_equalObjects.js
✓ Vendor chunk matched: /Users/pranay/Projects/AIMLGlossary/AIGlossaryPro/node_modules/lodash/_equalObjects.js
Module ID: /Users/pranay/Projects/AIMLGlossary/AIGlossaryPro/node_modules/lodash/isTypedArray.js
✓ Vendor chunk matched: /Users/pranay/Projects/AIMLGlossary/AIGlossaryPro/node_modules/lodash/isTypedArray.js
Module ID: /Users/pranay/Projects/AIMLGlossary/AIGlossaryPro/node_modules/lodash/_createBaseEach.js
✓ Vendor chunk matched: /Users/pranay/Projects/AIMLGlossary/AIGlossaryPro/node_modules/lodash/_createBaseEach.js
Module ID: /Users/pranay/Projects/AIMLGlossary/AIGlossaryPro/node_modules/lodash/_defineProperty.js
✓ Vendor chunk matched: /Users/pranay/Projects/AIMLGlossary/AIGlossaryPro/node_modules/lodash/_defineProperty.js
Module ID: /Users/pranay/Projects/AIMLGlossary/AIGlossaryPro/node_modules/lodash/_memoizeCapped.js
✓ Vendor chunk matched: /Users/pranay/Projects/AIMLGlossary/AIGlossaryPro/node_modules/lodash/_memoizeCapped.js
Module ID: /Users/pranay/Projects/AIMLGlossary/AIGlossaryPro/node_modules/lodash/_getSymbols.js
✓ Vendor chunk matched: /Users/pranay/Projects/AIMLGlossary/AIGlossaryPro/node_modules/lodash/_getSymbols.js
Module ID: /Users/pranay/Projects/AIMLGlossary/AIGlossaryPro/node_modules/lodash/stubArray.js
✓ Vendor chunk matched: /Users/pranay/Projects/AIMLGlossary/AIGlossaryPro/node_modules/lodash/stubArray.js
Module ID: /Users/pranay/Projects/AIMLGlossary/AIGlossaryPro/node_modules/lodash/_arrayLikeKeys.js
✓ Vendor chunk matched: /Users/pranay/Projects/AIMLGlossary/AIGlossaryPro/node_modules/lodash/_arrayLikeKeys.js
Module ID: /Users/pranay/Projects/AIMLGlossary/AIGlossaryPro/node_modules/lodash/_baseKeysIn.js
✓ Vendor chunk matched: /Users/pranay/Projects/AIMLGlossary/AIGlossaryPro/node_modules/lodash/_baseKeysIn.js
Module ID: /Users/pranay/Projects/AIMLGlossary/AIGlossaryPro/node_modules/lodash/_ListCache.js
✓ Vendor chunk matched: /Users/pranay/Projects/AIMLGlossary/AIGlossaryPro/node_modules/lodash/_ListCache.js
Module ID: /Users/pranay/Projects/AIMLGlossary/AIGlossaryPro/node_modules/lodash/_stackClear.js
✓ Vendor chunk matched: /Users/pranay/Projects/AIMLGlossary/AIGlossaryPro/node_modules/lodash/_stackClear.js
Module ID: /Users/pranay/Projects/AIMLGlossary/AIGlossaryPro/node_modules/lodash/_stackDelete.js
✓ Vendor chunk matched: /Users/pranay/Projects/AIMLGlossary/AIGlossaryPro/node_modules/lodash/_stackDelete.js
Module ID: /Users/pranay/Projects/AIMLGlossary/AIGlossaryPro/node_modules/lodash/_stackGet.js
✓ Vendor chunk matched: /Users/pranay/Projects/AIMLGlossary/AIGlossaryPro/node_modules/lodash/_stackGet.js
Module ID: /Users/pranay/Projects/AIMLGlossary/AIGlossaryPro/node_modules/lodash/_stackHas.js
✓ Vendor chunk matched: /Users/pranay/Projects/AIMLGlossary/AIGlossaryPro/node_modules/lodash/_stackHas.js
Module ID: /Users/pranay/Projects/AIMLGlossary/AIGlossaryPro/node_modules/lodash/_stackSet.js
✓ Vendor chunk matched: /Users/pranay/Projects/AIMLGlossary/AIGlossaryPro/node_modules/lodash/_stackSet.js
Module ID: /Users/pranay/Projects/AIMLGlossary/AIGlossaryPro/node_modules/lodash/_DataView.js
✓ Vendor chunk matched: /Users/pranay/Projects/AIMLGlossary/AIGlossaryPro/node_modules/lodash/_DataView.js
Module ID: /Users/pranay/Projects/AIMLGlossary/AIGlossaryPro/node_modules/lodash/_Map.js
✓ Vendor chunk matched: /Users/pranay/Projects/AIMLGlossary/AIGlossaryPro/node_modules/lodash/_Map.js
Module ID: /Users/pranay/Projects/AIMLGlossary/AIGlossaryPro/node_modules/lodash/_Promise.js
✓ Vendor chunk matched: /Users/pranay/Projects/AIMLGlossary/AIGlossaryPro/node_modules/lodash/_Promise.js
Module ID: /Users/pranay/Projects/AIMLGlossary/AIGlossaryPro/node_modules/lodash/_Set.js
✓ Vendor chunk matched: /Users/pranay/Projects/AIMLGlossary/AIGlossaryPro/node_modules/lodash/_Set.js
Module ID: /Users/pranay/Projects/AIMLGlossary/AIGlossaryPro/node_modules/lodash/_WeakMap.js
✓ Vendor chunk matched: /Users/pranay/Projects/AIMLGlossary/AIGlossaryPro/node_modules/lodash/_WeakMap.js
Module ID: /Users/pranay/Projects/AIMLGlossary/AIGlossaryPro/node_modules/lodash/_toSource.js
✓ Vendor chunk matched: /Users/pranay/Projects/AIMLGlossary/AIGlossaryPro/node_modules/lodash/_toSource.js
Module ID: /Users/pranay/Projects/AIMLGlossary/AIGlossaryPro/node_modules/lodash/_cloneArrayBuffer.js
✓ Vendor chunk matched: /Users/pranay/Projects/AIMLGlossary/AIGlossaryPro/node_modules/lodash/_cloneArrayBuffer.js
Module ID: /Users/pranay/Projects/AIMLGlossary/AIGlossaryPro/node_modules/lodash/_cloneDataView.js
✓ Vendor chunk matched: /Users/pranay/Projects/AIMLGlossary/AIGlossaryPro/node_modules/lodash/_cloneDataView.js
Module ID: /Users/pranay/Projects/AIMLGlossary/AIGlossaryPro/node_modules/lodash/_cloneRegExp.js
✓ Vendor chunk matched: /Users/pranay/Projects/AIMLGlossary/AIGlossaryPro/node_modules/lodash/_cloneRegExp.js
Module ID: /Users/pranay/Projects/AIMLGlossary/AIGlossaryPro/node_modules/lodash/_cloneSymbol.js
✓ Vendor chunk matched: /Users/pranay/Projects/AIMLGlossary/AIGlossaryPro/node_modules/lodash/_cloneSymbol.js
Module ID: /Users/pranay/Projects/AIMLGlossary/AIGlossaryPro/node_modules/lodash/_cloneTypedArray.js
✓ Vendor chunk matched: /Users/pranay/Projects/AIMLGlossary/AIGlossaryPro/node_modules/lodash/_cloneTypedArray.js
Module ID: /Users/pranay/Projects/AIMLGlossary/AIGlossaryPro/node_modules/idb/build/index.js
✓ Vendor chunk matched: /Users/pranay/Projects/AIMLGlossary/AIGlossaryPro/node_modules/idb/build/index.js
Module ID: /Users/pranay/Projects/AIMLGlossary/AIGlossaryPro/node_modules/lodash/_baseCreate.js
✓ Vendor chunk matched: /Users/pranay/Projects/AIMLGlossary/AIGlossaryPro/node_modules/lodash/_baseCreate.js
Module ID: /Users/pranay/Projects/AIMLGlossary/AIGlossaryPro/node_modules/lodash/_isPrototype.js
✓ Vendor chunk matched: /Users/pranay/Projects/AIMLGlossary/AIGlossaryPro/node_modules/lodash/_isPrototype.js
Module ID: /Users/pranay/Projects/AIMLGlossary/AIGlossaryPro/node_modules/lodash/stubFalse.js
✓ Vendor chunk matched: /Users/pranay/Projects/AIMLGlossary/AIGlossaryPro/node_modules/lodash/stubFalse.js
Module ID: /Users/pranay/Projects/AIMLGlossary/AIGlossaryPro/node_modules/lodash/_baseIsSet.js
✓ Vendor chunk matched: /Users/pranay/Projects/AIMLGlossary/AIGlossaryPro/node_modules/lodash/_baseIsSet.js
Module ID: /Users/pranay/Projects/AIMLGlossary/AIGlossaryPro/node_modules/lodash/_nodeUtil.js
✓ Vendor chunk matched: /Users/pranay/Projects/AIMLGlossary/AIGlossaryPro/node_modules/lodash/_nodeUtil.js
Module ID: /Users/pranay/Projects/AIMLGlossary/AIGlossaryPro/node_modules/lodash/_baseKeys.js
✓ Vendor chunk matched: /Users/pranay/Projects/AIMLGlossary/AIGlossaryPro/node_modules/lodash/_baseKeys.js
Module ID: /Users/pranay/Projects/AIMLGlossary/AIGlossaryPro/node_modules/lodash/_baseIsMap.js
✓ Vendor chunk matched: /Users/pranay/Projects/AIMLGlossary/AIGlossaryPro/node_modules/lodash/_baseIsMap.js
Module ID: /Users/pranay/Projects/AIMLGlossary/AIGlossaryPro/node_modules/lodash/_createFind.js
✓ Vendor chunk matched: /Users/pranay/Projects/AIMLGlossary/AIGlossaryPro/node_modules/lodash/_createFind.js
Module ID: /Users/pranay/Projects/AIMLGlossary/AIGlossaryPro/node_modules/lodash/findIndex.js
✓ Vendor chunk matched: /Users/pranay/Projects/AIMLGlossary/AIGlossaryPro/node_modules/lodash/findIndex.js
Module ID: /Users/pranay/Projects/AIMLGlossary/AIGlossaryPro/node_modules/react-syntax-highlighter/dist/esm/index.js
✓ Syntax highlighting chunk matched: /Users/pranay/Projects/AIMLGlossary/AIGlossaryPro/node_modules/react-syntax-highlighter/dist/esm/index.js
Module ID: /Users/pranay/Projects/AIMLGlossary/AIGlossaryPro/node_modules/react-syntax-highlighter/dist/esm/styles/prism/index.js
✓ Syntax highlighting chunk matched: /Users/pranay/Projects/AIMLGlossary/AIGlossaryPro/node_modules/react-syntax-highlighter/dist/esm/styles/prism/index.js
Module ID: /Users/pranay/Projects/AIMLGlossary/AIGlossaryPro/node_modules/next-themes/dist/index.mjs
✓ Vendor chunk matched: /Users/pranay/Projects/AIMLGlossary/AIGlossaryPro/node_modules/next-themes/dist/index.mjs
Module ID: /Users/pranay/Projects/AIMLGlossary/AIGlossaryPro/node_modules/lodash/_SetCache.js
✓ Vendor chunk matched: /Users/pranay/Projects/AIMLGlossary/AIGlossaryPro/node_modules/lodash/_SetCache.js
Module ID: /Users/pranay/Projects/AIMLGlossary/AIGlossaryPro/node_modules/lodash/_arrayIncludes.js
✓ Vendor chunk matched: /Users/pranay/Projects/AIMLGlossary/AIGlossaryPro/node_modules/lodash/_arrayIncludes.js
Module ID: /Users/pranay/Projects/AIMLGlossary/AIGlossaryPro/node_modules/lodash/_arrayIncludesWith.js
✓ Vendor chunk matched: /Users/pranay/Projects/AIMLGlossary/AIGlossaryPro/node_modules/lodash/_arrayIncludesWith.js
Module ID: /Users/pranay/Projects/AIMLGlossary/AIGlossaryPro/node_modules/lodash/_cacheHas.js
✓ Vendor chunk matched: /Users/pranay/Projects/AIMLGlossary/AIGlossaryPro/node_modules/lodash/_cacheHas.js
Module ID: /Users/pranay/Projects/AIMLGlossary/AIGlossaryPro/node_modules/lodash/_createSet.js
✓ Vendor chunk matched: /Users/pranay/Projects/AIMLGlossary/AIGlossaryPro/node_modules/lodash/_createSet.js
Module ID: /Users/pranay/Projects/AIMLGlossary/AIGlossaryPro/node_modules/lodash/_setToArray.js
✓ Vendor chunk matched: /Users/pranay/Projects/AIMLGlossary/AIGlossaryPro/node_modules/lodash/_setToArray.js
Module ID: /Users/pranay/Projects/AIMLGlossary/AIGlossaryPro/client/src/components/ui/radio-group.tsx
Module ID: /Users/pranay/Projects/AIMLGlossary/AIGlossaryPro/node_modules/lodash/_overArg.js
✓ Vendor chunk matched: /Users/pranay/Projects/AIMLGlossary/AIGlossaryPro/node_modules/lodash/_overArg.js
Module ID: /Users/pranay/Projects/AIMLGlossary/AIGlossaryPro/node_modules/lodash/_baseFor.js
✓ Vendor chunk matched: /Users/pranay/Projects/AIMLGlossary/AIGlossaryPro/node_modules/lodash/_baseFor.js
Module ID: /Users/pranay/Projects/AIMLGlossary/AIGlossaryPro/node_modules/@braintree/sanitize-url/dist/constants.js
✓ Vendor chunk matched: /Users/pranay/Projects/AIMLGlossary/AIGlossaryPro/node_modules/@braintree/sanitize-url/dist/constants.js
Module ID: /Users/pranay/Projects/AIMLGlossary/AIGlossaryPro/node_modules/cose-base/cose-base.js
✓ Vendor chunk matched: /Users/pranay/Projects/AIMLGlossary/AIGlossaryPro/node_modules/cose-base/cose-base.js
Module ID: /Users/pranay/Projects/AIMLGlossary/AIGlossaryPro/node_modules/cytoscape-fcose/node_modules/cose-base/cose-base.js
✓ Vendor chunk matched: /Users/pranay/Projects/AIMLGlossary/AIGlossaryPro/node_modules/cytoscape-fcose/node_modules/cose-base/cose-base.js
Module ID: /Users/pranay/Projects/AIMLGlossary/AIGlossaryPro/node_modules/lodash/memoize.js
✓ Vendor chunk matched: /Users/pranay/Projects/AIMLGlossary/AIGlossaryPro/node_modules/lodash/memoize.js
Module ID: /Users/pranay/Projects/AIMLGlossary/AIGlossaryPro/node_modules/@babel/runtime/helpers/esm/setPrototypeOf.js
✓ Vendor chunk matched: /Users/pranay/Projects/AIMLGlossary/AIGlossaryPro/node_modules/@babel/runtime/helpers/esm/setPrototypeOf.js
Module ID: /Users/pranay/Projects/AIMLGlossary/AIGlossaryPro/node_modules/@radix-ui/react-dialog/dist/index.mjs
✓ Radix UI chunk matched: /Users/pranay/Projects/AIMLGlossary/AIGlossaryPro/node_modules/@radix-ui/react-dialog/dist/index.mjs
Module ID: /Users/pranay/Projects/AIMLGlossary/AIGlossaryPro/node_modules/lodash-es/_nativeKeys.js
✓ Vendor chunk matched: /Users/pranay/Projects/AIMLGlossary/AIGlossaryPro/node_modules/lodash-es/_nativeKeys.js
Module ID: /Users/pranay/Projects/AIMLGlossary/AIGlossaryPro/node_modules/lodash-es/_DataView.js
✓ Vendor chunk matched: /Users/pranay/Projects/AIMLGlossary/AIGlossaryPro/node_modules/lodash-es/_DataView.js
Module ID: /Users/pranay/Projects/AIMLGlossary/AIGlossaryPro/node_modules/lodash-es/_Map.js
✓ Vendor chunk matched: /Users/pranay/Projects/AIMLGlossary/AIGlossaryPro/node_modules/lodash-es/_Map.js
Module ID: /Users/pranay/Projects/AIMLGlossary/AIGlossaryPro/node_modules/lodash-es/_Promise.js
✓ Vendor chunk matched: /Users/pranay/Projects/AIMLGlossary/AIGlossaryPro/node_modules/lodash-es/_Promise.js
Module ID: /Users/pranay/Projects/AIMLGlossary/AIGlossaryPro/node_modules/lodash-es/_Set.js
✓ Vendor chunk matched: /Users/pranay/Projects/AIMLGlossary/AIGlossaryPro/node_modules/lodash-es/_Set.js
Module ID: /Users/pranay/Projects/AIMLGlossary/AIGlossaryPro/node_modules/lodash-es/_WeakMap.js
✓ Vendor chunk matched: /Users/pranay/Projects/AIMLGlossary/AIGlossaryPro/node_modules/lodash-es/_WeakMap.js
Module ID: /Users/pranay/Projects/AIMLGlossary/AIGlossaryPro/node_modules/lodash-es/_baseGetTag.js
✓ Vendor chunk matched: /Users/pranay/Projects/AIMLGlossary/AIGlossaryPro/node_modules/lodash-es/_baseGetTag.js
Module ID: /Users/pranay/Projects/AIMLGlossary/AIGlossaryPro/node_modules/lodash-es/_toSource.js
✓ Vendor chunk matched: /Users/pranay/Projects/AIMLGlossary/AIGlossaryPro/node_modules/lodash-es/_toSource.js
Module ID: /Users/pranay/Projects/AIMLGlossary/AIGlossaryPro/node_modules/lodash-es/_baseIsArguments.js
✓ Vendor chunk matched: /Users/pranay/Projects/AIMLGlossary/AIGlossaryPro/node_modules/lodash-es/_baseIsArguments.js
Module ID: /Users/pranay/Projects/AIMLGlossary/AIGlossaryPro/node_modules/lodash-es/isObjectLike.js
✓ Vendor chunk matched: /Users/pranay/Projects/AIMLGlossary/AIGlossaryPro/node_modules/lodash-es/isObjectLike.js
Module ID: /Users/pranay/Projects/AIMLGlossary/AIGlossaryPro/node_modules/lodash-es/isFunction.js
✓ Vendor chunk matched: /Users/pranay/Projects/AIMLGlossary/AIGlossaryPro/node_modules/lodash-es/isFunction.js
Module ID: /Users/pranay/Projects/AIMLGlossary/AIGlossaryPro/node_modules/lodash-es/isLength.js
✓ Vendor chunk matched: /Users/pranay/Projects/AIMLGlossary/AIGlossaryPro/node_modules/lodash-es/isLength.js
Module ID: /Users/pranay/Projects/AIMLGlossary/AIGlossaryPro/node_modules/lodash-es/_root.js
✓ Vendor chunk matched: /Users/pranay/Projects/AIMLGlossary/AIGlossaryPro/node_modules/lodash-es/_root.js
Module ID: /Users/pranay/Projects/AIMLGlossary/AIGlossaryPro/node_modules/lodash-es/stubFalse.js
✓ Vendor chunk matched: /Users/pranay/Projects/AIMLGlossary/AIGlossaryPro/node_modules/lodash-es/stubFalse.js
Module ID: /Users/pranay/Projects/AIMLGlossary/AIGlossaryPro/node_modules/lodash-es/_baseIsTypedArray.js
✓ Vendor chunk matched: /Users/pranay/Projects/AIMLGlossary/AIGlossaryPro/node_modules/lodash-es/_baseIsTypedArray.js
Module ID: /Users/pranay/Projects/AIMLGlossary/AIGlossaryPro/node_modules/lodash-es/_baseUnary.js
✓ Vendor chunk matched: /Users/pranay/Projects/AIMLGlossary/AIGlossaryPro/node_modules/lodash-es/_baseUnary.js
Module ID: /Users/pranay/Projects/AIMLGlossary/AIGlossaryPro/node_modules/lodash-es/_nodeUtil.js
✓ Vendor chunk matched: /Users/pranay/Projects/AIMLGlossary/AIGlossaryPro/node_modules/lodash-es/_nodeUtil.js
Module ID: /Users/pranay/Projects/AIMLGlossary/AIGlossaryPro/node_modules/react-remove-scroll/dist/es2015/Combination.js
✓ Vendor chunk matched: /Users/pranay/Projects/AIMLGlossary/AIGlossaryPro/node_modules/react-remove-scroll/dist/es2015/Combination.js
Module ID: /Users/pranay/Projects/AIMLGlossary/AIGlossaryPro/node_modules/debug/src/browser.js
✓ Vendor chunk matched: /Users/pranay/Projects/AIMLGlossary/AIGlossaryPro/node_modules/debug/src/browser.js
Module ID: /Users/pranay/Projects/AIMLGlossary/AIGlossaryPro/node_modules/@iconify/utils/lib/customisations/defaults.mjs
✓ Vendor chunk matched: /Users/pranay/Projects/AIMLGlossary/AIGlossaryPro/node_modules/@iconify/utils/lib/customisations/defaults.mjs
Module ID: /Users/pranay/Projects/AIMLGlossary/AIGlossaryPro/node_modules/@iconify/utils/lib/customisations/merge.mjs
✓ Vendor chunk matched: /Users/pranay/Projects/AIMLGlossary/AIGlossaryPro/node_modules/@iconify/utils/lib/customisations/merge.mjs
Module ID: /Users/pranay/Projects/AIMLGlossary/AIGlossaryPro/node_modules/@iconify/utils/lib/customisations/bool.mjs
✓ Vendor chunk matched: /Users/pranay/Projects/AIMLGlossary/AIGlossaryPro/node_modules/@iconify/utils/lib/customisations/bool.mjs
Module ID: /Users/pranay/Projects/AIMLGlossary/AIGlossaryPro/node_modules/@iconify/utils/lib/customisations/flip.mjs
✓ Vendor chunk matched: /Users/pranay/Projects/AIMLGlossary/AIGlossaryPro/node_modules/@iconify/utils/lib/customisations/flip.mjs
Module ID: /Users/pranay/Projects/AIMLGlossary/AIGlossaryPro/node_modules/@iconify/utils/lib/customisations/rotate.mjs
✓ Vendor chunk matched: /Users/pranay/Projects/AIMLGlossary/AIGlossaryPro/node_modules/@iconify/utils/lib/customisations/rotate.mjs
Module ID: /Users/pranay/Projects/AIMLGlossary/AIGlossaryPro/node_modules/@iconify/utils/lib/icon/name.mjs
✓ Vendor chunk matched: /Users/pranay/Projects/AIMLGlossary/AIGlossaryPro/node_modules/@iconify/utils/lib/icon/name.mjs
Module ID: /Users/pranay/Projects/AIMLGlossary/AIGlossaryPro/node_modules/@iconify/utils/lib/icon/merge.mjs
✓ Vendor chunk matched: /Users/pranay/Projects/AIMLGlossary/AIGlossaryPro/node_modules/@iconify/utils/lib/icon/merge.mjs
Module ID: /Users/pranay/Projects/AIMLGlossary/AIGlossaryPro/node_modules/@iconify/utils/lib/icon/transformations.mjs
✓ Vendor chunk matched: /Users/pranay/Projects/AIMLGlossary/AIGlossaryPro/node_modules/@iconify/utils/lib/icon/transformations.mjs
Module ID: /Users/pranay/Projects/AIMLGlossary/AIGlossaryPro/node_modules/@iconify/utils/lib/icon/defaults.mjs
✓ Vendor chunk matched: /Users/pranay/Projects/AIMLGlossary/AIGlossaryPro/node_modules/@iconify/utils/lib/icon/defaults.mjs
Module ID: /Users/pranay/Projects/AIMLGlossary/AIGlossaryPro/node_modules/@iconify/utils/lib/icon/square.mjs
✓ Vendor chunk matched: /Users/pranay/Projects/AIMLGlossary/AIGlossaryPro/node_modules/@iconify/utils/lib/icon/square.mjs
Module ID: /Users/pranay/Projects/AIMLGlossary/AIGlossaryPro/node_modules/@iconify/utils/lib/icon-set/tree.mjs
✓ Vendor chunk matched: /Users/pranay/Projects/AIMLGlossary/AIGlossaryPro/node_modules/@iconify/utils/lib/icon-set/tree.mjs
Module ID: /Users/pranay/Projects/AIMLGlossary/AIGlossaryPro/node_modules/@iconify/utils/lib/icon-set/parse.mjs
✓ Vendor chunk matched: /Users/pranay/Projects/AIMLGlossary/AIGlossaryPro/node_modules/@iconify/utils/lib/icon-set/parse.mjs
Module ID: /Users/pranay/Projects/AIMLGlossary/AIGlossaryPro/node_modules/@iconify/utils/lib/icon-set/validate.mjs
✓ Vendor chunk matched: /Users/pranay/Projects/AIMLGlossary/AIGlossaryPro/node_modules/@iconify/utils/lib/icon-set/validate.mjs
Module ID: /Users/pranay/Projects/AIMLGlossary/AIGlossaryPro/node_modules/@iconify/utils/lib/icon-set/validate-basic.mjs
✓ Vendor chunk matched: /Users/pranay/Projects/AIMLGlossary/AIGlossaryPro/node_modules/@iconify/utils/lib/icon-set/validate-basic.mjs
Module ID: /Users/pranay/Projects/AIMLGlossary/AIGlossaryPro/node_modules/@iconify/utils/lib/icon-set/expand.mjs
✓ Vendor chunk matched: /Users/pranay/Projects/AIMLGlossary/AIGlossaryPro/node_modules/@iconify/utils/lib/icon-set/expand.mjs
Module ID: /Users/pranay/Projects/AIMLGlossary/AIGlossaryPro/node_modules/@iconify/utils/lib/icon-set/minify.mjs
✓ Vendor chunk matched: /Users/pranay/Projects/AIMLGlossary/AIGlossaryPro/node_modules/@iconify/utils/lib/icon-set/minify.mjs
Module ID: /Users/pranay/Projects/AIMLGlossary/AIGlossaryPro/node_modules/@iconify/utils/lib/icon-set/get-icons.mjs
✓ Vendor chunk matched: /Users/pranay/Projects/AIMLGlossary/AIGlossaryPro/node_modules/@iconify/utils/lib/icon-set/get-icons.mjs
Module ID: /Users/pranay/Projects/AIMLGlossary/AIGlossaryPro/node_modules/@iconify/utils/lib/icon-set/get-icon.mjs
✓ Vendor chunk matched: /Users/pranay/Projects/AIMLGlossary/AIGlossaryPro/node_modules/@iconify/utils/lib/icon-set/get-icon.mjs
Module ID: /Users/pranay/Projects/AIMLGlossary/AIGlossaryPro/node_modules/@iconify/utils/lib/icon-set/convert-info.mjs
✓ Vendor chunk matched: /Users/pranay/Projects/AIMLGlossary/AIGlossaryPro/node_modules/@iconify/utils/lib/icon-set/convert-info.mjs
Module ID: /Users/pranay/Projects/AIMLGlossary/AIGlossaryPro/node_modules/@iconify/utils/lib/svg/build.mjs
✓ Vendor chunk matched: /Users/pranay/Projects/AIMLGlossary/AIGlossaryPro/node_modules/@iconify/utils/lib/svg/build.mjs
Module ID: /Users/pranay/Projects/AIMLGlossary/AIGlossaryPro/node_modules/@iconify/utils/lib/svg/defs.mjs
✓ Vendor chunk matched: /Users/pranay/Projects/AIMLGlossary/AIGlossaryPro/node_modules/@iconify/utils/lib/svg/defs.mjs
Module ID: /Users/pranay/Projects/AIMLGlossary/AIGlossaryPro/node_modules/@iconify/utils/lib/svg/id.mjs
✓ Vendor chunk matched: /Users/pranay/Projects/AIMLGlossary/AIGlossaryPro/node_modules/@iconify/utils/lib/svg/id.mjs
Module ID: /Users/pranay/Projects/AIMLGlossary/AIGlossaryPro/node_modules/@iconify/utils/lib/svg/size.mjs
✓ Vendor chunk matched: /Users/pranay/Projects/AIMLGlossary/AIGlossaryPro/node_modules/@iconify/utils/lib/svg/size.mjs
Module ID: /Users/pranay/Projects/AIMLGlossary/AIGlossaryPro/node_modules/@iconify/utils/lib/svg/encode-svg-for-css.mjs
✓ Vendor chunk matched: /Users/pranay/Projects/AIMLGlossary/AIGlossaryPro/node_modules/@iconify/utils/lib/svg/encode-svg-for-css.mjs
Module ID: /Users/pranay/Projects/AIMLGlossary/AIGlossaryPro/node_modules/@iconify/utils/lib/svg/trim.mjs
✓ Vendor chunk matched: /Users/pranay/Projects/AIMLGlossary/AIGlossaryPro/node_modules/@iconify/utils/lib/svg/trim.mjs
Module ID: /Users/pranay/Projects/AIMLGlossary/AIGlossaryPro/node_modules/@iconify/utils/lib/svg/pretty.mjs
✓ Vendor chunk matched: /Users/pranay/Projects/AIMLGlossary/AIGlossaryPro/node_modules/@iconify/utils/lib/svg/pretty.mjs
Module ID: /Users/pranay/Projects/AIMLGlossary/AIGlossaryPro/node_modules/@iconify/utils/lib/svg/html.mjs
✓ Vendor chunk matched: /Users/pranay/Projects/AIMLGlossary/AIGlossaryPro/node_modules/@iconify/utils/lib/svg/html.mjs
Module ID: /Users/pranay/Projects/AIMLGlossary/AIGlossaryPro/node_modules/@iconify/utils/lib/svg/url.mjs
✓ Vendor chunk matched: /Users/pranay/Projects/AIMLGlossary/AIGlossaryPro/node_modules/@iconify/utils/lib/svg/url.mjs
Module ID: /Users/pranay/Projects/AIMLGlossary/AIGlossaryPro/node_modules/@iconify/utils/lib/svg/inner-html.mjs
✓ Vendor chunk matched: /Users/pranay/Projects/AIMLGlossary/AIGlossaryPro/node_modules/@iconify/utils/lib/svg/inner-html.mjs
Module ID: /Users/pranay/Projects/AIMLGlossary/AIGlossaryPro/node_modules/@iconify/utils/lib/svg/viewbox.mjs
✓ Vendor chunk matched: /Users/pranay/Projects/AIMLGlossary/AIGlossaryPro/node_modules/@iconify/utils/lib/svg/viewbox.mjs
Module ID: /Users/pranay/Projects/AIMLGlossary/AIGlossaryPro/node_modules/@iconify/utils/lib/svg/parse.mjs
✓ Vendor chunk matched: /Users/pranay/Projects/AIMLGlossary/AIGlossaryPro/node_modules/@iconify/utils/lib/svg/parse.mjs
Module ID: /Users/pranay/Projects/AIMLGlossary/AIGlossaryPro/node_modules/@iconify/utils/lib/colors/keywords.mjs
✓ Vendor chunk matched: /Users/pranay/Projects/AIMLGlossary/AIGlossaryPro/node_modules/@iconify/utils/lib/colors/keywords.mjs
Module ID: /Users/pranay/Projects/AIMLGlossary/AIGlossaryPro/node_modules/@iconify/utils/lib/colors/index.mjs
✓ Vendor chunk matched: /Users/pranay/Projects/AIMLGlossary/AIGlossaryPro/node_modules/@iconify/utils/lib/colors/index.mjs
Module ID: /Users/pranay/Projects/AIMLGlossary/AIGlossaryPro/node_modules/@iconify/utils/lib/css/icon.mjs
✓ Vendor chunk matched: /Users/pranay/Projects/AIMLGlossary/AIGlossaryPro/node_modules/@iconify/utils/lib/css/icon.mjs
Module ID: /Users/pranay/Projects/AIMLGlossary/AIGlossaryPro/node_modules/@iconify/utils/lib/css/icons.mjs
✓ Vendor chunk matched: /Users/pranay/Projects/AIMLGlossary/AIGlossaryPro/node_modules/@iconify/utils/lib/css/icons.mjs
Module ID: /Users/pranay/Projects/AIMLGlossary/AIGlossaryPro/node_modules/@iconify/utils/lib/loader/utils.mjs
✓ Vendor chunk matched: /Users/pranay/Projects/AIMLGlossary/AIGlossaryPro/node_modules/@iconify/utils/lib/loader/utils.mjs
Module ID: /Users/pranay/Projects/AIMLGlossary/AIGlossaryPro/node_modules/@iconify/utils/lib/loader/custom.mjs
✓ Vendor chunk matched: /Users/pranay/Projects/AIMLGlossary/AIGlossaryPro/node_modules/@iconify/utils/lib/loader/custom.mjs
Module ID: /Users/pranay/Projects/AIMLGlossary/AIGlossaryPro/node_modules/@iconify/utils/lib/loader/modern.mjs
✓ Vendor chunk matched: /Users/pranay/Projects/AIMLGlossary/AIGlossaryPro/node_modules/@iconify/utils/lib/loader/modern.mjs
Module ID: /Users/pranay/Projects/AIMLGlossary/AIGlossaryPro/node_modules/@iconify/utils/lib/loader/loader.mjs
✓ Vendor chunk matched: /Users/pranay/Projects/AIMLGlossary/AIGlossaryPro/node_modules/@iconify/utils/lib/loader/loader.mjs
Module ID: /Users/pranay/Projects/AIMLGlossary/AIGlossaryPro/node_modules/@iconify/utils/lib/emoji/cleanup.mjs
✓ Vendor chunk matched: /Users/pranay/Projects/AIMLGlossary/AIGlossaryPro/node_modules/@iconify/utils/lib/emoji/cleanup.mjs
Module ID: /Users/pranay/Projects/AIMLGlossary/AIGlossaryPro/node_modules/@iconify/utils/lib/emoji/convert.mjs
✓ Vendor chunk matched: /Users/pranay/Projects/AIMLGlossary/AIGlossaryPro/node_modules/@iconify/utils/lib/emoji/convert.mjs
Module ID: /Users/pranay/Projects/AIMLGlossary/AIGlossaryPro/node_modules/@iconify/utils/lib/emoji/format.mjs
✓ Vendor chunk matched: /Users/pranay/Projects/AIMLGlossary/AIGlossaryPro/node_modules/@iconify/utils/lib/emoji/format.mjs
Module ID: /Users/pranay/Projects/AIMLGlossary/AIGlossaryPro/node_modules/@iconify/utils/lib/emoji/test/parse.mjs
✓ Vendor chunk matched: /Users/pranay/Projects/AIMLGlossary/AIGlossaryPro/node_modules/@iconify/utils/lib/emoji/test/parse.mjs
Module ID: /Users/pranay/Projects/AIMLGlossary/AIGlossaryPro/node_modules/@iconify/utils/lib/emoji/test/variations.mjs
✓ Vendor chunk matched: /Users/pranay/Projects/AIMLGlossary/AIGlossaryPro/node_modules/@iconify/utils/lib/emoji/test/variations.mjs
Module ID: /Users/pranay/Projects/AIMLGlossary/AIGlossaryPro/node_modules/@iconify/utils/lib/emoji/test/missing.mjs
✓ Vendor chunk matched: /Users/pranay/Projects/AIMLGlossary/AIGlossaryPro/node_modules/@iconify/utils/lib/emoji/test/missing.mjs
Module ID: /Users/pranay/Projects/AIMLGlossary/AIGlossaryPro/node_modules/@iconify/utils/lib/emoji/regex/create.mjs
✓ Vendor chunk matched: /Users/pranay/Projects/AIMLGlossary/AIGlossaryPro/node_modules/@iconify/utils/lib/emoji/regex/create.mjs
Module ID: /Users/pranay/Projects/AIMLGlossary/AIGlossaryPro/node_modules/@iconify/utils/lib/emoji/parse.mjs
✓ Vendor chunk matched: /Users/pranay/Projects/AIMLGlossary/AIGlossaryPro/node_modules/@iconify/utils/lib/emoji/parse.mjs
Module ID: /Users/pranay/Projects/AIMLGlossary/AIGlossaryPro/node_modules/@iconify/utils/lib/emoji/replace/replace.mjs
✓ Vendor chunk matched: /Users/pranay/Projects/AIMLGlossary/AIGlossaryPro/node_modules/@iconify/utils/lib/emoji/replace/replace.mjs
Module ID: /Users/pranay/Projects/AIMLGlossary/AIGlossaryPro/node_modules/@iconify/utils/lib/misc/strings.mjs
✓ Vendor chunk matched: /Users/pranay/Projects/AIMLGlossary/AIGlossaryPro/node_modules/@iconify/utils/lib/misc/strings.mjs
Module ID: /Users/pranay/Projects/AIMLGlossary/AIGlossaryPro/node_modules/@iconify/utils/lib/misc/objects.mjs
✓ Vendor chunk matched: /Users/pranay/Projects/AIMLGlossary/AIGlossaryPro/node_modules/@iconify/utils/lib/misc/objects.mjs
Module ID: /Users/pranay/Projects/AIMLGlossary/AIGlossaryPro/node_modules/@iconify/utils/lib/misc/title.mjs
✓ Vendor chunk matched: /Users/pranay/Projects/AIMLGlossary/AIGlossaryPro/node_modules/@iconify/utils/lib/misc/title.mjs
Module ID: /Users/pranay/Projects/AIMLGlossary/AIGlossaryPro/node_modules/@iconify/utils/lib/css/common.mjs
✓ Vendor chunk matched: /Users/pranay/Projects/AIMLGlossary/AIGlossaryPro/node_modules/@iconify/utils/lib/css/common.mjs
Module ID: /Users/pranay/Projects/AIMLGlossary/AIGlossaryPro/node_modules/@iconify/utils/lib/css/format.mjs
✓ Vendor chunk matched: /Users/pranay/Projects/AIMLGlossary/AIGlossaryPro/node_modules/@iconify/utils/lib/css/format.mjs
Module ID: /Users/pranay/Projects/AIMLGlossary/AIGlossaryPro/node_modules/@iconify/utils/lib/emoji/data.mjs
✓ Vendor chunk matched: /Users/pranay/Projects/AIMLGlossary/AIGlossaryPro/node_modules/@iconify/utils/lib/emoji/data.mjs
Module ID: /Users/pranay/Projects/AIMLGlossary/AIGlossaryPro/node_modules/@iconify/utils/lib/emoji/test/components.mjs
✓ Vendor chunk matched: /Users/pranay/Projects/AIMLGlossary/AIGlossaryPro/node_modules/@iconify/utils/lib/emoji/test/components.mjs
Module ID: /Users/pranay/Projects/AIMLGlossary/AIGlossaryPro/node_modules/@iconify/utils/lib/emoji/regex/tree.mjs
✓ Vendor chunk matched: /Users/pranay/Projects/AIMLGlossary/AIGlossaryPro/node_modules/@iconify/utils/lib/emoji/regex/tree.mjs
Module ID: /Users/pranay/Projects/AIMLGlossary/AIGlossaryPro/node_modules/@iconify/utils/lib/emoji/regex/base.mjs
✓ Vendor chunk matched: /Users/pranay/Projects/AIMLGlossary/AIGlossaryPro/node_modules/@iconify/utils/lib/emoji/regex/base.mjs
Module ID: /Users/pranay/Projects/AIMLGlossary/AIGlossaryPro/node_modules/@iconify/utils/lib/emoji/regex/numbers.mjs
✓ Vendor chunk matched: /Users/pranay/Projects/AIMLGlossary/AIGlossaryPro/node_modules/@iconify/utils/lib/emoji/regex/numbers.mjs
Module ID: /Users/pranay/Projects/AIMLGlossary/AIGlossaryPro/node_modules/@iconify/utils/lib/emoji/regex/similar.mjs
✓ Vendor chunk matched: /Users/pranay/Projects/AIMLGlossary/AIGlossaryPro/node_modules/@iconify/utils/lib/emoji/regex/similar.mjs
Module ID: /Users/pranay/Projects/AIMLGlossary/AIGlossaryPro/node_modules/@iconify/utils/lib/emoji/test/similar.mjs
✓ Vendor chunk matched: /Users/pranay/Projects/AIMLGlossary/AIGlossaryPro/node_modules/@iconify/utils/lib/emoji/test/similar.mjs
Module ID: /Users/pranay/Projects/AIMLGlossary/AIGlossaryPro/node_modules/@iconify/utils/lib/emoji/test/name.mjs
✓ Vendor chunk matched: /Users/pranay/Projects/AIMLGlossary/AIGlossaryPro/node_modules/@iconify/utils/lib/emoji/test/name.mjs
Module ID: /Users/pranay/Projects/AIMLGlossary/AIGlossaryPro/node_modules/@iconify/utils/lib/emoji/test/tree.mjs
✓ Vendor chunk matched: /Users/pranay/Projects/AIMLGlossary/AIGlossaryPro/node_modules/@iconify/utils/lib/emoji/test/tree.mjs
Module ID: /Users/pranay/Projects/AIMLGlossary/AIGlossaryPro/node_modules/@iconify/utils/lib/emoji/replace/find.mjs
✓ Vendor chunk matched: /Users/pranay/Projects/AIMLGlossary/AIGlossaryPro/node_modules/@iconify/utils/lib/emoji/replace/find.mjs
Module ID: /Users/pranay/Projects/AIMLGlossary/AIGlossaryPro/node_modules/dagre-d3-es/src/graphlib/json.js
✓ Vendor chunk matched: /Users/pranay/Projects/AIMLGlossary/AIGlossaryPro/node_modules/dagre-d3-es/src/graphlib/json.js
Module ID: /Users/pranay/Projects/AIMLGlossary/AIGlossaryPro/node_modules/lodash-es/_baseMerge.js
✓ Vendor chunk matched: /Users/pranay/Projects/AIMLGlossary/AIGlossaryPro/node_modules/lodash-es/_baseMerge.js
Module ID: /Users/pranay/Projects/AIMLGlossary/AIGlossaryPro/node_modules/lodash-es/_createAssigner.js
✓ Vendor chunk matched: /Users/pranay/Projects/AIMLGlossary/AIGlossaryPro/node_modules/lodash-es/_createAssigner.js
Module ID: /Users/pranay/Projects/AIMLGlossary/AIGlossaryPro/node_modules/lodash-es/_MapCache.js
✓ Vendor chunk matched: /Users/pranay/Projects/AIMLGlossary/AIGlossaryPro/node_modules/lodash-es/_MapCache.js
Module ID: /Users/pranay/Projects/AIMLGlossary/AIGlossaryPro/node_modules/khroma/dist/methods/index.js
✓ Vendor chunk matched: /Users/pranay/Projects/AIMLGlossary/AIGlossaryPro/node_modules/khroma/dist/methods/index.js
Module ID: /Users/pranay/Projects/AIMLGlossary/AIGlossaryPro/node_modules/@mermaid-js/parser/dist/chunks/mermaid-parser.core/chunk-AAVMX6VD.mjs
✓ Vendor chunk matched: /Users/pranay/Projects/AIMLGlossary/AIGlossaryPro/node_modules/@mermaid-js/parser/dist/chunks/mermaid-parser.core/chunk-AAVMX6VD.mjs
Module ID: /Users/pranay/Projects/AIMLGlossary/AIGlossaryPro/node_modules/@mermaid-js/parser/dist/chunks/mermaid-parser.core/chunk-MU4RMLXT.mjs
✓ Vendor chunk matched: /Users/pranay/Projects/AIMLGlossary/AIGlossaryPro/node_modules/@mermaid-js/parser/dist/chunks/mermaid-parser.core/chunk-MU4RMLXT.mjs
Module ID: /Users/pranay/Projects/AIMLGlossary/AIGlossaryPro/node_modules/@mermaid-js/parser/dist/chunks/mermaid-parser.core/chunk-4L2KHIRB.mjs
✓ Vendor chunk matched: /Users/pranay/Projects/AIMLGlossary/AIGlossaryPro/node_modules/@mermaid-js/parser/dist/chunks/mermaid-parser.core/chunk-4L2KHIRB.mjs
Module ID: /Users/pranay/Projects/AIMLGlossary/AIGlossaryPro/node_modules/@mermaid-js/parser/dist/chunks/mermaid-parser.core/chunk-33PXT2ZZ.mjs
✓ Vendor chunk matched: /Users/pranay/Projects/AIMLGlossary/AIGlossaryPro/node_modules/@mermaid-js/parser/dist/chunks/mermaid-parser.core/chunk-33PXT2ZZ.mjs
Module ID: /Users/pranay/Projects/AIMLGlossary/AIGlossaryPro/node_modules/@mermaid-js/parser/dist/chunks/mermaid-parser.core/chunk-JAXCH6PI.mjs
✓ Vendor chunk matched: /Users/pranay/Projects/AIMLGlossary/AIGlossaryPro/node_modules/@mermaid-js/parser/dist/chunks/mermaid-parser.core/chunk-JAXCH6PI.mjs
Module ID: /Users/pranay/Projects/AIMLGlossary/AIGlossaryPro/node_modules/@mermaid-js/parser/dist/chunks/mermaid-parser.core/chunk-42PAAV6C.mjs
✓ Vendor chunk matched: /Users/pranay/Projects/AIMLGlossary/AIGlossaryPro/node_modules/@mermaid-js/parser/dist/chunks/mermaid-parser.core/chunk-42PAAV6C.mjs
Module ID: /Users/pranay/Projects/AIMLGlossary/AIGlossaryPro/node_modules/@mermaid-js/parser/dist/chunks/mermaid-parser.core/chunk-O6L2WK4J.mjs
✓ Vendor chunk matched: /Users/pranay/Projects/AIMLGlossary/AIGlossaryPro/node_modules/@mermaid-js/parser/dist/chunks/mermaid-parser.core/chunk-O6L2WK4J.mjs
Module ID: /Users/pranay/Projects/AIMLGlossary/AIGlossaryPro/node_modules/@mermaid-js/parser/dist/chunks/mermaid-parser.core/info-HZACV5O2.mjs
✓ Vendor chunk matched: /Users/pranay/Projects/AIMLGlossary/AIGlossaryPro/node_modules/@mermaid-js/parser/dist/chunks/mermaid-parser.core/info-HZACV5O2.mjs
Module ID: /Users/pranay/Projects/AIMLGlossary/AIGlossaryPro/node_modules/@mermaid-js/parser/dist/chunks/mermaid-parser.core/packet-U6EVFAJE.mjs
✓ Vendor chunk matched: /Users/pranay/Projects/AIMLGlossary/AIGlossaryPro/node_modules/@mermaid-js/parser/dist/chunks/mermaid-parser.core/packet-U6EVFAJE.mjs
Module ID: /Users/pranay/Projects/AIMLGlossary/AIGlossaryPro/node_modules/@mermaid-js/parser/dist/chunks/mermaid-parser.core/pie-6QXAW7JJ.mjs
✓ Vendor chunk matched: /Users/pranay/Projects/AIMLGlossary/AIGlossaryPro/node_modules/@mermaid-js/parser/dist/chunks/mermaid-parser.core/pie-6QXAW7JJ.mjs
Module ID: /Users/pranay/Projects/AIMLGlossary/AIGlossaryPro/node_modules/@mermaid-js/parser/dist/chunks/mermaid-parser.core/architecture-DI4KNLHI.mjs
✓ Vendor chunk matched: /Users/pranay/Projects/AIMLGlossary/AIGlossaryPro/node_modules/@mermaid-js/parser/dist/chunks/mermaid-parser.core/architecture-DI4KNLHI.mjs
Module ID: /Users/pranay/Projects/AIMLGlossary/AIGlossaryPro/node_modules/@mermaid-js/parser/dist/chunks/mermaid-parser.core/gitGraph-CPDBPTLG.mjs
✓ Vendor chunk matched: /Users/pranay/Projects/AIMLGlossary/AIGlossaryPro/node_modules/@mermaid-js/parser/dist/chunks/mermaid-parser.core/gitGraph-CPDBPTLG.mjs
Module ID: /Users/pranay/Projects/AIMLGlossary/AIGlossaryPro/node_modules/@mermaid-js/parser/dist/chunks/mermaid-parser.core/radar-VG2SY3DT.mjs
✓ Vendor chunk matched: /Users/pranay/Projects/AIMLGlossary/AIGlossaryPro/node_modules/@mermaid-js/parser/dist/chunks/mermaid-parser.core/radar-VG2SY3DT.mjs
Module ID: /Users/pranay/Projects/AIMLGlossary/AIGlossaryPro/node_modules/d3-axis/src/axis.js
✓ Vendor chunk matched: /Users/pranay/Projects/AIMLGlossary/AIGlossaryPro/node_modules/d3-axis/src/axis.js
Module ID: /Users/pranay/Projects/AIMLGlossary/AIGlossaryPro/node_modules/d3-array/src/bisect.js
✓ Vendor chunk matched: /Users/pranay/Projects/AIMLGlossary/AIGlossaryPro/node_modules/d3-array/src/bisect.js
Module ID: /Users/pranay/Projects/AIMLGlossary/AIGlossaryPro/node_modules/d3-array/src/ascending.js
✓ Vendor chunk matched: /Users/pranay/Projects/AIMLGlossary/AIGlossaryPro/node_modules/d3-array/src/ascending.js
Module ID: /Users/pranay/Projects/AIMLGlossary/AIGlossaryPro/node_modules/d3-array/src/bisector.js
✓ Vendor chunk matched: /Users/pranay/Projects/AIMLGlossary/AIGlossaryPro/node_modules/d3-array/src/bisector.js
Module ID: /Users/pranay/Projects/AIMLGlossary/AIGlossaryPro/node_modules/d3-array/src/blur.js
✓ Vendor chunk matched: /Users/pranay/Projects/AIMLGlossary/AIGlossaryPro/node_modules/d3-array/src/blur.js
Module ID: /Users/pranay/Projects/AIMLGlossary/AIGlossaryPro/node_modules/d3-array/src/count.js
✓ Vendor chunk matched: /Users/pranay/Projects/AIMLGlossary/AIGlossaryPro/node_modules/d3-array/src/count.js
Module ID: /Users/pranay/Projects/AIMLGlossary/AIGlossaryPro/node_modules/d3-array/src/cross.js
✓ Vendor chunk matched: /Users/pranay/Projects/AIMLGlossary/AIGlossaryPro/node_modules/d3-array/src/cross.js
Module ID: /Users/pranay/Projects/AIMLGlossary/AIGlossaryPro/node_modules/d3-array/src/cumsum.js
✓ Vendor chunk matched: /Users/pranay/Projects/AIMLGlossary/AIGlossaryPro/node_modules/d3-array/src/cumsum.js
Module ID: /Users/pranay/Projects/AIMLGlossary/AIGlossaryPro/node_modules/d3-array/src/descending.js
✓ Vendor chunk matched: /Users/pranay/Projects/AIMLGlossary/AIGlossaryPro/node_modules/d3-array/src/descending.js
Module ID: /Users/pranay/Projects/AIMLGlossary/AIGlossaryPro/node_modules/d3-array/src/deviation.js
✓ Vendor chunk matched: /Users/pranay/Projects/AIMLGlossary/AIGlossaryPro/node_modules/d3-array/src/deviation.js
Module ID: /Users/pranay/Projects/AIMLGlossary/AIGlossaryPro/node_modules/d3-array/src/extent.js
✓ Vendor chunk matched: /Users/pranay/Projects/AIMLGlossary/AIGlossaryPro/node_modules/d3-array/src/extent.js
Module ID: /Users/pranay/Projects/AIMLGlossary/AIGlossaryPro/node_modules/d3-array/src/fsum.js
✓ Vendor chunk matched: /Users/pranay/Projects/AIMLGlossary/AIGlossaryPro/node_modules/d3-array/src/fsum.js
Module ID: /Users/pranay/Projects/AIMLGlossary/AIGlossaryPro/node_modules/d3-array/src/group.js
✓ Vendor chunk matched: /Users/pranay/Projects/AIMLGlossary/AIGlossaryPro/node_modules/d3-array/src/group.js
Module ID: /Users/pranay/Projects/AIMLGlossary/AIGlossaryPro/node_modules/d3-array/src/groupSort.js
✓ Vendor chunk matched: /Users/pranay/Projects/AIMLGlossary/AIGlossaryPro/node_modules/d3-array/src/groupSort.js
Module ID: /Users/pranay/Projects/AIMLGlossary/AIGlossaryPro/node_modules/d3-array/src/bin.js
✓ Vendor chunk matched: /Users/pranay/Projects/AIMLGlossary/AIGlossaryPro/node_modules/d3-array/src/bin.js
Module ID: /Users/pranay/Projects/AIMLGlossary/AIGlossaryPro/node_modules/d3-array/src/threshold/freedmanDiaconis.js
✓ Vendor chunk matched: /Users/pranay/Projects/AIMLGlossary/AIGlossaryPro/node_modules/d3-array/src/threshold/freedmanDiaconis.js
Module ID: /Users/pranay/Projects/AIMLGlossary/AIGlossaryPro/node_modules/d3-array/src/threshold/scott.js
✓ Vendor chunk matched: /Users/pranay/Projects/AIMLGlossary/AIGlossaryPro/node_modules/d3-array/src/threshold/scott.js
Module ID: /Users/pranay/Projects/AIMLGlossary/AIGlossaryPro/node_modules/d3-array/src/threshold/sturges.js
✓ Vendor chunk matched: /Users/pranay/Projects/AIMLGlossary/AIGlossaryPro/node_modules/d3-array/src/threshold/sturges.js
Module ID: /Users/pranay/Projects/AIMLGlossary/AIGlossaryPro/node_modules/d3-array/src/max.js
✓ Vendor chunk matched: /Users/pranay/Projects/AIMLGlossary/AIGlossaryPro/node_modules/d3-array/src/max.js
Module ID: /Users/pranay/Projects/AIMLGlossary/AIGlossaryPro/node_modules/d3-array/src/maxIndex.js
✓ Vendor chunk matched: /Users/pranay/Projects/AIMLGlossary/AIGlossaryPro/node_modules/d3-array/src/maxIndex.js
Module ID: /Users/pranay/Projects/AIMLGlossary/AIGlossaryPro/node_modules/d3-array/src/mean.js
✓ Vendor chunk matched: /Users/pranay/Projects/AIMLGlossary/AIGlossaryPro/node_modules/d3-array/src/mean.js
Module ID: /Users/pranay/Projects/AIMLGlossary/AIGlossaryPro/node_modules/d3-array/src/median.js
✓ Vendor chunk matched: /Users/pranay/Projects/AIMLGlossary/AIGlossaryPro/node_modules/d3-array/src/median.js
Module ID: /Users/pranay/Projects/AIMLGlossary/AIGlossaryPro/node_modules/d3-array/src/merge.js
✓ Vendor chunk matched: /Users/pranay/Projects/AIMLGlossary/AIGlossaryPro/node_modules/d3-array/src/merge.js
Module ID: /Users/pranay/Projects/AIMLGlossary/AIGlossaryPro/node_modules/d3-array/src/min.js
✓ Vendor chunk matched: /Users/pranay/Projects/AIMLGlossary/AIGlossaryPro/node_modules/d3-array/src/min.js
Module ID: /Users/pranay/Projects/AIMLGlossary/AIGlossaryPro/node_modules/d3-array/src/minIndex.js
✓ Vendor chunk matched: /Users/pranay/Projects/AIMLGlossary/AIGlossaryPro/node_modules/d3-array/src/minIndex.js
Module ID: /Users/pranay/Projects/AIMLGlossary/AIGlossaryPro/node_modules/d3-array/src/mode.js
✓ Vendor chunk matched: /Users/pranay/Projects/AIMLGlossary/AIGlossaryPro/node_modules/d3-array/src/mode.js
Module ID: /Users/pranay/Projects/AIMLGlossary/AIGlossaryPro/node_modules/d3-array/src/nice.js
✓ Vendor chunk matched: /Users/pranay/Projects/AIMLGlossary/AIGlossaryPro/node_modules/d3-array/src/nice.js
Module ID: /Users/pranay/Projects/AIMLGlossary/AIGlossaryPro/node_modules/d3-array/src/pairs.js
✓ Vendor chunk matched: /Users/pranay/Projects/AIMLGlossary/AIGlossaryPro/node_modules/d3-array/src/pairs.js
Module ID: /Users/pranay/Projects/AIMLGlossary/AIGlossaryPro/node_modules/d3-array/src/permute.js
✓ Vendor chunk matched: /Users/pranay/Projects/AIMLGlossary/AIGlossaryPro/node_modules/d3-array/src/permute.js
Module ID: /Users/pranay/Projects/AIMLGlossary/AIGlossaryPro/node_modules/d3-array/src/quantile.js
✓ Vendor chunk matched: /Users/pranay/Projects/AIMLGlossary/AIGlossaryPro/node_modules/d3-array/src/quantile.js
Module ID: /Users/pranay/Projects/AIMLGlossary/AIGlossaryPro/node_modules/d3-array/src/quickselect.js
✓ Vendor chunk matched: /Users/pranay/Projects/AIMLGlossary/AIGlossaryPro/node_modules/d3-array/src/quickselect.js
Module ID: /Users/pranay/Projects/AIMLGlossary/AIGlossaryPro/node_modules/d3-array/src/range.js
✓ Vendor chunk matched: /Users/pranay/Projects/AIMLGlossary/AIGlossaryPro/node_modules/d3-array/src/range.js
Module ID: /Users/pranay/Projects/AIMLGlossary/AIGlossaryPro/node_modules/d3-array/src/rank.js
✓ Vendor chunk matched: /Users/pranay/Projects/AIMLGlossary/AIGlossaryPro/node_modules/d3-array/src/rank.js
Module ID: /Users/pranay/Projects/AIMLGlossary/AIGlossaryPro/node_modules/d3-array/src/least.js
✓ Vendor chunk matched: /Users/pranay/Projects/AIMLGlossary/AIGlossaryPro/node_modules/d3-array/src/least.js
Module ID: /Users/pranay/Projects/AIMLGlossary/AIGlossaryPro/node_modules/d3-array/src/leastIndex.js
✓ Vendor chunk matched: /Users/pranay/Projects/AIMLGlossary/AIGlossaryPro/node_modules/d3-array/src/leastIndex.js
Module ID: /Users/pranay/Projects/AIMLGlossary/AIGlossaryPro/node_modules/d3-array/src/greatest.js
✓ Vendor chunk matched: /Users/pranay/Projects/AIMLGlossary/AIGlossaryPro/node_modules/d3-array/src/greatest.js
Module ID: /Users/pranay/Projects/AIMLGlossary/AIGlossaryPro/node_modules/d3-array/src/greatestIndex.js
✓ Vendor chunk matched: /Users/pranay/Projects/AIMLGlossary/AIGlossaryPro/node_modules/d3-array/src/greatestIndex.js
Module ID: /Users/pranay/Projects/AIMLGlossary/AIGlossaryPro/node_modules/d3-array/src/scan.js
✓ Vendor chunk matched: /Users/pranay/Projects/AIMLGlossary/AIGlossaryPro/node_modules/d3-array/src/scan.js
Module ID: /Users/pranay/Projects/AIMLGlossary/AIGlossaryPro/node_modules/d3-array/src/shuffle.js
✓ Vendor chunk matched: /Users/pranay/Projects/AIMLGlossary/AIGlossaryPro/node_modules/d3-array/src/shuffle.js
Module ID: /Users/pranay/Projects/AIMLGlossary/AIGlossaryPro/node_modules/d3-array/src/sum.js
✓ Vendor chunk matched: /Users/pranay/Projects/AIMLGlossary/AIGlossaryPro/node_modules/d3-array/src/sum.js
Module ID: /Users/pranay/Projects/AIMLGlossary/AIGlossaryPro/node_modules/d3-array/src/ticks.js
✓ Vendor chunk matched: /Users/pranay/Projects/AIMLGlossary/AIGlossaryPro/node_modules/d3-array/src/ticks.js
Module ID: /Users/pranay/Projects/AIMLGlossary/AIGlossaryPro/node_modules/d3-array/src/transpose.js
✓ Vendor chunk matched: /Users/pranay/Projects/AIMLGlossary/AIGlossaryPro/node_modules/d3-array/src/transpose.js
Module ID: /Users/pranay/Projects/AIMLGlossary/AIGlossaryPro/node_modules/d3-array/src/variance.js
✓ Vendor chunk matched: /Users/pranay/Projects/AIMLGlossary/AIGlossaryPro/node_modules/d3-array/src/variance.js
Module ID: /Users/pranay/Projects/AIMLGlossary/AIGlossaryPro/node_modules/d3-array/src/zip.js
✓ Vendor chunk matched: /Users/pranay/Projects/AIMLGlossary/AIGlossaryPro/node_modules/d3-array/src/zip.js
Module ID: /Users/pranay/Projects/AIMLGlossary/AIGlossaryPro/node_modules/d3-array/src/every.js
✓ Vendor chunk matched: /Users/pranay/Projects/AIMLGlossary/AIGlossaryPro/node_modules/d3-array/src/every.js
Module ID: /Users/pranay/Projects/AIMLGlossary/AIGlossaryPro/node_modules/d3-array/src/some.js
✓ Vendor chunk matched: /Users/pranay/Projects/AIMLGlossary/AIGlossaryPro/node_modules/d3-array/src/some.js
Module ID: /Users/pranay/Projects/AIMLGlossary/AIGlossaryPro/node_modules/d3-array/src/filter.js
✓ Vendor chunk matched: /Users/pranay/Projects/AIMLGlossary/AIGlossaryPro/node_modules/d3-array/src/filter.js
Module ID: /Users/pranay/Projects/AIMLGlossary/AIGlossaryPro/node_modules/d3-array/src/map.js
✓ Vendor chunk matched: /Users/pranay/Projects/AIMLGlossary/AIGlossaryPro/node_modules/d3-array/src/map.js
Module ID: /Users/pranay/Projects/AIMLGlossary/AIGlossaryPro/node_modules/d3-array/src/reduce.js
✓ Vendor chunk matched: /Users/pranay/Projects/AIMLGlossary/AIGlossaryPro/node_modules/d3-array/src/reduce.js
Module ID: /Users/pranay/Projects/AIMLGlossary/AIGlossaryPro/node_modules/d3-array/src/reverse.js
✓ Vendor chunk matched: /Users/pranay/Projects/AIMLGlossary/AIGlossaryPro/node_modules/d3-array/src/reverse.js
Module ID: /Users/pranay/Projects/AIMLGlossary/AIGlossaryPro/node_modules/d3-array/src/sort.js
✓ Vendor chunk matched: /Users/pranay/Projects/AIMLGlossary/AIGlossaryPro/node_modules/d3-array/src/sort.js
Module ID: /Users/pranay/Projects/AIMLGlossary/AIGlossaryPro/node_modules/d3-array/src/difference.js
✓ Vendor chunk matched: /Users/pranay/Projects/AIMLGlossary/AIGlossaryPro/node_modules/d3-array/src/difference.js
Module ID: /Users/pranay/Projects/AIMLGlossary/AIGlossaryPro/node_modules/d3-array/src/disjoint.js
✓ Vendor chunk matched: /Users/pranay/Projects/AIMLGlossary/AIGlossaryPro/node_modules/d3-array/src/disjoint.js
Module ID: /Users/pranay/Projects/AIMLGlossary/AIGlossaryPro/node_modules/d3-array/src/intersection.js
✓ Vendor chunk matched: /Users/pranay/Projects/AIMLGlossary/AIGlossaryPro/node_modules/d3-array/src/intersection.js
Module ID: /Users/pranay/Projects/AIMLGlossary/AIGlossaryPro/node_modules/d3-array/src/subset.js
✓ Vendor chunk matched: /Users/pranay/Projects/AIMLGlossary/AIGlossaryPro/node_modules/d3-array/src/subset.js
Module ID: /Users/pranay/Projects/AIMLGlossary/AIGlossaryPro/node_modules/d3-array/src/superset.js
✓ Vendor chunk matched: /Users/pranay/Projects/AIMLGlossary/AIGlossaryPro/node_modules/d3-array/src/superset.js
Module ID: /Users/pranay/Projects/AIMLGlossary/AIGlossaryPro/node_modules/d3-array/src/union.js
✓ Vendor chunk matched: /Users/pranay/Projects/AIMLGlossary/AIGlossaryPro/node_modules/d3-array/src/union.js
Module ID: /Users/pranay/Projects/AIMLGlossary/AIGlossaryPro/node_modules/internmap/src/index.js
✓ Vendor chunk matched: /Users/pranay/Projects/AIMLGlossary/AIGlossaryPro/node_modules/internmap/src/index.js
Module ID: /Users/pranay/Projects/AIMLGlossary/AIGlossaryPro/node_modules/d3-brush/src/brush.js
✓ Vendor chunk matched: /Users/pranay/Projects/AIMLGlossary/AIGlossaryPro/node_modules/d3-brush/src/brush.js
Module ID: /Users/pranay/Projects/AIMLGlossary/AIGlossaryPro/node_modules/d3-chord/src/chord.js
✓ Vendor chunk matched: /Users/pranay/Projects/AIMLGlossary/AIGlossaryPro/node_modules/d3-chord/src/chord.js
Module ID: /Users/pranay/Projects/AIMLGlossary/AIGlossaryPro/node_modules/d3-chord/src/ribbon.js
✓ Vendor chunk matched: /Users/pranay/Projects/AIMLGlossary/AIGlossaryPro/node_modules/d3-chord/src/ribbon.js
Module ID: /Users/pranay/Projects/AIMLGlossary/AIGlossaryPro/node_modules/d3-contour/src/contours.js
✓ Vendor chunk matched: /Users/pranay/Projects/AIMLGlossary/AIGlossaryPro/node_modules/d3-contour/src/contours.js
Module ID: /Users/pranay/Projects/AIMLGlossary/AIGlossaryPro/node_modules/d3-contour/src/density.js
✓ Vendor chunk matched: /Users/pranay/Projects/AIMLGlossary/AIGlossaryPro/node_modules/d3-contour/src/density.js
Module ID: /Users/pranay/Projects/AIMLGlossary/AIGlossaryPro/node_modules/d3-color/src/color.js
✓ Vendor chunk matched: /Users/pranay/Projects/AIMLGlossary/AIGlossaryPro/node_modules/d3-color/src/color.js
Module ID: /Users/pranay/Projects/AIMLGlossary/AIGlossaryPro/node_modules/d3-color/src/lab.js
✓ Vendor chunk matched: /Users/pranay/Projects/AIMLGlossary/AIGlossaryPro/node_modules/d3-color/src/lab.js
Module ID: /Users/pranay/Projects/AIMLGlossary/AIGlossaryPro/node_modules/d3-color/src/cubehelix.js
✓ Vendor chunk matched: /Users/pranay/Projects/AIMLGlossary/AIGlossaryPro/node_modules/d3-color/src/cubehelix.js
Module ID: /Users/pranay/Projects/AIMLGlossary/AIGlossaryPro/node_modules/d3-delaunay/src/delaunay.js
✓ Vendor chunk matched: /Users/pranay/Projects/AIMLGlossary/AIGlossaryPro/node_modules/d3-delaunay/src/delaunay.js
Module ID: /Users/pranay/Projects/AIMLGlossary/AIGlossaryPro/node_modules/d3-delaunay/src/voronoi.js
✓ Vendor chunk matched: /Users/pranay/Projects/AIMLGlossary/AIGlossaryPro/node_modules/d3-delaunay/src/voronoi.js
Module ID: /Users/pranay/Projects/AIMLGlossary/AIGlossaryPro/node_modules/d3-dispatch/src/dispatch.js
✓ Vendor chunk matched: /Users/pranay/Projects/AIMLGlossary/AIGlossaryPro/node_modules/d3-dispatch/src/dispatch.js
Module ID: /Users/pranay/Projects/AIMLGlossary/AIGlossaryPro/node_modules/d3-drag/src/drag.js
✓ Vendor chunk matched: /Users/pranay/Projects/AIMLGlossary/AIGlossaryPro/node_modules/d3-drag/src/drag.js
Module ID: /Users/pranay/Projects/AIMLGlossary/AIGlossaryPro/node_modules/d3-drag/src/nodrag.js
✓ Vendor chunk matched: /Users/pranay/Projects/AIMLGlossary/AIGlossaryPro/node_modules/d3-drag/src/nodrag.js
Module ID: /Users/pranay/Projects/AIMLGlossary/AIGlossaryPro/node_modules/d3-dsv/src/dsv.js
✓ Vendor chunk matched: /Users/pranay/Projects/AIMLGlossary/AIGlossaryPro/node_modules/d3-dsv/src/dsv.js
Module ID: /Users/pranay/Projects/AIMLGlossary/AIGlossaryPro/node_modules/d3-dsv/src/csv.js
✓ Vendor chunk matched: /Users/pranay/Projects/AIMLGlossary/AIGlossaryPro/node_modules/d3-dsv/src/csv.js
Module ID: /Users/pranay/Projects/AIMLGlossary/AIGlossaryPro/node_modules/d3-dsv/src/tsv.js
✓ Vendor chunk matched: /Users/pranay/Projects/AIMLGlossary/AIGlossaryPro/node_modules/d3-dsv/src/tsv.js
Module ID: /Users/pranay/Projects/AIMLGlossary/AIGlossaryPro/node_modules/d3-dsv/src/autoType.js
✓ Vendor chunk matched: /Users/pranay/Projects/AIMLGlossary/AIGlossaryPro/node_modules/d3-dsv/src/autoType.js
Module ID: /Users/pranay/Projects/AIMLGlossary/AIGlossaryPro/node_modules/d3-fetch/src/blob.js
✓ Vendor chunk matched: /Users/pranay/Projects/AIMLGlossary/AIGlossaryPro/node_modules/d3-fetch/src/blob.js
Module ID: /Users/pranay/Projects/AIMLGlossary/AIGlossaryPro/node_modules/d3-fetch/src/buffer.js
✓ Vendor chunk matched: /Users/pranay/Projects/AIMLGlossary/AIGlossaryPro/node_modules/d3-fetch/src/buffer.js
Module ID: /Users/pranay/Projects/AIMLGlossary/AIGlossaryPro/node_modules/d3-fetch/src/dsv.js
✓ Vendor chunk matched: /Users/pranay/Projects/AIMLGlossary/AIGlossaryPro/node_modules/d3-fetch/src/dsv.js
Module ID: /Users/pranay/Projects/AIMLGlossary/AIGlossaryPro/node_modules/d3-fetch/src/image.js
✓ Vendor chunk matched: /Users/pranay/Projects/AIMLGlossary/AIGlossaryPro/node_modules/d3-fetch/src/image.js
Module ID: /Users/pranay/Projects/AIMLGlossary/AIGlossaryPro/node_modules/d3-fetch/src/json.js
✓ Vendor chunk matched: /Users/pranay/Projects/AIMLGlossary/AIGlossaryPro/node_modules/d3-fetch/src/json.js
Module ID: /Users/pranay/Projects/AIMLGlossary/AIGlossaryPro/node_modules/d3-fetch/src/text.js
✓ Vendor chunk matched: /Users/pranay/Projects/AIMLGlossary/AIGlossaryPro/node_modules/d3-fetch/src/text.js
Module ID: /Users/pranay/Projects/AIMLGlossary/AIGlossaryPro/node_modules/d3-fetch/src/xml.js
✓ Vendor chunk matched: /Users/pranay/Projects/AIMLGlossary/AIGlossaryPro/node_modules/d3-fetch/src/xml.js
Module ID: /Users/pranay/Projects/AIMLGlossary/AIGlossaryPro/node_modules/d3-ease/src/linear.js
✓ Vendor chunk matched: /Users/pranay/Projects/AIMLGlossary/AIGlossaryPro/node_modules/d3-ease/src/linear.js
Module ID: /Users/pranay/Projects/AIMLGlossary/AIGlossaryPro/node_modules/d3-ease/src/quad.js
✓ Vendor chunk matched: /Users/pranay/Projects/AIMLGlossary/AIGlossaryPro/node_modules/d3-ease/src/quad.js
Module ID: /Users/pranay/Projects/AIMLGlossary/AIGlossaryPro/node_modules/d3-ease/src/cubic.js
✓ Vendor chunk matched: /Users/pranay/Projects/AIMLGlossary/AIGlossaryPro/node_modules/d3-ease/src/cubic.js
Module ID: /Users/pranay/Projects/AIMLGlossary/AIGlossaryPro/node_modules/d3-ease/src/poly.js
✓ Vendor chunk matched: /Users/pranay/Projects/AIMLGlossary/AIGlossaryPro/node_modules/d3-ease/src/poly.js
Module ID: /Users/pranay/Projects/AIMLGlossary/AIGlossaryPro/node_modules/d3-ease/src/sin.js
✓ Vendor chunk matched: /Users/pranay/Projects/AIMLGlossary/AIGlossaryPro/node_modules/d3-ease/src/sin.js
Module ID: /Users/pranay/Projects/AIMLGlossary/AIGlossaryPro/node_modules/d3-ease/src/exp.js
✓ Vendor chunk matched: /Users/pranay/Projects/AIMLGlossary/AIGlossaryPro/node_modules/d3-ease/src/exp.js
Module ID: /Users/pranay/Projects/AIMLGlossary/AIGlossaryPro/node_modules/d3-ease/src/circle.js
✓ Vendor chunk matched: /Users/pranay/Projects/AIMLGlossary/AIGlossaryPro/node_modules/d3-ease/src/circle.js
Module ID: /Users/pranay/Projects/AIMLGlossary/AIGlossaryPro/node_modules/d3-ease/src/bounce.js
✓ Vendor chunk matched: /Users/pranay/Projects/AIMLGlossary/AIGlossaryPro/node_modules/d3-ease/src/bounce.js
Module ID: /Users/pranay/Projects/AIMLGlossary/AIGlossaryPro/node_modules/d3-ease/src/back.js
✓ Vendor chunk matched: /Users/pranay/Projects/AIMLGlossary/AIGlossaryPro/node_modules/d3-ease/src/back.js
Module ID: /Users/pranay/Projects/AIMLGlossary/AIGlossaryPro/node_modules/d3-ease/src/elastic.js
✓ Vendor chunk matched: /Users/pranay/Projects/AIMLGlossary/AIGlossaryPro/node_modules/d3-ease/src/elastic.js
Module ID: /Users/pranay/Projects/AIMLGlossary/AIGlossaryPro/node_modules/d3-force/src/center.js
✓ Vendor chunk matched: /Users/pranay/Projects/AIMLGlossary/AIGlossaryPro/node_modules/d3-force/src/center.js
Module ID: /Users/pranay/Projects/AIMLGlossary/AIGlossaryPro/node_modules/d3-force/src/collide.js
✓ Vendor chunk matched: /Users/pranay/Projects/AIMLGlossary/AIGlossaryPro/node_modules/d3-force/src/collide.js
Module ID: /Users/pranay/Projects/AIMLGlossary/AIGlossaryPro/node_modules/d3-force/src/link.js
✓ Vendor chunk matched: /Users/pranay/Projects/AIMLGlossary/AIGlossaryPro/node_modules/d3-force/src/link.js
Module ID: /Users/pranay/Projects/AIMLGlossary/AIGlossaryPro/node_modules/d3-force/src/manyBody.js
✓ Vendor chunk matched: /Users/pranay/Projects/AIMLGlossary/AIGlossaryPro/node_modules/d3-force/src/manyBody.js
Module ID: /Users/pranay/Projects/AIMLGlossary/AIGlossaryPro/node_modules/d3-force/src/radial.js
✓ Vendor chunk matched: /Users/pranay/Projects/AIMLGlossary/AIGlossaryPro/node_modules/d3-force/src/radial.js
Module ID: /Users/pranay/Projects/AIMLGlossary/AIGlossaryPro/node_modules/d3-force/src/simulation.js
✓ Vendor chunk matched: /Users/pranay/Projects/AIMLGlossary/AIGlossaryPro/node_modules/d3-force/src/simulation.js
Module ID: /Users/pranay/Projects/AIMLGlossary/AIGlossaryPro/node_modules/d3-force/src/x.js
✓ Vendor chunk matched: /Users/pranay/Projects/AIMLGlossary/AIGlossaryPro/node_modules/d3-force/src/x.js
Module ID: /Users/pranay/Projects/AIMLGlossary/AIGlossaryPro/node_modules/d3-force/src/y.js
✓ Vendor chunk matched: /Users/pranay/Projects/AIMLGlossary/AIGlossaryPro/node_modules/d3-force/src/y.js
Module ID: /Users/pranay/Projects/AIMLGlossary/AIGlossaryPro/node_modules/d3-format/src/defaultLocale.js
✓ Vendor chunk matched: /Users/pranay/Projects/AIMLGlossary/AIGlossaryPro/node_modules/d3-format/src/defaultLocale.js
Module ID: /Users/pranay/Projects/AIMLGlossary/AIGlossaryPro/node_modules/d3-format/src/locale.js
✓ Vendor chunk matched: /Users/pranay/Projects/AIMLGlossary/AIGlossaryPro/node_modules/d3-format/src/locale.js
Module ID: /Users/pranay/Projects/AIMLGlossary/AIGlossaryPro/node_modules/d3-format/src/formatSpecifier.js
✓ Vendor chunk matched: /Users/pranay/Projects/AIMLGlossary/AIGlossaryPro/node_modules/d3-format/src/formatSpecifier.js
Module ID: /Users/pranay/Projects/AIMLGlossary/AIGlossaryPro/node_modules/d3-format/src/precisionFixed.js
✓ Vendor chunk matched: /Users/pranay/Projects/AIMLGlossary/AIGlossaryPro/node_modules/d3-format/src/precisionFixed.js
Module ID: /Users/pranay/Projects/AIMLGlossary/AIGlossaryPro/node_modules/d3-format/src/precisionPrefix.js
✓ Vendor chunk matched: /Users/pranay/Projects/AIMLGlossary/AIGlossaryPro/node_modules/d3-format/src/precisionPrefix.js
Module ID: /Users/pranay/Projects/AIMLGlossary/AIGlossaryPro/node_modules/d3-format/src/precisionRound.js
✓ Vendor chunk matched: /Users/pranay/Projects/AIMLGlossary/AIGlossaryPro/node_modules/d3-format/src/precisionRound.js
Module ID: /Users/pranay/Projects/AIMLGlossary/AIGlossaryPro/node_modules/d3-geo/src/area.js
✓ Vendor chunk matched: /Users/pranay/Projects/AIMLGlossary/AIGlossaryPro/node_modules/d3-geo/src/area.js
Module ID: /Users/pranay/Projects/AIMLGlossary/AIGlossaryPro/node_modules/d3-geo/src/bounds.js
✓ Vendor chunk matched: /Users/pranay/Projects/AIMLGlossary/AIGlossaryPro/node_modules/d3-geo/src/bounds.js
Module ID: /Users/pranay/Projects/AIMLGlossary/AIGlossaryPro/node_modules/d3-geo/src/centroid.js
✓ Vendor chunk matched: /Users/pranay/Projects/AIMLGlossary/AIGlossaryPro/node_modules/d3-geo/src/centroid.js
Module ID: /Users/pranay/Projects/AIMLGlossary/AIGlossaryPro/node_modules/d3-geo/src/circle.js
✓ Vendor chunk matched: /Users/pranay/Projects/AIMLGlossary/AIGlossaryPro/node_modules/d3-geo/src/circle.js
Module ID: /Users/pranay/Projects/AIMLGlossary/AIGlossaryPro/node_modules/d3-geo/src/clip/antimeridian.js
✓ Vendor chunk matched: /Users/pranay/Projects/AIMLGlossary/AIGlossaryPro/node_modules/d3-geo/src/clip/antimeridian.js
Module ID: /Users/pranay/Projects/AIMLGlossary/AIGlossaryPro/node_modules/d3-geo/src/clip/circle.js
✓ Vendor chunk matched: /Users/pranay/Projects/AIMLGlossary/AIGlossaryPro/node_modules/d3-geo/src/clip/circle.js
Module ID: /Users/pranay/Projects/AIMLGlossary/AIGlossaryPro/node_modules/d3-geo/src/clip/extent.js
✓ Vendor chunk matched: /Users/pranay/Projects/AIMLGlossary/AIGlossaryPro/node_modules/d3-geo/src/clip/extent.js
Module ID: /Users/pranay/Projects/AIMLGlossary/AIGlossaryPro/node_modules/d3-geo/src/clip/rectangle.js
✓ Vendor chunk matched: /Users/pranay/Projects/AIMLGlossary/AIGlossaryPro/node_modules/d3-geo/src/clip/rectangle.js
Module ID: /Users/pranay/Projects/AIMLGlossary/AIGlossaryPro/node_modules/d3-geo/src/contains.js
✓ Vendor chunk matched: /Users/pranay/Projects/AIMLGlossary/AIGlossaryPro/node_modules/d3-geo/src/contains.js
Module ID: /Users/pranay/Projects/AIMLGlossary/AIGlossaryPro/node_modules/d3-geo/src/distance.js
✓ Vendor chunk matched: /Users/pranay/Projects/AIMLGlossary/AIGlossaryPro/node_modules/d3-geo/src/distance.js
Module ID: /Users/pranay/Projects/AIMLGlossary/AIGlossaryPro/node_modules/d3-geo/src/graticule.js
✓ Vendor chunk matched: /Users/pranay/Projects/AIMLGlossary/AIGlossaryPro/node_modules/d3-geo/src/graticule.js
Module ID: /Users/pranay/Projects/AIMLGlossary/AIGlossaryPro/node_modules/d3-geo/src/interpolate.js
✓ Vendor chunk matched: /Users/pranay/Projects/AIMLGlossary/AIGlossaryPro/node_modules/d3-geo/src/interpolate.js
Module ID: /Users/pranay/Projects/AIMLGlossary/AIGlossaryPro/node_modules/d3-geo/src/length.js
✓ Vendor chunk matched: /Users/pranay/Projects/AIMLGlossary/AIGlossaryPro/node_modules/d3-geo/src/length.js
Module ID: /Users/pranay/Projects/AIMLGlossary/AIGlossaryPro/node_modules/d3-geo/src/path/index.js
✓ Vendor chunk matched: /Users/pranay/Projects/AIMLGlossary/AIGlossaryPro/node_modules/d3-geo/src/path/index.js
Module ID: /Users/pranay/Projects/AIMLGlossary/AIGlossaryPro/node_modules/d3-geo/src/projection/albers.js
✓ Vendor chunk matched: /Users/pranay/Projects/AIMLGlossary/AIGlossaryPro/node_modules/d3-geo/src/projection/albers.js
Module ID: /Users/pranay/Projects/AIMLGlossary/AIGlossaryPro/node_modules/d3-geo/src/projection/albersUsa.js
✓ Vendor chunk matched: /Users/pranay/Projects/AIMLGlossary/AIGlossaryPro/node_modules/d3-geo/src/projection/albersUsa.js
Module ID: /Users/pranay/Projects/AIMLGlossary/AIGlossaryPro/node_modules/d3-geo/src/projection/azimuthalEqualArea.js
✓ Vendor chunk matched: /Users/pranay/Projects/AIMLGlossary/AIGlossaryPro/node_modules/d3-geo/src/projection/azimuthalEqualArea.js
Module ID: /Users/pranay/Projects/AIMLGlossary/AIGlossaryPro/node_modules/d3-geo/src/projection/azimuthalEquidistant.js
✓ Vendor chunk matched: /Users/pranay/Projects/AIMLGlossary/AIGlossaryPro/node_modules/d3-geo/src/projection/azimuthalEquidistant.js
Module ID: /Users/pranay/Projects/AIMLGlossary/AIGlossaryPro/node_modules/d3-geo/src/projection/conicConformal.js
✓ Vendor chunk matched: /Users/pranay/Projects/AIMLGlossary/AIGlossaryPro/node_modules/d3-geo/src/projection/conicConformal.js
Module ID: /Users/pranay/Projects/AIMLGlossary/AIGlossaryPro/node_modules/d3-geo/src/projection/conicEqualArea.js
✓ Vendor chunk matched: /Users/pranay/Projects/AIMLGlossary/AIGlossaryPro/node_modules/d3-geo/src/projection/conicEqualArea.js
Module ID: /Users/pranay/Projects/AIMLGlossary/AIGlossaryPro/node_modules/d3-geo/src/projection/conicEquidistant.js
✓ Vendor chunk matched: /Users/pranay/Projects/AIMLGlossary/AIGlossaryPro/node_modules/d3-geo/src/projection/conicEquidistant.js
Module ID: /Users/pranay/Projects/AIMLGlossary/AIGlossaryPro/node_modules/d3-geo/src/projection/equalEarth.js
✓ Vendor chunk matched: /Users/pranay/Projects/AIMLGlossary/AIGlossaryPro/node_modules/d3-geo/src/projection/equalEarth.js
Module ID: /Users/pranay/Projects/AIMLGlossary/AIGlossaryPro/node_modules/d3-geo/src/projection/equirectangular.js
✓ Vendor chunk matched: /Users/pranay/Projects/AIMLGlossary/AIGlossaryPro/node_modules/d3-geo/src/projection/equirectangular.js
Module ID: /Users/pranay/Projects/AIMLGlossary/AIGlossaryPro/node_modules/d3-geo/src/projection/gnomonic.js
✓ Vendor chunk matched: /Users/pranay/Projects/AIMLGlossary/AIGlossaryPro/node_modules/d3-geo/src/projection/gnomonic.js
Module ID: /Users/pranay/Projects/AIMLGlossary/AIGlossaryPro/node_modules/d3-geo/src/projection/identity.js
✓ Vendor chunk matched: /Users/pranay/Projects/AIMLGlossary/AIGlossaryPro/node_modules/d3-geo/src/projection/identity.js
Module ID: /Users/pranay/Projects/AIMLGlossary/AIGlossaryPro/node_modules/d3-geo/src/projection/index.js
✓ Vendor chunk matched: /Users/pranay/Projects/AIMLGlossary/AIGlossaryPro/node_modules/d3-geo/src/projection/index.js
Module ID: /Users/pranay/Projects/AIMLGlossary/AIGlossaryPro/node_modules/d3-geo/src/projection/mercator.js
✓ Vendor chunk matched: /Users/pranay/Projects/AIMLGlossary/AIGlossaryPro/node_modules/d3-geo/src/projection/mercator.js
Module ID: /Users/pranay/Projects/AIMLGlossary/AIGlossaryPro/node_modules/d3-geo/src/projection/naturalEarth1.js
✓ Vendor chunk matched: /Users/pranay/Projects/AIMLGlossary/AIGlossaryPro/node_modules/d3-geo/src/projection/naturalEarth1.js
Module ID: /Users/pranay/Projects/AIMLGlossary/AIGlossaryPro/node_modules/d3-geo/src/projection/orthographic.js
✓ Vendor chunk matched: /Users/pranay/Projects/AIMLGlossary/AIGlossaryPro/node_modules/d3-geo/src/projection/orthographic.js
Module ID: /Users/pranay/Projects/AIMLGlossary/AIGlossaryPro/node_modules/d3-geo/src/projection/stereographic.js
✓ Vendor chunk matched: /Users/pranay/Projects/AIMLGlossary/AIGlossaryPro/node_modules/d3-geo/src/projection/stereographic.js
Module ID: /Users/pranay/Projects/AIMLGlossary/AIGlossaryPro/node_modules/d3-geo/src/projection/transverseMercator.js
✓ Vendor chunk matched: /Users/pranay/Projects/AIMLGlossary/AIGlossaryPro/node_modules/d3-geo/src/projection/transverseMercator.js
Module ID: /Users/pranay/Projects/AIMLGlossary/AIGlossaryPro/node_modules/d3-geo/src/rotation.js
✓ Vendor chunk matched: /Users/pranay/Projects/AIMLGlossary/AIGlossaryPro/node_modules/d3-geo/src/rotation.js
Module ID: /Users/pranay/Projects/AIMLGlossary/AIGlossaryPro/node_modules/d3-geo/src/stream.js
✓ Vendor chunk matched: /Users/pranay/Projects/AIMLGlossary/AIGlossaryPro/node_modules/d3-geo/src/stream.js
Module ID: /Users/pranay/Projects/AIMLGlossary/AIGlossaryPro/node_modules/d3-geo/src/transform.js
✓ Vendor chunk matched: /Users/pranay/Projects/AIMLGlossary/AIGlossaryPro/node_modules/d3-geo/src/transform.js
Module ID: /Users/pranay/Projects/AIMLGlossary/AIGlossaryPro/node_modules/d3-path/src/path.js
✓ Vendor chunk matched: /Users/pranay/Projects/AIMLGlossary/AIGlossaryPro/node_modules/d3-path/src/path.js
Module ID: /Users/pranay/Projects/AIMLGlossary/AIGlossaryPro/node_modules/d3-interpolate/src/value.js
✓ Vendor chunk matched: /Users/pranay/Projects/AIMLGlossary/AIGlossaryPro/node_modules/d3-interpolate/src/value.js
Module ID: /Users/pranay/Projects/AIMLGlossary/AIGlossaryPro/node_modules/d3-interpolate/src/array.js
✓ Vendor chunk matched: /Users/pranay/Projects/AIMLGlossary/AIGlossaryPro/node_modules/d3-interpolate/src/array.js
Module ID: /Users/pranay/Projects/AIMLGlossary/AIGlossaryPro/node_modules/d3-interpolate/src/basis.js
✓ Vendor chunk matched: /Users/pranay/Projects/AIMLGlossary/AIGlossaryPro/node_modules/d3-interpolate/src/basis.js
Module ID: /Users/pranay/Projects/AIMLGlossary/AIGlossaryPro/node_modules/d3-interpolate/src/basisClosed.js
✓ Vendor chunk matched: /Users/pranay/Projects/AIMLGlossary/AIGlossaryPro/node_modules/d3-interpolate/src/basisClosed.js
Module ID: /Users/pranay/Projects/AIMLGlossary/AIGlossaryPro/node_modules/d3-interpolate/src/date.js
✓ Vendor chunk matched: /Users/pranay/Projects/AIMLGlossary/AIGlossaryPro/node_modules/d3-interpolate/src/date.js
Module ID: /Users/pranay/Projects/AIMLGlossary/AIGlossaryPro/node_modules/d3-interpolate/src/discrete.js
✓ Vendor chunk matched: /Users/pranay/Projects/AIMLGlossary/AIGlossaryPro/node_modules/d3-interpolate/src/discrete.js
Module ID: /Users/pranay/Projects/AIMLGlossary/AIGlossaryPro/node_modules/d3-interpolate/src/hue.js
✓ Vendor chunk matched: /Users/pranay/Projects/AIMLGlossary/AIGlossaryPro/node_modules/d3-interpolate/src/hue.js
Module ID: /Users/pranay/Projects/AIMLGlossary/AIGlossaryPro/node_modules/d3-interpolate/src/number.js
✓ Vendor chunk matched: /Users/pranay/Projects/AIMLGlossary/AIGlossaryPro/node_modules/d3-interpolate/src/number.js
Module ID: /Users/pranay/Projects/AIMLGlossary/AIGlossaryPro/node_modules/d3-interpolate/src/numberArray.js
✓ Vendor chunk matched: /Users/pranay/Projects/AIMLGlossary/AIGlossaryPro/node_modules/d3-interpolate/src/numberArray.js
Module ID: /Users/pranay/Projects/AIMLGlossary/AIGlossaryPro/node_modules/d3-interpolate/src/object.js
✓ Vendor chunk matched: /Users/pranay/Projects/AIMLGlossary/AIGlossaryPro/node_modules/d3-interpolate/src/object.js
Module ID: /Users/pranay/Projects/AIMLGlossary/AIGlossaryPro/node_modules/d3-interpolate/src/round.js
✓ Vendor chunk matched: /Users/pranay/Projects/AIMLGlossary/AIGlossaryPro/node_modules/d3-interpolate/src/round.js
Module ID: /Users/pranay/Projects/AIMLGlossary/AIGlossaryPro/node_modules/d3-interpolate/src/string.js
✓ Vendor chunk matched: /Users/pranay/Projects/AIMLGlossary/AIGlossaryPro/node_modules/d3-interpolate/src/string.js
Module ID: /Users/pranay/Projects/AIMLGlossary/AIGlossaryPro/node_modules/d3-interpolate/src/transform/index.js
✓ Vendor chunk matched: /Users/pranay/Projects/AIMLGlossary/AIGlossaryPro/node_modules/d3-interpolate/src/transform/index.js
Module ID: /Users/pranay/Projects/AIMLGlossary/AIGlossaryPro/node_modules/d3-interpolate/src/zoom.js
✓ Vendor chunk matched: /Users/pranay/Projects/AIMLGlossary/AIGlossaryPro/node_modules/d3-interpolate/src/zoom.js
Module ID: /Users/pranay/Projects/AIMLGlossary/AIGlossaryPro/node_modules/d3-interpolate/src/rgb.js
✓ Vendor chunk matched: /Users/pranay/Projects/AIMLGlossary/AIGlossaryPro/node_modules/d3-interpolate/src/rgb.js
Module ID: /Users/pranay/Projects/AIMLGlossary/AIGlossaryPro/node_modules/d3-interpolate/src/hsl.js
✓ Vendor chunk matched: /Users/pranay/Projects/AIMLGlossary/AIGlossaryPro/node_modules/d3-interpolate/src/hsl.js
Module ID: /Users/pranay/Projects/AIMLGlossary/AIGlossaryPro/node_modules/d3-interpolate/src/lab.js
✓ Vendor chunk matched: /Users/pranay/Projects/AIMLGlossary/AIGlossaryPro/node_modules/d3-interpolate/src/lab.js
Module ID: /Users/pranay/Projects/AIMLGlossary/AIGlossaryPro/node_modules/d3-interpolate/src/hcl.js
✓ Vendor chunk matched: /Users/pranay/Projects/AIMLGlossary/AIGlossaryPro/node_modules/d3-interpolate/src/hcl.js
Module ID: /Users/pranay/Projects/AIMLGlossary/AIGlossaryPro/node_modules/d3-interpolate/src/cubehelix.js
✓ Vendor chunk matched: /Users/pranay/Projects/AIMLGlossary/AIGlossaryPro/node_modules/d3-interpolate/src/cubehelix.js
Module ID: /Users/pranay/Projects/AIMLGlossary/AIGlossaryPro/node_modules/d3-interpolate/src/piecewise.js
✓ Vendor chunk matched: /Users/pranay/Projects/AIMLGlossary/AIGlossaryPro/node_modules/d3-interpolate/src/piecewise.js
Module ID: /Users/pranay/Projects/AIMLGlossary/AIGlossaryPro/node_modules/d3-interpolate/src/quantize.js
✓ Vendor chunk matched: /Users/pranay/Projects/AIMLGlossary/AIGlossaryPro/node_modules/d3-interpolate/src/quantize.js
Module ID: /Users/pranay/Projects/AIMLGlossary/AIGlossaryPro/node_modules/d3-hierarchy/src/cluster.js
✓ Vendor chunk matched: /Users/pranay/Projects/AIMLGlossary/AIGlossaryPro/node_modules/d3-hierarchy/src/cluster.js
Module ID: /Users/pranay/Projects/AIMLGlossary/AIGlossaryPro/node_modules/d3-hierarchy/src/hierarchy/index.js
✓ Vendor chunk matched: /Users/pranay/Projects/AIMLGlossary/AIGlossaryPro/node_modules/d3-hierarchy/src/hierarchy/index.js
Module ID: /Users/pranay/Projects/AIMLGlossary/AIGlossaryPro/node_modules/d3-hierarchy/src/pack/index.js
✓ Vendor chunk matched: /Users/pranay/Projects/AIMLGlossary/AIGlossaryPro/node_modules/d3-hierarchy/src/pack/index.js
Module ID: /Users/pranay/Projects/AIMLGlossary/AIGlossaryPro/node_modules/d3-hierarchy/src/pack/siblings.js
✓ Vendor chunk matched: /Users/pranay/Projects/AIMLGlossary/AIGlossaryPro/node_modules/d3-hierarchy/src/pack/siblings.js
Module ID: /Users/pranay/Projects/AIMLGlossary/AIGlossaryPro/node_modules/d3-hierarchy/src/pack/enclose.js
✓ Vendor chunk matched: /Users/pranay/Projects/AIMLGlossary/AIGlossaryPro/node_modules/d3-hierarchy/src/pack/enclose.js
Module ID: /Users/pranay/Projects/AIMLGlossary/AIGlossaryPro/node_modules/d3-hierarchy/src/partition.js
✓ Vendor chunk matched: /Users/pranay/Projects/AIMLGlossary/AIGlossaryPro/node_modules/d3-hierarchy/src/partition.js
Module ID: /Users/pranay/Projects/AIMLGlossary/AIGlossaryPro/node_modules/d3-hierarchy/src/stratify.js
✓ Vendor chunk matched: /Users/pranay/Projects/AIMLGlossary/AIGlossaryPro/node_modules/d3-hierarchy/src/stratify.js
Module ID: /Users/pranay/Projects/AIMLGlossary/AIGlossaryPro/node_modules/d3-hierarchy/src/tree.js
✓ Vendor chunk matched: /Users/pranay/Projects/AIMLGlossary/AIGlossaryPro/node_modules/d3-hierarchy/src/tree.js
Module ID: /Users/pranay/Projects/AIMLGlossary/AIGlossaryPro/node_modules/d3-hierarchy/src/treemap/index.js
✓ Vendor chunk matched: /Users/pranay/Projects/AIMLGlossary/AIGlossaryPro/node_modules/d3-hierarchy/src/treemap/index.js
Module ID: /Users/pranay/Projects/AIMLGlossary/AIGlossaryPro/node_modules/d3-hierarchy/src/treemap/binary.js
✓ Vendor chunk matched: /Users/pranay/Projects/AIMLGlossary/AIGlossaryPro/node_modules/d3-hierarchy/src/treemap/binary.js
Module ID: /Users/pranay/Projects/AIMLGlossary/AIGlossaryPro/node_modules/d3-hierarchy/src/treemap/dice.js
✓ Vendor chunk matched: /Users/pranay/Projects/AIMLGlossary/AIGlossaryPro/node_modules/d3-hierarchy/src/treemap/dice.js
Module ID: /Users/pranay/Projects/AIMLGlossary/AIGlossaryPro/node_modules/d3-hierarchy/src/treemap/slice.js
✓ Vendor chunk matched: /Users/pranay/Projects/AIMLGlossary/AIGlossaryPro/node_modules/d3-hierarchy/src/treemap/slice.js
Module ID: /Users/pranay/Projects/AIMLGlossary/AIGlossaryPro/node_modules/d3-hierarchy/src/treemap/sliceDice.js
✓ Vendor chunk matched: /Users/pranay/Projects/AIMLGlossary/AIGlossaryPro/node_modules/d3-hierarchy/src/treemap/sliceDice.js
Module ID: /Users/pranay/Projects/AIMLGlossary/AIGlossaryPro/node_modules/d3-hierarchy/src/treemap/squarify.js
✓ Vendor chunk matched: /Users/pranay/Projects/AIMLGlossary/AIGlossaryPro/node_modules/d3-hierarchy/src/treemap/squarify.js
Module ID: /Users/pranay/Projects/AIMLGlossary/AIGlossaryPro/node_modules/d3-hierarchy/src/treemap/resquarify.js
✓ Vendor chunk matched: /Users/pranay/Projects/AIMLGlossary/AIGlossaryPro/node_modules/d3-hierarchy/src/treemap/resquarify.js
Module ID: /Users/pranay/Projects/AIMLGlossary/AIGlossaryPro/node_modules/d3-quadtree/src/quadtree.js
✓ Vendor chunk matched: /Users/pranay/Projects/AIMLGlossary/AIGlossaryPro/node_modules/d3-quadtree/src/quadtree.js
Module ID: /Users/pranay/Projects/AIMLGlossary/AIGlossaryPro/node_modules/d3-random/src/uniform.js
✓ Vendor chunk matched: /Users/pranay/Projects/AIMLGlossary/AIGlossaryPro/node_modules/d3-random/src/uniform.js
Module ID: /Users/pranay/Projects/AIMLGlossary/AIGlossaryPro/node_modules/d3-random/src/int.js
✓ Vendor chunk matched: /Users/pranay/Projects/AIMLGlossary/AIGlossaryPro/node_modules/d3-random/src/int.js
Module ID: /Users/pranay/Projects/AIMLGlossary/AIGlossaryPro/node_modules/d3-random/src/normal.js
✓ Vendor chunk matched: /Users/pranay/Projects/AIMLGlossary/AIGlossaryPro/node_modules/d3-random/src/normal.js
Module ID: /Users/pranay/Projects/AIMLGlossary/AIGlossaryPro/node_modules/d3-random/src/logNormal.js
✓ Vendor chunk matched: /Users/pranay/Projects/AIMLGlossary/AIGlossaryPro/node_modules/d3-random/src/logNormal.js
Module ID: /Users/pranay/Projects/AIMLGlossary/AIGlossaryPro/node_modules/d3-random/src/bates.js
✓ Vendor chunk matched: /Users/pranay/Projects/AIMLGlossary/AIGlossaryPro/node_modules/d3-random/src/bates.js
Module ID: /Users/pranay/Projects/AIMLGlossary/AIGlossaryPro/node_modules/d3-random/src/irwinHall.js
✓ Vendor chunk matched: /Users/pranay/Projects/AIMLGlossary/AIGlossaryPro/node_modules/d3-random/src/irwinHall.js
Module ID: /Users/pranay/Projects/AIMLGlossary/AIGlossaryPro/node_modules/d3-random/src/exponential.js
✓ Vendor chunk matched: /Users/pranay/Projects/AIMLGlossary/AIGlossaryPro/node_modules/d3-random/src/exponential.js
Module ID: /Users/pranay/Projects/AIMLGlossary/AIGlossaryPro/node_modules/d3-random/src/pareto.js
✓ Vendor chunk matched: /Users/pranay/Projects/AIMLGlossary/AIGlossaryPro/node_modules/d3-random/src/pareto.js
Module ID: /Users/pranay/Projects/AIMLGlossary/AIGlossaryPro/node_modules/d3-random/src/bernoulli.js
✓ Vendor chunk matched: /Users/pranay/Projects/AIMLGlossary/AIGlossaryPro/node_modules/d3-random/src/bernoulli.js
Module ID: /Users/pranay/Projects/AIMLGlossary/AIGlossaryPro/node_modules/d3-random/src/geometric.js
✓ Vendor chunk matched: /Users/pranay/Projects/AIMLGlossary/AIGlossaryPro/node_modules/d3-random/src/geometric.js
Module ID: /Users/pranay/Projects/AIMLGlossary/AIGlossaryPro/node_modules/d3-random/src/binomial.js
✓ Vendor chunk matched: /Users/pranay/Projects/AIMLGlossary/AIGlossaryPro/node_modules/d3-random/src/binomial.js
Module ID: /Users/pranay/Projects/AIMLGlossary/AIGlossaryPro/node_modules/d3-random/src/gamma.js
✓ Vendor chunk matched: /Users/pranay/Projects/AIMLGlossary/AIGlossaryPro/node_modules/d3-random/src/gamma.js
Module ID: /Users/pranay/Projects/AIMLGlossary/AIGlossaryPro/node_modules/d3-random/src/beta.js
✓ Vendor chunk matched: /Users/pranay/Projects/AIMLGlossary/AIGlossaryPro/node_modules/d3-random/src/beta.js
Module ID: /Users/pranay/Projects/AIMLGlossary/AIGlossaryPro/node_modules/d3-random/src/weibull.js
✓ Vendor chunk matched: /Users/pranay/Projects/AIMLGlossary/AIGlossaryPro/node_modules/d3-random/src/weibull.js
Module ID: /Users/pranay/Projects/AIMLGlossary/AIGlossaryPro/node_modules/d3-random/src/cauchy.js
✓ Vendor chunk matched: /Users/pranay/Projects/AIMLGlossary/AIGlossaryPro/node_modules/d3-random/src/cauchy.js
Module ID: /Users/pranay/Projects/AIMLGlossary/AIGlossaryPro/node_modules/d3-random/src/logistic.js
✓ Vendor chunk matched: /Users/pranay/Projects/AIMLGlossary/AIGlossaryPro/node_modules/d3-random/src/logistic.js
Module ID: /Users/pranay/Projects/AIMLGlossary/AIGlossaryPro/node_modules/d3-random/src/poisson.js
✓ Vendor chunk matched: /Users/pranay/Projects/AIMLGlossary/AIGlossaryPro/node_modules/d3-random/src/poisson.js
Module ID: /Users/pranay/Projects/AIMLGlossary/AIGlossaryPro/node_modules/d3-random/src/lcg.js
✓ Vendor chunk matched: /Users/pranay/Projects/AIMLGlossary/AIGlossaryPro/node_modules/d3-random/src/lcg.js
Module ID: /Users/pranay/Projects/AIMLGlossary/AIGlossaryPro/node_modules/d3-polygon/src/area.js
✓ Vendor chunk matched: /Users/pranay/Projects/AIMLGlossary/AIGlossaryPro/node_modules/d3-polygon/src/area.js
Module ID: /Users/pranay/Projects/AIMLGlossary/AIGlossaryPro/node_modules/d3-polygon/src/centroid.js
✓ Vendor chunk matched: /Users/pranay/Projects/AIMLGlossary/AIGlossaryPro/node_modules/d3-polygon/src/centroid.js
Module ID: /Users/pranay/Projects/AIMLGlossary/AIGlossaryPro/node_modules/d3-polygon/src/hull.js
✓ Vendor chunk matched: /Users/pranay/Projects/AIMLGlossary/AIGlossaryPro/node_modules/d3-polygon/src/hull.js
Module ID: /Users/pranay/Projects/AIMLGlossary/AIGlossaryPro/node_modules/d3-polygon/src/contains.js
✓ Vendor chunk matched: /Users/pranay/Projects/AIMLGlossary/AIGlossaryPro/node_modules/d3-polygon/src/contains.js
Module ID: /Users/pranay/Projects/AIMLGlossary/AIGlossaryPro/node_modules/d3-polygon/src/length.js
✓ Vendor chunk matched: /Users/pranay/Projects/AIMLGlossary/AIGlossaryPro/node_modules/d3-polygon/src/length.js
Module ID: /Users/pranay/Projects/AIMLGlossary/AIGlossaryPro/node_modules/d3-scale-chromatic/src/categorical/category10.js
✓ Vendor chunk matched: /Users/pranay/Projects/AIMLGlossary/AIGlossaryPro/node_modules/d3-scale-chromatic/src/categorical/category10.js
Module ID: /Users/pranay/Projects/AIMLGlossary/AIGlossaryPro/node_modules/d3-scale-chromatic/src/categorical/Accent.js
✓ Vendor chunk matched: /Users/pranay/Projects/AIMLGlossary/AIGlossaryPro/node_modules/d3-scale-chromatic/src/categorical/Accent.js
Module ID: /Users/pranay/Projects/AIMLGlossary/AIGlossaryPro/node_modules/d3-scale-chromatic/src/categorical/Dark2.js
✓ Vendor chunk matched: /Users/pranay/Projects/AIMLGlossary/AIGlossaryPro/node_modules/d3-scale-chromatic/src/categorical/Dark2.js
Module ID: /Users/pranay/Projects/AIMLGlossary/AIGlossaryPro/node_modules/d3-scale-chromatic/src/categorical/observable10.js
✓ Vendor chunk matched: /Users/pranay/Projects/AIMLGlossary/AIGlossaryPro/node_modules/d3-scale-chromatic/src/categorical/observable10.js
Module ID: /Users/pranay/Projects/AIMLGlossary/AIGlossaryPro/node_modules/d3-scale-chromatic/src/categorical/Paired.js
✓ Vendor chunk matched: /Users/pranay/Projects/AIMLGlossary/AIGlossaryPro/node_modules/d3-scale-chromatic/src/categorical/Paired.js
Module ID: /Users/pranay/Projects/AIMLGlossary/AIGlossaryPro/node_modules/d3-scale-chromatic/src/categorical/Pastel1.js
✓ Vendor chunk matched: /Users/pranay/Projects/AIMLGlossary/AIGlossaryPro/node_modules/d3-scale-chromatic/src/categorical/Pastel1.js
Module ID: /Users/pranay/Projects/AIMLGlossary/AIGlossaryPro/node_modules/d3-scale-chromatic/src/categorical/Pastel2.js
✓ Vendor chunk matched: /Users/pranay/Projects/AIMLGlossary/AIGlossaryPro/node_modules/d3-scale-chromatic/src/categorical/Pastel2.js
Module ID: /Users/pranay/Projects/AIMLGlossary/AIGlossaryPro/node_modules/d3-scale-chromatic/src/categorical/Set1.js
✓ Vendor chunk matched: /Users/pranay/Projects/AIMLGlossary/AIGlossaryPro/node_modules/d3-scale-chromatic/src/categorical/Set1.js
Module ID: /Users/pranay/Projects/AIMLGlossary/AIGlossaryPro/node_modules/d3-scale-chromatic/src/categorical/Set2.js
✓ Vendor chunk matched: /Users/pranay/Projects/AIMLGlossary/AIGlossaryPro/node_modules/d3-scale-chromatic/src/categorical/Set2.js
Module ID: /Users/pranay/Projects/AIMLGlossary/AIGlossaryPro/node_modules/d3-scale-chromatic/src/categorical/Set3.js
✓ Vendor chunk matched: /Users/pranay/Projects/AIMLGlossary/AIGlossaryPro/node_modules/d3-scale-chromatic/src/categorical/Set3.js
Module ID: /Users/pranay/Projects/AIMLGlossary/AIGlossaryPro/node_modules/d3-scale-chromatic/src/categorical/Tableau10.js
✓ Vendor chunk matched: /Users/pranay/Projects/AIMLGlossary/AIGlossaryPro/node_modules/d3-scale-chromatic/src/categorical/Tableau10.js
Module ID: /Users/pranay/Projects/AIMLGlossary/AIGlossaryPro/node_modules/d3-scale-chromatic/src/diverging/BrBG.js
✓ Vendor chunk matched: /Users/pranay/Projects/AIMLGlossary/AIGlossaryPro/node_modules/d3-scale-chromatic/src/diverging/BrBG.js
Module ID: /Users/pranay/Projects/AIMLGlossary/AIGlossaryPro/node_modules/d3-scale-chromatic/src/diverging/PRGn.js
✓ Vendor chunk matched: /Users/pranay/Projects/AIMLGlossary/AIGlossaryPro/node_modules/d3-scale-chromatic/src/diverging/PRGn.js
Module ID: /Users/pranay/Projects/AIMLGlossary/AIGlossaryPro/node_modules/d3-scale-chromatic/src/diverging/PiYG.js
✓ Vendor chunk matched: /Users/pranay/Projects/AIMLGlossary/AIGlossaryPro/node_modules/d3-scale-chromatic/src/diverging/PiYG.js
Module ID: /Users/pranay/Projects/AIMLGlossary/AIGlossaryPro/node_modules/d3-scale-chromatic/src/diverging/PuOr.js
✓ Vendor chunk matched: /Users/pranay/Projects/AIMLGlossary/AIGlossaryPro/node_modules/d3-scale-chromatic/src/diverging/PuOr.js
Module ID: /Users/pranay/Projects/AIMLGlossary/AIGlossaryPro/node_modules/d3-scale-chromatic/src/diverging/RdBu.js
✓ Vendor chunk matched: /Users/pranay/Projects/AIMLGlossary/AIGlossaryPro/node_modules/d3-scale-chromatic/src/diverging/RdBu.js
Module ID: /Users/pranay/Projects/AIMLGlossary/AIGlossaryPro/node_modules/d3-scale-chromatic/src/diverging/RdGy.js
✓ Vendor chunk matched: /Users/pranay/Projects/AIMLGlossary/AIGlossaryPro/node_modules/d3-scale-chromatic/src/diverging/RdGy.js
Module ID: /Users/pranay/Projects/AIMLGlossary/AIGlossaryPro/node_modules/d3-scale-chromatic/src/diverging/RdYlBu.js
✓ Vendor chunk matched: /Users/pranay/Projects/AIMLGlossary/AIGlossaryPro/node_modules/d3-scale-chromatic/src/diverging/RdYlBu.js
Module ID: /Users/pranay/Projects/AIMLGlossary/AIGlossaryPro/node_modules/d3-scale-chromatic/src/diverging/RdYlGn.js
✓ Vendor chunk matched: /Users/pranay/Projects/AIMLGlossary/AIGlossaryPro/node_modules/d3-scale-chromatic/src/diverging/RdYlGn.js
Module ID: /Users/pranay/Projects/AIMLGlossary/AIGlossaryPro/node_modules/d3-scale-chromatic/src/diverging/Spectral.js
✓ Vendor chunk matched: /Users/pranay/Projects/AIMLGlossary/AIGlossaryPro/node_modules/d3-scale-chromatic/src/diverging/Spectral.js
Module ID: /Users/pranay/Projects/AIMLGlossary/AIGlossaryPro/node_modules/d3-scale-chromatic/src/sequential-multi/BuGn.js
✓ Vendor chunk matched: /Users/pranay/Projects/AIMLGlossary/AIGlossaryPro/node_modules/d3-scale-chromatic/src/sequential-multi/BuGn.js
Module ID: /Users/pranay/Projects/AIMLGlossary/AIGlossaryPro/node_modules/d3-scale-chromatic/src/sequential-multi/BuPu.js
✓ Vendor chunk matched: /Users/pranay/Projects/AIMLGlossary/AIGlossaryPro/node_modules/d3-scale-chromatic/src/sequential-multi/BuPu.js
Module ID: /Users/pranay/Projects/AIMLGlossary/AIGlossaryPro/node_modules/d3-scale-chromatic/src/sequential-multi/GnBu.js
✓ Vendor chunk matched: /Users/pranay/Projects/AIMLGlossary/AIGlossaryPro/node_modules/d3-scale-chromatic/src/sequential-multi/GnBu.js
Module ID: /Users/pranay/Projects/AIMLGlossary/AIGlossaryPro/node_modules/d3-scale-chromatic/src/sequential-multi/OrRd.js
✓ Vendor chunk matched: /Users/pranay/Projects/AIMLGlossary/AIGlossaryPro/node_modules/d3-scale-chromatic/src/sequential-multi/OrRd.js
Module ID: /Users/pranay/Projects/AIMLGlossary/AIGlossaryPro/node_modules/d3-scale-chromatic/src/sequential-multi/PuBuGn.js
✓ Vendor chunk matched: /Users/pranay/Projects/AIMLGlossary/AIGlossaryPro/node_modules/d3-scale-chromatic/src/sequential-multi/PuBuGn.js
Module ID: /Users/pranay/Projects/AIMLGlossary/AIGlossaryPro/node_modules/d3-scale-chromatic/src/sequential-multi/PuBu.js
✓ Vendor chunk matched: /Users/pranay/Projects/AIMLGlossary/AIGlossaryPro/node_modules/d3-scale-chromatic/src/sequential-multi/PuBu.js
Module ID: /Users/pranay/Projects/AIMLGlossary/AIGlossaryPro/node_modules/d3-scale-chromatic/src/sequential-multi/PuRd.js
✓ Vendor chunk matched: /Users/pranay/Projects/AIMLGlossary/AIGlossaryPro/node_modules/d3-scale-chromatic/src/sequential-multi/PuRd.js
Module ID: /Users/pranay/Projects/AIMLGlossary/AIGlossaryPro/node_modules/d3-scale-chromatic/src/sequential-multi/RdPu.js
✓ Vendor chunk matched: /Users/pranay/Projects/AIMLGlossary/AIGlossaryPro/node_modules/d3-scale-chromatic/src/sequential-multi/RdPu.js
Module ID: /Users/pranay/Projects/AIMLGlossary/AIGlossaryPro/node_modules/d3-scale-chromatic/src/sequential-multi/YlGnBu.js
✓ Vendor chunk matched: /Users/pranay/Projects/AIMLGlossary/AIGlossaryPro/node_modules/d3-scale-chromatic/src/sequential-multi/YlGnBu.js
Module ID: /Users/pranay/Projects/AIMLGlossary/AIGlossaryPro/node_modules/d3-scale-chromatic/src/sequential-multi/YlGn.js
✓ Vendor chunk matched: /Users/pranay/Projects/AIMLGlossary/AIGlossaryPro/node_modules/d3-scale-chromatic/src/sequential-multi/YlGn.js
Module ID: /Users/pranay/Projects/AIMLGlossary/AIGlossaryPro/node_modules/d3-scale-chromatic/src/sequential-multi/YlOrBr.js
✓ Vendor chunk matched: /Users/pranay/Projects/AIMLGlossary/AIGlossaryPro/node_modules/d3-scale-chromatic/src/sequential-multi/YlOrBr.js
Module ID: /Users/pranay/Projects/AIMLGlossary/AIGlossaryPro/node_modules/d3-scale-chromatic/src/sequential-multi/YlOrRd.js
✓ Vendor chunk matched: /Users/pranay/Projects/AIMLGlossary/AIGlossaryPro/node_modules/d3-scale-chromatic/src/sequential-multi/YlOrRd.js
Module ID: /Users/pranay/Projects/AIMLGlossary/AIGlossaryPro/node_modules/d3-scale-chromatic/src/sequential-single/Blues.js
✓ Vendor chunk matched: /Users/pranay/Projects/AIMLGlossary/AIGlossaryPro/node_modules/d3-scale-chromatic/src/sequential-single/Blues.js
Module ID: /Users/pranay/Projects/AIMLGlossary/AIGlossaryPro/node_modules/d3-scale-chromatic/src/sequential-single/Greens.js
✓ Vendor chunk matched: /Users/pranay/Projects/AIMLGlossary/AIGlossaryPro/node_modules/d3-scale-chromatic/src/sequential-single/Greens.js
Module ID: /Users/pranay/Projects/AIMLGlossary/AIGlossaryPro/node_modules/d3-scale-chromatic/src/sequential-single/Greys.js
✓ Vendor chunk matched: /Users/pranay/Projects/AIMLGlossary/AIGlossaryPro/node_modules/d3-scale-chromatic/src/sequential-single/Greys.js
Module ID: /Users/pranay/Projects/AIMLGlossary/AIGlossaryPro/node_modules/d3-scale-chromatic/src/sequential-single/Purples.js
✓ Vendor chunk matched: /Users/pranay/Projects/AIMLGlossary/AIGlossaryPro/node_modules/d3-scale-chromatic/src/sequential-single/Purples.js
Module ID: /Users/pranay/Projects/AIMLGlossary/AIGlossaryPro/node_modules/d3-scale-chromatic/src/sequential-single/Reds.js
✓ Vendor chunk matched: /Users/pranay/Projects/AIMLGlossary/AIGlossaryPro/node_modules/d3-scale-chromatic/src/sequential-single/Reds.js
Module ID: /Users/pranay/Projects/AIMLGlossary/AIGlossaryPro/node_modules/d3-scale-chromatic/src/sequential-single/Oranges.js
✓ Vendor chunk matched: /Users/pranay/Projects/AIMLGlossary/AIGlossaryPro/node_modules/d3-scale-chromatic/src/sequential-single/Oranges.js
Module ID: /Users/pranay/Projects/AIMLGlossary/AIGlossaryPro/node_modules/d3-scale-chromatic/src/sequential-multi/cividis.js
✓ Vendor chunk matched: /Users/pranay/Projects/AIMLGlossary/AIGlossaryPro/node_modules/d3-scale-chromatic/src/sequential-multi/cividis.js
Module ID: /Users/pranay/Projects/AIMLGlossary/AIGlossaryPro/node_modules/d3-scale-chromatic/src/sequential-multi/cubehelix.js
✓ Vendor chunk matched: /Users/pranay/Projects/AIMLGlossary/AIGlossaryPro/node_modules/d3-scale-chromatic/src/sequential-multi/cubehelix.js
Module ID: /Users/pranay/Projects/AIMLGlossary/AIGlossaryPro/node_modules/d3-scale-chromatic/src/sequential-multi/rainbow.js
✓ Vendor chunk matched: /Users/pranay/Projects/AIMLGlossary/AIGlossaryPro/node_modules/d3-scale-chromatic/src/sequential-multi/rainbow.js
Module ID: /Users/pranay/Projects/AIMLGlossary/AIGlossaryPro/node_modules/d3-scale-chromatic/src/sequential-multi/sinebow.js
✓ Vendor chunk matched: /Users/pranay/Projects/AIMLGlossary/AIGlossaryPro/node_modules/d3-scale-chromatic/src/sequential-multi/sinebow.js
Module ID: /Users/pranay/Projects/AIMLGlossary/AIGlossaryPro/node_modules/d3-scale-chromatic/src/sequential-multi/turbo.js
✓ Vendor chunk matched: /Users/pranay/Projects/AIMLGlossary/AIGlossaryPro/node_modules/d3-scale-chromatic/src/sequential-multi/turbo.js
Module ID: /Users/pranay/Projects/AIMLGlossary/AIGlossaryPro/node_modules/d3-scale-chromatic/src/sequential-multi/viridis.js
✓ Vendor chunk matched: /Users/pranay/Projects/AIMLGlossary/AIGlossaryPro/node_modules/d3-scale-chromatic/src/sequential-multi/viridis.js
Module ID: /Users/pranay/Projects/AIMLGlossary/AIGlossaryPro/node_modules/d3-selection/src/create.js
✓ Vendor chunk matched: /Users/pranay/Projects/AIMLGlossary/AIGlossaryPro/node_modules/d3-selection/src/create.js
Module ID: /Users/pranay/Projects/AIMLGlossary/AIGlossaryPro/node_modules/d3-selection/src/creator.js
✓ Vendor chunk matched: /Users/pranay/Projects/AIMLGlossary/AIGlossaryPro/node_modules/d3-selection/src/creator.js
Module ID: /Users/pranay/Projects/AIMLGlossary/AIGlossaryPro/node_modules/d3-selection/src/local.js
✓ Vendor chunk matched: /Users/pranay/Projects/AIMLGlossary/AIGlossaryPro/node_modules/d3-selection/src/local.js
Module ID: /Users/pranay/Projects/AIMLGlossary/AIGlossaryPro/node_modules/d3-selection/src/matcher.js
✓ Vendor chunk matched: /Users/pranay/Projects/AIMLGlossary/AIGlossaryPro/node_modules/d3-selection/src/matcher.js
Module ID: /Users/pranay/Projects/AIMLGlossary/AIGlossaryPro/node_modules/d3-selection/src/namespace.js
✓ Vendor chunk matched: /Users/pranay/Projects/AIMLGlossary/AIGlossaryPro/node_modules/d3-selection/src/namespace.js
Module ID: /Users/pranay/Projects/AIMLGlossary/AIGlossaryPro/node_modules/d3-selection/src/namespaces.js
✓ Vendor chunk matched: /Users/pranay/Projects/AIMLGlossary/AIGlossaryPro/node_modules/d3-selection/src/namespaces.js
Module ID: /Users/pranay/Projects/AIMLGlossary/AIGlossaryPro/node_modules/d3-selection/src/pointer.js
✓ Vendor chunk matched: /Users/pranay/Projects/AIMLGlossary/AIGlossaryPro/node_modules/d3-selection/src/pointer.js
Module ID: /Users/pranay/Projects/AIMLGlossary/AIGlossaryPro/node_modules/d3-selection/src/pointers.js
✓ Vendor chunk matched: /Users/pranay/Projects/AIMLGlossary/AIGlossaryPro/node_modules/d3-selection/src/pointers.js
Module ID: /Users/pranay/Projects/AIMLGlossary/AIGlossaryPro/node_modules/d3-selection/src/select.js
✓ Vendor chunk matched: /Users/pranay/Projects/AIMLGlossary/AIGlossaryPro/node_modules/d3-selection/src/select.js
Module ID: /Users/pranay/Projects/AIMLGlossary/AIGlossaryPro/node_modules/d3-selection/src/selectAll.js
✓ Vendor chunk matched: /Users/pranay/Projects/AIMLGlossary/AIGlossaryPro/node_modules/d3-selection/src/selectAll.js
Module ID: /Users/pranay/Projects/AIMLGlossary/AIGlossaryPro/node_modules/d3-selection/src/selection/index.js
✓ Vendor chunk matched: /Users/pranay/Projects/AIMLGlossary/AIGlossaryPro/node_modules/d3-selection/src/selection/index.js
Module ID: /Users/pranay/Projects/AIMLGlossary/AIGlossaryPro/node_modules/d3-selection/src/selector.js
✓ Vendor chunk matched: /Users/pranay/Projects/AIMLGlossary/AIGlossaryPro/node_modules/d3-selection/src/selector.js
Module ID: /Users/pranay/Projects/AIMLGlossary/AIGlossaryPro/node_modules/d3-selection/src/selectorAll.js
✓ Vendor chunk matched: /Users/pranay/Projects/AIMLGlossary/AIGlossaryPro/node_modules/d3-selection/src/selectorAll.js
Module ID: /Users/pranay/Projects/AIMLGlossary/AIGlossaryPro/node_modules/d3-selection/src/selection/style.js
✓ Vendor chunk matched: /Users/pranay/Projects/AIMLGlossary/AIGlossaryPro/node_modules/d3-selection/src/selection/style.js
Module ID: /Users/pranay/Projects/AIMLGlossary/AIGlossaryPro/node_modules/d3-selection/src/window.js
✓ Vendor chunk matched: /Users/pranay/Projects/AIMLGlossary/AIGlossaryPro/node_modules/d3-selection/src/window.js
Module ID: /Users/pranay/Projects/AIMLGlossary/AIGlossaryPro/node_modules/d3-time-format/src/defaultLocale.js
✓ Vendor chunk matched: /Users/pranay/Projects/AIMLGlossary/AIGlossaryPro/node_modules/d3-time-format/src/defaultLocale.js
Module ID: /Users/pranay/Projects/AIMLGlossary/AIGlossaryPro/node_modules/d3-time-format/src/locale.js
✓ Vendor chunk matched: /Users/pranay/Projects/AIMLGlossary/AIGlossaryPro/node_modules/d3-time-format/src/locale.js
Module ID: /Users/pranay/Projects/AIMLGlossary/AIGlossaryPro/node_modules/d3-time-format/src/isoFormat.js
✓ Vendor chunk matched: /Users/pranay/Projects/AIMLGlossary/AIGlossaryPro/node_modules/d3-time-format/src/isoFormat.js
Module ID: /Users/pranay/Projects/AIMLGlossary/AIGlossaryPro/node_modules/d3-time-format/src/isoParse.js
✓ Vendor chunk matched: /Users/pranay/Projects/AIMLGlossary/AIGlossaryPro/node_modules/d3-time-format/src/isoParse.js
Module ID: /Users/pranay/Projects/AIMLGlossary/AIGlossaryPro/node_modules/d3-time/src/interval.js
✓ Vendor chunk matched: /Users/pranay/Projects/AIMLGlossary/AIGlossaryPro/node_modules/d3-time/src/interval.js
Module ID: /Users/pranay/Projects/AIMLGlossary/AIGlossaryPro/node_modules/d3-time/src/millisecond.js
✓ Vendor chunk matched: /Users/pranay/Projects/AIMLGlossary/AIGlossaryPro/node_modules/d3-time/src/millisecond.js
Module ID: /Users/pranay/Projects/AIMLGlossary/AIGlossaryPro/node_modules/d3-time/src/second.js
✓ Vendor chunk matched: /Users/pranay/Projects/AIMLGlossary/AIGlossaryPro/node_modules/d3-time/src/second.js
Module ID: /Users/pranay/Projects/AIMLGlossary/AIGlossaryPro/node_modules/d3-time/src/minute.js
✓ Vendor chunk matched: /Users/pranay/Projects/AIMLGlossary/AIGlossaryPro/node_modules/d3-time/src/minute.js
Module ID: /Users/pranay/Projects/AIMLGlossary/AIGlossaryPro/node_modules/d3-time/src/hour.js
✓ Vendor chunk matched: /Users/pranay/Projects/AIMLGlossary/AIGlossaryPro/node_modules/d3-time/src/hour.js
Module ID: /Users/pranay/Projects/AIMLGlossary/AIGlossaryPro/node_modules/d3-time/src/day.js
✓ Vendor chunk matched: /Users/pranay/Projects/AIMLGlossary/AIGlossaryPro/node_modules/d3-time/src/day.js
Module ID: /Users/pranay/Projects/AIMLGlossary/AIGlossaryPro/node_modules/d3-time/src/week.js
✓ Vendor chunk matched: /Users/pranay/Projects/AIMLGlossary/AIGlossaryPro/node_modules/d3-time/src/week.js
Module ID: /Users/pranay/Projects/AIMLGlossary/AIGlossaryPro/node_modules/d3-time/src/month.js
✓ Vendor chunk matched: /Users/pranay/Projects/AIMLGlossary/AIGlossaryPro/node_modules/d3-time/src/month.js
Module ID: /Users/pranay/Projects/AIMLGlossary/AIGlossaryPro/node_modules/d3-time/src/year.js
✓ Vendor chunk matched: /Users/pranay/Projects/AIMLGlossary/AIGlossaryPro/node_modules/d3-time/src/year.js
Module ID: /Users/pranay/Projects/AIMLGlossary/AIGlossaryPro/node_modules/d3-time/src/ticks.js
✓ Vendor chunk matched: /Users/pranay/Projects/AIMLGlossary/AIGlossaryPro/node_modules/d3-time/src/ticks.js
Module ID: /Users/pranay/Projects/AIMLGlossary/AIGlossaryPro/node_modules/d3-timer/src/timer.js
✓ Vendor chunk matched: /Users/pranay/Projects/AIMLGlossary/AIGlossaryPro/node_modules/d3-timer/src/timer.js
Module ID: /Users/pranay/Projects/AIMLGlossary/AIGlossaryPro/node_modules/d3-timer/src/timeout.js
✓ Vendor chunk matched: /Users/pranay/Projects/AIMLGlossary/AIGlossaryPro/node_modules/d3-timer/src/timeout.js
Module ID: /Users/pranay/Projects/AIMLGlossary/AIGlossaryPro/node_modules/d3-timer/src/interval.js
✓ Vendor chunk matched: /Users/pranay/Projects/AIMLGlossary/AIGlossaryPro/node_modules/d3-timer/src/interval.js
Module ID: /Users/pranay/Projects/AIMLGlossary/AIGlossaryPro/node_modules/d3-transition/src/selection/index.js
✓ Vendor chunk matched: /Users/pranay/Projects/AIMLGlossary/AIGlossaryPro/node_modules/d3-transition/src/selection/index.js
Module ID: /Users/pranay/Projects/AIMLGlossary/AIGlossaryPro/node_modules/d3-transition/src/transition/index.js
✓ Vendor chunk matched: /Users/pranay/Projects/AIMLGlossary/AIGlossaryPro/node_modules/d3-transition/src/transition/index.js
Module ID: /Users/pranay/Projects/AIMLGlossary/AIGlossaryPro/node_modules/d3-transition/src/active.js
✓ Vendor chunk matched: /Users/pranay/Projects/AIMLGlossary/AIGlossaryPro/node_modules/d3-transition/src/active.js
Module ID: /Users/pranay/Projects/AIMLGlossary/AIGlossaryPro/node_modules/d3-transition/src/interrupt.js
✓ Vendor chunk matched: /Users/pranay/Projects/AIMLGlossary/AIGlossaryPro/node_modules/d3-transition/src/interrupt.js
Module ID: /Users/pranay/Projects/AIMLGlossary/AIGlossaryPro/node_modules/d3-zoom/src/zoom.js
✓ Vendor chunk matched: /Users/pranay/Projects/AIMLGlossary/AIGlossaryPro/node_modules/d3-zoom/src/zoom.js
Module ID: /Users/pranay/Projects/AIMLGlossary/AIGlossaryPro/node_modules/d3-zoom/src/transform.js
✓ Vendor chunk matched: /Users/pranay/Projects/AIMLGlossary/AIGlossaryPro/node_modules/d3-zoom/src/transform.js
Module ID:  /Users/pranay/Projects/AIMLGlossary/AIGlossaryPro/node_modules/dayjs/dayjs.min.js?commonjs-module
✓ Vendor chunk matched:  /Users/pranay/Projects/AIMLGlossary/AIGlossaryPro/node_modules/dayjs/dayjs.min.js?commonjs-module
Module ID:  /Users/pranay/Projects/AIMLGlossary/AIGlossaryPro/node_modules/dayjs/plugin/isoWeek.js?commonjs-module
✓ Vendor chunk matched:  /Users/pranay/Projects/AIMLGlossary/AIGlossaryPro/node_modules/dayjs/plugin/isoWeek.js?commonjs-module
Module ID:  /Users/pranay/Projects/AIMLGlossary/AIGlossaryPro/node_modules/dayjs/plugin/customParseFormat.js?commonjs-module
✓ Vendor chunk matched:  /Users/pranay/Projects/AIMLGlossary/AIGlossaryPro/node_modules/dayjs/plugin/customParseFormat.js?commonjs-module
Module ID:  /Users/pranay/Projects/AIMLGlossary/AIGlossaryPro/node_modules/dayjs/plugin/advancedFormat.js?commonjs-module
✓ Vendor chunk matched:  /Users/pranay/Projects/AIMLGlossary/AIGlossaryPro/node_modules/dayjs/plugin/advancedFormat.js?commonjs-module
Module ID: /Users/pranay/Projects/AIMLGlossary/AIGlossaryPro/node_modules/dagre-d3-es/src/graphlib/graph.js
✓ Vendor chunk matched: /Users/pranay/Projects/AIMLGlossary/AIGlossaryPro/node_modules/dagre-d3-es/src/graphlib/graph.js
Module ID: /Users/pranay/Projects/AIMLGlossary/AIGlossaryPro/node_modules/dagre-d3-es/src/dagre/acyclic.js
✓ Vendor chunk matched: /Users/pranay/Projects/AIMLGlossary/AIGlossaryPro/node_modules/dagre-d3-es/src/dagre/acyclic.js
Module ID: /Users/pranay/Projects/AIMLGlossary/AIGlossaryPro/node_modules/dagre-d3-es/src/dagre/layout.js
✓ Vendor chunk matched: /Users/pranay/Projects/AIMLGlossary/AIGlossaryPro/node_modules/dagre-d3-es/src/dagre/layout.js
Module ID: /Users/pranay/Projects/AIMLGlossary/AIGlossaryPro/node_modules/dagre-d3-es/src/dagre/normalize.js
✓ Vendor chunk matched: /Users/pranay/Projects/AIMLGlossary/AIGlossaryPro/node_modules/dagre-d3-es/src/dagre/normalize.js
Module ID: /Users/pranay/Projects/AIMLGlossary/AIGlossaryPro/node_modules/dagre-d3-es/src/dagre/rank/index.js
✓ Vendor chunk matched: /Users/pranay/Projects/AIMLGlossary/AIGlossaryPro/node_modules/dagre-d3-es/src/dagre/rank/index.js
Module ID: /Users/pranay/Projects/AIMLGlossary/AIGlossaryPro/node_modules/d3-sankey/src/sankey.js
✓ Vendor chunk matched: /Users/pranay/Projects/AIMLGlossary/AIGlossaryPro/node_modules/d3-sankey/src/sankey.js
Module ID: /Users/pranay/Projects/AIMLGlossary/AIGlossaryPro/node_modules/d3-sankey/src/align.js
✓ Vendor chunk matched: /Users/pranay/Projects/AIMLGlossary/AIGlossaryPro/node_modules/d3-sankey/src/align.js
Module ID: /Users/pranay/Projects/AIMLGlossary/AIGlossaryPro/node_modules/d3-sankey/src/sankeyLinkHorizontal.js
✓ Vendor chunk matched: /Users/pranay/Projects/AIMLGlossary/AIGlossaryPro/node_modules/d3-sankey/src/sankeyLinkHorizontal.js
Module ID: /Users/pranay/Projects/AIMLGlossary/AIGlossaryPro/node_modules/lodash-es/_baseClone.js
✓ Vendor chunk matched: /Users/pranay/Projects/AIMLGlossary/AIGlossaryPro/node_modules/lodash-es/_baseClone.js
Module ID: /Users/pranay/Projects/AIMLGlossary/AIGlossaryPro/node_modules/react-is/index.js
✓ Vendor chunk matched: /Users/pranay/Projects/AIMLGlossary/AIGlossaryPro/node_modules/react-is/index.js
Module ID: /Users/pranay/Projects/AIMLGlossary/AIGlossaryPro/node_modules/prop-types/factoryWithTypeCheckers.js
✓ Vendor chunk matched: /Users/pranay/Projects/AIMLGlossary/AIGlossaryPro/node_modules/prop-types/factoryWithTypeCheckers.js
Module ID: /Users/pranay/Projects/AIMLGlossary/AIGlossaryPro/node_modules/react-markdown/index.js
✓ Vendor chunk matched: /Users/pranay/Projects/AIMLGlossary/AIGlossaryPro/node_modules/react-markdown/index.js
Module ID: /Users/pranay/Projects/AIMLGlossary/AIGlossaryPro/node_modules/eventemitter3/index.js
✓ Vendor chunk matched: /Users/pranay/Projects/AIMLGlossary/AIGlossaryPro/node_modules/eventemitter3/index.js
Module ID: /Users/pranay/Projects/AIMLGlossary/AIGlossaryPro/node_modules/recharts/es6/util/cursor/getCursorRectangle.js
✓ Charts chunk matched: /Users/pranay/Projects/AIMLGlossary/AIGlossaryPro/node_modules/recharts/es6/util/cursor/getCursorRectangle.js
Module ID: /Users/pranay/Projects/AIMLGlossary/AIGlossaryPro/node_modules/recharts/es6/util/cursor/getRadialCursorPoints.js
✓ Charts chunk matched: /Users/pranay/Projects/AIMLGlossary/AIGlossaryPro/node_modules/recharts/es6/util/cursor/getRadialCursorPoints.js
Module ID: /Users/pranay/Projects/AIMLGlossary/AIGlossaryPro/node_modules/recharts/es6/util/cursor/getCursorPoints.js
✓ Charts chunk matched: /Users/pranay/Projects/AIMLGlossary/AIGlossaryPro/node_modules/recharts/es6/util/cursor/getCursorPoints.js
Module ID: /Users/pranay/Projects/AIMLGlossary/AIGlossaryPro/node_modules/recharts-scale/es6/util/utils.js
✓ Vendor chunk matched: /Users/pranay/Projects/AIMLGlossary/AIGlossaryPro/node_modules/recharts-scale/es6/util/utils.js
Module ID: /Users/pranay/Projects/AIMLGlossary/AIGlossaryPro/node_modules/recharts-scale/es6/util/arithmetic.js
✓ Vendor chunk matched: /Users/pranay/Projects/AIMLGlossary/AIGlossaryPro/node_modules/recharts-scale/es6/util/arithmetic.js
Module ID: /Users/pranay/Projects/AIMLGlossary/AIGlossaryPro/node_modules/decimal.js-light/decimal.mjs
✓ Vendor chunk matched: /Users/pranay/Projects/AIMLGlossary/AIGlossaryPro/node_modules/decimal.js-light/decimal.mjs
Module ID: /Users/pranay/Projects/AIMLGlossary/AIGlossaryPro/node_modules/d3-shape/src/array.js
✓ Vendor chunk matched: /Users/pranay/Projects/AIMLGlossary/AIGlossaryPro/node_modules/d3-shape/src/array.js
Module ID: /Users/pranay/Projects/AIMLGlossary/AIGlossaryPro/node_modules/d3-shape/src/constant.js
✓ Vendor chunk matched: /Users/pranay/Projects/AIMLGlossary/AIGlossaryPro/node_modules/d3-shape/src/constant.js
Module ID: /Users/pranay/Projects/AIMLGlossary/AIGlossaryPro/node_modules/d3-shape/src/descending.js
✓ Vendor chunk matched: /Users/pranay/Projects/AIMLGlossary/AIGlossaryPro/node_modules/d3-shape/src/descending.js
Module ID: /Users/pranay/Projects/AIMLGlossary/AIGlossaryPro/node_modules/d3-shape/src/identity.js
✓ Vendor chunk matched: /Users/pranay/Projects/AIMLGlossary/AIGlossaryPro/node_modules/d3-shape/src/identity.js
Module ID: /Users/pranay/Projects/AIMLGlossary/AIGlossaryPro/node_modules/d3-shape/src/math.js
✓ Vendor chunk matched: /Users/pranay/Projects/AIMLGlossary/AIGlossaryPro/node_modules/d3-shape/src/math.js
Module ID: /Users/pranay/Projects/AIMLGlossary/AIGlossaryPro/node_modules/d3-shape/src/path.js
✓ Vendor chunk matched: /Users/pranay/Projects/AIMLGlossary/AIGlossaryPro/node_modules/d3-shape/src/path.js
Module ID: /Users/pranay/Projects/AIMLGlossary/AIGlossaryPro/node_modules/d3-shape/src/point.js
✓ Vendor chunk matched: /Users/pranay/Projects/AIMLGlossary/AIGlossaryPro/node_modules/d3-shape/src/point.js
Module ID: /Users/pranay/Projects/AIMLGlossary/AIGlossaryPro/node_modules/d3-shape/src/curve/radial.js
✓ Vendor chunk matched: /Users/pranay/Projects/AIMLGlossary/AIGlossaryPro/node_modules/d3-shape/src/curve/radial.js
Module ID: /Users/pranay/Projects/AIMLGlossary/AIGlossaryPro/node_modules/d3-shape/src/noop.js
✓ Vendor chunk matched: /Users/pranay/Projects/AIMLGlossary/AIGlossaryPro/node_modules/d3-shape/src/noop.js
Module ID: /Users/pranay/Projects/AIMLGlossary/AIGlossaryPro/node_modules/react-transition-group/esm/CSSTransition.js
✓ Vendor chunk matched: /Users/pranay/Projects/AIMLGlossary/AIGlossaryPro/node_modules/react-transition-group/esm/CSSTransition.js
Module ID: /Users/pranay/Projects/AIMLGlossary/AIGlossaryPro/node_modules/react-transition-group/esm/ReplaceTransition.js
✓ Vendor chunk matched: /Users/pranay/Projects/AIMLGlossary/AIGlossaryPro/node_modules/react-transition-group/esm/ReplaceTransition.js
Module ID: /Users/pranay/Projects/AIMLGlossary/AIGlossaryPro/node_modules/react-transition-group/esm/SwitchTransition.js
✓ Vendor chunk matched: /Users/pranay/Projects/AIMLGlossary/AIGlossaryPro/node_modules/react-transition-group/esm/SwitchTransition.js
Module ID: /Users/pranay/Projects/AIMLGlossary/AIGlossaryPro/node_modules/react-transition-group/esm/TransitionGroup.js
✓ Vendor chunk matched: /Users/pranay/Projects/AIMLGlossary/AIGlossaryPro/node_modules/react-transition-group/esm/TransitionGroup.js
Module ID: /Users/pranay/Projects/AIMLGlossary/AIGlossaryPro/node_modules/react-transition-group/esm/Transition.js
✓ Vendor chunk matched: /Users/pranay/Projects/AIMLGlossary/AIGlossaryPro/node_modules/react-transition-group/esm/Transition.js
Module ID: /Users/pranay/Projects/AIMLGlossary/AIGlossaryPro/node_modules/react-transition-group/esm/config.js
✓ Vendor chunk matched: /Users/pranay/Projects/AIMLGlossary/AIGlossaryPro/node_modules/react-transition-group/esm/config.js
Module ID: /Users/pranay/Projects/AIMLGlossary/AIGlossaryPro/node_modules/d3-scale/src/init.js
✓ Vendor chunk matched: /Users/pranay/Projects/AIMLGlossary/AIGlossaryPro/node_modules/d3-scale/src/init.js
Module ID: /Users/pranay/Projects/AIMLGlossary/AIGlossaryPro/node_modules/d3-scale/src/number.js
✓ Vendor chunk matched: /Users/pranay/Projects/AIMLGlossary/AIGlossaryPro/node_modules/d3-scale/src/number.js
Module ID: /Users/pranay/Projects/AIMLGlossary/AIGlossaryPro/node_modules/d3-scale/src/nice.js
✓ Vendor chunk matched: /Users/pranay/Projects/AIMLGlossary/AIGlossaryPro/node_modules/d3-scale/src/nice.js
Module ID: /Users/pranay/Projects/AIMLGlossary/AIGlossaryPro/node_modules/d3-scale/src/continuous.js
✓ Vendor chunk matched: /Users/pranay/Projects/AIMLGlossary/AIGlossaryPro/node_modules/d3-scale/src/continuous.js
Module ID: /Users/pranay/Projects/AIMLGlossary/AIGlossaryPro/node_modules/react-smooth/es6/setRafTimeout.js
✓ Vendor chunk matched: /Users/pranay/Projects/AIMLGlossary/AIGlossaryPro/node_modules/react-smooth/es6/setRafTimeout.js
Module ID: /Users/pranay/Projects/AIMLGlossary/AIGlossaryPro/node_modules/lodash/_baseIsArguments.js
✓ Vendor chunk matched: /Users/pranay/Projects/AIMLGlossary/AIGlossaryPro/node_modules/lodash/_baseIsArguments.js
Module ID: /Users/pranay/Projects/AIMLGlossary/AIGlossaryPro/node_modules/lodash/_freeGlobal.js
✓ Vendor chunk matched: /Users/pranay/Projects/AIMLGlossary/AIGlossaryPro/node_modules/lodash/_freeGlobal.js
Module ID: /Users/pranay/Projects/AIMLGlossary/AIGlossaryPro/node_modules/lodash/constant.js
✓ Vendor chunk matched: /Users/pranay/Projects/AIMLGlossary/AIGlossaryPro/node_modules/lodash/constant.js
Module ID: /Users/pranay/Projects/AIMLGlossary/AIGlossaryPro/node_modules/lodash/_trimmedEndIndex.js
✓ Vendor chunk matched: /Users/pranay/Projects/AIMLGlossary/AIGlossaryPro/node_modules/lodash/_trimmedEndIndex.js
Module ID: /Users/pranay/Projects/AIMLGlossary/AIGlossaryPro/node_modules/lodash/_baseHasIn.js
✓ Vendor chunk matched: /Users/pranay/Projects/AIMLGlossary/AIGlossaryPro/node_modules/lodash/_baseHasIn.js
Module ID: /Users/pranay/Projects/AIMLGlossary/AIGlossaryPro/node_modules/lodash/_hasPath.js
✓ Vendor chunk matched: /Users/pranay/Projects/AIMLGlossary/AIGlossaryPro/node_modules/lodash/_hasPath.js
Module ID: /Users/pranay/Projects/AIMLGlossary/AIGlossaryPro/node_modules/lodash/_Uint8Array.js
✓ Vendor chunk matched: /Users/pranay/Projects/AIMLGlossary/AIGlossaryPro/node_modules/lodash/_Uint8Array.js
Module ID: /Users/pranay/Projects/AIMLGlossary/AIGlossaryPro/node_modules/lodash/_mapToArray.js
✓ Vendor chunk matched: /Users/pranay/Projects/AIMLGlossary/AIGlossaryPro/node_modules/lodash/_mapToArray.js
Module ID: /Users/pranay/Projects/AIMLGlossary/AIGlossaryPro/node_modules/lodash/_baseIsTypedArray.js
✓ Vendor chunk matched: /Users/pranay/Projects/AIMLGlossary/AIGlossaryPro/node_modules/lodash/_baseIsTypedArray.js
Module ID: /Users/pranay/Projects/AIMLGlossary/AIGlossaryPro/node_modules/lodash/_arrayFilter.js
✓ Vendor chunk matched: /Users/pranay/Projects/AIMLGlossary/AIGlossaryPro/node_modules/lodash/_arrayFilter.js
Module ID: /Users/pranay/Projects/AIMLGlossary/AIGlossaryPro/node_modules/lodash/_baseTimes.js
✓ Vendor chunk matched: /Users/pranay/Projects/AIMLGlossary/AIGlossaryPro/node_modules/lodash/_baseTimes.js
Module ID: /Users/pranay/Projects/AIMLGlossary/AIGlossaryPro/node_modules/lodash/_getNative.js
✓ Vendor chunk matched: /Users/pranay/Projects/AIMLGlossary/AIGlossaryPro/node_modules/lodash/_getNative.js
Module ID: /Users/pranay/Projects/AIMLGlossary/AIGlossaryPro/node_modules/lodash/_nativeKeysIn.js
✓ Vendor chunk matched: /Users/pranay/Projects/AIMLGlossary/AIGlossaryPro/node_modules/lodash/_nativeKeysIn.js
Module ID: /Users/pranay/Projects/AIMLGlossary/AIGlossaryPro/node_modules/lodash/_listCacheClear.js
✓ Vendor chunk matched: /Users/pranay/Projects/AIMLGlossary/AIGlossaryPro/node_modules/lodash/_listCacheClear.js
Module ID: /Users/pranay/Projects/AIMLGlossary/AIGlossaryPro/node_modules/lodash/_listCacheDelete.js
✓ Vendor chunk matched: /Users/pranay/Projects/AIMLGlossary/AIGlossaryPro/node_modules/lodash/_listCacheDelete.js
Module ID: /Users/pranay/Projects/AIMLGlossary/AIGlossaryPro/node_modules/lodash/_listCacheGet.js
✓ Vendor chunk matched: /Users/pranay/Projects/AIMLGlossary/AIGlossaryPro/node_modules/lodash/_listCacheGet.js
Module ID: /Users/pranay/Projects/AIMLGlossary/AIGlossaryPro/node_modules/lodash/_listCacheHas.js
✓ Vendor chunk matched: /Users/pranay/Projects/AIMLGlossary/AIGlossaryPro/node_modules/lodash/_listCacheHas.js
Module ID: /Users/pranay/Projects/AIMLGlossary/AIGlossaryPro/node_modules/lodash/_listCacheSet.js
✓ Vendor chunk matched: /Users/pranay/Projects/AIMLGlossary/AIGlossaryPro/node_modules/lodash/_listCacheSet.js
Module ID: /Users/pranay/Projects/AIMLGlossary/AIGlossaryPro/node_modules/lodash/_MapCache.js
✓ Vendor chunk matched: /Users/pranay/Projects/AIMLGlossary/AIGlossaryPro/node_modules/lodash/_MapCache.js
Module ID: /Users/pranay/Projects/AIMLGlossary/AIGlossaryPro/node_modules/lodash/_nativeKeys.js
✓ Vendor chunk matched: /Users/pranay/Projects/AIMLGlossary/AIGlossaryPro/node_modules/lodash/_nativeKeys.js
Module ID: /Users/pranay/Projects/AIMLGlossary/AIGlossaryPro/node_modules/lodash/_baseFindIndex.js
✓ Vendor chunk matched: /Users/pranay/Projects/AIMLGlossary/AIGlossaryPro/node_modules/lodash/_baseFindIndex.js
Module ID: /Users/pranay/Projects/AIMLGlossary/AIGlossaryPro/node_modules/lodash/toInteger.js
✓ Vendor chunk matched: /Users/pranay/Projects/AIMLGlossary/AIGlossaryPro/node_modules/lodash/toInteger.js
Module ID:  /Users/pranay/Projects/AIMLGlossary/AIGlossaryPro/node_modules/recharts/node_modules/react-is/index.js?commonjs-module
✓ Charts chunk matched:  /Users/pranay/Projects/AIMLGlossary/AIGlossaryPro/node_modules/recharts/node_modules/react-is/index.js?commonjs-module
Module ID:  /Users/pranay/Projects/AIMLGlossary/AIGlossaryPro/node_modules/recharts/node_modules/react-is/cjs/react-is.development.js?commonjs-proxy
✓ Charts chunk matched:  /Users/pranay/Projects/AIMLGlossary/AIGlossaryPro/node_modules/recharts/node_modules/react-is/cjs/react-is.development.js?commonjs-proxy
Module ID: /Users/pranay/Projects/AIMLGlossary/AIGlossaryPro/client/src/components/landing/backgrounds/NeuralNetworkBackground.tsx
✓ Landing page chunk matched: /Users/pranay/Projects/AIMLGlossary/AIGlossaryPro/client/src/components/landing/backgrounds/NeuralNetworkBackground.tsx
Module ID: /Users/pranay/Projects/AIMLGlossary/AIGlossaryPro/client/src/components/landing/backgrounds/CodeTypingBackground.tsx
✓ Landing page chunk matched: /Users/pranay/Projects/AIMLGlossary/AIGlossaryPro/client/src/components/landing/backgrounds/CodeTypingBackground.tsx
Module ID: /Users/pranay/Projects/AIMLGlossary/AIGlossaryPro/client/src/components/landing/backgrounds/GeometricAIBackground.tsx
✓ Landing page chunk matched: /Users/pranay/Projects/AIMLGlossary/AIGlossaryPro/client/src/components/landing/backgrounds/GeometricAIBackground.tsx
Module ID: /Users/pranay/Projects/AIMLGlossary/AIGlossaryPro/client/src/components/landing/backgrounds/FallbackBackground.tsx
✓ Landing page chunk matched: /Users/pranay/Projects/AIMLGlossary/AIGlossaryPro/client/src/components/landing/backgrounds/FallbackBackground.tsx
Module ID: /Users/pranay/Projects/AIMLGlossary/AIGlossaryPro/client/src/components/landing/backgrounds/BackgroundTester.tsx
✓ Landing page chunk matched: /Users/pranay/Projects/AIMLGlossary/AIGlossaryPro/client/src/components/landing/backgrounds/BackgroundTester.tsx
Module ID: /Users/pranay/Projects/AIMLGlossary/AIGlossaryPro/node_modules/@radix-ui/react-accordion/dist/index.mjs
✓ Radix UI chunk matched: /Users/pranay/Projects/AIMLGlossary/AIGlossaryPro/node_modules/@radix-ui/react-accordion/dist/index.mjs
Module ID: /Users/pranay/Projects/AIMLGlossary/AIGlossaryPro/node_modules/lodash/_setCacheAdd.js
✓ Vendor chunk matched: /Users/pranay/Projects/AIMLGlossary/AIGlossaryPro/node_modules/lodash/_setCacheAdd.js
Module ID: /Users/pranay/Projects/AIMLGlossary/AIGlossaryPro/node_modules/lodash/_setCacheHas.js
✓ Vendor chunk matched: /Users/pranay/Projects/AIMLGlossary/AIGlossaryPro/node_modules/lodash/_setCacheHas.js
Module ID: /Users/pranay/Projects/AIMLGlossary/AIGlossaryPro/node_modules/lodash/_baseIndexOf.js
✓ Vendor chunk matched: /Users/pranay/Projects/AIMLGlossary/AIGlossaryPro/node_modules/lodash/_baseIndexOf.js
Module ID: /Users/pranay/Projects/AIMLGlossary/AIGlossaryPro/node_modules/lodash/noop.js
✓ Vendor chunk matched: /Users/pranay/Projects/AIMLGlossary/AIGlossaryPro/node_modules/lodash/noop.js
Module ID: /Users/pranay/Projects/AIMLGlossary/AIGlossaryPro/node_modules/lodash/_createBaseFor.js
✓ Vendor chunk matched: /Users/pranay/Projects/AIMLGlossary/AIGlossaryPro/node_modules/lodash/_createBaseFor.js
Module ID: /Users/pranay/Projects/AIMLGlossary/AIGlossaryPro/node_modules/idb/build/wrap-idb-value.js
✓ Vendor chunk matched: /Users/pranay/Projects/AIMLGlossary/AIGlossaryPro/node_modules/idb/build/wrap-idb-value.js
Module ID: /Users/pranay/Projects/AIMLGlossary/AIGlossaryPro/node_modules/layout-base/layout-base.js
✓ Vendor chunk matched: /Users/pranay/Projects/AIMLGlossary/AIGlossaryPro/node_modules/layout-base/layout-base.js
Module ID: /Users/pranay/Projects/AIMLGlossary/AIGlossaryPro/node_modules/cytoscape-fcose/node_modules/layout-base/layout-base.js
✓ Vendor chunk matched: /Users/pranay/Projects/AIMLGlossary/AIGlossaryPro/node_modules/cytoscape-fcose/node_modules/layout-base/layout-base.js
Module ID: /Users/pranay/Projects/AIMLGlossary/AIGlossaryPro/node_modules/react-syntax-highlighter/dist/esm/default-highlight.js
✓ Syntax highlighting chunk matched: /Users/pranay/Projects/AIMLGlossary/AIGlossaryPro/node_modules/react-syntax-highlighter/dist/esm/default-highlight.js
Module ID: /Users/pranay/Projects/AIMLGlossary/AIGlossaryPro/node_modules/react-syntax-highlighter/dist/esm/light-async.js
✓ Syntax highlighting chunk matched: /Users/pranay/Projects/AIMLGlossary/AIGlossaryPro/node_modules/react-syntax-highlighter/dist/esm/light-async.js
Module ID: /Users/pranay/Projects/AIMLGlossary/AIGlossaryPro/node_modules/react-syntax-highlighter/dist/esm/light.js
✓ Syntax highlighting chunk matched: /Users/pranay/Projects/AIMLGlossary/AIGlossaryPro/node_modules/react-syntax-highlighter/dist/esm/light.js
Module ID: /Users/pranay/Projects/AIMLGlossary/AIGlossaryPro/node_modules/react-syntax-highlighter/dist/esm/prism-async-light.js
✓ Syntax highlighting chunk matched: /Users/pranay/Projects/AIMLGlossary/AIGlossaryPro/node_modules/react-syntax-highlighter/dist/esm/prism-async-light.js
Module ID: /Users/pranay/Projects/AIMLGlossary/AIGlossaryPro/node_modules/react-syntax-highlighter/dist/esm/prism-async.js
✓ Syntax highlighting chunk matched: /Users/pranay/Projects/AIMLGlossary/AIGlossaryPro/node_modules/react-syntax-highlighter/dist/esm/prism-async.js
Module ID: /Users/pranay/Projects/AIMLGlossary/AIGlossaryPro/node_modules/react-syntax-highlighter/dist/esm/prism-light.js
✓ Syntax highlighting chunk matched: /Users/pranay/Projects/AIMLGlossary/AIGlossaryPro/node_modules/react-syntax-highlighter/dist/esm/prism-light.js
Module ID: /Users/pranay/Projects/AIMLGlossary/AIGlossaryPro/node_modules/react-syntax-highlighter/dist/esm/prism.js
✓ Syntax highlighting chunk matched: /Users/pranay/Projects/AIMLGlossary/AIGlossaryPro/node_modules/react-syntax-highlighter/dist/esm/prism.js
Module ID: /Users/pranay/Projects/AIMLGlossary/AIGlossaryPro/node_modules/react-syntax-highlighter/dist/esm/create-element.js
✓ Syntax highlighting chunk matched: /Users/pranay/Projects/AIMLGlossary/AIGlossaryPro/node_modules/react-syntax-highlighter/dist/esm/create-element.js
Module ID:  /Users/pranay/Projects/AIMLGlossary/AIGlossaryPro/node_modules/recharts/node_modules/react-is/cjs/react-is.development.js?commonjs-exports
✓ Charts chunk matched:  /Users/pranay/Projects/AIMLGlossary/AIGlossaryPro/node_modules/recharts/node_modules/react-is/cjs/react-is.development.js?commonjs-exports
Module ID: /Users/pranay/Projects/AIMLGlossary/AIGlossaryPro/node_modules/react-syntax-highlighter/dist/esm/styles/prism/coy.js
✓ Syntax highlighting chunk matched: /Users/pranay/Projects/AIMLGlossary/AIGlossaryPro/node_modules/react-syntax-highlighter/dist/esm/styles/prism/coy.js
Module ID: /Users/pranay/Projects/AIMLGlossary/AIGlossaryPro/node_modules/react-syntax-highlighter/dist/esm/styles/prism/dark.js
✓ Syntax highlighting chunk matched: /Users/pranay/Projects/AIMLGlossary/AIGlossaryPro/node_modules/react-syntax-highlighter/dist/esm/styles/prism/dark.js
Module ID: /Users/pranay/Projects/AIMLGlossary/AIGlossaryPro/node_modules/react-syntax-highlighter/dist/esm/styles/prism/funky.js
✓ Syntax highlighting chunk matched: /Users/pranay/Projects/AIMLGlossary/AIGlossaryPro/node_modules/react-syntax-highlighter/dist/esm/styles/prism/funky.js
Module ID: /Users/pranay/Projects/AIMLGlossary/AIGlossaryPro/node_modules/react-syntax-highlighter/dist/esm/styles/prism/okaidia.js
✓ Syntax highlighting chunk matched: /Users/pranay/Projects/AIMLGlossary/AIGlossaryPro/node_modules/react-syntax-highlighter/dist/esm/styles/prism/okaidia.js
Module ID: /Users/pranay/Projects/AIMLGlossary/AIGlossaryPro/node_modules/react-syntax-highlighter/dist/esm/styles/prism/solarizedlight.js
✓ Syntax highlighting chunk matched: /Users/pranay/Projects/AIMLGlossary/AIGlossaryPro/node_modules/react-syntax-highlighter/dist/esm/styles/prism/solarizedlight.js
Module ID: /Users/pranay/Projects/AIMLGlossary/AIGlossaryPro/node_modules/react-syntax-highlighter/dist/esm/styles/prism/tomorrow.js
✓ Syntax highlighting chunk matched: /Users/pranay/Projects/AIMLGlossary/AIGlossaryPro/node_modules/react-syntax-highlighter/dist/esm/styles/prism/tomorrow.js
Module ID: /Users/pranay/Projects/AIMLGlossary/AIGlossaryPro/node_modules/react-syntax-highlighter/dist/esm/styles/prism/twilight.js
✓ Syntax highlighting chunk matched: /Users/pranay/Projects/AIMLGlossary/AIGlossaryPro/node_modules/react-syntax-highlighter/dist/esm/styles/prism/twilight.js
Module ID: /Users/pranay/Projects/AIMLGlossary/AIGlossaryPro/node_modules/react-syntax-highlighter/dist/esm/styles/prism/prism.js
✓ Syntax highlighting chunk matched: /Users/pranay/Projects/AIMLGlossary/AIGlossaryPro/node_modules/react-syntax-highlighter/dist/esm/styles/prism/prism.js
Module ID: /Users/pranay/Projects/AIMLGlossary/AIGlossaryPro/node_modules/react-syntax-highlighter/dist/esm/styles/prism/a11y-dark.js
✓ Syntax highlighting chunk matched: /Users/pranay/Projects/AIMLGlossary/AIGlossaryPro/node_modules/react-syntax-highlighter/dist/esm/styles/prism/a11y-dark.js
Module ID: /Users/pranay/Projects/AIMLGlossary/AIGlossaryPro/node_modules/react-syntax-highlighter/dist/esm/styles/prism/atom-dark.js
✓ Syntax highlighting chunk matched: /Users/pranay/Projects/AIMLGlossary/AIGlossaryPro/node_modules/react-syntax-highlighter/dist/esm/styles/prism/atom-dark.js
Module ID: /Users/pranay/Projects/AIMLGlossary/AIGlossaryPro/node_modules/react-syntax-highlighter/dist/esm/styles/prism/base16-ateliersulphurpool.light.js
✓ Syntax highlighting chunk matched: /Users/pranay/Projects/AIMLGlossary/AIGlossaryPro/node_modules/react-syntax-highlighter/dist/esm/styles/prism/base16-ateliersulphurpool.light.js
Module ID: /Users/pranay/Projects/AIMLGlossary/AIGlossaryPro/node_modules/react-syntax-highlighter/dist/esm/styles/prism/cb.js
✓ Syntax highlighting chunk matched: /Users/pranay/Projects/AIMLGlossary/AIGlossaryPro/node_modules/react-syntax-highlighter/dist/esm/styles/prism/cb.js
Module ID: /Users/pranay/Projects/AIMLGlossary/AIGlossaryPro/node_modules/react-syntax-highlighter/dist/esm/styles/prism/coldark-cold.js
✓ Syntax highlighting chunk matched: /Users/pranay/Projects/AIMLGlossary/AIGlossaryPro/node_modules/react-syntax-highlighter/dist/esm/styles/prism/coldark-cold.js
Module ID: /Users/pranay/Projects/AIMLGlossary/AIGlossaryPro/node_modules/react-syntax-highlighter/dist/esm/styles/prism/coldark-dark.js
✓ Syntax highlighting chunk matched: /Users/pranay/Projects/AIMLGlossary/AIGlossaryPro/node_modules/react-syntax-highlighter/dist/esm/styles/prism/coldark-dark.js
Module ID: /Users/pranay/Projects/AIMLGlossary/AIGlossaryPro/node_modules/react-syntax-highlighter/dist/esm/styles/prism/coy-without-shadows.js
✓ Syntax highlighting chunk matched: /Users/pranay/Projects/AIMLGlossary/AIGlossaryPro/node_modules/react-syntax-highlighter/dist/esm/styles/prism/coy-without-shadows.js
Module ID: /Users/pranay/Projects/AIMLGlossary/AIGlossaryPro/node_modules/react-syntax-highlighter/dist/esm/styles/prism/darcula.js
✓ Syntax highlighting chunk matched: /Users/pranay/Projects/AIMLGlossary/AIGlossaryPro/node_modules/react-syntax-highlighter/dist/esm/styles/prism/darcula.js
Module ID: /Users/pranay/Projects/AIMLGlossary/AIGlossaryPro/node_modules/react-syntax-highlighter/dist/esm/styles/prism/dracula.js
✓ Syntax highlighting chunk matched: /Users/pranay/Projects/AIMLGlossary/AIGlossaryPro/node_modules/react-syntax-highlighter/dist/esm/styles/prism/dracula.js
Module ID: /Users/pranay/Projects/AIMLGlossary/AIGlossaryPro/node_modules/react-syntax-highlighter/dist/esm/styles/prism/duotone-dark.js
✓ Syntax highlighting chunk matched: /Users/pranay/Projects/AIMLGlossary/AIGlossaryPro/node_modules/react-syntax-highlighter/dist/esm/styles/prism/duotone-dark.js
Module ID: /Users/pranay/Projects/AIMLGlossary/AIGlossaryPro/node_modules/react-syntax-highlighter/dist/esm/styles/prism/duotone-earth.js
✓ Syntax highlighting chunk matched: /Users/pranay/Projects/AIMLGlossary/AIGlossaryPro/node_modules/react-syntax-highlighter/dist/esm/styles/prism/duotone-earth.js
Module ID: /Users/pranay/Projects/AIMLGlossary/AIGlossaryPro/node_modules/react-syntax-highlighter/dist/esm/styles/prism/duotone-forest.js
✓ Syntax highlighting chunk matched: /Users/pranay/Projects/AIMLGlossary/AIGlossaryPro/node_modules/react-syntax-highlighter/dist/esm/styles/prism/duotone-forest.js
Module ID: /Users/pranay/Projects/AIMLGlossary/AIGlossaryPro/node_modules/react-syntax-highlighter/dist/esm/styles/prism/duotone-light.js
✓ Syntax highlighting chunk matched: /Users/pranay/Projects/AIMLGlossary/AIGlossaryPro/node_modules/react-syntax-highlighter/dist/esm/styles/prism/duotone-light.js
Module ID: /Users/pranay/Projects/AIMLGlossary/AIGlossaryPro/node_modules/react-syntax-highlighter/dist/esm/styles/prism/duotone-sea.js
✓ Syntax highlighting chunk matched: /Users/pranay/Projects/AIMLGlossary/AIGlossaryPro/node_modules/react-syntax-highlighter/dist/esm/styles/prism/duotone-sea.js
Module ID: /Users/pranay/Projects/AIMLGlossary/AIGlossaryPro/node_modules/react-syntax-highlighter/dist/esm/styles/prism/duotone-space.js
✓ Syntax highlighting chunk matched: /Users/pranay/Projects/AIMLGlossary/AIGlossaryPro/node_modules/react-syntax-highlighter/dist/esm/styles/prism/duotone-space.js
Module ID: /Users/pranay/Projects/AIMLGlossary/AIGlossaryPro/node_modules/react-syntax-highlighter/dist/esm/styles/prism/ghcolors.js
✓ Syntax highlighting chunk matched: /Users/pranay/Projects/AIMLGlossary/AIGlossaryPro/node_modules/react-syntax-highlighter/dist/esm/styles/prism/ghcolors.js
Module ID: /Users/pranay/Projects/AIMLGlossary/AIGlossaryPro/node_modules/react-syntax-highlighter/dist/esm/styles/prism/gruvbox-dark.js
✓ Syntax highlighting chunk matched: /Users/pranay/Projects/AIMLGlossary/AIGlossaryPro/node_modules/react-syntax-highlighter/dist/esm/styles/prism/gruvbox-dark.js
Module ID: /Users/pranay/Projects/AIMLGlossary/AIGlossaryPro/node_modules/react-syntax-highlighter/dist/esm/styles/prism/gruvbox-light.js
✓ Syntax highlighting chunk matched: /Users/pranay/Projects/AIMLGlossary/AIGlossaryPro/node_modules/react-syntax-highlighter/dist/esm/styles/prism/gruvbox-light.js
Module ID: /Users/pranay/Projects/AIMLGlossary/AIGlossaryPro/node_modules/react-syntax-highlighter/dist/esm/styles/prism/holi-theme.js
✓ Syntax highlighting chunk matched: /Users/pranay/Projects/AIMLGlossary/AIGlossaryPro/node_modules/react-syntax-highlighter/dist/esm/styles/prism/holi-theme.js
Module ID: /Users/pranay/Projects/AIMLGlossary/AIGlossaryPro/node_modules/react-syntax-highlighter/dist/esm/styles/prism/hopscotch.js
✓ Syntax highlighting chunk matched: /Users/pranay/Projects/AIMLGlossary/AIGlossaryPro/node_modules/react-syntax-highlighter/dist/esm/styles/prism/hopscotch.js
Module ID: /Users/pranay/Projects/AIMLGlossary/AIGlossaryPro/node_modules/react-syntax-highlighter/dist/esm/styles/prism/lucario.js
✓ Syntax highlighting chunk matched: /Users/pranay/Projects/AIMLGlossary/AIGlossaryPro/node_modules/react-syntax-highlighter/dist/esm/styles/prism/lucario.js
Module ID: /Users/pranay/Projects/AIMLGlossary/AIGlossaryPro/node_modules/react-syntax-highlighter/dist/esm/styles/prism/material-dark.js
✓ Syntax highlighting chunk matched: /Users/pranay/Projects/AIMLGlossary/AIGlossaryPro/node_modules/react-syntax-highlighter/dist/esm/styles/prism/material-dark.js
Module ID: /Users/pranay/Projects/AIMLGlossary/AIGlossaryPro/node_modules/react-syntax-highlighter/dist/esm/styles/prism/material-light.js
✓ Syntax highlighting chunk matched: /Users/pranay/Projects/AIMLGlossary/AIGlossaryPro/node_modules/react-syntax-highlighter/dist/esm/styles/prism/material-light.js
Module ID: /Users/pranay/Projects/AIMLGlossary/AIGlossaryPro/node_modules/react-syntax-highlighter/dist/esm/styles/prism/material-oceanic.js
✓ Syntax highlighting chunk matched: /Users/pranay/Projects/AIMLGlossary/AIGlossaryPro/node_modules/react-syntax-highlighter/dist/esm/styles/prism/material-oceanic.js
Module ID: /Users/pranay/Projects/AIMLGlossary/AIGlossaryPro/node_modules/react-syntax-highlighter/dist/esm/styles/prism/night-owl.js
✓ Syntax highlighting chunk matched: /Users/pranay/Projects/AIMLGlossary/AIGlossaryPro/node_modules/react-syntax-highlighter/dist/esm/styles/prism/night-owl.js
Module ID: /Users/pranay/Projects/AIMLGlossary/AIGlossaryPro/node_modules/react-syntax-highlighter/dist/esm/styles/prism/nord.js
✓ Syntax highlighting chunk matched: /Users/pranay/Projects/AIMLGlossary/AIGlossaryPro/node_modules/react-syntax-highlighter/dist/esm/styles/prism/nord.js
Module ID: /Users/pranay/Projects/AIMLGlossary/AIGlossaryPro/node_modules/react-syntax-highlighter/dist/esm/styles/prism/one-dark.js
✓ Syntax highlighting chunk matched: /Users/pranay/Projects/AIMLGlossary/AIGlossaryPro/node_modules/react-syntax-highlighter/dist/esm/styles/prism/one-dark.js
Module ID: /Users/pranay/Projects/AIMLGlossary/AIGlossaryPro/node_modules/react-syntax-highlighter/dist/esm/styles/prism/one-light.js
✓ Syntax highlighting chunk matched: /Users/pranay/Projects/AIMLGlossary/AIGlossaryPro/node_modules/react-syntax-highlighter/dist/esm/styles/prism/one-light.js
Module ID: /Users/pranay/Projects/AIMLGlossary/AIGlossaryPro/node_modules/react-syntax-highlighter/dist/esm/styles/prism/pojoaque.js
✓ Syntax highlighting chunk matched: /Users/pranay/Projects/AIMLGlossary/AIGlossaryPro/node_modules/react-syntax-highlighter/dist/esm/styles/prism/pojoaque.js
Module ID: /Users/pranay/Projects/AIMLGlossary/AIGlossaryPro/node_modules/react-syntax-highlighter/dist/esm/styles/prism/shades-of-purple.js
✓ Syntax highlighting chunk matched: /Users/pranay/Projects/AIMLGlossary/AIGlossaryPro/node_modules/react-syntax-highlighter/dist/esm/styles/prism/shades-of-purple.js
Module ID: /Users/pranay/Projects/AIMLGlossary/AIGlossaryPro/node_modules/react-syntax-highlighter/dist/esm/styles/prism/solarized-dark-atom.js
✓ Syntax highlighting chunk matched: /Users/pranay/Projects/AIMLGlossary/AIGlossaryPro/node_modules/react-syntax-highlighter/dist/esm/styles/prism/solarized-dark-atom.js
Module ID: /Users/pranay/Projects/AIMLGlossary/AIGlossaryPro/node_modules/react-syntax-highlighter/dist/esm/styles/prism/synthwave84.js
✓ Syntax highlighting chunk matched: /Users/pranay/Projects/AIMLGlossary/AIGlossaryPro/node_modules/react-syntax-highlighter/dist/esm/styles/prism/synthwave84.js
Module ID: /Users/pranay/Projects/AIMLGlossary/AIGlossaryPro/node_modules/react-syntax-highlighter/dist/esm/styles/prism/vs.js
✓ Syntax highlighting chunk matched: /Users/pranay/Projects/AIMLGlossary/AIGlossaryPro/node_modules/react-syntax-highlighter/dist/esm/styles/prism/vs.js
Module ID: /Users/pranay/Projects/AIMLGlossary/AIGlossaryPro/node_modules/react-syntax-highlighter/dist/esm/styles/prism/vsc-dark-plus.js
✓ Syntax highlighting chunk matched: /Users/pranay/Projects/AIMLGlossary/AIGlossaryPro/node_modules/react-syntax-highlighter/dist/esm/styles/prism/vsc-dark-plus.js
Module ID: /Users/pranay/Projects/AIMLGlossary/AIGlossaryPro/node_modules/react-syntax-highlighter/dist/esm/styles/prism/xonokai.js
✓ Syntax highlighting chunk matched: /Users/pranay/Projects/AIMLGlossary/AIGlossaryPro/node_modules/react-syntax-highlighter/dist/esm/styles/prism/xonokai.js
Module ID: /Users/pranay/Projects/AIMLGlossary/AIGlossaryPro/node_modules/react-syntax-highlighter/dist/esm/styles/prism/z-touch.js
✓ Syntax highlighting chunk matched: /Users/pranay/Projects/AIMLGlossary/AIGlossaryPro/node_modules/react-syntax-highlighter/dist/esm/styles/prism/z-touch.js
Module ID:  /Users/pranay/Projects/AIMLGlossary/AIGlossaryPro/node_modules/react-dom/index.js?commonjs-module
✓ React chunk matched:  /Users/pranay/Projects/AIMLGlossary/AIGlossaryPro/node_modules/react-dom/index.js?commonjs-module
Module ID:  /Users/pranay/Projects/AIMLGlossary/AIGlossaryPro/node_modules/react-dom/cjs/react-dom.development.js?commonjs-proxy
✓ React chunk matched:  /Users/pranay/Projects/AIMLGlossary/AIGlossaryPro/node_modules/react-dom/cjs/react-dom.development.js?commonjs-proxy
Module ID: /Users/pranay/Projects/AIMLGlossary/AIGlossaryPro/node_modules/lodash-es/_overArg.js
✓ Vendor chunk matched: /Users/pranay/Projects/AIMLGlossary/AIGlossaryPro/node_modules/lodash-es/_overArg.js
Module ID: /Users/pranay/Projects/AIMLGlossary/AIGlossaryPro/node_modules/lodash-es/_getNative.js
✓ Vendor chunk matched: /Users/pranay/Projects/AIMLGlossary/AIGlossaryPro/node_modules/lodash-es/_getNative.js
Module ID: /Users/pranay/Projects/AIMLGlossary/AIGlossaryPro/node_modules/lodash-es/_Symbol.js
✓ Vendor chunk matched: /Users/pranay/Projects/AIMLGlossary/AIGlossaryPro/node_modules/lodash-es/_Symbol.js
Module ID: /Users/pranay/Projects/AIMLGlossary/AIGlossaryPro/node_modules/lodash-es/_getRawTag.js
✓ Vendor chunk matched: /Users/pranay/Projects/AIMLGlossary/AIGlossaryPro/node_modules/lodash-es/_getRawTag.js
Module ID: /Users/pranay/Projects/AIMLGlossary/AIGlossaryPro/node_modules/lodash-es/_objectToString.js
✓ Vendor chunk matched: /Users/pranay/Projects/AIMLGlossary/AIGlossaryPro/node_modules/lodash-es/_objectToString.js
Module ID: /Users/pranay/Projects/AIMLGlossary/AIGlossaryPro/node_modules/lodash-es/isObject.js
✓ Vendor chunk matched: /Users/pranay/Projects/AIMLGlossary/AIGlossaryPro/node_modules/lodash-es/isObject.js
Module ID: /Users/pranay/Projects/AIMLGlossary/AIGlossaryPro/node_modules/lodash-es/_freeGlobal.js
✓ Vendor chunk matched: /Users/pranay/Projects/AIMLGlossary/AIGlossaryPro/node_modules/lodash-es/_freeGlobal.js
Module ID: /Users/pranay/Projects/AIMLGlossary/AIGlossaryPro/node_modules/react-remove-scroll/dist/es2015/UI.js
✓ Vendor chunk matched: /Users/pranay/Projects/AIMLGlossary/AIGlossaryPro/node_modules/react-remove-scroll/dist/es2015/UI.js
Module ID: /Users/pranay/Projects/AIMLGlossary/AIGlossaryPro/node_modules/react-remove-scroll/dist/es2015/sidecar.js
✓ Vendor chunk matched: /Users/pranay/Projects/AIMLGlossary/AIGlossaryPro/node_modules/react-remove-scroll/dist/es2015/sidecar.js
Module ID: /Users/pranay/Projects/AIMLGlossary/AIGlossaryPro/node_modules/lodash-es/lodash.js
✓ Vendor chunk matched: /Users/pranay/Projects/AIMLGlossary/AIGlossaryPro/node_modules/lodash-es/lodash.js
Module ID: /Users/pranay/Projects/AIMLGlossary/AIGlossaryPro/node_modules/lodash-es/_Stack.js
✓ Vendor chunk matched: /Users/pranay/Projects/AIMLGlossary/AIGlossaryPro/node_modules/lodash-es/_Stack.js
Module ID: /Users/pranay/Projects/AIMLGlossary/AIGlossaryPro/node_modules/lodash-es/_assignMergeValue.js
✓ Vendor chunk matched: /Users/pranay/Projects/AIMLGlossary/AIGlossaryPro/node_modules/lodash-es/_assignMergeValue.js
Module ID: /Users/pranay/Projects/AIMLGlossary/AIGlossaryPro/node_modules/lodash-es/_baseFor.js
✓ Vendor chunk matched: /Users/pranay/Projects/AIMLGlossary/AIGlossaryPro/node_modules/lodash-es/_baseFor.js
Module ID: /Users/pranay/Projects/AIMLGlossary/AIGlossaryPro/node_modules/lodash-es/_baseMergeDeep.js
✓ Vendor chunk matched: /Users/pranay/Projects/AIMLGlossary/AIGlossaryPro/node_modules/lodash-es/_baseMergeDeep.js
Module ID: /Users/pranay/Projects/AIMLGlossary/AIGlossaryPro/node_modules/lodash-es/keysIn.js
✓ Vendor chunk matched: /Users/pranay/Projects/AIMLGlossary/AIGlossaryPro/node_modules/lodash-es/keysIn.js
Module ID: /Users/pranay/Projects/AIMLGlossary/AIGlossaryPro/node_modules/lodash-es/_safeGet.js
✓ Vendor chunk matched: /Users/pranay/Projects/AIMLGlossary/AIGlossaryPro/node_modules/lodash-es/_safeGet.js
Module ID: /Users/pranay/Projects/AIMLGlossary/AIGlossaryPro/node_modules/lodash-es/_baseRest.js
✓ Vendor chunk matched: /Users/pranay/Projects/AIMLGlossary/AIGlossaryPro/node_modules/lodash-es/_baseRest.js
Module ID: /Users/pranay/Projects/AIMLGlossary/AIGlossaryPro/node_modules/lodash-es/_isIterateeCall.js
✓ Vendor chunk matched: /Users/pranay/Projects/AIMLGlossary/AIGlossaryPro/node_modules/lodash-es/_isIterateeCall.js
Module ID: /Users/pranay/Projects/AIMLGlossary/AIGlossaryPro/node_modules/lodash-es/_mapCacheClear.js
✓ Vendor chunk matched: /Users/pranay/Projects/AIMLGlossary/AIGlossaryPro/node_modules/lodash-es/_mapCacheClear.js
Module ID: /Users/pranay/Projects/AIMLGlossary/AIGlossaryPro/node_modules/lodash-es/_mapCacheDelete.js
✓ Vendor chunk matched: /Users/pranay/Projects/AIMLGlossary/AIGlossaryPro/node_modules/lodash-es/_mapCacheDelete.js
Module ID: /Users/pranay/Projects/AIMLGlossary/AIGlossaryPro/node_modules/lodash-es/_mapCacheGet.js
✓ Vendor chunk matched: /Users/pranay/Projects/AIMLGlossary/AIGlossaryPro/node_modules/lodash-es/_mapCacheGet.js
Module ID: /Users/pranay/Projects/AIMLGlossary/AIGlossaryPro/node_modules/lodash-es/_mapCacheHas.js
✓ Vendor chunk matched: /Users/pranay/Projects/AIMLGlossary/AIGlossaryPro/node_modules/lodash-es/_mapCacheHas.js
Module ID: /Users/pranay/Projects/AIMLGlossary/AIGlossaryPro/node_modules/lodash-es/_mapCacheSet.js
✓ Vendor chunk matched: /Users/pranay/Projects/AIMLGlossary/AIGlossaryPro/node_modules/lodash-es/_mapCacheSet.js
Module ID: /Users/pranay/Projects/AIMLGlossary/AIGlossaryPro/node_modules/khroma/dist/methods/rgba.js
✓ Vendor chunk matched: /Users/pranay/Projects/AIMLGlossary/AIGlossaryPro/node_modules/khroma/dist/methods/rgba.js
Module ID: /Users/pranay/Projects/AIMLGlossary/AIGlossaryPro/node_modules/khroma/dist/methods/hsla.js
✓ Vendor chunk matched: /Users/pranay/Projects/AIMLGlossary/AIGlossaryPro/node_modules/khroma/dist/methods/hsla.js
Module ID: /Users/pranay/Projects/AIMLGlossary/AIGlossaryPro/node_modules/khroma/dist/methods/to_keyword.js
✓ Vendor chunk matched: /Users/pranay/Projects/AIMLGlossary/AIGlossaryPro/node_modules/khroma/dist/methods/to_keyword.js
Module ID: /Users/pranay/Projects/AIMLGlossary/AIGlossaryPro/node_modules/khroma/dist/methods/to_hex.js
✓ Vendor chunk matched: /Users/pranay/Projects/AIMLGlossary/AIGlossaryPro/node_modules/khroma/dist/methods/to_hex.js
Module ID: /Users/pranay/Projects/AIMLGlossary/AIGlossaryPro/node_modules/khroma/dist/methods/to_rgba.js
✓ Vendor chunk matched: /Users/pranay/Projects/AIMLGlossary/AIGlossaryPro/node_modules/khroma/dist/methods/to_rgba.js
Module ID: /Users/pranay/Projects/AIMLGlossary/AIGlossaryPro/node_modules/khroma/dist/methods/to_hsla.js
✓ Vendor chunk matched: /Users/pranay/Projects/AIMLGlossary/AIGlossaryPro/node_modules/khroma/dist/methods/to_hsla.js
Module ID: /Users/pranay/Projects/AIMLGlossary/AIGlossaryPro/node_modules/khroma/dist/methods/channel.js
✓ Vendor chunk matched: /Users/pranay/Projects/AIMLGlossary/AIGlossaryPro/node_modules/khroma/dist/methods/channel.js
Module ID: /Users/pranay/Projects/AIMLGlossary/AIGlossaryPro/node_modules/khroma/dist/methods/red.js
✓ Vendor chunk matched: /Users/pranay/Projects/AIMLGlossary/AIGlossaryPro/node_modules/khroma/dist/methods/red.js
Module ID: /Users/pranay/Projects/AIMLGlossary/AIGlossaryPro/node_modules/khroma/dist/methods/green.js
✓ Vendor chunk matched: /Users/pranay/Projects/AIMLGlossary/AIGlossaryPro/node_modules/khroma/dist/methods/green.js
Module ID: /Users/pranay/Projects/AIMLGlossary/AIGlossaryPro/node_modules/khroma/dist/methods/blue.js
✓ Vendor chunk matched: /Users/pranay/Projects/AIMLGlossary/AIGlossaryPro/node_modules/khroma/dist/methods/blue.js
Module ID: /Users/pranay/Projects/AIMLGlossary/AIGlossaryPro/node_modules/khroma/dist/methods/hue.js
✓ Vendor chunk matched: /Users/pranay/Projects/AIMLGlossary/AIGlossaryPro/node_modules/khroma/dist/methods/hue.js
Module ID: /Users/pranay/Projects/AIMLGlossary/AIGlossaryPro/node_modules/khroma/dist/methods/saturation.js
✓ Vendor chunk matched: /Users/pranay/Projects/AIMLGlossary/AIGlossaryPro/node_modules/khroma/dist/methods/saturation.js
Module ID: /Users/pranay/Projects/AIMLGlossary/AIGlossaryPro/node_modules/khroma/dist/methods/lightness.js
✓ Vendor chunk matched: /Users/pranay/Projects/AIMLGlossary/AIGlossaryPro/node_modules/khroma/dist/methods/lightness.js
Module ID: /Users/pranay/Projects/AIMLGlossary/AIGlossaryPro/node_modules/khroma/dist/methods/alpha.js
✓ Vendor chunk matched: /Users/pranay/Projects/AIMLGlossary/AIGlossaryPro/node_modules/khroma/dist/methods/alpha.js
Module ID: /Users/pranay/Projects/AIMLGlossary/AIGlossaryPro/node_modules/khroma/dist/methods/contrast.js
✓ Vendor chunk matched: /Users/pranay/Projects/AIMLGlossary/AIGlossaryPro/node_modules/khroma/dist/methods/contrast.js
Module ID: /Users/pranay/Projects/AIMLGlossary/AIGlossaryPro/node_modules/khroma/dist/methods/luminance.js
✓ Vendor chunk matched: /Users/pranay/Projects/AIMLGlossary/AIGlossaryPro/node_modules/khroma/dist/methods/luminance.js
Module ID: /Users/pranay/Projects/AIMLGlossary/AIGlossaryPro/node_modules/khroma/dist/methods/is_dark.js
✓ Vendor chunk matched: /Users/pranay/Projects/AIMLGlossary/AIGlossaryPro/node_modules/khroma/dist/methods/is_dark.js
Module ID: /Users/pranay/Projects/AIMLGlossary/AIGlossaryPro/node_modules/khroma/dist/methods/is_light.js
✓ Vendor chunk matched: /Users/pranay/Projects/AIMLGlossary/AIGlossaryPro/node_modules/khroma/dist/methods/is_light.js
Module ID: /Users/pranay/Projects/AIMLGlossary/AIGlossaryPro/node_modules/khroma/dist/methods/is_transparent.js
✓ Vendor chunk matched: /Users/pranay/Projects/AIMLGlossary/AIGlossaryPro/node_modules/khroma/dist/methods/is_transparent.js
Module ID: /Users/pranay/Projects/AIMLGlossary/AIGlossaryPro/node_modules/khroma/dist/methods/is_valid.js
✓ Vendor chunk matched: /Users/pranay/Projects/AIMLGlossary/AIGlossaryPro/node_modules/khroma/dist/methods/is_valid.js
Module ID: /Users/pranay/Projects/AIMLGlossary/AIGlossaryPro/node_modules/khroma/dist/methods/saturate.js
✓ Vendor chunk matched: /Users/pranay/Projects/AIMLGlossary/AIGlossaryPro/node_modules/khroma/dist/methods/saturate.js
Module ID: /Users/pranay/Projects/AIMLGlossary/AIGlossaryPro/node_modules/khroma/dist/methods/desaturate.js
✓ Vendor chunk matched: /Users/pranay/Projects/AIMLGlossary/AIGlossaryPro/node_modules/khroma/dist/methods/desaturate.js
Module ID: /Users/pranay/Projects/AIMLGlossary/AIGlossaryPro/node_modules/khroma/dist/methods/lighten.js
✓ Vendor chunk matched: /Users/pranay/Projects/AIMLGlossary/AIGlossaryPro/node_modules/khroma/dist/methods/lighten.js
Module ID: /Users/pranay/Projects/AIMLGlossary/AIGlossaryPro/node_modules/khroma/dist/methods/darken.js
✓ Vendor chunk matched: /Users/pranay/Projects/AIMLGlossary/AIGlossaryPro/node_modules/khroma/dist/methods/darken.js
Module ID: /Users/pranay/Projects/AIMLGlossary/AIGlossaryPro/node_modules/khroma/dist/methods/opacify.js
✓ Vendor chunk matched: /Users/pranay/Projects/AIMLGlossary/AIGlossaryPro/node_modules/khroma/dist/methods/opacify.js
Module ID: /Users/pranay/Projects/AIMLGlossary/AIGlossaryPro/node_modules/khroma/dist/methods/transparentize.js
✓ Vendor chunk matched: /Users/pranay/Projects/AIMLGlossary/AIGlossaryPro/node_modules/khroma/dist/methods/transparentize.js
Module ID: /Users/pranay/Projects/AIMLGlossary/AIGlossaryPro/node_modules/khroma/dist/methods/complement.js
✓ Vendor chunk matched: /Users/pranay/Projects/AIMLGlossary/AIGlossaryPro/node_modules/khroma/dist/methods/complement.js
Module ID: /Users/pranay/Projects/AIMLGlossary/AIGlossaryPro/node_modules/khroma/dist/methods/grayscale.js
✓ Vendor chunk matched: /Users/pranay/Projects/AIMLGlossary/AIGlossaryPro/node_modules/khroma/dist/methods/grayscale.js
Module ID: /Users/pranay/Projects/AIMLGlossary/AIGlossaryPro/node_modules/khroma/dist/methods/adjust.js
✓ Vendor chunk matched: /Users/pranay/Projects/AIMLGlossary/AIGlossaryPro/node_modules/khroma/dist/methods/adjust.js
Module ID: /Users/pranay/Projects/AIMLGlossary/AIGlossaryPro/node_modules/khroma/dist/methods/change.js
✓ Vendor chunk matched: /Users/pranay/Projects/AIMLGlossary/AIGlossaryPro/node_modules/khroma/dist/methods/change.js
Module ID: /Users/pranay/Projects/AIMLGlossary/AIGlossaryPro/node_modules/khroma/dist/methods/invert.js
✓ Vendor chunk matched: /Users/pranay/Projects/AIMLGlossary/AIGlossaryPro/node_modules/khroma/dist/methods/invert.js
Module ID: /Users/pranay/Projects/AIMLGlossary/AIGlossaryPro/node_modules/khroma/dist/methods/mix.js
✓ Vendor chunk matched: /Users/pranay/Projects/AIMLGlossary/AIGlossaryPro/node_modules/khroma/dist/methods/mix.js
Module ID: /Users/pranay/Projects/AIMLGlossary/AIGlossaryPro/node_modules/khroma/dist/methods/scale.js
✓ Vendor chunk matched: /Users/pranay/Projects/AIMLGlossary/AIGlossaryPro/node_modules/khroma/dist/methods/scale.js
Module ID: /Users/pranay/Projects/AIMLGlossary/AIGlossaryPro/node_modules/langium/lib/index.js
✓ Vendor chunk matched: /Users/pranay/Projects/AIMLGlossary/AIGlossaryPro/node_modules/langium/lib/index.js
Module ID: /Users/pranay/Projects/AIMLGlossary/AIGlossaryPro/node_modules/d3-array/src/number.js
✓ Vendor chunk matched: /Users/pranay/Projects/AIMLGlossary/AIGlossaryPro/node_modules/d3-array/src/number.js
Module ID: /Users/pranay/Projects/AIMLGlossary/AIGlossaryPro/node_modules/d3-axis/src/identity.js
✓ Vendor chunk matched: /Users/pranay/Projects/AIMLGlossary/AIGlossaryPro/node_modules/d3-axis/src/identity.js
Module ID: /Users/pranay/Projects/AIMLGlossary/AIGlossaryPro/node_modules/d3-array/src/identity.js
✓ Vendor chunk matched: /Users/pranay/Projects/AIMLGlossary/AIGlossaryPro/node_modules/d3-array/src/identity.js
Module ID: /Users/pranay/Projects/AIMLGlossary/AIGlossaryPro/node_modules/d3-array/src/array.js
✓ Vendor chunk matched: /Users/pranay/Projects/AIMLGlossary/AIGlossaryPro/node_modules/d3-array/src/array.js
Module ID: /Users/pranay/Projects/AIMLGlossary/AIGlossaryPro/node_modules/d3-array/src/constant.js
✓ Vendor chunk matched: /Users/pranay/Projects/AIMLGlossary/AIGlossaryPro/node_modules/d3-array/src/constant.js
Module ID:  /Users/pranay/Projects/AIMLGlossary/AIGlossaryPro/node_modules/@braintree/sanitize-url/dist/index.js?commonjs-exports
✓ Vendor chunk matched:  /Users/pranay/Projects/AIMLGlossary/AIGlossaryPro/node_modules/@braintree/sanitize-url/dist/index.js?commonjs-exports
Module ID:  /Users/pranay/Projects/AIMLGlossary/AIGlossaryPro/node_modules/@braintree/sanitize-url/dist/constants.js?commonjs-proxy
✓ Vendor chunk matched:  /Users/pranay/Projects/AIMLGlossary/AIGlossaryPro/node_modules/@braintree/sanitize-url/dist/constants.js?commonjs-proxy
Module ID: /Users/pranay/Projects/AIMLGlossary/AIGlossaryPro/node_modules/debug/src/common.js
✓ Vendor chunk matched: /Users/pranay/Projects/AIMLGlossary/AIGlossaryPro/node_modules/debug/src/common.js
Module ID: /Users/pranay/Projects/AIMLGlossary/AIGlossaryPro/node_modules/react-is/cjs/react-is.development.js
✓ Vendor chunk matched: /Users/pranay/Projects/AIMLGlossary/AIGlossaryPro/node_modules/react-is/cjs/react-is.development.js
Module ID: /Users/pranay/Projects/AIMLGlossary/AIGlossaryPro/node_modules/object-assign/index.js
✓ Vendor chunk matched: /Users/pranay/Projects/AIMLGlossary/AIGlossaryPro/node_modules/object-assign/index.js
Module ID: /Users/pranay/Projects/AIMLGlossary/AIGlossaryPro/node_modules/prop-types/lib/ReactPropTypesSecret.js
✓ Vendor chunk matched: /Users/pranay/Projects/AIMLGlossary/AIGlossaryPro/node_modules/prop-types/lib/ReactPropTypesSecret.js
Module ID: /Users/pranay/Projects/AIMLGlossary/AIGlossaryPro/node_modules/prop-types/lib/has.js
✓ Vendor chunk matched: /Users/pranay/Projects/AIMLGlossary/AIGlossaryPro/node_modules/prop-types/lib/has.js
Module ID: /Users/pranay/Projects/AIMLGlossary/AIGlossaryPro/node_modules/prop-types/checkPropTypes.js
✓ Vendor chunk matched: /Users/pranay/Projects/AIMLGlossary/AIGlossaryPro/node_modules/prop-types/checkPropTypes.js
Module ID: /Users/pranay/Projects/AIMLGlossary/AIGlossaryPro/node_modules/d3-chord/src/math.js
✓ Vendor chunk matched: /Users/pranay/Projects/AIMLGlossary/AIGlossaryPro/node_modules/d3-chord/src/math.js
Module ID: /Users/pranay/Projects/AIMLGlossary/AIGlossaryPro/node_modules/d3-chord/src/array.js
✓ Vendor chunk matched: /Users/pranay/Projects/AIMLGlossary/AIGlossaryPro/node_modules/d3-chord/src/array.js
Module ID: /Users/pranay/Projects/AIMLGlossary/AIGlossaryPro/node_modules/d3-chord/src/constant.js
✓ Vendor chunk matched: /Users/pranay/Projects/AIMLGlossary/AIGlossaryPro/node_modules/d3-chord/src/constant.js
Module ID: /Users/pranay/Projects/AIMLGlossary/AIGlossaryPro/node_modules/d3-brush/src/constant.js
✓ Vendor chunk matched: /Users/pranay/Projects/AIMLGlossary/AIGlossaryPro/node_modules/d3-brush/src/constant.js
Module ID: /Users/pranay/Projects/AIMLGlossary/AIGlossaryPro/node_modules/d3-brush/src/event.js
✓ Vendor chunk matched: /Users/pranay/Projects/AIMLGlossary/AIGlossaryPro/node_modules/d3-brush/src/event.js
Module ID: /Users/pranay/Projects/AIMLGlossary/AIGlossaryPro/node_modules/d3-brush/src/noevent.js
✓ Vendor chunk matched: /Users/pranay/Projects/AIMLGlossary/AIGlossaryPro/node_modules/d3-brush/src/noevent.js
Module ID: /Users/pranay/Projects/AIMLGlossary/AIGlossaryPro/node_modules/d3-contour/src/array.js
✓ Vendor chunk matched: /Users/pranay/Projects/AIMLGlossary/AIGlossaryPro/node_modules/d3-contour/src/array.js
Module ID: /Users/pranay/Projects/AIMLGlossary/AIGlossaryPro/node_modules/d3-contour/src/ascending.js
✓ Vendor chunk matched: /Users/pranay/Projects/AIMLGlossary/AIGlossaryPro/node_modules/d3-contour/src/ascending.js
Module ID: /Users/pranay/Projects/AIMLGlossary/AIGlossaryPro/node_modules/d3-contour/src/area.js
✓ Vendor chunk matched: /Users/pranay/Projects/AIMLGlossary/AIGlossaryPro/node_modules/d3-contour/src/area.js
Module ID: /Users/pranay/Projects/AIMLGlossary/AIGlossaryPro/node_modules/d3-contour/src/constant.js
✓ Vendor chunk matched: /Users/pranay/Projects/AIMLGlossary/AIGlossaryPro/node_modules/d3-contour/src/constant.js
Module ID: /Users/pranay/Projects/AIMLGlossary/AIGlossaryPro/node_modules/d3-contour/src/contains.js
✓ Vendor chunk matched: /Users/pranay/Projects/AIMLGlossary/AIGlossaryPro/node_modules/d3-contour/src/contains.js
Module ID: /Users/pranay/Projects/AIMLGlossary/AIGlossaryPro/node_modules/d3-contour/src/noop.js
✓ Vendor chunk matched: /Users/pranay/Projects/AIMLGlossary/AIGlossaryPro/node_modules/d3-contour/src/noop.js
Module ID: /Users/pranay/Projects/AIMLGlossary/AIGlossaryPro/node_modules/d3-color/src/define.js
✓ Vendor chunk matched: /Users/pranay/Projects/AIMLGlossary/AIGlossaryPro/node_modules/d3-color/src/define.js
Module ID: /Users/pranay/Projects/AIMLGlossary/AIGlossaryPro/node_modules/d3-color/src/math.js
✓ Vendor chunk matched: /Users/pranay/Projects/AIMLGlossary/AIGlossaryPro/node_modules/d3-color/src/math.js
Module ID: /Users/pranay/Projects/AIMLGlossary/AIGlossaryPro/node_modules/delaunator/index.js
✓ Vendor chunk matched: /Users/pranay/Projects/AIMLGlossary/AIGlossaryPro/node_modules/delaunator/index.js
Module ID: /Users/pranay/Projects/AIMLGlossary/AIGlossaryPro/node_modules/d3-delaunay/src/path.js
✓ Vendor chunk matched: /Users/pranay/Projects/AIMLGlossary/AIGlossaryPro/node_modules/d3-delaunay/src/path.js
Module ID: /Users/pranay/Projects/AIMLGlossary/AIGlossaryPro/node_modules/d3-delaunay/src/polygon.js
✓ Vendor chunk matched: /Users/pranay/Projects/AIMLGlossary/AIGlossaryPro/node_modules/d3-delaunay/src/polygon.js
Module ID: /Users/pranay/Projects/AIMLGlossary/AIGlossaryPro/node_modules/d3-drag/src/noevent.js
✓ Vendor chunk matched: /Users/pranay/Projects/AIMLGlossary/AIGlossaryPro/node_modules/d3-drag/src/noevent.js
Module ID: /Users/pranay/Projects/AIMLGlossary/AIGlossaryPro/node_modules/d3-drag/src/constant.js
✓ Vendor chunk matched: /Users/pranay/Projects/AIMLGlossary/AIGlossaryPro/node_modules/d3-drag/src/constant.js
Module ID: /Users/pranay/Projects/AIMLGlossary/AIGlossaryPro/node_modules/d3-drag/src/event.js
✓ Vendor chunk matched: /Users/pranay/Projects/AIMLGlossary/AIGlossaryPro/node_modules/d3-drag/src/event.js
Module ID: /Users/pranay/Projects/AIMLGlossary/AIGlossaryPro/node_modules/d3-ease/src/math.js
✓ Vendor chunk matched: /Users/pranay/Projects/AIMLGlossary/AIGlossaryPro/node_modules/d3-ease/src/math.js
Module ID: /Users/pranay/Projects/AIMLGlossary/AIGlossaryPro/node_modules/d3-force/src/constant.js
✓ Vendor chunk matched: /Users/pranay/Projects/AIMLGlossary/AIGlossaryPro/node_modules/d3-force/src/constant.js
Module ID: /Users/pranay/Projects/AIMLGlossary/AIGlossaryPro/node_modules/d3-force/src/jiggle.js
✓ Vendor chunk matched: /Users/pranay/Projects/AIMLGlossary/AIGlossaryPro/node_modules/d3-force/src/jiggle.js
Module ID: /Users/pranay/Projects/AIMLGlossary/AIGlossaryPro/node_modules/d3-force/src/lcg.js
✓ Vendor chunk matched: /Users/pranay/Projects/AIMLGlossary/AIGlossaryPro/node_modules/d3-force/src/lcg.js
Module ID: /Users/pranay/Projects/AIMLGlossary/AIGlossaryPro/node_modules/d3-format/src/exponent.js
✓ Vendor chunk matched: /Users/pranay/Projects/AIMLGlossary/AIGlossaryPro/node_modules/d3-format/src/exponent.js
Module ID: /Users/pranay/Projects/AIMLGlossary/AIGlossaryPro/node_modules/d3-format/src/formatGroup.js
✓ Vendor chunk matched: /Users/pranay/Projects/AIMLGlossary/AIGlossaryPro/node_modules/d3-format/src/formatGroup.js
Module ID: /Users/pranay/Projects/AIMLGlossary/AIGlossaryPro/node_modules/d3-format/src/formatNumerals.js
✓ Vendor chunk matched: /Users/pranay/Projects/AIMLGlossary/AIGlossaryPro/node_modules/d3-format/src/formatNumerals.js
Module ID: /Users/pranay/Projects/AIMLGlossary/AIGlossaryPro/node_modules/d3-format/src/formatTrim.js
✓ Vendor chunk matched: /Users/pranay/Projects/AIMLGlossary/AIGlossaryPro/node_modules/d3-format/src/formatTrim.js
Module ID: /Users/pranay/Projects/AIMLGlossary/AIGlossaryPro/node_modules/d3-format/src/formatTypes.js
✓ Vendor chunk matched: /Users/pranay/Projects/AIMLGlossary/AIGlossaryPro/node_modules/d3-format/src/formatTypes.js
Module ID: /Users/pranay/Projects/AIMLGlossary/AIGlossaryPro/node_modules/d3-format/src/formatPrefixAuto.js
✓ Vendor chunk matched: /Users/pranay/Projects/AIMLGlossary/AIGlossaryPro/node_modules/d3-format/src/formatPrefixAuto.js
Module ID: /Users/pranay/Projects/AIMLGlossary/AIGlossaryPro/node_modules/d3-format/src/identity.js
✓ Vendor chunk matched: /Users/pranay/Projects/AIMLGlossary/AIGlossaryPro/node_modules/d3-format/src/identity.js
Module ID: /Users/pranay/Projects/AIMLGlossary/AIGlossaryPro/node_modules/d3-geo/src/math.js
✓ Vendor chunk matched: /Users/pranay/Projects/AIMLGlossary/AIGlossaryPro/node_modules/d3-geo/src/math.js
Module ID: /Users/pranay/Projects/AIMLGlossary/AIGlossaryPro/node_modules/d3-geo/src/noop.js
✓ Vendor chunk matched: /Users/pranay/Projects/AIMLGlossary/AIGlossaryPro/node_modules/d3-geo/src/noop.js
Module ID: /Users/pranay/Projects/AIMLGlossary/AIGlossaryPro/node_modules/d3-geo/src/clip/index.js
✓ Vendor chunk matched: /Users/pranay/Projects/AIMLGlossary/AIGlossaryPro/node_modules/d3-geo/src/clip/index.js
Module ID: /Users/pranay/Projects/AIMLGlossary/AIGlossaryPro/node_modules/d3-geo/src/cartesian.js
✓ Vendor chunk matched: /Users/pranay/Projects/AIMLGlossary/AIGlossaryPro/node_modules/d3-geo/src/cartesian.js
Module ID: /Users/pranay/Projects/AIMLGlossary/AIGlossaryPro/node_modules/d3-geo/src/constant.js
✓ Vendor chunk matched: /Users/pranay/Projects/AIMLGlossary/AIGlossaryPro/node_modules/d3-geo/src/constant.js
Module ID: /Users/pranay/Projects/AIMLGlossary/AIGlossaryPro/node_modules/d3-geo/src/polygonContains.js
✓ Vendor chunk matched: /Users/pranay/Projects/AIMLGlossary/AIGlossaryPro/node_modules/d3-geo/src/polygonContains.js
Module ID: /Users/pranay/Projects/AIMLGlossary/AIGlossaryPro/node_modules/d3-geo/src/clip/buffer.js
✓ Vendor chunk matched: /Users/pranay/Projects/AIMLGlossary/AIGlossaryPro/node_modules/d3-geo/src/clip/buffer.js
Module ID: /Users/pranay/Projects/AIMLGlossary/AIGlossaryPro/node_modules/d3-geo/src/clip/line.js
✓ Vendor chunk matched: /Users/pranay/Projects/AIMLGlossary/AIGlossaryPro/node_modules/d3-geo/src/clip/line.js
Module ID: /Users/pranay/Projects/AIMLGlossary/AIGlossaryPro/node_modules/d3-geo/src/clip/rejoin.js
✓ Vendor chunk matched: /Users/pranay/Projects/AIMLGlossary/AIGlossaryPro/node_modules/d3-geo/src/clip/rejoin.js
Module ID: /Users/pranay/Projects/AIMLGlossary/AIGlossaryPro/node_modules/d3-geo/src/pointEqual.js
✓ Vendor chunk matched: /Users/pranay/Projects/AIMLGlossary/AIGlossaryPro/node_modules/d3-geo/src/pointEqual.js
Module ID: /Users/pranay/Projects/AIMLGlossary/AIGlossaryPro/node_modules/d3-geo/src/identity.js
✓ Vendor chunk matched: /Users/pranay/Projects/AIMLGlossary/AIGlossaryPro/node_modules/d3-geo/src/identity.js
Module ID: /Users/pranay/Projects/AIMLGlossary/AIGlossaryPro/node_modules/d3-geo/src/path/area.js
✓ Vendor chunk matched: /Users/pranay/Projects/AIMLGlossary/AIGlossaryPro/node_modules/d3-geo/src/path/area.js
Module ID: /Users/pranay/Projects/AIMLGlossary/AIGlossaryPro/node_modules/d3-geo/src/path/bounds.js
✓ Vendor chunk matched: /Users/pranay/Projects/AIMLGlossary/AIGlossaryPro/node_modules/d3-geo/src/path/bounds.js
Module ID: /Users/pranay/Projects/AIMLGlossary/AIGlossaryPro/node_modules/d3-geo/src/path/centroid.js
✓ Vendor chunk matched: /Users/pranay/Projects/AIMLGlossary/AIGlossaryPro/node_modules/d3-geo/src/path/centroid.js
Module ID: /Users/pranay/Projects/AIMLGlossary/AIGlossaryPro/node_modules/d3-geo/src/path/context.js
✓ Vendor chunk matched: /Users/pranay/Projects/AIMLGlossary/AIGlossaryPro/node_modules/d3-geo/src/path/context.js
Module ID: /Users/pranay/Projects/AIMLGlossary/AIGlossaryPro/node_modules/d3-geo/src/path/measure.js
✓ Vendor chunk matched: /Users/pranay/Projects/AIMLGlossary/AIGlossaryPro/node_modules/d3-geo/src/path/measure.js
Module ID: /Users/pranay/Projects/AIMLGlossary/AIGlossaryPro/node_modules/d3-geo/src/path/string.js
✓ Vendor chunk matched: /Users/pranay/Projects/AIMLGlossary/AIGlossaryPro/node_modules/d3-geo/src/path/string.js
Module ID: /Users/pranay/Projects/AIMLGlossary/AIGlossaryPro/node_modules/d3-geo/src/projection/azimuthal.js
✓ Vendor chunk matched: /Users/pranay/Projects/AIMLGlossary/AIGlossaryPro/node_modules/d3-geo/src/projection/azimuthal.js
Module ID: /Users/pranay/Projects/AIMLGlossary/AIGlossaryPro/node_modules/d3-geo/src/projection/conic.js
✓ Vendor chunk matched: /Users/pranay/Projects/AIMLGlossary/AIGlossaryPro/node_modules/d3-geo/src/projection/conic.js
Module ID: /Users/pranay/Projects/AIMLGlossary/AIGlossaryPro/node_modules/d3-geo/src/projection/cylindricalEqualArea.js
✓ Vendor chunk matched: /Users/pranay/Projects/AIMLGlossary/AIGlossaryPro/node_modules/d3-geo/src/projection/cylindricalEqualArea.js
Module ID: /Users/pranay/Projects/AIMLGlossary/AIGlossaryPro/node_modules/d3-geo/src/projection/fit.js
✓ Vendor chunk matched: /Users/pranay/Projects/AIMLGlossary/AIGlossaryPro/node_modules/d3-geo/src/projection/fit.js
Module ID: /Users/pranay/Projects/AIMLGlossary/AIGlossaryPro/node_modules/d3-geo/src/compose.js
✓ Vendor chunk matched: /Users/pranay/Projects/AIMLGlossary/AIGlossaryPro/node_modules/d3-geo/src/compose.js
Module ID: /Users/pranay/Projects/AIMLGlossary/AIGlossaryPro/node_modules/d3-geo/src/projection/resample.js
✓ Vendor chunk matched: /Users/pranay/Projects/AIMLGlossary/AIGlossaryPro/node_modules/d3-geo/src/projection/resample.js
Module ID: /Users/pranay/Projects/AIMLGlossary/AIGlossaryPro/node_modules/d3-interpolate/src/constant.js
✓ Vendor chunk matched: /Users/pranay/Projects/AIMLGlossary/AIGlossaryPro/node_modules/d3-interpolate/src/constant.js
Module ID: /Users/pranay/Projects/AIMLGlossary/AIGlossaryPro/node_modules/d3-interpolate/src/color.js
✓ Vendor chunk matched: /Users/pranay/Projects/AIMLGlossary/AIGlossaryPro/node_modules/d3-interpolate/src/color.js
Module ID: /Users/pranay/Projects/AIMLGlossary/AIGlossaryPro/node_modules/d3-interpolate/src/transform/parse.js
✓ Vendor chunk matched: /Users/pranay/Projects/AIMLGlossary/AIGlossaryPro/node_modules/d3-interpolate/src/transform/parse.js
Module ID: /Users/pranay/Projects/AIMLGlossary/AIGlossaryPro/node_modules/d3-hierarchy/src/hierarchy/count.js
✓ Vendor chunk matched: /Users/pranay/Projects/AIMLGlossary/AIGlossaryPro/node_modules/d3-hierarchy/src/hierarchy/count.js
Module ID: /Users/pranay/Projects/AIMLGlossary/AIGlossaryPro/node_modules/d3-hierarchy/src/hierarchy/each.js
✓ Vendor chunk matched: /Users/pranay/Projects/AIMLGlossary/AIGlossaryPro/node_modules/d3-hierarchy/src/hierarchy/each.js
Module ID: /Users/pranay/Projects/AIMLGlossary/AIGlossaryPro/node_modules/d3-hierarchy/src/hierarchy/eachBefore.js
✓ Vendor chunk matched: /Users/pranay/Projects/AIMLGlossary/AIGlossaryPro/node_modules/d3-hierarchy/src/hierarchy/eachBefore.js
Module ID: /Users/pranay/Projects/AIMLGlossary/AIGlossaryPro/node_modules/d3-hierarchy/src/hierarchy/eachAfter.js
✓ Vendor chunk matched: /Users/pranay/Projects/AIMLGlossary/AIGlossaryPro/node_modules/d3-hierarchy/src/hierarchy/eachAfter.js
Module ID: /Users/pranay/Projects/AIMLGlossary/AIGlossaryPro/node_modules/d3-hierarchy/src/hierarchy/find.js
✓ Vendor chunk matched: /Users/pranay/Projects/AIMLGlossary/AIGlossaryPro/node_modules/d3-hierarchy/src/hierarchy/find.js
Module ID: /Users/pranay/Projects/AIMLGlossary/AIGlossaryPro/node_modules/d3-hierarchy/src/hierarchy/sum.js
✓ Vendor chunk matched: /Users/pranay/Projects/AIMLGlossary/AIGlossaryPro/node_modules/d3-hierarchy/src/hierarchy/sum.js
Module ID: /Users/pranay/Projects/AIMLGlossary/AIGlossaryPro/node_modules/d3-hierarchy/src/hierarchy/sort.js
✓ Vendor chunk matched: /Users/pranay/Projects/AIMLGlossary/AIGlossaryPro/node_modules/d3-hierarchy/src/hierarchy/sort.js
Module ID: /Users/pranay/Projects/AIMLGlossary/AIGlossaryPro/node_modules/d3-hierarchy/src/hierarchy/path.js
✓ Vendor chunk matched: /Users/pranay/Projects/AIMLGlossary/AIGlossaryPro/node_modules/d3-hierarchy/src/hierarchy/path.js
Module ID: /Users/pranay/Projects/AIMLGlossary/AIGlossaryPro/node_modules/d3-hierarchy/src/hierarchy/ancestors.js
✓ Vendor chunk matched: /Users/pranay/Projects/AIMLGlossary/AIGlossaryPro/node_modules/d3-hierarchy/src/hierarchy/ancestors.js
Module ID: /Users/pranay/Projects/AIMLGlossary/AIGlossaryPro/node_modules/d3-hierarchy/src/hierarchy/descendants.js
✓ Vendor chunk matched: /Users/pranay/Projects/AIMLGlossary/AIGlossaryPro/node_modules/d3-hierarchy/src/hierarchy/descendants.js
Module ID: /Users/pranay/Projects/AIMLGlossary/AIGlossaryPro/node_modules/d3-hierarchy/src/hierarchy/leaves.js
✓ Vendor chunk matched: /Users/pranay/Projects/AIMLGlossary/AIGlossaryPro/node_modules/d3-hierarchy/src/hierarchy/leaves.js
Module ID: /Users/pranay/Projects/AIMLGlossary/AIGlossaryPro/node_modules/d3-hierarchy/src/hierarchy/links.js
✓ Vendor chunk matched: /Users/pranay/Projects/AIMLGlossary/AIGlossaryPro/node_modules/d3-hierarchy/src/hierarchy/links.js
Module ID: /Users/pranay/Projects/AIMLGlossary/AIGlossaryPro/node_modules/d3-hierarchy/src/hierarchy/iterator.js
✓ Vendor chunk matched: /Users/pranay/Projects/AIMLGlossary/AIGlossaryPro/node_modules/d3-hierarchy/src/hierarchy/iterator.js
Module ID: /Users/pranay/Projects/AIMLGlossary/AIGlossaryPro/node_modules/d3-hierarchy/src/array.js
✓ Vendor chunk matched: /Users/pranay/Projects/AIMLGlossary/AIGlossaryPro/node_modules/d3-hierarchy/src/array.js
Module ID: /Users/pranay/Projects/AIMLGlossary/AIGlossaryPro/node_modules/d3-hierarchy/src/lcg.js
✓ Vendor chunk matched: /Users/pranay/Projects/AIMLGlossary/AIGlossaryPro/node_modules/d3-hierarchy/src/lcg.js
Module ID: /Users/pranay/Projects/AIMLGlossary/AIGlossaryPro/node_modules/d3-hierarchy/src/treemap/round.js
✓ Vendor chunk matched: /Users/pranay/Projects/AIMLGlossary/AIGlossaryPro/node_modules/d3-hierarchy/src/treemap/round.js
Module ID: /Users/pranay/Projects/AIMLGlossary/AIGlossaryPro/node_modules/d3-hierarchy/src/accessors.js
✓ Vendor chunk matched: /Users/pranay/Projects/AIMLGlossary/AIGlossaryPro/node_modules/d3-hierarchy/src/accessors.js
Module ID: /Users/pranay/Projects/AIMLGlossary/AIGlossaryPro/node_modules/d3-hierarchy/src/constant.js
✓ Vendor chunk matched: /Users/pranay/Projects/AIMLGlossary/AIGlossaryPro/node_modules/d3-hierarchy/src/constant.js
Module ID: /Users/pranay/Projects/AIMLGlossary/AIGlossaryPro/node_modules/d3-random/src/defaultSource.js
✓ Vendor chunk matched: /Users/pranay/Projects/AIMLGlossary/AIGlossaryPro/node_modules/d3-random/src/defaultSource.js
Module ID: /Users/pranay/Projects/AIMLGlossary/AIGlossaryPro/node_modules/d3-quadtree/src/add.js
✓ Vendor chunk matched: /Users/pranay/Projects/AIMLGlossary/AIGlossaryPro/node_modules/d3-quadtree/src/add.js
Module ID: /Users/pranay/Projects/AIMLGlossary/AIGlossaryPro/node_modules/d3-quadtree/src/cover.js
✓ Vendor chunk matched: /Users/pranay/Projects/AIMLGlossary/AIGlossaryPro/node_modules/d3-quadtree/src/cover.js
Module ID: /Users/pranay/Projects/AIMLGlossary/AIGlossaryPro/node_modules/d3-quadtree/src/data.js
✓ Vendor chunk matched: /Users/pranay/Projects/AIMLGlossary/AIGlossaryPro/node_modules/d3-quadtree/src/data.js
Module ID: /Users/pranay/Projects/AIMLGlossary/AIGlossaryPro/node_modules/d3-quadtree/src/extent.js
✓ Vendor chunk matched: /Users/pranay/Projects/AIMLGlossary/AIGlossaryPro/node_modules/d3-quadtree/src/extent.js
Module ID: /Users/pranay/Projects/AIMLGlossary/AIGlossaryPro/node_modules/d3-quadtree/src/find.js
✓ Vendor chunk matched: /Users/pranay/Projects/AIMLGlossary/AIGlossaryPro/node_modules/d3-quadtree/src/find.js
Module ID: /Users/pranay/Projects/AIMLGlossary/AIGlossaryPro/node_modules/d3-quadtree/src/remove.js
✓ Vendor chunk matched: /Users/pranay/Projects/AIMLGlossary/AIGlossaryPro/node_modules/d3-quadtree/src/remove.js
Module ID: /Users/pranay/Projects/AIMLGlossary/AIGlossaryPro/node_modules/d3-quadtree/src/root.js
✓ Vendor chunk matched: /Users/pranay/Projects/AIMLGlossary/AIGlossaryPro/node_modules/d3-quadtree/src/root.js
Module ID: /Users/pranay/Projects/AIMLGlossary/AIGlossaryPro/node_modules/d3-quadtree/src/size.js
✓ Vendor chunk matched: /Users/pranay/Projects/AIMLGlossary/AIGlossaryPro/node_modules/d3-quadtree/src/size.js
Module ID: /Users/pranay/Projects/AIMLGlossary/AIGlossaryPro/node_modules/d3-quadtree/src/visit.js
✓ Vendor chunk matched: /Users/pranay/Projects/AIMLGlossary/AIGlossaryPro/node_modules/d3-quadtree/src/visit.js
Module ID: /Users/pranay/Projects/AIMLGlossary/AIGlossaryPro/node_modules/d3-quadtree/src/visitAfter.js
✓ Vendor chunk matched: /Users/pranay/Projects/AIMLGlossary/AIGlossaryPro/node_modules/d3-quadtree/src/visitAfter.js
Module ID: /Users/pranay/Projects/AIMLGlossary/AIGlossaryPro/node_modules/d3-quadtree/src/x.js
✓ Vendor chunk matched: /Users/pranay/Projects/AIMLGlossary/AIGlossaryPro/node_modules/d3-quadtree/src/x.js
Module ID: /Users/pranay/Projects/AIMLGlossary/AIGlossaryPro/node_modules/d3-quadtree/src/y.js
✓ Vendor chunk matched: /Users/pranay/Projects/AIMLGlossary/AIGlossaryPro/node_modules/d3-quadtree/src/y.js
Module ID: /Users/pranay/Projects/AIMLGlossary/AIGlossaryPro/node_modules/d3-polygon/src/cross.js
✓ Vendor chunk matched: /Users/pranay/Projects/AIMLGlossary/AIGlossaryPro/node_modules/d3-polygon/src/cross.js
Module ID: /Users/pranay/Projects/AIMLGlossary/AIGlossaryPro/node_modules/d3-scale-chromatic/src/colors.js
✓ Vendor chunk matched: /Users/pranay/Projects/AIMLGlossary/AIGlossaryPro/node_modules/d3-scale-chromatic/src/colors.js
Module ID: /Users/pranay/Projects/AIMLGlossary/AIGlossaryPro/node_modules/d3-scale-chromatic/src/ramp.js
✓ Vendor chunk matched: /Users/pranay/Projects/AIMLGlossary/AIGlossaryPro/node_modules/d3-scale-chromatic/src/ramp.js
Module ID: /Users/pranay/Projects/AIMLGlossary/AIGlossaryPro/node_modules/d3-selection/src/sourceEvent.js
✓ Vendor chunk matched: /Users/pranay/Projects/AIMLGlossary/AIGlossaryPro/node_modules/d3-selection/src/sourceEvent.js
Module ID: /Users/pranay/Projects/AIMLGlossary/AIGlossaryPro/node_modules/d3-selection/src/array.js
✓ Vendor chunk matched: /Users/pranay/Projects/AIMLGlossary/AIGlossaryPro/node_modules/d3-selection/src/array.js
Module ID: /Users/pranay/Projects/AIMLGlossary/AIGlossaryPro/node_modules/d3-selection/src/selection/select.js
✓ Vendor chunk matched: /Users/pranay/Projects/AIMLGlossary/AIGlossaryPro/node_modules/d3-selection/src/selection/select.js
Module ID: /Users/pranay/Projects/AIMLGlossary/AIGlossaryPro/node_modules/d3-selection/src/selection/selectAll.js
✓ Vendor chunk matched: /Users/pranay/Projects/AIMLGlossary/AIGlossaryPro/node_modules/d3-selection/src/selection/selectAll.js
Module ID: /Users/pranay/Projects/AIMLGlossary/AIGlossaryPro/node_modules/d3-selection/src/selection/selectChild.js
✓ Vendor chunk matched: /Users/pranay/Projects/AIMLGlossary/AIGlossaryPro/node_modules/d3-selection/src/selection/selectChild.js
Module ID: /Users/pranay/Projects/AIMLGlossary/AIGlossaryPro/node_modules/d3-selection/src/selection/selectChildren.js
✓ Vendor chunk matched: /Users/pranay/Projects/AIMLGlossary/AIGlossaryPro/node_modules/d3-selection/src/selection/selectChildren.js
Module ID: /Users/pranay/Projects/AIMLGlossary/AIGlossaryPro/node_modules/d3-selection/src/selection/filter.js
✓ Vendor chunk matched: /Users/pranay/Projects/AIMLGlossary/AIGlossaryPro/node_modules/d3-selection/src/selection/filter.js
Module ID: /Users/pranay/Projects/AIMLGlossary/AIGlossaryPro/node_modules/d3-selection/src/selection/data.js
✓ Vendor chunk matched: /Users/pranay/Projects/AIMLGlossary/AIGlossaryPro/node_modules/d3-selection/src/selection/data.js
Module ID: /Users/pranay/Projects/AIMLGlossary/AIGlossaryPro/node_modules/d3-selection/src/selection/enter.js
✓ Vendor chunk matched: /Users/pranay/Projects/AIMLGlossary/AIGlossaryPro/node_modules/d3-selection/src/selection/enter.js
Module ID: /Users/pranay/Projects/AIMLGlossary/AIGlossaryPro/node_modules/d3-selection/src/selection/exit.js
✓ Vendor chunk matched: /Users/pranay/Projects/AIMLGlossary/AIGlossaryPro/node_modules/d3-selection/src/selection/exit.js
Module ID: /Users/pranay/Projects/AIMLGlossary/AIGlossaryPro/node_modules/d3-selection/src/selection/join.js
✓ Vendor chunk matched: /Users/pranay/Projects/AIMLGlossary/AIGlossaryPro/node_modules/d3-selection/src/selection/join.js
Module ID: /Users/pranay/Projects/AIMLGlossary/AIGlossaryPro/node_modules/d3-selection/src/selection/merge.js
✓ Vendor chunk matched: /Users/pranay/Projects/AIMLGlossary/AIGlossaryPro/node_modules/d3-selection/src/selection/merge.js
Module ID: /Users/pranay/Projects/AIMLGlossary/AIGlossaryPro/node_modules/d3-selection/src/selection/order.js
✓ Vendor chunk matched: /Users/pranay/Projects/AIMLGlossary/AIGlossaryPro/node_modules/d3-selection/src/selection/order.js
Module ID: /Users/pranay/Projects/AIMLGlossary/AIGlossaryPro/node_modules/d3-selection/src/selection/sort.js
✓ Vendor chunk matched: /Users/pranay/Projects/AIMLGlossary/AIGlossaryPro/node_modules/d3-selection/src/selection/sort.js
Module ID: /Users/pranay/Projects/AIMLGlossary/AIGlossaryPro/node_modules/d3-selection/src/selection/call.js
✓ Vendor chunk matched: /Users/pranay/Projects/AIMLGlossary/AIGlossaryPro/node_modules/d3-selection/src/selection/call.js
Module ID: /Users/pranay/Projects/AIMLGlossary/AIGlossaryPro/node_modules/d3-selection/src/selection/nodes.js
✓ Vendor chunk matched: /Users/pranay/Projects/AIMLGlossary/AIGlossaryPro/node_modules/d3-selection/src/selection/nodes.js
Module ID: /Users/pranay/Projects/AIMLGlossary/AIGlossaryPro/node_modules/d3-selection/src/selection/node.js
✓ Vendor chunk matched: /Users/pranay/Projects/AIMLGlossary/AIGlossaryPro/node_modules/d3-selection/src/selection/node.js
Module ID: /Users/pranay/Projects/AIMLGlossary/AIGlossaryPro/node_modules/d3-selection/src/selection/size.js
✓ Vendor chunk matched: /Users/pranay/Projects/AIMLGlossary/AIGlossaryPro/node_modules/d3-selection/src/selection/size.js
Module ID: /Users/pranay/Projects/AIMLGlossary/AIGlossaryPro/node_modules/d3-selection/src/selection/empty.js
✓ Vendor chunk matched: /Users/pranay/Projects/AIMLGlossary/AIGlossaryPro/node_modules/d3-selection/src/selection/empty.js
Module ID: /Users/pranay/Projects/AIMLGlossary/AIGlossaryPro/node_modules/d3-selection/src/selection/each.js
✓ Vendor chunk matched: /Users/pranay/Projects/AIMLGlossary/AIGlossaryPro/node_modules/d3-selection/src/selection/each.js
Module ID: /Users/pranay/Projects/AIMLGlossary/AIGlossaryPro/node_modules/d3-selection/src/selection/attr.js
✓ Vendor chunk matched: /Users/pranay/Projects/AIMLGlossary/AIGlossaryPro/node_modules/d3-selection/src/selection/attr.js
Module ID: /Users/pranay/Projects/AIMLGlossary/AIGlossaryPro/node_modules/d3-selection/src/selection/property.js
✓ Vendor chunk matched: /Users/pranay/Projects/AIMLGlossary/AIGlossaryPro/node_modules/d3-selection/src/selection/property.js
Module ID: /Users/pranay/Projects/AIMLGlossary/AIGlossaryPro/node_modules/d3-selection/src/selection/classed.js
✓ Vendor chunk matched: /Users/pranay/Projects/AIMLGlossary/AIGlossaryPro/node_modules/d3-selection/src/selection/classed.js
Module ID: /Users/pranay/Projects/AIMLGlossary/AIGlossaryPro/node_modules/d3-selection/src/selection/text.js
✓ Vendor chunk matched: /Users/pranay/Projects/AIMLGlossary/AIGlossaryPro/node_modules/d3-selection/src/selection/text.js
Module ID: /Users/pranay/Projects/AIMLGlossary/AIGlossaryPro/node_modules/d3-selection/src/selection/html.js
✓ Vendor chunk matched: /Users/pranay/Projects/AIMLGlossary/AIGlossaryPro/node_modules/d3-selection/src/selection/html.js
Module ID: /Users/pranay/Projects/AIMLGlossary/AIGlossaryPro/node_modules/d3-selection/src/selection/raise.js
✓ Vendor chunk matched: /Users/pranay/Projects/AIMLGlossary/AIGlossaryPro/node_modules/d3-selection/src/selection/raise.js
Module ID: /Users/pranay/Projects/AIMLGlossary/AIGlossaryPro/node_modules/d3-selection/src/selection/lower.js
✓ Vendor chunk matched: /Users/pranay/Projects/AIMLGlossary/AIGlossaryPro/node_modules/d3-selection/src/selection/lower.js
Module ID: /Users/pranay/Projects/AIMLGlossary/AIGlossaryPro/node_modules/d3-selection/src/selection/append.js
✓ Vendor chunk matched: /Users/pranay/Projects/AIMLGlossary/AIGlossaryPro/node_modules/d3-selection/src/selection/append.js
Module ID: /Users/pranay/Projects/AIMLGlossary/AIGlossaryPro/node_modules/d3-selection/src/selection/insert.js
✓ Vendor chunk matched: /Users/pranay/Projects/AIMLGlossary/AIGlossaryPro/node_modules/d3-selection/src/selection/insert.js
Module ID: /Users/pranay/Projects/AIMLGlossary/AIGlossaryPro/node_modules/d3-selection/src/selection/remove.js
✓ Vendor chunk matched: /Users/pranay/Projects/AIMLGlossary/AIGlossaryPro/node_modules/d3-selection/src/selection/remove.js
Module ID: /Users/pranay/Projects/AIMLGlossary/AIGlossaryPro/node_modules/d3-selection/src/selection/clone.js
✓ Vendor chunk matched: /Users/pranay/Projects/AIMLGlossary/AIGlossaryPro/node_modules/d3-selection/src/selection/clone.js
Module ID: /Users/pranay/Projects/AIMLGlossary/AIGlossaryPro/node_modules/d3-selection/src/selection/datum.js
✓ Vendor chunk matched: /Users/pranay/Projects/AIMLGlossary/AIGlossaryPro/node_modules/d3-selection/src/selection/datum.js
Module ID: /Users/pranay/Projects/AIMLGlossary/AIGlossaryPro/node_modules/d3-selection/src/selection/on.js
✓ Vendor chunk matched: /Users/pranay/Projects/AIMLGlossary/AIGlossaryPro/node_modules/d3-selection/src/selection/on.js
Module ID: /Users/pranay/Projects/AIMLGlossary/AIGlossaryPro/node_modules/d3-selection/src/selection/dispatch.js
✓ Vendor chunk matched: /Users/pranay/Projects/AIMLGlossary/AIGlossaryPro/node_modules/d3-selection/src/selection/dispatch.js
Module ID: /Users/pranay/Projects/AIMLGlossary/AIGlossaryPro/node_modules/d3-selection/src/selection/iterator.js
✓ Vendor chunk matched: /Users/pranay/Projects/AIMLGlossary/AIGlossaryPro/node_modules/d3-selection/src/selection/iterator.js
Module ID: /Users/pranay/Projects/AIMLGlossary/AIGlossaryPro/node_modules/d3-time/src/duration.js
✓ Vendor chunk matched: /Users/pranay/Projects/AIMLGlossary/AIGlossaryPro/node_modules/d3-time/src/duration.js
Module ID: /Users/pranay/Projects/AIMLGlossary/AIGlossaryPro/node_modules/d3-transition/src/transition/schedule.js
✓ Vendor chunk matched: /Users/pranay/Projects/AIMLGlossary/AIGlossaryPro/node_modules/d3-transition/src/transition/schedule.js
Module ID: /Users/pranay/Projects/AIMLGlossary/AIGlossaryPro/node_modules/d3-transition/src/selection/interrupt.js
✓ Vendor chunk matched: /Users/pranay/Projects/AIMLGlossary/AIGlossaryPro/node_modules/d3-transition/src/selection/interrupt.js
Module ID: /Users/pranay/Projects/AIMLGlossary/AIGlossaryPro/node_modules/d3-transition/src/selection/transition.js
✓ Vendor chunk matched: /Users/pranay/Projects/AIMLGlossary/AIGlossaryPro/node_modules/d3-transition/src/selection/transition.js
Module ID: /Users/pranay/Projects/AIMLGlossary/AIGlossaryPro/node_modules/d3-transition/src/transition/attr.js
✓ Vendor chunk matched: /Users/pranay/Projects/AIMLGlossary/AIGlossaryPro/node_modules/d3-transition/src/transition/attr.js
Module ID: /Users/pranay/Projects/AIMLGlossary/AIGlossaryPro/node_modules/d3-transition/src/transition/attrTween.js
✓ Vendor chunk matched: /Users/pranay/Projects/AIMLGlossary/AIGlossaryPro/node_modules/d3-transition/src/transition/attrTween.js
Module ID: /Users/pranay/Projects/AIMLGlossary/AIGlossaryPro/node_modules/d3-transition/src/transition/delay.js
✓ Vendor chunk matched: /Users/pranay/Projects/AIMLGlossary/AIGlossaryPro/node_modules/d3-transition/src/transition/delay.js
Module ID: /Users/pranay/Projects/AIMLGlossary/AIGlossaryPro/node_modules/d3-transition/src/transition/duration.js
✓ Vendor chunk matched: /Users/pranay/Projects/AIMLGlossary/AIGlossaryPro/node_modules/d3-transition/src/transition/duration.js
Module ID: /Users/pranay/Projects/AIMLGlossary/AIGlossaryPro/node_modules/d3-transition/src/transition/ease.js
✓ Vendor chunk matched: /Users/pranay/Projects/AIMLGlossary/AIGlossaryPro/node_modules/d3-transition/src/transition/ease.js
Module ID: /Users/pranay/Projects/AIMLGlossary/AIGlossaryPro/node_modules/d3-transition/src/transition/easeVarying.js
✓ Vendor chunk matched: /Users/pranay/Projects/AIMLGlossary/AIGlossaryPro/node_modules/d3-transition/src/transition/easeVarying.js
Module ID: /Users/pranay/Projects/AIMLGlossary/AIGlossaryPro/node_modules/d3-transition/src/transition/filter.js
✓ Vendor chunk matched: /Users/pranay/Projects/AIMLGlossary/AIGlossaryPro/node_modules/d3-transition/src/transition/filter.js
Module ID: /Users/pranay/Projects/AIMLGlossary/AIGlossaryPro/node_modules/d3-transition/src/transition/merge.js
✓ Vendor chunk matched: /Users/pranay/Projects/AIMLGlossary/AIGlossaryPro/node_modules/d3-transition/src/transition/merge.js
Module ID: /Users/pranay/Projects/AIMLGlossary/AIGlossaryPro/node_modules/d3-transition/src/transition/on.js
✓ Vendor chunk matched: /Users/pranay/Projects/AIMLGlossary/AIGlossaryPro/node_modules/d3-transition/src/transition/on.js
Module ID: /Users/pranay/Projects/AIMLGlossary/AIGlossaryPro/node_modules/d3-transition/src/transition/remove.js
✓ Vendor chunk matched: /Users/pranay/Projects/AIMLGlossary/AIGlossaryPro/node_modules/d3-transition/src/transition/remove.js
Module ID: /Users/pranay/Projects/AIMLGlossary/AIGlossaryPro/node_modules/d3-transition/src/transition/select.js
✓ Vendor chunk matched: /Users/pranay/Projects/AIMLGlossary/AIGlossaryPro/node_modules/d3-transition/src/transition/select.js
Module ID: /Users/pranay/Projects/AIMLGlossary/AIGlossaryPro/node_modules/d3-transition/src/transition/selectAll.js
✓ Vendor chunk matched: /Users/pranay/Projects/AIMLGlossary/AIGlossaryPro/node_modules/d3-transition/src/transition/selectAll.js
Module ID: /Users/pranay/Projects/AIMLGlossary/AIGlossaryPro/node_modules/d3-transition/src/transition/selection.js
✓ Vendor chunk matched: /Users/pranay/Projects/AIMLGlossary/AIGlossaryPro/node_modules/d3-transition/src/transition/selection.js
Module ID: /Users/pranay/Projects/AIMLGlossary/AIGlossaryPro/node_modules/d3-transition/src/transition/style.js
✓ Vendor chunk matched: /Users/pranay/Projects/AIMLGlossary/AIGlossaryPro/node_modules/d3-transition/src/transition/style.js
Module ID: /Users/pranay/Projects/AIMLGlossary/AIGlossaryPro/node_modules/d3-transition/src/transition/styleTween.js
✓ Vendor chunk matched: /Users/pranay/Projects/AIMLGlossary/AIGlossaryPro/node_modules/d3-transition/src/transition/styleTween.js
Module ID: /Users/pranay/Projects/AIMLGlossary/AIGlossaryPro/node_modules/d3-transition/src/transition/text.js
✓ Vendor chunk matched: /Users/pranay/Projects/AIMLGlossary/AIGlossaryPro/node_modules/d3-transition/src/transition/text.js
Module ID: /Users/pranay/Projects/AIMLGlossary/AIGlossaryPro/node_modules/d3-transition/src/transition/textTween.js
✓ Vendor chunk matched: /Users/pranay/Projects/AIMLGlossary/AIGlossaryPro/node_modules/d3-transition/src/transition/textTween.js
Module ID: /Users/pranay/Projects/AIMLGlossary/AIGlossaryPro/node_modules/d3-transition/src/transition/transition.js
✓ Vendor chunk matched: /Users/pranay/Projects/AIMLGlossary/AIGlossaryPro/node_modules/d3-transition/src/transition/transition.js
Module ID: /Users/pranay/Projects/AIMLGlossary/AIGlossaryPro/node_modules/d3-transition/src/transition/tween.js
✓ Vendor chunk matched: /Users/pranay/Projects/AIMLGlossary/AIGlossaryPro/node_modules/d3-transition/src/transition/tween.js
Module ID: /Users/pranay/Projects/AIMLGlossary/AIGlossaryPro/node_modules/d3-transition/src/transition/end.js
✓ Vendor chunk matched: /Users/pranay/Projects/AIMLGlossary/AIGlossaryPro/node_modules/d3-transition/src/transition/end.js
Module ID: /Users/pranay/Projects/AIMLGlossary/AIGlossaryPro/node_modules/dagre-d3-es/src/dagre/greedy-fas.js
✓ Vendor chunk matched: /Users/pranay/Projects/AIMLGlossary/AIGlossaryPro/node_modules/dagre-d3-es/src/dagre/greedy-fas.js
Module ID: /Users/pranay/Projects/AIMLGlossary/AIGlossaryPro/node_modules/d3-zoom/src/constant.js
✓ Vendor chunk matched: /Users/pranay/Projects/AIMLGlossary/AIGlossaryPro/node_modules/d3-zoom/src/constant.js
Module ID: /Users/pranay/Projects/AIMLGlossary/AIGlossaryPro/node_modules/d3-zoom/src/event.js
✓ Vendor chunk matched: /Users/pranay/Projects/AIMLGlossary/AIGlossaryPro/node_modules/d3-zoom/src/event.js
Module ID: /Users/pranay/Projects/AIMLGlossary/AIGlossaryPro/node_modules/d3-zoom/src/noevent.js
✓ Vendor chunk matched: /Users/pranay/Projects/AIMLGlossary/AIGlossaryPro/node_modules/d3-zoom/src/noevent.js
Module ID: /Users/pranay/Projects/AIMLGlossary/AIGlossaryPro/node_modules/dagre-d3-es/src/dagre/util.js
✓ Vendor chunk matched: /Users/pranay/Projects/AIMLGlossary/AIGlossaryPro/node_modules/dagre-d3-es/src/dagre/util.js
Module ID: /Users/pranay/Projects/AIMLGlossary/AIGlossaryPro/node_modules/dagre-d3-es/src/dagre/rank/feasible-tree.js
✓ Vendor chunk matched: /Users/pranay/Projects/AIMLGlossary/AIGlossaryPro/node_modules/dagre-d3-es/src/dagre/rank/feasible-tree.js
Module ID: /Users/pranay/Projects/AIMLGlossary/AIGlossaryPro/node_modules/dagre-d3-es/src/dagre/rank/network-simplex.js
✓ Vendor chunk matched: /Users/pranay/Projects/AIMLGlossary/AIGlossaryPro/node_modules/dagre-d3-es/src/dagre/rank/network-simplex.js
Module ID: /Users/pranay/Projects/AIMLGlossary/AIGlossaryPro/node_modules/dagre-d3-es/src/dagre/rank/util.js
✓ Vendor chunk matched: /Users/pranay/Projects/AIMLGlossary/AIGlossaryPro/node_modules/dagre-d3-es/src/dagre/rank/util.js
Module ID: /Users/pranay/Projects/AIMLGlossary/AIGlossaryPro/node_modules/d3-sankey/node_modules/d3-array/src/index.js
✓ Vendor chunk matched: /Users/pranay/Projects/AIMLGlossary/AIGlossaryPro/node_modules/d3-sankey/node_modules/d3-array/src/index.js
Module ID: /Users/pranay/Projects/AIMLGlossary/AIGlossaryPro/node_modules/dagre-d3-es/src/dagre/add-border-segments.js
✓ Vendor chunk matched: /Users/pranay/Projects/AIMLGlossary/AIGlossaryPro/node_modules/dagre-d3-es/src/dagre/add-border-segments.js
Module ID: /Users/pranay/Projects/AIMLGlossary/AIGlossaryPro/node_modules/dagre-d3-es/src/dagre/coordinate-system.js
✓ Vendor chunk matched: /Users/pranay/Projects/AIMLGlossary/AIGlossaryPro/node_modules/dagre-d3-es/src/dagre/coordinate-system.js
Module ID: /Users/pranay/Projects/AIMLGlossary/AIGlossaryPro/node_modules/dagre-d3-es/src/dagre/nesting-graph.js
✓ Vendor chunk matched: /Users/pranay/Projects/AIMLGlossary/AIGlossaryPro/node_modules/dagre-d3-es/src/dagre/nesting-graph.js
Module ID: /Users/pranay/Projects/AIMLGlossary/AIGlossaryPro/node_modules/dagre-d3-es/src/dagre/order/index.js
✓ Vendor chunk matched: /Users/pranay/Projects/AIMLGlossary/AIGlossaryPro/node_modules/dagre-d3-es/src/dagre/order/index.js
Module ID: /Users/pranay/Projects/AIMLGlossary/AIGlossaryPro/node_modules/dagre-d3-es/src/dagre/parent-dummy-chains.js
✓ Vendor chunk matched: /Users/pranay/Projects/AIMLGlossary/AIGlossaryPro/node_modules/dagre-d3-es/src/dagre/parent-dummy-chains.js
Module ID: /Users/pranay/Projects/AIMLGlossary/AIGlossaryPro/node_modules/dagre-d3-es/src/dagre/position/index.js
✓ Vendor chunk matched: /Users/pranay/Projects/AIMLGlossary/AIGlossaryPro/node_modules/dagre-d3-es/src/dagre/position/index.js
Module ID: /Users/pranay/Projects/AIMLGlossary/AIGlossaryPro/node_modules/d3-sankey/node_modules/d3-shape/src/index.js
✓ Vendor chunk matched: /Users/pranay/Projects/AIMLGlossary/AIGlossaryPro/node_modules/d3-sankey/node_modules/d3-shape/src/index.js
Module ID: /Users/pranay/Projects/AIMLGlossary/AIGlossaryPro/node_modules/d3-sankey/src/constant.js
✓ Vendor chunk matched: /Users/pranay/Projects/AIMLGlossary/AIGlossaryPro/node_modules/d3-sankey/src/constant.js
Module ID: /Users/pranay/Projects/AIMLGlossary/AIGlossaryPro/node_modules/lodash-es/_arrayEach.js
✓ Vendor chunk matched: /Users/pranay/Projects/AIMLGlossary/AIGlossaryPro/node_modules/lodash-es/_arrayEach.js
Module ID: /Users/pranay/Projects/AIMLGlossary/AIGlossaryPro/node_modules/lodash-es/_assignValue.js
✓ Vendor chunk matched: /Users/pranay/Projects/AIMLGlossary/AIGlossaryPro/node_modules/lodash-es/_assignValue.js
Module ID: /Users/pranay/Projects/AIMLGlossary/AIGlossaryPro/node_modules/lodash-es/_baseAssign.js
✓ Vendor chunk matched: /Users/pranay/Projects/AIMLGlossary/AIGlossaryPro/node_modules/lodash-es/_baseAssign.js
Module ID: /Users/pranay/Projects/AIMLGlossary/AIGlossaryPro/node_modules/lodash-es/_baseAssignIn.js
✓ Vendor chunk matched: /Users/pranay/Projects/AIMLGlossary/AIGlossaryPro/node_modules/lodash-es/_baseAssignIn.js
Module ID: /Users/pranay/Projects/AIMLGlossary/AIGlossaryPro/node_modules/lodash-es/_cloneBuffer.js
✓ Vendor chunk matched: /Users/pranay/Projects/AIMLGlossary/AIGlossaryPro/node_modules/lodash-es/_cloneBuffer.js
Module ID: /Users/pranay/Projects/AIMLGlossary/AIGlossaryPro/node_modules/lodash-es/_copyArray.js
✓ Vendor chunk matched: /Users/pranay/Projects/AIMLGlossary/AIGlossaryPro/node_modules/lodash-es/_copyArray.js
Module ID: /Users/pranay/Projects/AIMLGlossary/AIGlossaryPro/node_modules/lodash-es/_copySymbols.js
✓ Vendor chunk matched: /Users/pranay/Projects/AIMLGlossary/AIGlossaryPro/node_modules/lodash-es/_copySymbols.js
Module ID: /Users/pranay/Projects/AIMLGlossary/AIGlossaryPro/node_modules/lodash-es/_copySymbolsIn.js
✓ Vendor chunk matched: /Users/pranay/Projects/AIMLGlossary/AIGlossaryPro/node_modules/lodash-es/_copySymbolsIn.js
Module ID: /Users/pranay/Projects/AIMLGlossary/AIGlossaryPro/node_modules/lodash-es/_getAllKeys.js
✓ Vendor chunk matched: /Users/pranay/Projects/AIMLGlossary/AIGlossaryPro/node_modules/lodash-es/_getAllKeys.js
Module ID: /Users/pranay/Projects/AIMLGlossary/AIGlossaryPro/node_modules/lodash-es/_getAllKeysIn.js
✓ Vendor chunk matched: /Users/pranay/Projects/AIMLGlossary/AIGlossaryPro/node_modules/lodash-es/_getAllKeysIn.js
Module ID: /Users/pranay/Projects/AIMLGlossary/AIGlossaryPro/node_modules/lodash-es/_initCloneArray.js
✓ Vendor chunk matched: /Users/pranay/Projects/AIMLGlossary/AIGlossaryPro/node_modules/lodash-es/_initCloneArray.js
Module ID: /Users/pranay/Projects/AIMLGlossary/AIGlossaryPro/node_modules/lodash-es/_initCloneByTag.js
✓ Vendor chunk matched: /Users/pranay/Projects/AIMLGlossary/AIGlossaryPro/node_modules/lodash-es/_initCloneByTag.js
Module ID: /Users/pranay/Projects/AIMLGlossary/AIGlossaryPro/node_modules/lodash-es/_initCloneObject.js
✓ Vendor chunk matched: /Users/pranay/Projects/AIMLGlossary/AIGlossaryPro/node_modules/lodash-es/_initCloneObject.js
Module ID: /Users/pranay/Projects/AIMLGlossary/AIGlossaryPro/node_modules/lodash-es/isMap.js
✓ Vendor chunk matched: /Users/pranay/Projects/AIMLGlossary/AIGlossaryPro/node_modules/lodash-es/isMap.js
Module ID: /Users/pranay/Projects/AIMLGlossary/AIGlossaryPro/node_modules/lodash-es/isSet.js
✓ Vendor chunk matched: /Users/pranay/Projects/AIMLGlossary/AIGlossaryPro/node_modules/lodash-es/isSet.js
Module ID: /Users/pranay/Projects/AIMLGlossary/AIGlossaryPro/node_modules/lodash-es/keys.js
✓ Vendor chunk matched: /Users/pranay/Projects/AIMLGlossary/AIGlossaryPro/node_modules/lodash-es/keys.js
Module ID: /Users/pranay/Projects/AIMLGlossary/AIGlossaryPro/node_modules/react-markdown/lib/index.js
✓ Vendor chunk matched: /Users/pranay/Projects/AIMLGlossary/AIGlossaryPro/node_modules/react-markdown/lib/index.js
Module ID:  /Users/pranay/Projects/AIMLGlossary/AIGlossaryPro/node_modules/eventemitter3/index.js?commonjs-module
✓ Vendor chunk matched:  /Users/pranay/Projects/AIMLGlossary/AIGlossaryPro/node_modules/eventemitter3/index.js?commonjs-module
Module ID:  /Users/pranay/Projects/AIMLGlossary/AIGlossaryPro/node_modules/react-dom/client.js?commonjs-exports
✓ React chunk matched:  /Users/pranay/Projects/AIMLGlossary/AIGlossaryPro/node_modules/react-dom/client.js?commonjs-exports
Module ID:  /Users/pranay/Projects/AIMLGlossary/AIGlossaryPro/node_modules/react-dom/index.js?commonjs-proxy
✓ React chunk matched:  /Users/pranay/Projects/AIMLGlossary/AIGlossaryPro/node_modules/react-dom/index.js?commonjs-proxy
Module ID:  /Users/pranay/Projects/AIMLGlossary/AIGlossaryPro/node_modules/react-dom/cjs/react-dom.development.js?commonjs-exports
✓ React chunk matched:  /Users/pranay/Projects/AIMLGlossary/AIGlossaryPro/node_modules/react-dom/cjs/react-dom.development.js?commonjs-exports
Module ID:  /Users/pranay/Projects/AIMLGlossary/AIGlossaryPro/node_modules/scheduler/index.js?commonjs-proxy
✓ Vendor chunk matched:  /Users/pranay/Projects/AIMLGlossary/AIGlossaryPro/node_modules/scheduler/index.js?commonjs-proxy
Module ID: /Users/pranay/Projects/AIMLGlossary/AIGlossaryPro/node_modules/lodash/_baseIsNative.js
✓ Vendor chunk matched: /Users/pranay/Projects/AIMLGlossary/AIGlossaryPro/node_modules/lodash/_baseIsNative.js
Module ID: /Users/pranay/Projects/AIMLGlossary/AIGlossaryPro/node_modules/lodash/_getValue.js
✓ Vendor chunk matched: /Users/pranay/Projects/AIMLGlossary/AIGlossaryPro/node_modules/lodash/_getValue.js
Module ID: /Users/pranay/Projects/AIMLGlossary/AIGlossaryPro/node_modules/lodash/_assocIndexOf.js
✓ Vendor chunk matched: /Users/pranay/Projects/AIMLGlossary/AIGlossaryPro/node_modules/lodash/_assocIndexOf.js
Module ID: /Users/pranay/Projects/AIMLGlossary/AIGlossaryPro/node_modules/d3-scale/src/constant.js
✓ Vendor chunk matched: /Users/pranay/Projects/AIMLGlossary/AIGlossaryPro/node_modules/d3-scale/src/constant.js
Module ID: /Users/pranay/Projects/AIMLGlossary/AIGlossaryPro/node_modules/lodash/_mapCacheClear.js
✓ Vendor chunk matched: /Users/pranay/Projects/AIMLGlossary/AIGlossaryPro/node_modules/lodash/_mapCacheClear.js
Module ID: /Users/pranay/Projects/AIMLGlossary/AIGlossaryPro/node_modules/lodash/_mapCacheDelete.js
✓ Vendor chunk matched: /Users/pranay/Projects/AIMLGlossary/AIGlossaryPro/node_modules/lodash/_mapCacheDelete.js
Module ID: /Users/pranay/Projects/AIMLGlossary/AIGlossaryPro/node_modules/lodash/_mapCacheGet.js
✓ Vendor chunk matched: /Users/pranay/Projects/AIMLGlossary/AIGlossaryPro/node_modules/lodash/_mapCacheGet.js
Module ID: /Users/pranay/Projects/AIMLGlossary/AIGlossaryPro/node_modules/lodash/_mapCacheHas.js
✓ Vendor chunk matched: /Users/pranay/Projects/AIMLGlossary/AIGlossaryPro/node_modules/lodash/_mapCacheHas.js
Module ID: /Users/pranay/Projects/AIMLGlossary/AIGlossaryPro/node_modules/lodash/_mapCacheSet.js
✓ Vendor chunk matched: /Users/pranay/Projects/AIMLGlossary/AIGlossaryPro/node_modules/lodash/_mapCacheSet.js
Module ID:  /Users/pranay/Projects/AIMLGlossary/AIGlossaryPro/node_modules/@braintree/sanitize-url/dist/constants.js?commonjs-exports
✓ Vendor chunk matched:  /Users/pranay/Projects/AIMLGlossary/AIGlossaryPro/node_modules/@braintree/sanitize-url/dist/constants.js?commonjs-exports
Module ID: /Users/pranay/Projects/AIMLGlossary/AIGlossaryPro/node_modules/@radix-ui/react-radio-group/dist/index.mjs
✓ Radix UI chunk matched: /Users/pranay/Projects/AIMLGlossary/AIGlossaryPro/node_modules/@radix-ui/react-radio-group/dist/index.mjs
Module ID: /Users/pranay/Projects/AIMLGlossary/AIGlossaryPro/node_modules/@firebase/util/dist/postinstall.mjs
✓ Vendor chunk matched: /Users/pranay/Projects/AIMLGlossary/AIGlossaryPro/node_modules/@firebase/util/dist/postinstall.mjs
Module ID: /Users/pranay/Projects/AIMLGlossary/AIGlossaryPro/node_modules/react-transition-group/esm/TransitionGroupContext.js
✓ Vendor chunk matched: /Users/pranay/Projects/AIMLGlossary/AIGlossaryPro/node_modules/react-transition-group/esm/TransitionGroupContext.js
Module ID: /Users/pranay/Projects/AIMLGlossary/AIGlossaryPro/node_modules/react-transition-group/esm/utils/ChildMapping.js
✓ Vendor chunk matched: /Users/pranay/Projects/AIMLGlossary/AIGlossaryPro/node_modules/react-transition-group/esm/utils/ChildMapping.js
Module ID: /Users/pranay/Projects/AIMLGlossary/AIGlossaryPro/node_modules/dom-helpers/esm/addClass.js
✓ Vendor chunk matched: /Users/pranay/Projects/AIMLGlossary/AIGlossaryPro/node_modules/dom-helpers/esm/addClass.js
Module ID: /Users/pranay/Projects/AIMLGlossary/AIGlossaryPro/node_modules/dom-helpers/esm/removeClass.js
✓ Vendor chunk matched: /Users/pranay/Projects/AIMLGlossary/AIGlossaryPro/node_modules/dom-helpers/esm/removeClass.js
Module ID: /Users/pranay/Projects/AIMLGlossary/AIGlossaryPro/node_modules/react-transition-group/esm/utils/PropTypes.js
✓ Vendor chunk matched: /Users/pranay/Projects/AIMLGlossary/AIGlossaryPro/node_modules/react-transition-group/esm/utils/PropTypes.js
Module ID: /Users/pranay/Projects/AIMLGlossary/AIGlossaryPro/node_modules/react-transition-group/esm/utils/reflow.js
✓ Vendor chunk matched: /Users/pranay/Projects/AIMLGlossary/AIGlossaryPro/node_modules/react-transition-group/esm/utils/reflow.js
Module ID: /Users/pranay/Projects/AIMLGlossary/AIGlossaryPro/node_modules/lodash/_baseIsNaN.js
✓ Vendor chunk matched: /Users/pranay/Projects/AIMLGlossary/AIGlossaryPro/node_modules/lodash/_baseIsNaN.js
Module ID: /Users/pranay/Projects/AIMLGlossary/AIGlossaryPro/node_modules/lodash/_strictIndexOf.js
✓ Vendor chunk matched: /Users/pranay/Projects/AIMLGlossary/AIGlossaryPro/node_modules/lodash/_strictIndexOf.js
Module ID:  /Users/pranay/Projects/AIMLGlossary/AIGlossaryPro/node_modules/scheduler/index.js?commonjs-module
✓ Vendor chunk matched:  /Users/pranay/Projects/AIMLGlossary/AIGlossaryPro/node_modules/scheduler/index.js?commonjs-module
Module ID:  /Users/pranay/Projects/AIMLGlossary/AIGlossaryPro/node_modules/scheduler/cjs/scheduler.development.js?commonjs-proxy
✓ Vendor chunk matched:  /Users/pranay/Projects/AIMLGlossary/AIGlossaryPro/node_modules/scheduler/cjs/scheduler.development.js?commonjs-proxy
Module ID:  /Users/pranay/Projects/AIMLGlossary/AIGlossaryPro/node_modules/scheduler/cjs/scheduler.development.js?commonjs-exports
✓ Vendor chunk matched:  /Users/pranay/Projects/AIMLGlossary/AIGlossaryPro/node_modules/scheduler/cjs/scheduler.development.js?commonjs-exports
Module ID: /Users/pranay/Projects/AIMLGlossary/AIGlossaryPro/node_modules/react-syntax-highlighter/dist/esm/async-syntax-highlighter.js
✓ Syntax highlighting chunk matched: /Users/pranay/Projects/AIMLGlossary/AIGlossaryPro/node_modules/react-syntax-highlighter/dist/esm/async-syntax-highlighter.js
Module ID: /Users/pranay/Projects/AIMLGlossary/AIGlossaryPro/node_modules/react-syntax-highlighter/dist/esm/async-languages/hljs.js
✓ Syntax highlighting chunk matched: /Users/pranay/Projects/AIMLGlossary/AIGlossaryPro/node_modules/react-syntax-highlighter/dist/esm/async-languages/hljs.js
Module ID: /Users/pranay/Projects/AIMLGlossary/AIGlossaryPro/node_modules/react-syntax-highlighter/dist/esm/checkForListedLanguage.js
✓ Syntax highlighting chunk matched: /Users/pranay/Projects/AIMLGlossary/AIGlossaryPro/node_modules/react-syntax-highlighter/dist/esm/checkForListedLanguage.js
Module ID: /Users/pranay/Projects/AIMLGlossary/AIGlossaryPro/node_modules/lowlight/lib/core.js
✓ Vendor chunk matched: /Users/pranay/Projects/AIMLGlossary/AIGlossaryPro/node_modules/lowlight/lib/core.js
Module ID: /Users/pranay/Projects/AIMLGlossary/AIGlossaryPro/node_modules/react-syntax-highlighter/dist/esm/highlight.js
✓ Syntax highlighting chunk matched: /Users/pranay/Projects/AIMLGlossary/AIGlossaryPro/node_modules/react-syntax-highlighter/dist/esm/highlight.js
Module ID: /Users/pranay/Projects/AIMLGlossary/AIGlossaryPro/node_modules/react-syntax-highlighter/dist/esm/languages/prism/supported-languages.js
✓ Syntax highlighting chunk matched: /Users/pranay/Projects/AIMLGlossary/AIGlossaryPro/node_modules/react-syntax-highlighter/dist/esm/languages/prism/supported-languages.js
Module ID: /Users/pranay/Projects/AIMLGlossary/AIGlossaryPro/node_modules/refractor/index.js
✓ Vendor chunk matched: /Users/pranay/Projects/AIMLGlossary/AIGlossaryPro/node_modules/refractor/index.js
Module ID: /Users/pranay/Projects/AIMLGlossary/AIGlossaryPro/node_modules/react-syntax-highlighter/dist/esm/styles/hljs/default-style.js
✓ Syntax highlighting chunk matched: /Users/pranay/Projects/AIMLGlossary/AIGlossaryPro/node_modules/react-syntax-highlighter/dist/esm/styles/hljs/default-style.js
Module ID: /Users/pranay/Projects/AIMLGlossary/AIGlossaryPro/node_modules/lowlight/index.js
✓ Vendor chunk matched: /Users/pranay/Projects/AIMLGlossary/AIGlossaryPro/node_modules/lowlight/index.js
Module ID: /Users/pranay/Projects/AIMLGlossary/AIGlossaryPro/node_modules/react-syntax-highlighter/dist/esm/languages/hljs/supported-languages.js
✓ Syntax highlighting chunk matched: /Users/pranay/Projects/AIMLGlossary/AIGlossaryPro/node_modules/react-syntax-highlighter/dist/esm/languages/hljs/supported-languages.js
Module ID: /Users/pranay/Projects/AIMLGlossary/AIGlossaryPro/node_modules/refractor/core.js
✓ Vendor chunk matched: /Users/pranay/Projects/AIMLGlossary/AIGlossaryPro/node_modules/refractor/core.js
Module ID: /Users/pranay/Projects/AIMLGlossary/AIGlossaryPro/node_modules/react-syntax-highlighter/dist/esm/async-languages/prism.js
✓ Syntax highlighting chunk matched: /Users/pranay/Projects/AIMLGlossary/AIGlossaryPro/node_modules/react-syntax-highlighter/dist/esm/async-languages/prism.js
Module ID: /Users/pranay/Projects/AIMLGlossary/AIGlossaryPro/node_modules/@babel/runtime/helpers/esm/defineProperty.js
✓ Vendor chunk matched: /Users/pranay/Projects/AIMLGlossary/AIGlossaryPro/node_modules/@babel/runtime/helpers/esm/defineProperty.js
Module ID: /Users/pranay/Projects/AIMLGlossary/AIGlossaryPro/node_modules/ms/index.js
✓ Vendor chunk matched: /Users/pranay/Projects/AIMLGlossary/AIGlossaryPro/node_modules/ms/index.js
Module ID: /Users/pranay/Projects/AIMLGlossary/AIGlossaryPro/node_modules/lodash/_isMasked.js
✓ Vendor chunk matched: /Users/pranay/Projects/AIMLGlossary/AIGlossaryPro/node_modules/lodash/_isMasked.js
Module ID: /Users/pranay/Projects/AIMLGlossary/AIGlossaryPro/node_modules/lodash-es/_baseIsNative.js
✓ Vendor chunk matched: /Users/pranay/Projects/AIMLGlossary/AIGlossaryPro/node_modules/lodash-es/_baseIsNative.js
Module ID: /Users/pranay/Projects/AIMLGlossary/AIGlossaryPro/node_modules/lodash-es/_getValue.js
✓ Vendor chunk matched: /Users/pranay/Projects/AIMLGlossary/AIGlossaryPro/node_modules/lodash-es/_getValue.js
Module ID: /Users/pranay/Projects/AIMLGlossary/AIGlossaryPro/node_modules/lodash/_getMapData.js
✓ Vendor chunk matched: /Users/pranay/Projects/AIMLGlossary/AIGlossaryPro/node_modules/lodash/_getMapData.js
Module ID: /Users/pranay/Projects/AIMLGlossary/AIGlossaryPro/node_modules/lodash/_Hash.js
✓ Vendor chunk matched: /Users/pranay/Projects/AIMLGlossary/AIGlossaryPro/node_modules/lodash/_Hash.js
Module ID: /Users/pranay/Projects/AIMLGlossary/AIGlossaryPro/node_modules/use-sidecar/dist/es2015/index.js
✓ Vendor chunk matched: /Users/pranay/Projects/AIMLGlossary/AIGlossaryPro/node_modules/use-sidecar/dist/es2015/index.js
Module ID: /Users/pranay/Projects/AIMLGlossary/AIGlossaryPro/node_modules/react-remove-scroll/dist/es2015/SideEffect.js
✓ Vendor chunk matched: /Users/pranay/Projects/AIMLGlossary/AIGlossaryPro/node_modules/react-remove-scroll/dist/es2015/SideEffect.js
Module ID: /Users/pranay/Projects/AIMLGlossary/AIGlossaryPro/node_modules/react-remove-scroll/dist/es2015/medium.js
✓ Vendor chunk matched: /Users/pranay/Projects/AIMLGlossary/AIGlossaryPro/node_modules/react-remove-scroll/dist/es2015/medium.js
Module ID: /Users/pranay/Projects/AIMLGlossary/AIGlossaryPro/node_modules/react-remove-scroll-bar/dist/es2015/constants.js
✓ Vendor chunk matched: /Users/pranay/Projects/AIMLGlossary/AIGlossaryPro/node_modules/react-remove-scroll-bar/dist/es2015/constants.js
Module ID: /Users/pranay/Projects/AIMLGlossary/AIGlossaryPro/node_modules/use-callback-ref/dist/es2015/index.js
✓ Vendor chunk matched: /Users/pranay/Projects/AIMLGlossary/AIGlossaryPro/node_modules/use-callback-ref/dist/es2015/index.js
Module ID: /Users/pranay/Projects/AIMLGlossary/AIGlossaryPro/node_modules/lodash-es/_ListCache.js
✓ Vendor chunk matched: /Users/pranay/Projects/AIMLGlossary/AIGlossaryPro/node_modules/lodash-es/_ListCache.js
Module ID: /Users/pranay/Projects/AIMLGlossary/AIGlossaryPro/node_modules/lodash-es/_stackClear.js
✓ Vendor chunk matched: /Users/pranay/Projects/AIMLGlossary/AIGlossaryPro/node_modules/lodash-es/_stackClear.js
Module ID: /Users/pranay/Projects/AIMLGlossary/AIGlossaryPro/node_modules/lodash-es/_stackDelete.js
✓ Vendor chunk matched: /Users/pranay/Projects/AIMLGlossary/AIGlossaryPro/node_modules/lodash-es/_stackDelete.js
Module ID: /Users/pranay/Projects/AIMLGlossary/AIGlossaryPro/node_modules/lodash-es/_stackGet.js
✓ Vendor chunk matched: /Users/pranay/Projects/AIMLGlossary/AIGlossaryPro/node_modules/lodash-es/_stackGet.js
Module ID: /Users/pranay/Projects/AIMLGlossary/AIGlossaryPro/node_modules/lodash-es/_stackHas.js
✓ Vendor chunk matched: /Users/pranay/Projects/AIMLGlossary/AIGlossaryPro/node_modules/lodash-es/_stackHas.js
Module ID: /Users/pranay/Projects/AIMLGlossary/AIGlossaryPro/node_modules/lodash-es/_stackSet.js
✓ Vendor chunk matched: /Users/pranay/Projects/AIMLGlossary/AIGlossaryPro/node_modules/lodash-es/_stackSet.js
Module ID: /Users/pranay/Projects/AIMLGlossary/AIGlossaryPro/node_modules/lodash-es/_createBaseFor.js
✓ Vendor chunk matched: /Users/pranay/Projects/AIMLGlossary/AIGlossaryPro/node_modules/lodash-es/_createBaseFor.js
Module ID: /Users/pranay/Projects/AIMLGlossary/AIGlossaryPro/node_modules/lodash-es/_baseAssignValue.js
✓ Vendor chunk matched: /Users/pranay/Projects/AIMLGlossary/AIGlossaryPro/node_modules/lodash-es/_baseAssignValue.js
Module ID: /Users/pranay/Projects/AIMLGlossary/AIGlossaryPro/node_modules/lodash-es/eq.js
✓ Vendor chunk matched: /Users/pranay/Projects/AIMLGlossary/AIGlossaryPro/node_modules/lodash-es/eq.js
Module ID: /Users/pranay/Projects/AIMLGlossary/AIGlossaryPro/node_modules/lodash-es/_arrayLikeKeys.js
✓ Vendor chunk matched: /Users/pranay/Projects/AIMLGlossary/AIGlossaryPro/node_modules/lodash-es/_arrayLikeKeys.js
Module ID: /Users/pranay/Projects/AIMLGlossary/AIGlossaryPro/node_modules/lodash-es/_baseKeysIn.js
✓ Vendor chunk matched: /Users/pranay/Projects/AIMLGlossary/AIGlossaryPro/node_modules/lodash-es/_baseKeysIn.js
Module ID: /Users/pranay/Projects/AIMLGlossary/AIGlossaryPro/node_modules/lodash-es/_cloneTypedArray.js
✓ Vendor chunk matched: /Users/pranay/Projects/AIMLGlossary/AIGlossaryPro/node_modules/lodash-es/_cloneTypedArray.js
Module ID: /Users/pranay/Projects/AIMLGlossary/AIGlossaryPro/node_modules/lodash-es/isArrayLikeObject.js
✓ Vendor chunk matched: /Users/pranay/Projects/AIMLGlossary/AIGlossaryPro/node_modules/lodash-es/isArrayLikeObject.js
Module ID: /Users/pranay/Projects/AIMLGlossary/AIGlossaryPro/node_modules/lodash-es/isPlainObject.js
✓ Vendor chunk matched: /Users/pranay/Projects/AIMLGlossary/AIGlossaryPro/node_modules/lodash-es/isPlainObject.js
Module ID: /Users/pranay/Projects/AIMLGlossary/AIGlossaryPro/node_modules/lodash-es/toPlainObject.js
✓ Vendor chunk matched: /Users/pranay/Projects/AIMLGlossary/AIGlossaryPro/node_modules/lodash-es/toPlainObject.js
Module ID: /Users/pranay/Projects/AIMLGlossary/AIGlossaryPro/node_modules/lodash-es/add.js
✓ Vendor chunk matched: /Users/pranay/Projects/AIMLGlossary/AIGlossaryPro/node_modules/lodash-es/add.js
Module ID: /Users/pranay/Projects/AIMLGlossary/AIGlossaryPro/node_modules/lodash-es/after.js
✓ Vendor chunk matched: /Users/pranay/Projects/AIMLGlossary/AIGlossaryPro/node_modules/lodash-es/after.js
Module ID: /Users/pranay/Projects/AIMLGlossary/AIGlossaryPro/node_modules/lodash-es/ary.js
✓ Vendor chunk matched: /Users/pranay/Projects/AIMLGlossary/AIGlossaryPro/node_modules/lodash-es/ary.js
Module ID: /Users/pranay/Projects/AIMLGlossary/AIGlossaryPro/node_modules/lodash-es/assign.js
✓ Vendor chunk matched: /Users/pranay/Projects/AIMLGlossary/AIGlossaryPro/node_modules/lodash-es/assign.js
Module ID: /Users/pranay/Projects/AIMLGlossary/AIGlossaryPro/node_modules/lodash-es/assignIn.js
✓ Vendor chunk matched: /Users/pranay/Projects/AIMLGlossary/AIGlossaryPro/node_modules/lodash-es/assignIn.js
Module ID: /Users/pranay/Projects/AIMLGlossary/AIGlossaryPro/node_modules/lodash-es/assignInWith.js
✓ Vendor chunk matched: /Users/pranay/Projects/AIMLGlossary/AIGlossaryPro/node_modules/lodash-es/assignInWith.js
Module ID: /Users/pranay/Projects/AIMLGlossary/AIGlossaryPro/node_modules/lodash-es/assignWith.js
✓ Vendor chunk matched: /Users/pranay/Projects/AIMLGlossary/AIGlossaryPro/node_modules/lodash-es/assignWith.js
Module ID: /Users/pranay/Projects/AIMLGlossary/AIGlossaryPro/node_modules/lodash-es/at.js
✓ Vendor chunk matched: /Users/pranay/Projects/AIMLGlossary/AIGlossaryPro/node_modules/lodash-es/at.js
Module ID: /Users/pranay/Projects/AIMLGlossary/AIGlossaryPro/node_modules/lodash-es/attempt.js
✓ Vendor chunk matched: /Users/pranay/Projects/AIMLGlossary/AIGlossaryPro/node_modules/lodash-es/attempt.js
Module ID: /Users/pranay/Projects/AIMLGlossary/AIGlossaryPro/node_modules/lodash-es/before.js
✓ Vendor chunk matched: /Users/pranay/Projects/AIMLGlossary/AIGlossaryPro/node_modules/lodash-es/before.js
Module ID: /Users/pranay/Projects/AIMLGlossary/AIGlossaryPro/node_modules/lodash-es/bind.js
✓ Vendor chunk matched: /Users/pranay/Projects/AIMLGlossary/AIGlossaryPro/node_modules/lodash-es/bind.js
Module ID: /Users/pranay/Projects/AIMLGlossary/AIGlossaryPro/node_modules/lodash-es/bindAll.js
✓ Vendor chunk matched: /Users/pranay/Projects/AIMLGlossary/AIGlossaryPro/node_modules/lodash-es/bindAll.js
Module ID: /Users/pranay/Projects/AIMLGlossary/AIGlossaryPro/node_modules/lodash-es/bindKey.js
✓ Vendor chunk matched: /Users/pranay/Projects/AIMLGlossary/AIGlossaryPro/node_modules/lodash-es/bindKey.js
Module ID: /Users/pranay/Projects/AIMLGlossary/AIGlossaryPro/node_modules/lodash-es/camelCase.js
✓ Vendor chunk matched: /Users/pranay/Projects/AIMLGlossary/AIGlossaryPro/node_modules/lodash-es/camelCase.js
Module ID: /Users/pranay/Projects/AIMLGlossary/AIGlossaryPro/node_modules/lodash-es/capitalize.js
✓ Vendor chunk matched: /Users/pranay/Projects/AIMLGlossary/AIGlossaryPro/node_modules/lodash-es/capitalize.js
Module ID: /Users/pranay/Projects/AIMLGlossary/AIGlossaryPro/node_modules/lodash-es/castArray.js
✓ Vendor chunk matched: /Users/pranay/Projects/AIMLGlossary/AIGlossaryPro/node_modules/lodash-es/castArray.js
Module ID: /Users/pranay/Projects/AIMLGlossary/AIGlossaryPro/node_modules/lodash-es/ceil.js
✓ Vendor chunk matched: /Users/pranay/Projects/AIMLGlossary/AIGlossaryPro/node_modules/lodash-es/ceil.js
Module ID: /Users/pranay/Projects/AIMLGlossary/AIGlossaryPro/node_modules/lodash-es/chain.js
✓ Vendor chunk matched: /Users/pranay/Projects/AIMLGlossary/AIGlossaryPro/node_modules/lodash-es/chain.js
Module ID: /Users/pranay/Projects/AIMLGlossary/AIGlossaryPro/node_modules/lodash-es/chunk.js
✓ Vendor chunk matched: /Users/pranay/Projects/AIMLGlossary/AIGlossaryPro/node_modules/lodash-es/chunk.js
Module ID: /Users/pranay/Projects/AIMLGlossary/AIGlossaryPro/node_modules/lodash-es/clamp.js
✓ Vendor chunk matched: /Users/pranay/Projects/AIMLGlossary/AIGlossaryPro/node_modules/lodash-es/clamp.js
Module ID: /Users/pranay/Projects/AIMLGlossary/AIGlossaryPro/node_modules/lodash-es/cloneDeep.js
✓ Vendor chunk matched: /Users/pranay/Projects/AIMLGlossary/AIGlossaryPro/node_modules/lodash-es/cloneDeep.js
Module ID: /Users/pranay/Projects/AIMLGlossary/AIGlossaryPro/node_modules/lodash-es/cloneDeepWith.js
✓ Vendor chunk matched: /Users/pranay/Projects/AIMLGlossary/AIGlossaryPro/node_modules/lodash-es/cloneDeepWith.js
Module ID: /Users/pranay/Projects/AIMLGlossary/AIGlossaryPro/node_modules/lodash-es/cloneWith.js
✓ Vendor chunk matched: /Users/pranay/Projects/AIMLGlossary/AIGlossaryPro/node_modules/lodash-es/cloneWith.js
Module ID: /Users/pranay/Projects/AIMLGlossary/AIGlossaryPro/node_modules/lodash-es/commit.js
✓ Vendor chunk matched: /Users/pranay/Projects/AIMLGlossary/AIGlossaryPro/node_modules/lodash-es/commit.js
Module ID: /Users/pranay/Projects/AIMLGlossary/AIGlossaryPro/node_modules/lodash-es/compact.js
✓ Vendor chunk matched: /Users/pranay/Projects/AIMLGlossary/AIGlossaryPro/node_modules/lodash-es/compact.js
Module ID: /Users/pranay/Projects/AIMLGlossary/AIGlossaryPro/node_modules/lodash-es/concat.js
✓ Vendor chunk matched: /Users/pranay/Projects/AIMLGlossary/AIGlossaryPro/node_modules/lodash-es/concat.js
Module ID: /Users/pranay/Projects/AIMLGlossary/AIGlossaryPro/node_modules/lodash-es/cond.js
✓ Vendor chunk matched: /Users/pranay/Projects/AIMLGlossary/AIGlossaryPro/node_modules/lodash-es/cond.js
Module ID: /Users/pranay/Projects/AIMLGlossary/AIGlossaryPro/node_modules/lodash-es/conforms.js
✓ Vendor chunk matched: /Users/pranay/Projects/AIMLGlossary/AIGlossaryPro/node_modules/lodash-es/conforms.js
Module ID: /Users/pranay/Projects/AIMLGlossary/AIGlossaryPro/node_modules/lodash-es/conformsTo.js
✓ Vendor chunk matched: /Users/pranay/Projects/AIMLGlossary/AIGlossaryPro/node_modules/lodash-es/conformsTo.js
Module ID: /Users/pranay/Projects/AIMLGlossary/AIGlossaryPro/node_modules/lodash-es/constant.js
✓ Vendor chunk matched: /Users/pranay/Projects/AIMLGlossary/AIGlossaryPro/node_modules/lodash-es/constant.js
Module ID: /Users/pranay/Projects/AIMLGlossary/AIGlossaryPro/node_modules/lodash-es/countBy.js
✓ Vendor chunk matched: /Users/pranay/Projects/AIMLGlossary/AIGlossaryPro/node_modules/lodash-es/countBy.js
Module ID: /Users/pranay/Projects/AIMLGlossary/AIGlossaryPro/node_modules/lodash-es/create.js
✓ Vendor chunk matched: /Users/pranay/Projects/AIMLGlossary/AIGlossaryPro/node_modules/lodash-es/create.js
Module ID: /Users/pranay/Projects/AIMLGlossary/AIGlossaryPro/node_modules/lodash-es/curry.js
✓ Vendor chunk matched: /Users/pranay/Projects/AIMLGlossary/AIGlossaryPro/node_modules/lodash-es/curry.js
Module ID: /Users/pranay/Projects/AIMLGlossary/AIGlossaryPro/node_modules/lodash-es/curryRight.js
✓ Vendor chunk matched: /Users/pranay/Projects/AIMLGlossary/AIGlossaryPro/node_modules/lodash-es/curryRight.js
Module ID: /Users/pranay/Projects/AIMLGlossary/AIGlossaryPro/node_modules/lodash-es/debounce.js
✓ Vendor chunk matched: /Users/pranay/Projects/AIMLGlossary/AIGlossaryPro/node_modules/lodash-es/debounce.js
Module ID: /Users/pranay/Projects/AIMLGlossary/AIGlossaryPro/node_modules/lodash-es/deburr.js
✓ Vendor chunk matched: /Users/pranay/Projects/AIMLGlossary/AIGlossaryPro/node_modules/lodash-es/deburr.js
Module ID: /Users/pranay/Projects/AIMLGlossary/AIGlossaryPro/node_modules/lodash-es/defaultTo.js
✓ Vendor chunk matched: /Users/pranay/Projects/AIMLGlossary/AIGlossaryPro/node_modules/lodash-es/defaultTo.js
Module ID: /Users/pranay/Projects/AIMLGlossary/AIGlossaryPro/node_modules/lodash-es/defaults.js
✓ Vendor chunk matched: /Users/pranay/Projects/AIMLGlossary/AIGlossaryPro/node_modules/lodash-es/defaults.js
Module ID: /Users/pranay/Projects/AIMLGlossary/AIGlossaryPro/node_modules/lodash-es/defaultsDeep.js
✓ Vendor chunk matched: /Users/pranay/Projects/AIMLGlossary/AIGlossaryPro/node_modules/lodash-es/defaultsDeep.js
Module ID: /Users/pranay/Projects/AIMLGlossary/AIGlossaryPro/node_modules/lodash-es/defer.js
✓ Vendor chunk matched: /Users/pranay/Projects/AIMLGlossary/AIGlossaryPro/node_modules/lodash-es/defer.js
Module ID: /Users/pranay/Projects/AIMLGlossary/AIGlossaryPro/node_modules/lodash-es/delay.js
✓ Vendor chunk matched: /Users/pranay/Projects/AIMLGlossary/AIGlossaryPro/node_modules/lodash-es/delay.js
Module ID: /Users/pranay/Projects/AIMLGlossary/AIGlossaryPro/node_modules/lodash-es/difference.js
✓ Vendor chunk matched: /Users/pranay/Projects/AIMLGlossary/AIGlossaryPro/node_modules/lodash-es/difference.js
Module ID: /Users/pranay/Projects/AIMLGlossary/AIGlossaryPro/node_modules/lodash-es/differenceBy.js
✓ Vendor chunk matched: /Users/pranay/Projects/AIMLGlossary/AIGlossaryPro/node_modules/lodash-es/differenceBy.js
Module ID: /Users/pranay/Projects/AIMLGlossary/AIGlossaryPro/node_modules/lodash-es/differenceWith.js
✓ Vendor chunk matched: /Users/pranay/Projects/AIMLGlossary/AIGlossaryPro/node_modules/lodash-es/differenceWith.js
Module ID: /Users/pranay/Projects/AIMLGlossary/AIGlossaryPro/node_modules/lodash-es/divide.js
✓ Vendor chunk matched: /Users/pranay/Projects/AIMLGlossary/AIGlossaryPro/node_modules/lodash-es/divide.js
Module ID: /Users/pranay/Projects/AIMLGlossary/AIGlossaryPro/node_modules/lodash-es/drop.js
✓ Vendor chunk matched: /Users/pranay/Projects/AIMLGlossary/AIGlossaryPro/node_modules/lodash-es/drop.js
Module ID: /Users/pranay/Projects/AIMLGlossary/AIGlossaryPro/node_modules/lodash-es/dropRight.js
✓ Vendor chunk matched: /Users/pranay/Projects/AIMLGlossary/AIGlossaryPro/node_modules/lodash-es/dropRight.js
Module ID: /Users/pranay/Projects/AIMLGlossary/AIGlossaryPro/node_modules/lodash-es/dropRightWhile.js
✓ Vendor chunk matched: /Users/pranay/Projects/AIMLGlossary/AIGlossaryPro/node_modules/lodash-es/dropRightWhile.js
Module ID: /Users/pranay/Projects/AIMLGlossary/AIGlossaryPro/node_modules/lodash-es/dropWhile.js
✓ Vendor chunk matched: /Users/pranay/Projects/AIMLGlossary/AIGlossaryPro/node_modules/lodash-es/dropWhile.js
Module ID: /Users/pranay/Projects/AIMLGlossary/AIGlossaryPro/node_modules/lodash-es/each.js
✓ Vendor chunk matched: /Users/pranay/Projects/AIMLGlossary/AIGlossaryPro/node_modules/lodash-es/each.js
Module ID: /Users/pranay/Projects/AIMLGlossary/AIGlossaryPro/node_modules/lodash-es/eachRight.js
✓ Vendor chunk matched: /Users/pranay/Projects/AIMLGlossary/AIGlossaryPro/node_modules/lodash-es/eachRight.js
Module ID: /Users/pranay/Projects/AIMLGlossary/AIGlossaryPro/node_modules/lodash-es/endsWith.js
✓ Vendor chunk matched: /Users/pranay/Projects/AIMLGlossary/AIGlossaryPro/node_modules/lodash-es/endsWith.js
Module ID: /Users/pranay/Projects/AIMLGlossary/AIGlossaryPro/node_modules/lodash-es/entries.js
✓ Vendor chunk matched: /Users/pranay/Projects/AIMLGlossary/AIGlossaryPro/node_modules/lodash-es/entries.js
Module ID: /Users/pranay/Projects/AIMLGlossary/AIGlossaryPro/node_modules/lodash-es/entriesIn.js
✓ Vendor chunk matched: /Users/pranay/Projects/AIMLGlossary/AIGlossaryPro/node_modules/lodash-es/entriesIn.js
Module ID: /Users/pranay/Projects/AIMLGlossary/AIGlossaryPro/node_modules/lodash-es/escape.js
✓ Vendor chunk matched: /Users/pranay/Projects/AIMLGlossary/AIGlossaryPro/node_modules/lodash-es/escape.js
Module ID: /Users/pranay/Projects/AIMLGlossary/AIGlossaryPro/node_modules/lodash-es/escapeRegExp.js
✓ Vendor chunk matched: /Users/pranay/Projects/AIMLGlossary/AIGlossaryPro/node_modules/lodash-es/escapeRegExp.js
Module ID: /Users/pranay/Projects/AIMLGlossary/AIGlossaryPro/node_modules/lodash-es/every.js
✓ Vendor chunk matched: /Users/pranay/Projects/AIMLGlossary/AIGlossaryPro/node_modules/lodash-es/every.js
Module ID: /Users/pranay/Projects/AIMLGlossary/AIGlossaryPro/node_modules/lodash-es/extend.js
✓ Vendor chunk matched: /Users/pranay/Projects/AIMLGlossary/AIGlossaryPro/node_modules/lodash-es/extend.js
Module ID: /Users/pranay/Projects/AIMLGlossary/AIGlossaryPro/node_modules/lodash-es/extendWith.js
✓ Vendor chunk matched: /Users/pranay/Projects/AIMLGlossary/AIGlossaryPro/node_modules/lodash-es/extendWith.js
Module ID: /Users/pranay/Projects/AIMLGlossary/AIGlossaryPro/node_modules/lodash-es/fill.js
✓ Vendor chunk matched: /Users/pranay/Projects/AIMLGlossary/AIGlossaryPro/node_modules/lodash-es/fill.js
Module ID: /Users/pranay/Projects/AIMLGlossary/AIGlossaryPro/node_modules/lodash-es/filter.js
✓ Vendor chunk matched: /Users/pranay/Projects/AIMLGlossary/AIGlossaryPro/node_modules/lodash-es/filter.js
Module ID: /Users/pranay/Projects/AIMLGlossary/AIGlossaryPro/node_modules/lodash-es/find.js
✓ Vendor chunk matched: /Users/pranay/Projects/AIMLGlossary/AIGlossaryPro/node_modules/lodash-es/find.js
Module ID: /Users/pranay/Projects/AIMLGlossary/AIGlossaryPro/node_modules/lodash-es/findIndex.js
✓ Vendor chunk matched: /Users/pranay/Projects/AIMLGlossary/AIGlossaryPro/node_modules/lodash-es/findIndex.js
Module ID: /Users/pranay/Projects/AIMLGlossary/AIGlossaryPro/node_modules/lodash-es/findKey.js
✓ Vendor chunk matched: /Users/pranay/Projects/AIMLGlossary/AIGlossaryPro/node_modules/lodash-es/findKey.js
Module ID: /Users/pranay/Projects/AIMLGlossary/AIGlossaryPro/node_modules/lodash-es/findLast.js
✓ Vendor chunk matched: /Users/pranay/Projects/AIMLGlossary/AIGlossaryPro/node_modules/lodash-es/findLast.js
Module ID: /Users/pranay/Projects/AIMLGlossary/AIGlossaryPro/node_modules/lodash-es/findLastIndex.js
✓ Vendor chunk matched: /Users/pranay/Projects/AIMLGlossary/AIGlossaryPro/node_modules/lodash-es/findLastIndex.js
Module ID: /Users/pranay/Projects/AIMLGlossary/AIGlossaryPro/node_modules/lodash-es/findLastKey.js
✓ Vendor chunk matched: /Users/pranay/Projects/AIMLGlossary/AIGlossaryPro/node_modules/lodash-es/findLastKey.js
Module ID: /Users/pranay/Projects/AIMLGlossary/AIGlossaryPro/node_modules/lodash-es/first.js
✓ Vendor chunk matched: /Users/pranay/Projects/AIMLGlossary/AIGlossaryPro/node_modules/lodash-es/first.js
Module ID: /Users/pranay/Projects/AIMLGlossary/AIGlossaryPro/node_modules/lodash-es/flatMap.js
✓ Vendor chunk matched: /Users/pranay/Projects/AIMLGlossary/AIGlossaryPro/node_modules/lodash-es/flatMap.js
Module ID: /Users/pranay/Projects/AIMLGlossary/AIGlossaryPro/node_modules/lodash-es/flatMapDeep.js
✓ Vendor chunk matched: /Users/pranay/Projects/AIMLGlossary/AIGlossaryPro/node_modules/lodash-es/flatMapDeep.js
Module ID: /Users/pranay/Projects/AIMLGlossary/AIGlossaryPro/node_modules/lodash-es/flatMapDepth.js
✓ Vendor chunk matched: /Users/pranay/Projects/AIMLGlossary/AIGlossaryPro/node_modules/lodash-es/flatMapDepth.js
Module ID: /Users/pranay/Projects/AIMLGlossary/AIGlossaryPro/node_modules/lodash-es/flatten.js
✓ Vendor chunk matched: /Users/pranay/Projects/AIMLGlossary/AIGlossaryPro/node_modules/lodash-es/flatten.js
Module ID: /Users/pranay/Projects/AIMLGlossary/AIGlossaryPro/node_modules/lodash-es/flattenDeep.js
✓ Vendor chunk matched: /Users/pranay/Projects/AIMLGlossary/AIGlossaryPro/node_modules/lodash-es/flattenDeep.js
Module ID: /Users/pranay/Projects/AIMLGlossary/AIGlossaryPro/node_modules/lodash-es/flattenDepth.js
✓ Vendor chunk matched: /Users/pranay/Projects/AIMLGlossary/AIGlossaryPro/node_modules/lodash-es/flattenDepth.js
Module ID: /Users/pranay/Projects/AIMLGlossary/AIGlossaryPro/node_modules/lodash-es/flip.js
✓ Vendor chunk matched: /Users/pranay/Projects/AIMLGlossary/AIGlossaryPro/node_modules/lodash-es/flip.js
Module ID: /Users/pranay/Projects/AIMLGlossary/AIGlossaryPro/node_modules/lodash-es/floor.js
✓ Vendor chunk matched: /Users/pranay/Projects/AIMLGlossary/AIGlossaryPro/node_modules/lodash-es/floor.js
Module ID: /Users/pranay/Projects/AIMLGlossary/AIGlossaryPro/node_modules/lodash-es/flow.js
✓ Vendor chunk matched: /Users/pranay/Projects/AIMLGlossary/AIGlossaryPro/node_modules/lodash-es/flow.js
Module ID: /Users/pranay/Projects/AIMLGlossary/AIGlossaryPro/node_modules/lodash-es/flowRight.js
✓ Vendor chunk matched: /Users/pranay/Projects/AIMLGlossary/AIGlossaryPro/node_modules/lodash-es/flowRight.js
Module ID: /Users/pranay/Projects/AIMLGlossary/AIGlossaryPro/node_modules/lodash-es/forEach.js
✓ Vendor chunk matched: /Users/pranay/Projects/AIMLGlossary/AIGlossaryPro/node_modules/lodash-es/forEach.js
Module ID: /Users/pranay/Projects/AIMLGlossary/AIGlossaryPro/node_modules/lodash-es/forEachRight.js
✓ Vendor chunk matched: /Users/pranay/Projects/AIMLGlossary/AIGlossaryPro/node_modules/lodash-es/forEachRight.js
Module ID: /Users/pranay/Projects/AIMLGlossary/AIGlossaryPro/node_modules/lodash-es/forIn.js
✓ Vendor chunk matched: /Users/pranay/Projects/AIMLGlossary/AIGlossaryPro/node_modules/lodash-es/forIn.js
Module ID: /Users/pranay/Projects/AIMLGlossary/AIGlossaryPro/node_modules/lodash-es/forInRight.js
✓ Vendor chunk matched: /Users/pranay/Projects/AIMLGlossary/AIGlossaryPro/node_modules/lodash-es/forInRight.js
Module ID: /Users/pranay/Projects/AIMLGlossary/AIGlossaryPro/node_modules/lodash-es/forOwn.js
✓ Vendor chunk matched: /Users/pranay/Projects/AIMLGlossary/AIGlossaryPro/node_modules/lodash-es/forOwn.js
Module ID: /Users/pranay/Projects/AIMLGlossary/AIGlossaryPro/node_modules/lodash-es/forOwnRight.js
✓ Vendor chunk matched: /Users/pranay/Projects/AIMLGlossary/AIGlossaryPro/node_modules/lodash-es/forOwnRight.js
Module ID: /Users/pranay/Projects/AIMLGlossary/AIGlossaryPro/node_modules/lodash-es/fromPairs.js
✓ Vendor chunk matched: /Users/pranay/Projects/AIMLGlossary/AIGlossaryPro/node_modules/lodash-es/fromPairs.js
Module ID: /Users/pranay/Projects/AIMLGlossary/AIGlossaryPro/node_modules/lodash-es/functions.js
✓ Vendor chunk matched: /Users/pranay/Projects/AIMLGlossary/AIGlossaryPro/node_modules/lodash-es/functions.js
Module ID: /Users/pranay/Projects/AIMLGlossary/AIGlossaryPro/node_modules/lodash-es/functionsIn.js
✓ Vendor chunk matched: /Users/pranay/Projects/AIMLGlossary/AIGlossaryPro/node_modules/lodash-es/functionsIn.js
Module ID: /Users/pranay/Projects/AIMLGlossary/AIGlossaryPro/node_modules/lodash-es/get.js
✓ Vendor chunk matched: /Users/pranay/Projects/AIMLGlossary/AIGlossaryPro/node_modules/lodash-es/get.js
Module ID: /Users/pranay/Projects/AIMLGlossary/AIGlossaryPro/node_modules/lodash-es/groupBy.js
✓ Vendor chunk matched: /Users/pranay/Projects/AIMLGlossary/AIGlossaryPro/node_modules/lodash-es/groupBy.js
Module ID: /Users/pranay/Projects/AIMLGlossary/AIGlossaryPro/node_modules/lodash-es/gt.js
✓ Vendor chunk matched: /Users/pranay/Projects/AIMLGlossary/AIGlossaryPro/node_modules/lodash-es/gt.js
Module ID: /Users/pranay/Projects/AIMLGlossary/AIGlossaryPro/node_modules/lodash-es/gte.js
✓ Vendor chunk matched: /Users/pranay/Projects/AIMLGlossary/AIGlossaryPro/node_modules/lodash-es/gte.js
Module ID: /Users/pranay/Projects/AIMLGlossary/AIGlossaryPro/node_modules/lodash-es/has.js
✓ Vendor chunk matched: /Users/pranay/Projects/AIMLGlossary/AIGlossaryPro/node_modules/lodash-es/has.js
Module ID: /Users/pranay/Projects/AIMLGlossary/AIGlossaryPro/node_modules/lodash-es/hasIn.js
✓ Vendor chunk matched: /Users/pranay/Projects/AIMLGlossary/AIGlossaryPro/node_modules/lodash-es/hasIn.js
Module ID: /Users/pranay/Projects/AIMLGlossary/AIGlossaryPro/node_modules/lodash-es/head.js
✓ Vendor chunk matched: /Users/pranay/Projects/AIMLGlossary/AIGlossaryPro/node_modules/lodash-es/head.js
Module ID: /Users/pranay/Projects/AIMLGlossary/AIGlossaryPro/node_modules/lodash-es/identity.js
✓ Vendor chunk matched: /Users/pranay/Projects/AIMLGlossary/AIGlossaryPro/node_modules/lodash-es/identity.js
Module ID: /Users/pranay/Projects/AIMLGlossary/AIGlossaryPro/node_modules/lodash-es/inRange.js
✓ Vendor chunk matched: /Users/pranay/Projects/AIMLGlossary/AIGlossaryPro/node_modules/lodash-es/inRange.js
Module ID: /Users/pranay/Projects/AIMLGlossary/AIGlossaryPro/node_modules/lodash-es/includes.js
✓ Vendor chunk matched: /Users/pranay/Projects/AIMLGlossary/AIGlossaryPro/node_modules/lodash-es/includes.js
Module ID: /Users/pranay/Projects/AIMLGlossary/AIGlossaryPro/node_modules/lodash-es/indexOf.js
✓ Vendor chunk matched: /Users/pranay/Projects/AIMLGlossary/AIGlossaryPro/node_modules/lodash-es/indexOf.js
Module ID: /Users/pranay/Projects/AIMLGlossary/AIGlossaryPro/node_modules/lodash-es/initial.js
✓ Vendor chunk matched: /Users/pranay/Projects/AIMLGlossary/AIGlossaryPro/node_modules/lodash-es/initial.js
Module ID: /Users/pranay/Projects/AIMLGlossary/AIGlossaryPro/node_modules/lodash-es/intersection.js
✓ Vendor chunk matched: /Users/pranay/Projects/AIMLGlossary/AIGlossaryPro/node_modules/lodash-es/intersection.js
Module ID: /Users/pranay/Projects/AIMLGlossary/AIGlossaryPro/node_modules/lodash-es/intersectionBy.js
✓ Vendor chunk matched: /Users/pranay/Projects/AIMLGlossary/AIGlossaryPro/node_modules/lodash-es/intersectionBy.js
Module ID: /Users/pranay/Projects/AIMLGlossary/AIGlossaryPro/node_modules/lodash-es/intersectionWith.js
✓ Vendor chunk matched: /Users/pranay/Projects/AIMLGlossary/AIGlossaryPro/node_modules/lodash-es/intersectionWith.js
Module ID: /Users/pranay/Projects/AIMLGlossary/AIGlossaryPro/node_modules/lodash-es/invert.js
✓ Vendor chunk matched: /Users/pranay/Projects/AIMLGlossary/AIGlossaryPro/node_modules/lodash-es/invert.js
Module ID: /Users/pranay/Projects/AIMLGlossary/AIGlossaryPro/node_modules/lodash-es/invertBy.js
✓ Vendor chunk matched: /Users/pranay/Projects/AIMLGlossary/AIGlossaryPro/node_modules/lodash-es/invertBy.js
Module ID: /Users/pranay/Projects/AIMLGlossary/AIGlossaryPro/node_modules/lodash-es/invoke.js
✓ Vendor chunk matched: /Users/pranay/Projects/AIMLGlossary/AIGlossaryPro/node_modules/lodash-es/invoke.js
Module ID: /Users/pranay/Projects/AIMLGlossary/AIGlossaryPro/node_modules/lodash-es/invokeMap.js
✓ Vendor chunk matched: /Users/pranay/Projects/AIMLGlossary/AIGlossaryPro/node_modules/lodash-es/invokeMap.js
Module ID: /Users/pranay/Projects/AIMLGlossary/AIGlossaryPro/node_modules/lodash-es/isArrayBuffer.js
✓ Vendor chunk matched: /Users/pranay/Projects/AIMLGlossary/AIGlossaryPro/node_modules/lodash-es/isArrayBuffer.js
Module ID: /Users/pranay/Projects/AIMLGlossary/AIGlossaryPro/node_modules/lodash-es/isBoolean.js
✓ Vendor chunk matched: /Users/pranay/Projects/AIMLGlossary/AIGlossaryPro/node_modules/lodash-es/isBoolean.js
Module ID: /Users/pranay/Projects/AIMLGlossary/AIGlossaryPro/node_modules/lodash-es/isDate.js
✓ Vendor chunk matched: /Users/pranay/Projects/AIMLGlossary/AIGlossaryPro/node_modules/lodash-es/isDate.js
Module ID: /Users/pranay/Projects/AIMLGlossary/AIGlossaryPro/node_modules/lodash-es/isElement.js
✓ Vendor chunk matched: /Users/pranay/Projects/AIMLGlossary/AIGlossaryPro/node_modules/lodash-es/isElement.js
Module ID: /Users/pranay/Projects/AIMLGlossary/AIGlossaryPro/node_modules/lodash-es/isEqual.js
✓ Vendor chunk matched: /Users/pranay/Projects/AIMLGlossary/AIGlossaryPro/node_modules/lodash-es/isEqual.js
Module ID: /Users/pranay/Projects/AIMLGlossary/AIGlossaryPro/node_modules/lodash-es/isEqualWith.js
✓ Vendor chunk matched: /Users/pranay/Projects/AIMLGlossary/AIGlossaryPro/node_modules/lodash-es/isEqualWith.js
Module ID: /Users/pranay/Projects/AIMLGlossary/AIGlossaryPro/node_modules/lodash-es/isError.js
✓ Vendor chunk matched: /Users/pranay/Projects/AIMLGlossary/AIGlossaryPro/node_modules/lodash-es/isError.js
Module ID: /Users/pranay/Projects/AIMLGlossary/AIGlossaryPro/node_modules/lodash-es/isFinite.js
✓ Vendor chunk matched: /Users/pranay/Projects/AIMLGlossary/AIGlossaryPro/node_modules/lodash-es/isFinite.js
Module ID: /Users/pranay/Projects/AIMLGlossary/AIGlossaryPro/node_modules/lodash-es/isInteger.js
✓ Vendor chunk matched: /Users/pranay/Projects/AIMLGlossary/AIGlossaryPro/node_modules/lodash-es/isInteger.js
Module ID: /Users/pranay/Projects/AIMLGlossary/AIGlossaryPro/node_modules/lodash-es/isMatch.js
✓ Vendor chunk matched: /Users/pranay/Projects/AIMLGlossary/AIGlossaryPro/node_modules/lodash-es/isMatch.js
Module ID: /Users/pranay/Projects/AIMLGlossary/AIGlossaryPro/node_modules/lodash-es/isMatchWith.js
✓ Vendor chunk matched: /Users/pranay/Projects/AIMLGlossary/AIGlossaryPro/node_modules/lodash-es/isMatchWith.js
Module ID: /Users/pranay/Projects/AIMLGlossary/AIGlossaryPro/node_modules/lodash-es/isNaN.js
✓ Vendor chunk matched: /Users/pranay/Projects/AIMLGlossary/AIGlossaryPro/node_modules/lodash-es/isNaN.js
Module ID: /Users/pranay/Projects/AIMLGlossary/AIGlossaryPro/node_modules/lodash-es/isNative.js
✓ Vendor chunk matched: /Users/pranay/Projects/AIMLGlossary/AIGlossaryPro/node_modules/lodash-es/isNative.js
Module ID: /Users/pranay/Projects/AIMLGlossary/AIGlossaryPro/node_modules/lodash-es/isNil.js
✓ Vendor chunk matched: /Users/pranay/Projects/AIMLGlossary/AIGlossaryPro/node_modules/lodash-es/isNil.js
Module ID: /Users/pranay/Projects/AIMLGlossary/AIGlossaryPro/node_modules/lodash-es/isNull.js
✓ Vendor chunk matched: /Users/pranay/Projects/AIMLGlossary/AIGlossaryPro/node_modules/lodash-es/isNull.js
Module ID: /Users/pranay/Projects/AIMLGlossary/AIGlossaryPro/node_modules/lodash-es/isNumber.js
✓ Vendor chunk matched: /Users/pranay/Projects/AIMLGlossary/AIGlossaryPro/node_modules/lodash-es/isNumber.js
Module ID: /Users/pranay/Projects/AIMLGlossary/AIGlossaryPro/node_modules/lodash-es/isRegExp.js
✓ Vendor chunk matched: /Users/pranay/Projects/AIMLGlossary/AIGlossaryPro/node_modules/lodash-es/isRegExp.js
Module ID: /Users/pranay/Projects/AIMLGlossary/AIGlossaryPro/node_modules/lodash-es/isSafeInteger.js
✓ Vendor chunk matched: /Users/pranay/Projects/AIMLGlossary/AIGlossaryPro/node_modules/lodash-es/isSafeInteger.js
Module ID: /Users/pranay/Projects/AIMLGlossary/AIGlossaryPro/node_modules/lodash-es/isString.js
✓ Vendor chunk matched: /Users/pranay/Projects/AIMLGlossary/AIGlossaryPro/node_modules/lodash-es/isString.js
Module ID: /Users/pranay/Projects/AIMLGlossary/AIGlossaryPro/node_modules/lodash-es/isSymbol.js
✓ Vendor chunk matched: /Users/pranay/Projects/AIMLGlossary/AIGlossaryPro/node_modules/lodash-es/isSymbol.js
Module ID: /Users/pranay/Projects/AIMLGlossary/AIGlossaryPro/node_modules/lodash-es/isUndefined.js
✓ Vendor chunk matched: /Users/pranay/Projects/AIMLGlossary/AIGlossaryPro/node_modules/lodash-es/isUndefined.js
Module ID: /Users/pranay/Projects/AIMLGlossary/AIGlossaryPro/node_modules/lodash-es/isWeakMap.js
✓ Vendor chunk matched: /Users/pranay/Projects/AIMLGlossary/AIGlossaryPro/node_modules/lodash-es/isWeakMap.js
Module ID: /Users/pranay/Projects/AIMLGlossary/AIGlossaryPro/node_modules/lodash-es/isWeakSet.js
✓ Vendor chunk matched: /Users/pranay/Projects/AIMLGlossary/AIGlossaryPro/node_modules/lodash-es/isWeakSet.js
Module ID: /Users/pranay/Projects/AIMLGlossary/AIGlossaryPro/node_modules/lodash-es/iteratee.js
✓ Vendor chunk matched: /Users/pranay/Projects/AIMLGlossary/AIGlossaryPro/node_modules/lodash-es/iteratee.js
Module ID: /Users/pranay/Projects/AIMLGlossary/AIGlossaryPro/node_modules/lodash-es/join.js
✓ Vendor chunk matched: /Users/pranay/Projects/AIMLGlossary/AIGlossaryPro/node_modules/lodash-es/join.js
Module ID: /Users/pranay/Projects/AIMLGlossary/AIGlossaryPro/node_modules/lodash-es/kebabCase.js
✓ Vendor chunk matched: /Users/pranay/Projects/AIMLGlossary/AIGlossaryPro/node_modules/lodash-es/kebabCase.js
Module ID: /Users/pranay/Projects/AIMLGlossary/AIGlossaryPro/node_modules/lodash-es/keyBy.js
✓ Vendor chunk matched: /Users/pranay/Projects/AIMLGlossary/AIGlossaryPro/node_modules/lodash-es/keyBy.js
Module ID: /Users/pranay/Projects/AIMLGlossary/AIGlossaryPro/node_modules/lodash-es/last.js
✓ Vendor chunk matched: /Users/pranay/Projects/AIMLGlossary/AIGlossaryPro/node_modules/lodash-es/last.js
Module ID: /Users/pranay/Projects/AIMLGlossary/AIGlossaryPro/node_modules/lodash-es/lastIndexOf.js
✓ Vendor chunk matched: /Users/pranay/Projects/AIMLGlossary/AIGlossaryPro/node_modules/lodash-es/lastIndexOf.js
Module ID: /Users/pranay/Projects/AIMLGlossary/AIGlossaryPro/node_modules/lodash-es/wrapperLodash.js
✓ Vendor chunk matched: /Users/pranay/Projects/AIMLGlossary/AIGlossaryPro/node_modules/lodash-es/wrapperLodash.js
Module ID: /Users/pranay/Projects/AIMLGlossary/AIGlossaryPro/node_modules/lodash-es/lowerCase.js
✓ Vendor chunk matched: /Users/pranay/Projects/AIMLGlossary/AIGlossaryPro/node_modules/lodash-es/lowerCase.js
Module ID: /Users/pranay/Projects/AIMLGlossary/AIGlossaryPro/node_modules/lodash-es/lowerFirst.js
✓ Vendor chunk matched: /Users/pranay/Projects/AIMLGlossary/AIGlossaryPro/node_modules/lodash-es/lowerFirst.js
Module ID: /Users/pranay/Projects/AIMLGlossary/AIGlossaryPro/node_modules/lodash-es/lt.js
✓ Vendor chunk matched: /Users/pranay/Projects/AIMLGlossary/AIGlossaryPro/node_modules/lodash-es/lt.js
Module ID: /Users/pranay/Projects/AIMLGlossary/AIGlossaryPro/node_modules/lodash-es/lte.js
✓ Vendor chunk matched: /Users/pranay/Projects/AIMLGlossary/AIGlossaryPro/node_modules/lodash-es/lte.js
Module ID: /Users/pranay/Projects/AIMLGlossary/AIGlossaryPro/node_modules/lodash-es/map.js
✓ Vendor chunk matched: /Users/pranay/Projects/AIMLGlossary/AIGlossaryPro/node_modules/lodash-es/map.js
Module ID: /Users/pranay/Projects/AIMLGlossary/AIGlossaryPro/node_modules/lodash-es/mapKeys.js
✓ Vendor chunk matched: /Users/pranay/Projects/AIMLGlossary/AIGlossaryPro/node_modules/lodash-es/mapKeys.js
Module ID: /Users/pranay/Projects/AIMLGlossary/AIGlossaryPro/node_modules/lodash-es/mapValues.js
✓ Vendor chunk matched: /Users/pranay/Projects/AIMLGlossary/AIGlossaryPro/node_modules/lodash-es/mapValues.js
Module ID: /Users/pranay/Projects/AIMLGlossary/AIGlossaryPro/node_modules/lodash-es/matches.js
✓ Vendor chunk matched: /Users/pranay/Projects/AIMLGlossary/AIGlossaryPro/node_modules/lodash-es/matches.js
Module ID: /Users/pranay/Projects/AIMLGlossary/AIGlossaryPro/node_modules/lodash-es/matchesProperty.js
✓ Vendor chunk matched: /Users/pranay/Projects/AIMLGlossary/AIGlossaryPro/node_modules/lodash-es/matchesProperty.js
Module ID: /Users/pranay/Projects/AIMLGlossary/AIGlossaryPro/node_modules/lodash-es/max.js
✓ Vendor chunk matched: /Users/pranay/Projects/AIMLGlossary/AIGlossaryPro/node_modules/lodash-es/max.js
Module ID: /Users/pranay/Projects/AIMLGlossary/AIGlossaryPro/node_modules/lodash-es/maxBy.js
✓ Vendor chunk matched: /Users/pranay/Projects/AIMLGlossary/AIGlossaryPro/node_modules/lodash-es/maxBy.js
Module ID: /Users/pranay/Projects/AIMLGlossary/AIGlossaryPro/node_modules/lodash-es/mean.js
✓ Vendor chunk matched: /Users/pranay/Projects/AIMLGlossary/AIGlossaryPro/node_modules/lodash-es/mean.js
Module ID: /Users/pranay/Projects/AIMLGlossary/AIGlossaryPro/node_modules/lodash-es/meanBy.js
✓ Vendor chunk matched: /Users/pranay/Projects/AIMLGlossary/AIGlossaryPro/node_modules/lodash-es/meanBy.js
Module ID: /Users/pranay/Projects/AIMLGlossary/AIGlossaryPro/node_modules/lodash-es/mergeWith.js
✓ Vendor chunk matched: /Users/pranay/Projects/AIMLGlossary/AIGlossaryPro/node_modules/lodash-es/mergeWith.js
Module ID: /Users/pranay/Projects/AIMLGlossary/AIGlossaryPro/node_modules/lodash-es/method.js
✓ Vendor chunk matched: /Users/pranay/Projects/AIMLGlossary/AIGlossaryPro/node_modules/lodash-es/method.js
Module ID: /Users/pranay/Projects/AIMLGlossary/AIGlossaryPro/node_modules/lodash-es/methodOf.js
✓ Vendor chunk matched: /Users/pranay/Projects/AIMLGlossary/AIGlossaryPro/node_modules/lodash-es/methodOf.js
Module ID: /Users/pranay/Projects/AIMLGlossary/AIGlossaryPro/node_modules/lodash-es/min.js
✓ Vendor chunk matched: /Users/pranay/Projects/AIMLGlossary/AIGlossaryPro/node_modules/lodash-es/min.js
Module ID: /Users/pranay/Projects/AIMLGlossary/AIGlossaryPro/node_modules/lodash-es/minBy.js
✓ Vendor chunk matched: /Users/pranay/Projects/AIMLGlossary/AIGlossaryPro/node_modules/lodash-es/minBy.js
Module ID: /Users/pranay/Projects/AIMLGlossary/AIGlossaryPro/node_modules/lodash-es/mixin.js
✓ Vendor chunk matched: /Users/pranay/Projects/AIMLGlossary/AIGlossaryPro/node_modules/lodash-es/mixin.js
Module ID: /Users/pranay/Projects/AIMLGlossary/AIGlossaryPro/node_modules/lodash-es/multiply.js
✓ Vendor chunk matched: /Users/pranay/Projects/AIMLGlossary/AIGlossaryPro/node_modules/lodash-es/multiply.js
Module ID: /Users/pranay/Projects/AIMLGlossary/AIGlossaryPro/node_modules/lodash-es/negate.js
✓ Vendor chunk matched: /Users/pranay/Projects/AIMLGlossary/AIGlossaryPro/node_modules/lodash-es/negate.js
Module ID: /Users/pranay/Projects/AIMLGlossary/AIGlossaryPro/node_modules/lodash-es/next.js
✓ Vendor chunk matched: /Users/pranay/Projects/AIMLGlossary/AIGlossaryPro/node_modules/lodash-es/next.js
Module ID: /Users/pranay/Projects/AIMLGlossary/AIGlossaryPro/node_modules/lodash-es/noop.js
✓ Vendor chunk matched: /Users/pranay/Projects/AIMLGlossary/AIGlossaryPro/node_modules/lodash-es/noop.js
Module ID: /Users/pranay/Projects/AIMLGlossary/AIGlossaryPro/node_modules/lodash-es/now.js
✓ Vendor chunk matched: /Users/pranay/Projects/AIMLGlossary/AIGlossaryPro/node_modules/lodash-es/now.js
Module ID: /Users/pranay/Projects/AIMLGlossary/AIGlossaryPro/node_modules/lodash-es/nth.js
✓ Vendor chunk matched: /Users/pranay/Projects/AIMLGlossary/AIGlossaryPro/node_modules/lodash-es/nth.js
Module ID: /Users/pranay/Projects/AIMLGlossary/AIGlossaryPro/node_modules/lodash-es/nthArg.js
✓ Vendor chunk matched: /Users/pranay/Projects/AIMLGlossary/AIGlossaryPro/node_modules/lodash-es/nthArg.js
Module ID: /Users/pranay/Projects/AIMLGlossary/AIGlossaryPro/node_modules/lodash-es/omit.js
✓ Vendor chunk matched: /Users/pranay/Projects/AIMLGlossary/AIGlossaryPro/node_modules/lodash-es/omit.js
Module ID: /Users/pranay/Projects/AIMLGlossary/AIGlossaryPro/node_modules/lodash-es/omitBy.js
✓ Vendor chunk matched: /Users/pranay/Projects/AIMLGlossary/AIGlossaryPro/node_modules/lodash-es/omitBy.js
Module ID: /Users/pranay/Projects/AIMLGlossary/AIGlossaryPro/node_modules/lodash-es/once.js
✓ Vendor chunk matched: /Users/pranay/Projects/AIMLGlossary/AIGlossaryPro/node_modules/lodash-es/once.js
Module ID: /Users/pranay/Projects/AIMLGlossary/AIGlossaryPro/node_modules/lodash-es/orderBy.js
✓ Vendor chunk matched: /Users/pranay/Projects/AIMLGlossary/AIGlossaryPro/node_modules/lodash-es/orderBy.js
Module ID: /Users/pranay/Projects/AIMLGlossary/AIGlossaryPro/node_modules/lodash-es/over.js
✓ Vendor chunk matched: /Users/pranay/Projects/AIMLGlossary/AIGlossaryPro/node_modules/lodash-es/over.js
Module ID: /Users/pranay/Projects/AIMLGlossary/AIGlossaryPro/node_modules/lodash-es/overArgs.js
✓ Vendor chunk matched: /Users/pranay/Projects/AIMLGlossary/AIGlossaryPro/node_modules/lodash-es/overArgs.js
Module ID: /Users/pranay/Projects/AIMLGlossary/AIGlossaryPro/node_modules/lodash-es/overEvery.js
✓ Vendor chunk matched: /Users/pranay/Projects/AIMLGlossary/AIGlossaryPro/node_modules/lodash-es/overEvery.js
Module ID: /Users/pranay/Projects/AIMLGlossary/AIGlossaryPro/node_modules/lodash-es/overSome.js
✓ Vendor chunk matched: /Users/pranay/Projects/AIMLGlossary/AIGlossaryPro/node_modules/lodash-es/overSome.js
Module ID: /Users/pranay/Projects/AIMLGlossary/AIGlossaryPro/node_modules/lodash-es/pad.js
✓ Vendor chunk matched: /Users/pranay/Projects/AIMLGlossary/AIGlossaryPro/node_modules/lodash-es/pad.js
Module ID: /Users/pranay/Projects/AIMLGlossary/AIGlossaryPro/node_modules/lodash-es/padEnd.js
✓ Vendor chunk matched: /Users/pranay/Projects/AIMLGlossary/AIGlossaryPro/node_modules/lodash-es/padEnd.js
Module ID: /Users/pranay/Projects/AIMLGlossary/AIGlossaryPro/node_modules/lodash-es/padStart.js
✓ Vendor chunk matched: /Users/pranay/Projects/AIMLGlossary/AIGlossaryPro/node_modules/lodash-es/padStart.js
Module ID: /Users/pranay/Projects/AIMLGlossary/AIGlossaryPro/node_modules/lodash-es/parseInt.js
✓ Vendor chunk matched: /Users/pranay/Projects/AIMLGlossary/AIGlossaryPro/node_modules/lodash-es/parseInt.js
Module ID: /Users/pranay/Projects/AIMLGlossary/AIGlossaryPro/node_modules/lodash-es/partial.js
✓ Vendor chunk matched: /Users/pranay/Projects/AIMLGlossary/AIGlossaryPro/node_modules/lodash-es/partial.js
Module ID: /Users/pranay/Projects/AIMLGlossary/AIGlossaryPro/node_modules/lodash-es/partialRight.js
✓ Vendor chunk matched: /Users/pranay/Projects/AIMLGlossary/AIGlossaryPro/node_modules/lodash-es/partialRight.js
Module ID: /Users/pranay/Projects/AIMLGlossary/AIGlossaryPro/node_modules/lodash-es/partition.js
✓ Vendor chunk matched: /Users/pranay/Projects/AIMLGlossary/AIGlossaryPro/node_modules/lodash-es/partition.js
Module ID: /Users/pranay/Projects/AIMLGlossary/AIGlossaryPro/node_modules/lodash-es/pick.js
✓ Vendor chunk matched: /Users/pranay/Projects/AIMLGlossary/AIGlossaryPro/node_modules/lodash-es/pick.js
Module ID: /Users/pranay/Projects/AIMLGlossary/AIGlossaryPro/node_modules/lodash-es/pickBy.js
✓ Vendor chunk matched: /Users/pranay/Projects/AIMLGlossary/AIGlossaryPro/node_modules/lodash-es/pickBy.js
Module ID: /Users/pranay/Projects/AIMLGlossary/AIGlossaryPro/node_modules/lodash-es/plant.js
✓ Vendor chunk matched: /Users/pranay/Projects/AIMLGlossary/AIGlossaryPro/node_modules/lodash-es/plant.js
Module ID: /Users/pranay/Projects/AIMLGlossary/AIGlossaryPro/node_modules/lodash-es/property.js
✓ Vendor chunk matched: /Users/pranay/Projects/AIMLGlossary/AIGlossaryPro/node_modules/lodash-es/property.js
Module ID: /Users/pranay/Projects/AIMLGlossary/AIGlossaryPro/node_modules/lodash-es/propertyOf.js
✓ Vendor chunk matched: /Users/pranay/Projects/AIMLGlossary/AIGlossaryPro/node_modules/lodash-es/propertyOf.js
Module ID: /Users/pranay/Projects/AIMLGlossary/AIGlossaryPro/node_modules/lodash-es/pull.js
✓ Vendor chunk matched: /Users/pranay/Projects/AIMLGlossary/AIGlossaryPro/node_modules/lodash-es/pull.js
Module ID: /Users/pranay/Projects/AIMLGlossary/AIGlossaryPro/node_modules/lodash-es/pullAll.js
✓ Vendor chunk matched: /Users/pranay/Projects/AIMLGlossary/AIGlossaryPro/node_modules/lodash-es/pullAll.js
Module ID: /Users/pranay/Projects/AIMLGlossary/AIGlossaryPro/node_modules/lodash-es/pullAllBy.js
✓ Vendor chunk matched: /Users/pranay/Projects/AIMLGlossary/AIGlossaryPro/node_modules/lodash-es/pullAllBy.js
Module ID: /Users/pranay/Projects/AIMLGlossary/AIGlossaryPro/node_modules/lodash-es/pullAllWith.js
✓ Vendor chunk matched: /Users/pranay/Projects/AIMLGlossary/AIGlossaryPro/node_modules/lodash-es/pullAllWith.js
Module ID: /Users/pranay/Projects/AIMLGlossary/AIGlossaryPro/node_modules/lodash-es/pullAt.js
✓ Vendor chunk matched: /Users/pranay/Projects/AIMLGlossary/AIGlossaryPro/node_modules/lodash-es/pullAt.js
Module ID: /Users/pranay/Projects/AIMLGlossary/AIGlossaryPro/node_modules/lodash-es/random.js
✓ Vendor chunk matched: /Users/pranay/Projects/AIMLGlossary/AIGlossaryPro/node_modules/lodash-es/random.js
Module ID: /Users/pranay/Projects/AIMLGlossary/AIGlossaryPro/node_modules/lodash-es/range.js
✓ Vendor chunk matched: /Users/pranay/Projects/AIMLGlossary/AIGlossaryPro/node_modules/lodash-es/range.js
Module ID: /Users/pranay/Projects/AIMLGlossary/AIGlossaryPro/node_modules/lodash-es/rangeRight.js
✓ Vendor chunk matched: /Users/pranay/Projects/AIMLGlossary/AIGlossaryPro/node_modules/lodash-es/rangeRight.js
Module ID: /Users/pranay/Projects/AIMLGlossary/AIGlossaryPro/node_modules/lodash-es/rearg.js
✓ Vendor chunk matched: /Users/pranay/Projects/AIMLGlossary/AIGlossaryPro/node_modules/lodash-es/rearg.js
Module ID: /Users/pranay/Projects/AIMLGlossary/AIGlossaryPro/node_modules/lodash-es/reduce.js
✓ Vendor chunk matched: /Users/pranay/Projects/AIMLGlossary/AIGlossaryPro/node_modules/lodash-es/reduce.js
Module ID: /Users/pranay/Projects/AIMLGlossary/AIGlossaryPro/node_modules/lodash-es/reduceRight.js
✓ Vendor chunk matched: /Users/pranay/Projects/AIMLGlossary/AIGlossaryPro/node_modules/lodash-es/reduceRight.js
Module ID: /Users/pranay/Projects/AIMLGlossary/AIGlossaryPro/node_modules/lodash-es/reject.js
✓ Vendor chunk matched: /Users/pranay/Projects/AIMLGlossary/AIGlossaryPro/node_modules/lodash-es/reject.js
Module ID: /Users/pranay/Projects/AIMLGlossary/AIGlossaryPro/node_modules/lodash-es/remove.js
✓ Vendor chunk matched: /Users/pranay/Projects/AIMLGlossary/AIGlossaryPro/node_modules/lodash-es/remove.js
Module ID: /Users/pranay/Projects/AIMLGlossary/AIGlossaryPro/node_modules/lodash-es/repeat.js
✓ Vendor chunk matched: /Users/pranay/Projects/AIMLGlossary/AIGlossaryPro/node_modules/lodash-es/repeat.js
Module ID: /Users/pranay/Projects/AIMLGlossary/AIGlossaryPro/node_modules/lodash-es/replace.js
✓ Vendor chunk matched: /Users/pranay/Projects/AIMLGlossary/AIGlossaryPro/node_modules/lodash-es/replace.js
Module ID: /Users/pranay/Projects/AIMLGlossary/AIGlossaryPro/node_modules/lodash-es/rest.js
✓ Vendor chunk matched: /Users/pranay/Projects/AIMLGlossary/AIGlossaryPro/node_modules/lodash-es/rest.js
Module ID: /Users/pranay/Projects/AIMLGlossary/AIGlossaryPro/node_modules/lodash-es/result.js
✓ Vendor chunk matched: /Users/pranay/Projects/AIMLGlossary/AIGlossaryPro/node_modules/lodash-es/result.js
Module ID: /Users/pranay/Projects/AIMLGlossary/AIGlossaryPro/node_modules/lodash-es/reverse.js
✓ Vendor chunk matched: /Users/pranay/Projects/AIMLGlossary/AIGlossaryPro/node_modules/lodash-es/reverse.js
Module ID: /Users/pranay/Projects/AIMLGlossary/AIGlossaryPro/node_modules/lodash-es/round.js
✓ Vendor chunk matched: /Users/pranay/Projects/AIMLGlossary/AIGlossaryPro/node_modules/lodash-es/round.js
Module ID: /Users/pranay/Projects/AIMLGlossary/AIGlossaryPro/node_modules/lodash-es/sample.js
✓ Vendor chunk matched: /Users/pranay/Projects/AIMLGlossary/AIGlossaryPro/node_modules/lodash-es/sample.js
Module ID: /Users/pranay/Projects/AIMLGlossary/AIGlossaryPro/node_modules/lodash-es/sampleSize.js
✓ Vendor chunk matched: /Users/pranay/Projects/AIMLGlossary/AIGlossaryPro/node_modules/lodash-es/sampleSize.js
Module ID: /Users/pranay/Projects/AIMLGlossary/AIGlossaryPro/node_modules/lodash-es/set.js
✓ Vendor chunk matched: /Users/pranay/Projects/AIMLGlossary/AIGlossaryPro/node_modules/lodash-es/set.js
Module ID: /Users/pranay/Projects/AIMLGlossary/AIGlossaryPro/node_modules/lodash-es/setWith.js
✓ Vendor chunk matched: /Users/pranay/Projects/AIMLGlossary/AIGlossaryPro/node_modules/lodash-es/setWith.js
Module ID: /Users/pranay/Projects/AIMLGlossary/AIGlossaryPro/node_modules/lodash-es/shuffle.js
✓ Vendor chunk matched: /Users/pranay/Projects/AIMLGlossary/AIGlossaryPro/node_modules/lodash-es/shuffle.js
Module ID: /Users/pranay/Projects/AIMLGlossary/AIGlossaryPro/node_modules/lodash-es/size.js
✓ Vendor chunk matched: /Users/pranay/Projects/AIMLGlossary/AIGlossaryPro/node_modules/lodash-es/size.js
Module ID: /Users/pranay/Projects/AIMLGlossary/AIGlossaryPro/node_modules/lodash-es/slice.js
✓ Vendor chunk matched: /Users/pranay/Projects/AIMLGlossary/AIGlossaryPro/node_modules/lodash-es/slice.js
Module ID: /Users/pranay/Projects/AIMLGlossary/AIGlossaryPro/node_modules/lodash-es/snakeCase.js
✓ Vendor chunk matched: /Users/pranay/Projects/AIMLGlossary/AIGlossaryPro/node_modules/lodash-es/snakeCase.js
Module ID: /Users/pranay/Projects/AIMLGlossary/AIGlossaryPro/node_modules/lodash-es/some.js
✓ Vendor chunk matched: /Users/pranay/Projects/AIMLGlossary/AIGlossaryPro/node_modules/lodash-es/some.js
Module ID: /Users/pranay/Projects/AIMLGlossary/AIGlossaryPro/node_modules/lodash-es/sortBy.js
✓ Vendor chunk matched: /Users/pranay/Projects/AIMLGlossary/AIGlossaryPro/node_modules/lodash-es/sortBy.js
Module ID: /Users/pranay/Projects/AIMLGlossary/AIGlossaryPro/node_modules/lodash-es/sortedIndex.js
✓ Vendor chunk matched: /Users/pranay/Projects/AIMLGlossary/AIGlossaryPro/node_modules/lodash-es/sortedIndex.js
Module ID: /Users/pranay/Projects/AIMLGlossary/AIGlossaryPro/node_modules/lodash-es/sortedIndexBy.js
✓ Vendor chunk matched: /Users/pranay/Projects/AIMLGlossary/AIGlossaryPro/node_modules/lodash-es/sortedIndexBy.js
Module ID: /Users/pranay/Projects/AIMLGlossary/AIGlossaryPro/node_modules/lodash-es/sortedIndexOf.js
✓ Vendor chunk matched: /Users/pranay/Projects/AIMLGlossary/AIGlossaryPro/node_modules/lodash-es/sortedIndexOf.js
Module ID: /Users/pranay/Projects/AIMLGlossary/AIGlossaryPro/node_modules/lodash-es/sortedLastIndex.js
✓ Vendor chunk matched: /Users/pranay/Projects/AIMLGlossary/AIGlossaryPro/node_modules/lodash-es/sortedLastIndex.js
Module ID: /Users/pranay/Projects/AIMLGlossary/AIGlossaryPro/node_modules/lodash-es/sortedLastIndexBy.js
✓ Vendor chunk matched: /Users/pranay/Projects/AIMLGlossary/AIGlossaryPro/node_modules/lodash-es/sortedLastIndexBy.js
Module ID: /Users/pranay/Projects/AIMLGlossary/AIGlossaryPro/node_modules/lodash-es/sortedLastIndexOf.js
✓ Vendor chunk matched: /Users/pranay/Projects/AIMLGlossary/AIGlossaryPro/node_modules/lodash-es/sortedLastIndexOf.js
Module ID: /Users/pranay/Projects/AIMLGlossary/AIGlossaryPro/node_modules/lodash-es/sortedUniq.js
✓ Vendor chunk matched: /Users/pranay/Projects/AIMLGlossary/AIGlossaryPro/node_modules/lodash-es/sortedUniq.js
Module ID: /Users/pranay/Projects/AIMLGlossary/AIGlossaryPro/node_modules/lodash-es/sortedUniqBy.js
✓ Vendor chunk matched: /Users/pranay/Projects/AIMLGlossary/AIGlossaryPro/node_modules/lodash-es/sortedUniqBy.js
Module ID: /Users/pranay/Projects/AIMLGlossary/AIGlossaryPro/node_modules/lodash-es/split.js
✓ Vendor chunk matched: /Users/pranay/Projects/AIMLGlossary/AIGlossaryPro/node_modules/lodash-es/split.js
Module ID: /Users/pranay/Projects/AIMLGlossary/AIGlossaryPro/node_modules/lodash-es/spread.js
✓ Vendor chunk matched: /Users/pranay/Projects/AIMLGlossary/AIGlossaryPro/node_modules/lodash-es/spread.js
Module ID: /Users/pranay/Projects/AIMLGlossary/AIGlossaryPro/node_modules/lodash-es/startCase.js
✓ Vendor chunk matched: /Users/pranay/Projects/AIMLGlossary/AIGlossaryPro/node_modules/lodash-es/startCase.js
Module ID: /Users/pranay/Projects/AIMLGlossary/AIGlossaryPro/node_modules/lodash-es/startsWith.js
✓ Vendor chunk matched: /Users/pranay/Projects/AIMLGlossary/AIGlossaryPro/node_modules/lodash-es/startsWith.js
Module ID: /Users/pranay/Projects/AIMLGlossary/AIGlossaryPro/node_modules/lodash-es/stubArray.js
✓ Vendor chunk matched: /Users/pranay/Projects/AIMLGlossary/AIGlossaryPro/node_modules/lodash-es/stubArray.js
Module ID: /Users/pranay/Projects/AIMLGlossary/AIGlossaryPro/node_modules/lodash-es/stubObject.js
✓ Vendor chunk matched: /Users/pranay/Projects/AIMLGlossary/AIGlossaryPro/node_modules/lodash-es/stubObject.js
Module ID: /Users/pranay/Projects/AIMLGlossary/AIGlossaryPro/node_modules/lodash-es/stubString.js
✓ Vendor chunk matched: /Users/pranay/Projects/AIMLGlossary/AIGlossaryPro/node_modules/lodash-es/stubString.js
Module ID: /Users/pranay/Projects/AIMLGlossary/AIGlossaryPro/node_modules/lodash-es/stubTrue.js
✓ Vendor chunk matched: /Users/pranay/Projects/AIMLGlossary/AIGlossaryPro/node_modules/lodash-es/stubTrue.js
Module ID: /Users/pranay/Projects/AIMLGlossary/AIGlossaryPro/node_modules/lodash-es/subtract.js
✓ Vendor chunk matched: /Users/pranay/Projects/AIMLGlossary/AIGlossaryPro/node_modules/lodash-es/subtract.js
Module ID: /Users/pranay/Projects/AIMLGlossary/AIGlossaryPro/node_modules/lodash-es/sum.js
✓ Vendor chunk matched: /Users/pranay/Projects/AIMLGlossary/AIGlossaryPro/node_modules/lodash-es/sum.js
Module ID: /Users/pranay/Projects/AIMLGlossary/AIGlossaryPro/node_modules/lodash-es/sumBy.js
✓ Vendor chunk matched: /Users/pranay/Projects/AIMLGlossary/AIGlossaryPro/node_modules/lodash-es/sumBy.js
Module ID: /Users/pranay/Projects/AIMLGlossary/AIGlossaryPro/node_modules/lodash-es/tail.js
✓ Vendor chunk matched: /Users/pranay/Projects/AIMLGlossary/AIGlossaryPro/node_modules/lodash-es/tail.js
Module ID: /Users/pranay/Projects/AIMLGlossary/AIGlossaryPro/node_modules/lodash-es/take.js
✓ Vendor chunk matched: /Users/pranay/Projects/AIMLGlossary/AIGlossaryPro/node_modules/lodash-es/take.js
Module ID: /Users/pranay/Projects/AIMLGlossary/AIGlossaryPro/node_modules/lodash-es/takeRight.js
✓ Vendor chunk matched: /Users/pranay/Projects/AIMLGlossary/AIGlossaryPro/node_modules/lodash-es/takeRight.js
Module ID: /Users/pranay/Projects/AIMLGlossary/AIGlossaryPro/node_modules/lodash-es/takeRightWhile.js
✓ Vendor chunk matched: /Users/pranay/Projects/AIMLGlossary/AIGlossaryPro/node_modules/lodash-es/takeRightWhile.js
Module ID: /Users/pranay/Projects/AIMLGlossary/AIGlossaryPro/node_modules/lodash-es/takeWhile.js
✓ Vendor chunk matched: /Users/pranay/Projects/AIMLGlossary/AIGlossaryPro/node_modules/lodash-es/takeWhile.js
Module ID: /Users/pranay/Projects/AIMLGlossary/AIGlossaryPro/node_modules/lodash-es/tap.js
✓ Vendor chunk matched: /Users/pranay/Projects/AIMLGlossary/AIGlossaryPro/node_modules/lodash-es/tap.js
Module ID: /Users/pranay/Projects/AIMLGlossary/AIGlossaryPro/node_modules/lodash-es/template.js
✓ Vendor chunk matched: /Users/pranay/Projects/AIMLGlossary/AIGlossaryPro/node_modules/lodash-es/template.js
Module ID: /Users/pranay/Projects/AIMLGlossary/AIGlossaryPro/node_modules/lodash-es/templateSettings.js
✓ Vendor chunk matched: /Users/pranay/Projects/AIMLGlossary/AIGlossaryPro/node_modules/lodash-es/templateSettings.js
Module ID: /Users/pranay/Projects/AIMLGlossary/AIGlossaryPro/node_modules/lodash-es/throttle.js
✓ Vendor chunk matched: /Users/pranay/Projects/AIMLGlossary/AIGlossaryPro/node_modules/lodash-es/throttle.js
Module ID: /Users/pranay/Projects/AIMLGlossary/AIGlossaryPro/node_modules/lodash-es/thru.js
✓ Vendor chunk matched: /Users/pranay/Projects/AIMLGlossary/AIGlossaryPro/node_modules/lodash-es/thru.js
Module ID: /Users/pranay/Projects/AIMLGlossary/AIGlossaryPro/node_modules/lodash-es/times.js
✓ Vendor chunk matched: /Users/pranay/Projects/AIMLGlossary/AIGlossaryPro/node_modules/lodash-es/times.js
Module ID: /Users/pranay/Projects/AIMLGlossary/AIGlossaryPro/node_modules/lodash-es/toArray.js
✓ Vendor chunk matched: /Users/pranay/Projects/AIMLGlossary/AIGlossaryPro/node_modules/lodash-es/toArray.js
Module ID: /Users/pranay/Projects/AIMLGlossary/AIGlossaryPro/node_modules/lodash-es/toFinite.js
✓ Vendor chunk matched: /Users/pranay/Projects/AIMLGlossary/AIGlossaryPro/node_modules/lodash-es/toFinite.js
Module ID: /Users/pranay/Projects/AIMLGlossary/AIGlossaryPro/node_modules/lodash-es/toInteger.js
✓ Vendor chunk matched: /Users/pranay/Projects/AIMLGlossary/AIGlossaryPro/node_modules/lodash-es/toInteger.js
Module ID: /Users/pranay/Projects/AIMLGlossary/AIGlossaryPro/node_modules/lodash-es/toIterator.js
✓ Vendor chunk matched: /Users/pranay/Projects/AIMLGlossary/AIGlossaryPro/node_modules/lodash-es/toIterator.js
Module ID: /Users/pranay/Projects/AIMLGlossary/AIGlossaryPro/node_modules/lodash-es/toJSON.js
✓ Vendor chunk matched: /Users/pranay/Projects/AIMLGlossary/AIGlossaryPro/node_modules/lodash-es/toJSON.js
Module ID: /Users/pranay/Projects/AIMLGlossary/AIGlossaryPro/node_modules/lodash-es/toLength.js
✓ Vendor chunk matched: /Users/pranay/Projects/AIMLGlossary/AIGlossaryPro/node_modules/lodash-es/toLength.js
Module ID: /Users/pranay/Projects/AIMLGlossary/AIGlossaryPro/node_modules/lodash-es/toLower.js
✓ Vendor chunk matched: /Users/pranay/Projects/AIMLGlossary/AIGlossaryPro/node_modules/lodash-es/toLower.js
Module ID: /Users/pranay/Projects/AIMLGlossary/AIGlossaryPro/node_modules/lodash-es/toNumber.js
✓ Vendor chunk matched: /Users/pranay/Projects/AIMLGlossary/AIGlossaryPro/node_modules/lodash-es/toNumber.js
Module ID: /Users/pranay/Projects/AIMLGlossary/AIGlossaryPro/node_modules/lodash-es/toPairs.js
✓ Vendor chunk matched: /Users/pranay/Projects/AIMLGlossary/AIGlossaryPro/node_modules/lodash-es/toPairs.js
Module ID: /Users/pranay/Projects/AIMLGlossary/AIGlossaryPro/node_modules/lodash-es/toPairsIn.js
✓ Vendor chunk matched: /Users/pranay/Projects/AIMLGlossary/AIGlossaryPro/node_modules/lodash-es/toPairsIn.js
Module ID: /Users/pranay/Projects/AIMLGlossary/AIGlossaryPro/node_modules/lodash-es/toPath.js
✓ Vendor chunk matched: /Users/pranay/Projects/AIMLGlossary/AIGlossaryPro/node_modules/lodash-es/toPath.js
Module ID: /Users/pranay/Projects/AIMLGlossary/AIGlossaryPro/node_modules/lodash-es/toSafeInteger.js
✓ Vendor chunk matched: /Users/pranay/Projects/AIMLGlossary/AIGlossaryPro/node_modules/lodash-es/toSafeInteger.js
Module ID: /Users/pranay/Projects/AIMLGlossary/AIGlossaryPro/node_modules/lodash-es/toString.js
✓ Vendor chunk matched: /Users/pranay/Projects/AIMLGlossary/AIGlossaryPro/node_modules/lodash-es/toString.js
Module ID: /Users/pranay/Projects/AIMLGlossary/AIGlossaryPro/node_modules/lodash-es/toUpper.js
✓ Vendor chunk matched: /Users/pranay/Projects/AIMLGlossary/AIGlossaryPro/node_modules/lodash-es/toUpper.js
Module ID: /Users/pranay/Projects/AIMLGlossary/AIGlossaryPro/node_modules/lodash-es/transform.js
✓ Vendor chunk matched: /Users/pranay/Projects/AIMLGlossary/AIGlossaryPro/node_modules/lodash-es/transform.js
Module ID: /Users/pranay/Projects/AIMLGlossary/AIGlossaryPro/node_modules/lodash-es/trim.js
✓ Vendor chunk matched: /Users/pranay/Projects/AIMLGlossary/AIGlossaryPro/node_modules/lodash-es/trim.js
Module ID: /Users/pranay/Projects/AIMLGlossary/AIGlossaryPro/node_modules/lodash-es/trimEnd.js
✓ Vendor chunk matched: /Users/pranay/Projects/AIMLGlossary/AIGlossaryPro/node_modules/lodash-es/trimEnd.js
Module ID: /Users/pranay/Projects/AIMLGlossary/AIGlossaryPro/node_modules/lodash-es/trimStart.js
✓ Vendor chunk matched: /Users/pranay/Projects/AIMLGlossary/AIGlossaryPro/node_modules/lodash-es/trimStart.js
Module ID: /Users/pranay/Projects/AIMLGlossary/AIGlossaryPro/node_modules/lodash-es/truncate.js
✓ Vendor chunk matched: /Users/pranay/Projects/AIMLGlossary/AIGlossaryPro/node_modules/lodash-es/truncate.js
Module ID: /Users/pranay/Projects/AIMLGlossary/AIGlossaryPro/node_modules/lodash-es/unary.js
✓ Vendor chunk matched: /Users/pranay/Projects/AIMLGlossary/AIGlossaryPro/node_modules/lodash-es/unary.js
Module ID: /Users/pranay/Projects/AIMLGlossary/AIGlossaryPro/node_modules/lodash-es/unescape.js
✓ Vendor chunk matched: /Users/pranay/Projects/AIMLGlossary/AIGlossaryPro/node_modules/lodash-es/unescape.js
Module ID: /Users/pranay/Projects/AIMLGlossary/AIGlossaryPro/node_modules/lodash-es/union.js
✓ Vendor chunk matched: /Users/pranay/Projects/AIMLGlossary/AIGlossaryPro/node_modules/lodash-es/union.js
Module ID: /Users/pranay/Projects/AIMLGlossary/AIGlossaryPro/node_modules/lodash-es/unionBy.js
✓ Vendor chunk matched: /Users/pranay/Projects/AIMLGlossary/AIGlossaryPro/node_modules/lodash-es/unionBy.js
Module ID: /Users/pranay/Projects/AIMLGlossary/AIGlossaryPro/node_modules/lodash-es/unionWith.js
✓ Vendor chunk matched: /Users/pranay/Projects/AIMLGlossary/AIGlossaryPro/node_modules/lodash-es/unionWith.js
Module ID: /Users/pranay/Projects/AIMLGlossary/AIGlossaryPro/node_modules/lodash-es/uniq.js
✓ Vendor chunk matched: /Users/pranay/Projects/AIMLGlossary/AIGlossaryPro/node_modules/lodash-es/uniq.js
Module ID: /Users/pranay/Projects/AIMLGlossary/AIGlossaryPro/node_modules/lodash-es/uniqBy.js
✓ Vendor chunk matched: /Users/pranay/Projects/AIMLGlossary/AIGlossaryPro/node_modules/lodash-es/uniqBy.js
Module ID: /Users/pranay/Projects/AIMLGlossary/AIGlossaryPro/node_modules/lodash-es/uniqWith.js
✓ Vendor chunk matched: /Users/pranay/Projects/AIMLGlossary/AIGlossaryPro/node_modules/lodash-es/uniqWith.js
Module ID: /Users/pranay/Projects/AIMLGlossary/AIGlossaryPro/node_modules/lodash-es/uniqueId.js
✓ Vendor chunk matched: /Users/pranay/Projects/AIMLGlossary/AIGlossaryPro/node_modules/lodash-es/uniqueId.js
Module ID: /Users/pranay/Projects/AIMLGlossary/AIGlossaryPro/node_modules/lodash-es/unset.js
✓ Vendor chunk matched: /Users/pranay/Projects/AIMLGlossary/AIGlossaryPro/node_modules/lodash-es/unset.js
Module ID: /Users/pranay/Projects/AIMLGlossary/AIGlossaryPro/node_modules/lodash-es/unzip.js
✓ Vendor chunk matched: /Users/pranay/Projects/AIMLGlossary/AIGlossaryPro/node_modules/lodash-es/unzip.js
Module ID: /Users/pranay/Projects/AIMLGlossary/AIGlossaryPro/node_modules/lodash-es/unzipWith.js
✓ Vendor chunk matched: /Users/pranay/Projects/AIMLGlossary/AIGlossaryPro/node_modules/lodash-es/unzipWith.js
Module ID: /Users/pranay/Projects/AIMLGlossary/AIGlossaryPro/node_modules/lodash-es/update.js
✓ Vendor chunk matched: /Users/pranay/Projects/AIMLGlossary/AIGlossaryPro/node_modules/lodash-es/update.js
Module ID: /Users/pranay/Projects/AIMLGlossary/AIGlossaryPro/node_modules/lodash-es/updateWith.js
✓ Vendor chunk matched: /Users/pranay/Projects/AIMLGlossary/AIGlossaryPro/node_modules/lodash-es/updateWith.js
Module ID: /Users/pranay/Projects/AIMLGlossary/AIGlossaryPro/node_modules/lodash-es/upperCase.js
✓ Vendor chunk matched: /Users/pranay/Projects/AIMLGlossary/AIGlossaryPro/node_modules/lodash-es/upperCase.js
Module ID: /Users/pranay/Projects/AIMLGlossary/AIGlossaryPro/node_modules/lodash-es/upperFirst.js
✓ Vendor chunk matched: /Users/pranay/Projects/AIMLGlossary/AIGlossaryPro/node_modules/lodash-es/upperFirst.js
Module ID: /Users/pranay/Projects/AIMLGlossary/AIGlossaryPro/node_modules/lodash-es/value.js
✓ Vendor chunk matched: /Users/pranay/Projects/AIMLGlossary/AIGlossaryPro/node_modules/lodash-es/value.js
Module ID: /Users/pranay/Projects/AIMLGlossary/AIGlossaryPro/node_modules/lodash-es/valueOf.js
✓ Vendor chunk matched: /Users/pranay/Projects/AIMLGlossary/AIGlossaryPro/node_modules/lodash-es/valueOf.js
Module ID: /Users/pranay/Projects/AIMLGlossary/AIGlossaryPro/node_modules/lodash-es/values.js
✓ Vendor chunk matched: /Users/pranay/Projects/AIMLGlossary/AIGlossaryPro/node_modules/lodash-es/values.js
Module ID: /Users/pranay/Projects/AIMLGlossary/AIGlossaryPro/node_modules/lodash-es/valuesIn.js
✓ Vendor chunk matched: /Users/pranay/Projects/AIMLGlossary/AIGlossaryPro/node_modules/lodash-es/valuesIn.js
Module ID: /Users/pranay/Projects/AIMLGlossary/AIGlossaryPro/node_modules/lodash-es/without.js
✓ Vendor chunk matched: /Users/pranay/Projects/AIMLGlossary/AIGlossaryPro/node_modules/lodash-es/without.js
Module ID: /Users/pranay/Projects/AIMLGlossary/AIGlossaryPro/node_modules/lodash-es/words.js
✓ Vendor chunk matched: /Users/pranay/Projects/AIMLGlossary/AIGlossaryPro/node_modules/lodash-es/words.js
Module ID: /Users/pranay/Projects/AIMLGlossary/AIGlossaryPro/node_modules/lodash-es/wrap.js
✓ Vendor chunk matched: /Users/pranay/Projects/AIMLGlossary/AIGlossaryPro/node_modules/lodash-es/wrap.js
Module ID: /Users/pranay/Projects/AIMLGlossary/AIGlossaryPro/node_modules/lodash-es/wrapperAt.js
✓ Vendor chunk matched: /Users/pranay/Projects/AIMLGlossary/AIGlossaryPro/node_modules/lodash-es/wrapperAt.js
Module ID: /Users/pranay/Projects/AIMLGlossary/AIGlossaryPro/node_modules/lodash-es/wrapperChain.js
✓ Vendor chunk matched: /Users/pranay/Projects/AIMLGlossary/AIGlossaryPro/node_modules/lodash-es/wrapperChain.js
Module ID: /Users/pranay/Projects/AIMLGlossary/AIGlossaryPro/node_modules/lodash-es/wrapperReverse.js
✓ Vendor chunk matched: /Users/pranay/Projects/AIMLGlossary/AIGlossaryPro/node_modules/lodash-es/wrapperReverse.js
Module ID: /Users/pranay/Projects/AIMLGlossary/AIGlossaryPro/node_modules/lodash-es/wrapperValue.js
✓ Vendor chunk matched: /Users/pranay/Projects/AIMLGlossary/AIGlossaryPro/node_modules/lodash-es/wrapperValue.js
Module ID: /Users/pranay/Projects/AIMLGlossary/AIGlossaryPro/node_modules/lodash-es/xor.js
✓ Vendor chunk matched: /Users/pranay/Projects/AIMLGlossary/AIGlossaryPro/node_modules/lodash-es/xor.js
Module ID: /Users/pranay/Projects/AIMLGlossary/AIGlossaryPro/node_modules/lodash-es/xorBy.js
✓ Vendor chunk matched: /Users/pranay/Projects/AIMLGlossary/AIGlossaryPro/node_modules/lodash-es/xorBy.js
Module ID: /Users/pranay/Projects/AIMLGlossary/AIGlossaryPro/node_modules/lodash-es/xorWith.js
✓ Vendor chunk matched: /Users/pranay/Projects/AIMLGlossary/AIGlossaryPro/node_modules/lodash-es/xorWith.js
Module ID: /Users/pranay/Projects/AIMLGlossary/AIGlossaryPro/node_modules/lodash-es/zip.js
✓ Vendor chunk matched: /Users/pranay/Projects/AIMLGlossary/AIGlossaryPro/node_modules/lodash-es/zip.js
Module ID: /Users/pranay/Projects/AIMLGlossary/AIGlossaryPro/node_modules/lodash-es/zipObject.js
✓ Vendor chunk matched: /Users/pranay/Projects/AIMLGlossary/AIGlossaryPro/node_modules/lodash-es/zipObject.js
Module ID: /Users/pranay/Projects/AIMLGlossary/AIGlossaryPro/node_modules/lodash-es/zipObjectDeep.js
✓ Vendor chunk matched: /Users/pranay/Projects/AIMLGlossary/AIGlossaryPro/node_modules/lodash-es/zipObjectDeep.js
Module ID: /Users/pranay/Projects/AIMLGlossary/AIGlossaryPro/node_modules/lodash-es/zipWith.js
✓ Vendor chunk matched: /Users/pranay/Projects/AIMLGlossary/AIGlossaryPro/node_modules/lodash-es/zipWith.js
Module ID: /Users/pranay/Projects/AIMLGlossary/AIGlossaryPro/node_modules/lodash-es/lodash.default.js
✓ Vendor chunk matched: /Users/pranay/Projects/AIMLGlossary/AIGlossaryPro/node_modules/lodash-es/lodash.default.js
Module ID: /Users/pranay/Projects/AIMLGlossary/AIGlossaryPro/node_modules/lodash-es/_isIndex.js
✓ Vendor chunk matched: /Users/pranay/Projects/AIMLGlossary/AIGlossaryPro/node_modules/lodash-es/_isIndex.js
Module ID: /Users/pranay/Projects/AIMLGlossary/AIGlossaryPro/node_modules/lodash-es/_overRest.js
✓ Vendor chunk matched: /Users/pranay/Projects/AIMLGlossary/AIGlossaryPro/node_modules/lodash-es/_overRest.js
Module ID: /Users/pranay/Projects/AIMLGlossary/AIGlossaryPro/node_modules/lodash-es/_setToString.js
✓ Vendor chunk matched: /Users/pranay/Projects/AIMLGlossary/AIGlossaryPro/node_modules/lodash-es/_setToString.js
Module ID: /Users/pranay/Projects/AIMLGlossary/AIGlossaryPro/node_modules/lodash-es/_Hash.js
✓ Vendor chunk matched: /Users/pranay/Projects/AIMLGlossary/AIGlossaryPro/node_modules/lodash-es/_Hash.js
Module ID: /Users/pranay/Projects/AIMLGlossary/AIGlossaryPro/node_modules/lodash-es/_getMapData.js
✓ Vendor chunk matched: /Users/pranay/Projects/AIMLGlossary/AIGlossaryPro/node_modules/lodash-es/_getMapData.js
Module ID: /Users/pranay/Projects/AIMLGlossary/AIGlossaryPro/node_modules/khroma/dist/utils/index.js
✓ Vendor chunk matched: /Users/pranay/Projects/AIMLGlossary/AIGlossaryPro/node_modules/khroma/dist/utils/index.js
Module ID: /Users/pranay/Projects/AIMLGlossary/AIGlossaryPro/node_modules/khroma/dist/channels/reusable.js
✓ Vendor chunk matched: /Users/pranay/Projects/AIMLGlossary/AIGlossaryPro/node_modules/khroma/dist/channels/reusable.js
Module ID: /Users/pranay/Projects/AIMLGlossary/AIGlossaryPro/node_modules/khroma/dist/color/index.js
✓ Vendor chunk matched: /Users/pranay/Projects/AIMLGlossary/AIGlossaryPro/node_modules/khroma/dist/color/index.js
Module ID: /Users/pranay/Projects/AIMLGlossary/AIGlossaryPro/node_modules/khroma/dist/methods/adjust_channel.js
✓ Vendor chunk matched: /Users/pranay/Projects/AIMLGlossary/AIGlossaryPro/node_modules/khroma/dist/methods/adjust_channel.js
Module ID: /Users/pranay/Projects/AIMLGlossary/AIGlossaryPro/node_modules/langium/lib/default-module.js
✓ Vendor chunk matched: /Users/pranay/Projects/AIMLGlossary/AIGlossaryPro/node_modules/langium/lib/default-module.js
Module ID: /Users/pranay/Projects/AIMLGlossary/AIGlossaryPro/node_modules/langium/lib/dependency-injection.js
✓ Vendor chunk matched: /Users/pranay/Projects/AIMLGlossary/AIGlossaryPro/node_modules/langium/lib/dependency-injection.js
Module ID: /Users/pranay/Projects/AIMLGlossary/AIGlossaryPro/node_modules/langium/lib/service-registry.js
✓ Vendor chunk matched: /Users/pranay/Projects/AIMLGlossary/AIGlossaryPro/node_modules/langium/lib/service-registry.js
Module ID: /Users/pranay/Projects/AIMLGlossary/AIGlossaryPro/node_modules/langium/lib/services.js
✓ Vendor chunk matched: /Users/pranay/Projects/AIMLGlossary/AIGlossaryPro/node_modules/langium/lib/services.js
Module ID: /Users/pranay/Projects/AIMLGlossary/AIGlossaryPro/node_modules/langium/lib/syntax-tree.js
✓ Vendor chunk matched: /Users/pranay/Projects/AIMLGlossary/AIGlossaryPro/node_modules/langium/lib/syntax-tree.js
Module ID: /Users/pranay/Projects/AIMLGlossary/AIGlossaryPro/node_modules/langium/lib/documentation/index.js
✓ Vendor chunk matched: /Users/pranay/Projects/AIMLGlossary/AIGlossaryPro/node_modules/langium/lib/documentation/index.js
Module ID: /Users/pranay/Projects/AIMLGlossary/AIGlossaryPro/node_modules/langium/lib/languages/index.js
✓ Vendor chunk matched: /Users/pranay/Projects/AIMLGlossary/AIGlossaryPro/node_modules/langium/lib/languages/index.js
Module ID: /Users/pranay/Projects/AIMLGlossary/AIGlossaryPro/node_modules/langium/lib/parser/index.js
✓ Vendor chunk matched: /Users/pranay/Projects/AIMLGlossary/AIGlossaryPro/node_modules/langium/lib/parser/index.js
Module ID: /Users/pranay/Projects/AIMLGlossary/AIGlossaryPro/node_modules/langium/lib/references/index.js
✓ Vendor chunk matched: /Users/pranay/Projects/AIMLGlossary/AIGlossaryPro/node_modules/langium/lib/references/index.js
Module ID: /Users/pranay/Projects/AIMLGlossary/AIGlossaryPro/node_modules/langium/lib/serializer/index.js
✓ Vendor chunk matched: /Users/pranay/Projects/AIMLGlossary/AIGlossaryPro/node_modules/langium/lib/serializer/index.js
Module ID: /Users/pranay/Projects/AIMLGlossary/AIGlossaryPro/node_modules/langium/lib/utils/index.js
✓ Vendor chunk matched: /Users/pranay/Projects/AIMLGlossary/AIGlossaryPro/node_modules/langium/lib/utils/index.js
Module ID: /Users/pranay/Projects/AIMLGlossary/AIGlossaryPro/node_modules/langium/lib/validation/index.js
✓ Vendor chunk matched: /Users/pranay/Projects/AIMLGlossary/AIGlossaryPro/node_modules/langium/lib/validation/index.js
Module ID: /Users/pranay/Projects/AIMLGlossary/AIGlossaryPro/node_modules/langium/lib/workspace/index.js
✓ Vendor chunk matched: /Users/pranay/Projects/AIMLGlossary/AIGlossaryPro/node_modules/langium/lib/workspace/index.js
Module ID: /Users/pranay/Projects/AIMLGlossary/AIGlossaryPro/node_modules/langium/lib/languages/generated/ast.js
✓ Vendor chunk matched: /Users/pranay/Projects/AIMLGlossary/AIGlossaryPro/node_modules/langium/lib/languages/generated/ast.js
Module ID: /Users/pranay/Projects/AIMLGlossary/AIGlossaryPro/node_modules/robust-predicates/index.js
✓ Vendor chunk matched: /Users/pranay/Projects/AIMLGlossary/AIGlossaryPro/node_modules/robust-predicates/index.js
Module ID: /Users/pranay/Projects/AIMLGlossary/AIGlossaryPro/node_modules/d3-format/src/formatDecimal.js
✓ Vendor chunk matched: /Users/pranay/Projects/AIMLGlossary/AIGlossaryPro/node_modules/d3-format/src/formatDecimal.js
Module ID: /Users/pranay/Projects/AIMLGlossary/AIGlossaryPro/node_modules/d3-format/src/formatRounded.js
✓ Vendor chunk matched: /Users/pranay/Projects/AIMLGlossary/AIGlossaryPro/node_modules/d3-format/src/formatRounded.js
Module ID: /Users/pranay/Projects/AIMLGlossary/AIGlossaryPro/node_modules/d3-interpolate/src/transform/decompose.js
✓ Vendor chunk matched: /Users/pranay/Projects/AIMLGlossary/AIGlossaryPro/node_modules/d3-interpolate/src/transform/decompose.js
Module ID: /Users/pranay/Projects/AIMLGlossary/AIGlossaryPro/node_modules/d3-quadtree/src/quad.js
✓ Vendor chunk matched: /Users/pranay/Projects/AIMLGlossary/AIGlossaryPro/node_modules/d3-quadtree/src/quad.js
Module ID: /Users/pranay/Projects/AIMLGlossary/AIGlossaryPro/node_modules/d3-selection/src/selection/sparse.js
✓ Vendor chunk matched: /Users/pranay/Projects/AIMLGlossary/AIGlossaryPro/node_modules/d3-selection/src/selection/sparse.js
Module ID: /Users/pranay/Projects/AIMLGlossary/AIGlossaryPro/node_modules/d3-selection/src/constant.js
✓ Vendor chunk matched: /Users/pranay/Projects/AIMLGlossary/AIGlossaryPro/node_modules/d3-selection/src/constant.js
Module ID: /Users/pranay/Projects/AIMLGlossary/AIGlossaryPro/node_modules/d3-transition/src/transition/interpolate.js
✓ Vendor chunk matched: /Users/pranay/Projects/AIMLGlossary/AIGlossaryPro/node_modules/d3-transition/src/transition/interpolate.js
Module ID: /Users/pranay/Projects/AIMLGlossary/AIGlossaryPro/node_modules/dagre-d3-es/src/dagre/data/list.js
✓ Vendor chunk matched: /Users/pranay/Projects/AIMLGlossary/AIGlossaryPro/node_modules/dagre-d3-es/src/dagre/data/list.js
Module ID: /Users/pranay/Projects/AIMLGlossary/AIGlossaryPro/node_modules/dagre-d3-es/src/graphlib/alg/index.js
✓ Vendor chunk matched: /Users/pranay/Projects/AIMLGlossary/AIGlossaryPro/node_modules/dagre-d3-es/src/graphlib/alg/index.js
Module ID: /Users/pranay/Projects/AIMLGlossary/AIGlossaryPro/node_modules/d3-sankey/node_modules/d3-array/src/bisect.js
✓ Vendor chunk matched: /Users/pranay/Projects/AIMLGlossary/AIGlossaryPro/node_modules/d3-sankey/node_modules/d3-array/src/bisect.js
Module ID: /Users/pranay/Projects/AIMLGlossary/AIGlossaryPro/node_modules/d3-sankey/node_modules/d3-array/src/ascending.js
✓ Vendor chunk matched: /Users/pranay/Projects/AIMLGlossary/AIGlossaryPro/node_modules/d3-sankey/node_modules/d3-array/src/ascending.js
Module ID: /Users/pranay/Projects/AIMLGlossary/AIGlossaryPro/node_modules/d3-sankey/node_modules/d3-array/src/bisector.js
✓ Vendor chunk matched: /Users/pranay/Projects/AIMLGlossary/AIGlossaryPro/node_modules/d3-sankey/node_modules/d3-array/src/bisector.js
Module ID: /Users/pranay/Projects/AIMLGlossary/AIGlossaryPro/node_modules/d3-sankey/node_modules/d3-array/src/count.js
✓ Vendor chunk matched: /Users/pranay/Projects/AIMLGlossary/AIGlossaryPro/node_modules/d3-sankey/node_modules/d3-array/src/count.js
Module ID: /Users/pranay/Projects/AIMLGlossary/AIGlossaryPro/node_modules/d3-sankey/node_modules/d3-array/src/cross.js
✓ Vendor chunk matched: /Users/pranay/Projects/AIMLGlossary/AIGlossaryPro/node_modules/d3-sankey/node_modules/d3-array/src/cross.js
Module ID: /Users/pranay/Projects/AIMLGlossary/AIGlossaryPro/node_modules/d3-sankey/node_modules/d3-array/src/cumsum.js
✓ Vendor chunk matched: /Users/pranay/Projects/AIMLGlossary/AIGlossaryPro/node_modules/d3-sankey/node_modules/d3-array/src/cumsum.js
Module ID: /Users/pranay/Projects/AIMLGlossary/AIGlossaryPro/node_modules/d3-sankey/node_modules/d3-array/src/descending.js
✓ Vendor chunk matched: /Users/pranay/Projects/AIMLGlossary/AIGlossaryPro/node_modules/d3-sankey/node_modules/d3-array/src/descending.js
Module ID: /Users/pranay/Projects/AIMLGlossary/AIGlossaryPro/node_modules/d3-sankey/node_modules/d3-array/src/deviation.js
✓ Vendor chunk matched: /Users/pranay/Projects/AIMLGlossary/AIGlossaryPro/node_modules/d3-sankey/node_modules/d3-array/src/deviation.js
Module ID: /Users/pranay/Projects/AIMLGlossary/AIGlossaryPro/node_modules/d3-sankey/node_modules/d3-array/src/extent.js
✓ Vendor chunk matched: /Users/pranay/Projects/AIMLGlossary/AIGlossaryPro/node_modules/d3-sankey/node_modules/d3-array/src/extent.js
Module ID: /Users/pranay/Projects/AIMLGlossary/AIGlossaryPro/node_modules/d3-sankey/node_modules/d3-array/src/fsum.js
✓ Vendor chunk matched: /Users/pranay/Projects/AIMLGlossary/AIGlossaryPro/node_modules/d3-sankey/node_modules/d3-array/src/fsum.js
Module ID: /Users/pranay/Projects/AIMLGlossary/AIGlossaryPro/node_modules/d3-sankey/node_modules/d3-array/src/group.js
✓ Vendor chunk matched: /Users/pranay/Projects/AIMLGlossary/AIGlossaryPro/node_modules/d3-sankey/node_modules/d3-array/src/group.js
Module ID: /Users/pranay/Projects/AIMLGlossary/AIGlossaryPro/node_modules/d3-sankey/node_modules/d3-array/src/groupSort.js
✓ Vendor chunk matched: /Users/pranay/Projects/AIMLGlossary/AIGlossaryPro/node_modules/d3-sankey/node_modules/d3-array/src/groupSort.js
Module ID: /Users/pranay/Projects/AIMLGlossary/AIGlossaryPro/node_modules/d3-sankey/node_modules/d3-array/src/bin.js
✓ Vendor chunk matched: /Users/pranay/Projects/AIMLGlossary/AIGlossaryPro/node_modules/d3-sankey/node_modules/d3-array/src/bin.js
Module ID: /Users/pranay/Projects/AIMLGlossary/AIGlossaryPro/node_modules/d3-sankey/node_modules/d3-array/src/threshold/freedmanDiaconis.js
✓ Vendor chunk matched: /Users/pranay/Projects/AIMLGlossary/AIGlossaryPro/node_modules/d3-sankey/node_modules/d3-array/src/threshold/freedmanDiaconis.js
Module ID: /Users/pranay/Projects/AIMLGlossary/AIGlossaryPro/node_modules/d3-sankey/node_modules/d3-array/src/threshold/scott.js
✓ Vendor chunk matched: /Users/pranay/Projects/AIMLGlossary/AIGlossaryPro/node_modules/d3-sankey/node_modules/d3-array/src/threshold/scott.js
Module ID: /Users/pranay/Projects/AIMLGlossary/AIGlossaryPro/node_modules/d3-sankey/node_modules/d3-array/src/threshold/sturges.js
✓ Vendor chunk matched: /Users/pranay/Projects/AIMLGlossary/AIGlossaryPro/node_modules/d3-sankey/node_modules/d3-array/src/threshold/sturges.js
Module ID: /Users/pranay/Projects/AIMLGlossary/AIGlossaryPro/node_modules/d3-sankey/node_modules/d3-array/src/max.js
✓ Vendor chunk matched: /Users/pranay/Projects/AIMLGlossary/AIGlossaryPro/node_modules/d3-sankey/node_modules/d3-array/src/max.js
Module ID: /Users/pranay/Projects/AIMLGlossary/AIGlossaryPro/node_modules/d3-sankey/node_modules/d3-array/src/maxIndex.js
✓ Vendor chunk matched: /Users/pranay/Projects/AIMLGlossary/AIGlossaryPro/node_modules/d3-sankey/node_modules/d3-array/src/maxIndex.js
Module ID: /Users/pranay/Projects/AIMLGlossary/AIGlossaryPro/node_modules/d3-sankey/node_modules/d3-array/src/mean.js
✓ Vendor chunk matched: /Users/pranay/Projects/AIMLGlossary/AIGlossaryPro/node_modules/d3-sankey/node_modules/d3-array/src/mean.js
Module ID: /Users/pranay/Projects/AIMLGlossary/AIGlossaryPro/node_modules/d3-sankey/node_modules/d3-array/src/median.js
✓ Vendor chunk matched: /Users/pranay/Projects/AIMLGlossary/AIGlossaryPro/node_modules/d3-sankey/node_modules/d3-array/src/median.js
Module ID: /Users/pranay/Projects/AIMLGlossary/AIGlossaryPro/node_modules/d3-sankey/node_modules/d3-array/src/merge.js
✓ Vendor chunk matched: /Users/pranay/Projects/AIMLGlossary/AIGlossaryPro/node_modules/d3-sankey/node_modules/d3-array/src/merge.js
Module ID: /Users/pranay/Projects/AIMLGlossary/AIGlossaryPro/node_modules/d3-sankey/node_modules/d3-array/src/min.js
✓ Vendor chunk matched: /Users/pranay/Projects/AIMLGlossary/AIGlossaryPro/node_modules/d3-sankey/node_modules/d3-array/src/min.js
Module ID: /Users/pranay/Projects/AIMLGlossary/AIGlossaryPro/node_modules/d3-sankey/node_modules/d3-array/src/minIndex.js
✓ Vendor chunk matched: /Users/pranay/Projects/AIMLGlossary/AIGlossaryPro/node_modules/d3-sankey/node_modules/d3-array/src/minIndex.js
Module ID: /Users/pranay/Projects/AIMLGlossary/AIGlossaryPro/node_modules/d3-sankey/node_modules/d3-array/src/nice.js
✓ Vendor chunk matched: /Users/pranay/Projects/AIMLGlossary/AIGlossaryPro/node_modules/d3-sankey/node_modules/d3-array/src/nice.js
Module ID: /Users/pranay/Projects/AIMLGlossary/AIGlossaryPro/node_modules/d3-sankey/node_modules/d3-array/src/pairs.js
✓ Vendor chunk matched: /Users/pranay/Projects/AIMLGlossary/AIGlossaryPro/node_modules/d3-sankey/node_modules/d3-array/src/pairs.js
Module ID: /Users/pranay/Projects/AIMLGlossary/AIGlossaryPro/node_modules/d3-sankey/node_modules/d3-array/src/permute.js
✓ Vendor chunk matched: /Users/pranay/Projects/AIMLGlossary/AIGlossaryPro/node_modules/d3-sankey/node_modules/d3-array/src/permute.js
Module ID: /Users/pranay/Projects/AIMLGlossary/AIGlossaryPro/node_modules/d3-sankey/node_modules/d3-array/src/quantile.js
✓ Vendor chunk matched: /Users/pranay/Projects/AIMLGlossary/AIGlossaryPro/node_modules/d3-sankey/node_modules/d3-array/src/quantile.js
Module ID: /Users/pranay/Projects/AIMLGlossary/AIGlossaryPro/node_modules/d3-sankey/node_modules/d3-array/src/quickselect.js
✓ Vendor chunk matched: /Users/pranay/Projects/AIMLGlossary/AIGlossaryPro/node_modules/d3-sankey/node_modules/d3-array/src/quickselect.js
Module ID: /Users/pranay/Projects/AIMLGlossary/AIGlossaryPro/node_modules/d3-sankey/node_modules/d3-array/src/range.js
✓ Vendor chunk matched: /Users/pranay/Projects/AIMLGlossary/AIGlossaryPro/node_modules/d3-sankey/node_modules/d3-array/src/range.js
Module ID: /Users/pranay/Projects/AIMLGlossary/AIGlossaryPro/node_modules/d3-sankey/node_modules/d3-array/src/least.js
✓ Vendor chunk matched: /Users/pranay/Projects/AIMLGlossary/AIGlossaryPro/node_modules/d3-sankey/node_modules/d3-array/src/least.js
Module ID: /Users/pranay/Projects/AIMLGlossary/AIGlossaryPro/node_modules/d3-sankey/node_modules/d3-array/src/leastIndex.js
✓ Vendor chunk matched: /Users/pranay/Projects/AIMLGlossary/AIGlossaryPro/node_modules/d3-sankey/node_modules/d3-array/src/leastIndex.js
Module ID: /Users/pranay/Projects/AIMLGlossary/AIGlossaryPro/node_modules/d3-sankey/node_modules/d3-array/src/greatest.js
✓ Vendor chunk matched: /Users/pranay/Projects/AIMLGlossary/AIGlossaryPro/node_modules/d3-sankey/node_modules/d3-array/src/greatest.js
Module ID: /Users/pranay/Projects/AIMLGlossary/AIGlossaryPro/node_modules/d3-sankey/node_modules/d3-array/src/greatestIndex.js
✓ Vendor chunk matched: /Users/pranay/Projects/AIMLGlossary/AIGlossaryPro/node_modules/d3-sankey/node_modules/d3-array/src/greatestIndex.js
Module ID: /Users/pranay/Projects/AIMLGlossary/AIGlossaryPro/node_modules/d3-sankey/node_modules/d3-array/src/scan.js
✓ Vendor chunk matched: /Users/pranay/Projects/AIMLGlossary/AIGlossaryPro/node_modules/d3-sankey/node_modules/d3-array/src/scan.js
Module ID: /Users/pranay/Projects/AIMLGlossary/AIGlossaryPro/node_modules/d3-sankey/node_modules/d3-array/src/shuffle.js
✓ Vendor chunk matched: /Users/pranay/Projects/AIMLGlossary/AIGlossaryPro/node_modules/d3-sankey/node_modules/d3-array/src/shuffle.js
Module ID: /Users/pranay/Projects/AIMLGlossary/AIGlossaryPro/node_modules/d3-sankey/node_modules/d3-array/src/sum.js
✓ Vendor chunk matched: /Users/pranay/Projects/AIMLGlossary/AIGlossaryPro/node_modules/d3-sankey/node_modules/d3-array/src/sum.js
Module ID: /Users/pranay/Projects/AIMLGlossary/AIGlossaryPro/node_modules/d3-sankey/node_modules/d3-array/src/ticks.js
✓ Vendor chunk matched: /Users/pranay/Projects/AIMLGlossary/AIGlossaryPro/node_modules/d3-sankey/node_modules/d3-array/src/ticks.js
Module ID: /Users/pranay/Projects/AIMLGlossary/AIGlossaryPro/node_modules/d3-sankey/node_modules/d3-array/src/transpose.js
✓ Vendor chunk matched: /Users/pranay/Projects/AIMLGlossary/AIGlossaryPro/node_modules/d3-sankey/node_modules/d3-array/src/transpose.js
Module ID: /Users/pranay/Projects/AIMLGlossary/AIGlossaryPro/node_modules/d3-sankey/node_modules/d3-array/src/variance.js
✓ Vendor chunk matched: /Users/pranay/Projects/AIMLGlossary/AIGlossaryPro/node_modules/d3-sankey/node_modules/d3-array/src/variance.js
Module ID: /Users/pranay/Projects/AIMLGlossary/AIGlossaryPro/node_modules/d3-sankey/node_modules/d3-array/src/zip.js
✓ Vendor chunk matched: /Users/pranay/Projects/AIMLGlossary/AIGlossaryPro/node_modules/d3-sankey/node_modules/d3-array/src/zip.js
Module ID: /Users/pranay/Projects/AIMLGlossary/AIGlossaryPro/node_modules/d3-sankey/node_modules/d3-array/src/every.js
✓ Vendor chunk matched: /Users/pranay/Projects/AIMLGlossary/AIGlossaryPro/node_modules/d3-sankey/node_modules/d3-array/src/every.js
Module ID: /Users/pranay/Projects/AIMLGlossary/AIGlossaryPro/node_modules/d3-sankey/node_modules/d3-array/src/some.js
✓ Vendor chunk matched: /Users/pranay/Projects/AIMLGlossary/AIGlossaryPro/node_modules/d3-sankey/node_modules/d3-array/src/some.js
Module ID: /Users/pranay/Projects/AIMLGlossary/AIGlossaryPro/node_modules/d3-sankey/node_modules/d3-array/src/filter.js
✓ Vendor chunk matched: /Users/pranay/Projects/AIMLGlossary/AIGlossaryPro/node_modules/d3-sankey/node_modules/d3-array/src/filter.js
Module ID: /Users/pranay/Projects/AIMLGlossary/AIGlossaryPro/node_modules/d3-sankey/node_modules/d3-array/src/map.js
✓ Vendor chunk matched: /Users/pranay/Projects/AIMLGlossary/AIGlossaryPro/node_modules/d3-sankey/node_modules/d3-array/src/map.js
Module ID: /Users/pranay/Projects/AIMLGlossary/AIGlossaryPro/node_modules/d3-sankey/node_modules/d3-array/src/reduce.js
✓ Vendor chunk matched: /Users/pranay/Projects/AIMLGlossary/AIGlossaryPro/node_modules/d3-sankey/node_modules/d3-array/src/reduce.js
Module ID: /Users/pranay/Projects/AIMLGlossary/AIGlossaryPro/node_modules/d3-sankey/node_modules/d3-array/src/reverse.js
✓ Vendor chunk matched: /Users/pranay/Projects/AIMLGlossary/AIGlossaryPro/node_modules/d3-sankey/node_modules/d3-array/src/reverse.js
Module ID: /Users/pranay/Projects/AIMLGlossary/AIGlossaryPro/node_modules/d3-sankey/node_modules/d3-array/src/sort.js
✓ Vendor chunk matched: /Users/pranay/Projects/AIMLGlossary/AIGlossaryPro/node_modules/d3-sankey/node_modules/d3-array/src/sort.js
Module ID: /Users/pranay/Projects/AIMLGlossary/AIGlossaryPro/node_modules/d3-sankey/node_modules/d3-array/src/difference.js
✓ Vendor chunk matched: /Users/pranay/Projects/AIMLGlossary/AIGlossaryPro/node_modules/d3-sankey/node_modules/d3-array/src/difference.js
Module ID: /Users/pranay/Projects/AIMLGlossary/AIGlossaryPro/node_modules/d3-sankey/node_modules/d3-array/src/disjoint.js
✓ Vendor chunk matched: /Users/pranay/Projects/AIMLGlossary/AIGlossaryPro/node_modules/d3-sankey/node_modules/d3-array/src/disjoint.js
Module ID: /Users/pranay/Projects/AIMLGlossary/AIGlossaryPro/node_modules/d3-sankey/node_modules/d3-array/src/intersection.js
✓ Vendor chunk matched: /Users/pranay/Projects/AIMLGlossary/AIGlossaryPro/node_modules/d3-sankey/node_modules/d3-array/src/intersection.js
Module ID: /Users/pranay/Projects/AIMLGlossary/AIGlossaryPro/node_modules/d3-sankey/node_modules/d3-array/src/subset.js
✓ Vendor chunk matched: /Users/pranay/Projects/AIMLGlossary/AIGlossaryPro/node_modules/d3-sankey/node_modules/d3-array/src/subset.js
Module ID: /Users/pranay/Projects/AIMLGlossary/AIGlossaryPro/node_modules/d3-sankey/node_modules/d3-array/src/superset.js
✓ Vendor chunk matched: /Users/pranay/Projects/AIMLGlossary/AIGlossaryPro/node_modules/d3-sankey/node_modules/d3-array/src/superset.js
Module ID: /Users/pranay/Projects/AIMLGlossary/AIGlossaryPro/node_modules/d3-sankey/node_modules/d3-array/src/union.js
✓ Vendor chunk matched: /Users/pranay/Projects/AIMLGlossary/AIGlossaryPro/node_modules/d3-sankey/node_modules/d3-array/src/union.js
Module ID: /Users/pranay/Projects/AIMLGlossary/AIGlossaryPro/node_modules/d3-sankey/node_modules/internmap/src/index.js
✓ Vendor chunk matched: /Users/pranay/Projects/AIMLGlossary/AIGlossaryPro/node_modules/d3-sankey/node_modules/internmap/src/index.js
Module ID: /Users/pranay/Projects/AIMLGlossary/AIGlossaryPro/node_modules/dagre-d3-es/src/dagre/order/add-subgraph-constraints.js
✓ Vendor chunk matched: /Users/pranay/Projects/AIMLGlossary/AIGlossaryPro/node_modules/dagre-d3-es/src/dagre/order/add-subgraph-constraints.js
Module ID: /Users/pranay/Projects/AIMLGlossary/AIGlossaryPro/node_modules/dagre-d3-es/src/dagre/order/build-layer-graph.js
✓ Vendor chunk matched: /Users/pranay/Projects/AIMLGlossary/AIGlossaryPro/node_modules/dagre-d3-es/src/dagre/order/build-layer-graph.js
Module ID: /Users/pranay/Projects/AIMLGlossary/AIGlossaryPro/node_modules/dagre-d3-es/src/dagre/order/cross-count.js
✓ Vendor chunk matched: /Users/pranay/Projects/AIMLGlossary/AIGlossaryPro/node_modules/dagre-d3-es/src/dagre/order/cross-count.js
Module ID: /Users/pranay/Projects/AIMLGlossary/AIGlossaryPro/node_modules/dagre-d3-es/src/dagre/order/init-order.js
✓ Vendor chunk matched: /Users/pranay/Projects/AIMLGlossary/AIGlossaryPro/node_modules/dagre-d3-es/src/dagre/order/init-order.js
Module ID: /Users/pranay/Projects/AIMLGlossary/AIGlossaryPro/node_modules/dagre-d3-es/src/dagre/order/sort-subgraph.js
✓ Vendor chunk matched: /Users/pranay/Projects/AIMLGlossary/AIGlossaryPro/node_modules/dagre-d3-es/src/dagre/order/sort-subgraph.js
Module ID: /Users/pranay/Projects/AIMLGlossary/AIGlossaryPro/node_modules/dagre-d3-es/src/dagre/position/bk.js
✓ Vendor chunk matched: /Users/pranay/Projects/AIMLGlossary/AIGlossaryPro/node_modules/dagre-d3-es/src/dagre/position/bk.js
Module ID: /Users/pranay/Projects/AIMLGlossary/AIGlossaryPro/node_modules/d3-sankey/node_modules/d3-shape/src/arc.js
✓ Vendor chunk matched: /Users/pranay/Projects/AIMLGlossary/AIGlossaryPro/node_modules/d3-sankey/node_modules/d3-shape/src/arc.js
Module ID: /Users/pranay/Projects/AIMLGlossary/AIGlossaryPro/node_modules/d3-sankey/node_modules/d3-shape/src/area.js
✓ Vendor chunk matched: /Users/pranay/Projects/AIMLGlossary/AIGlossaryPro/node_modules/d3-sankey/node_modules/d3-shape/src/area.js
Module ID: /Users/pranay/Projects/AIMLGlossary/AIGlossaryPro/node_modules/d3-sankey/node_modules/d3-shape/src/line.js
✓ Vendor chunk matched: /Users/pranay/Projects/AIMLGlossary/AIGlossaryPro/node_modules/d3-sankey/node_modules/d3-shape/src/line.js
Module ID: /Users/pranay/Projects/AIMLGlossary/AIGlossaryPro/node_modules/d3-sankey/node_modules/d3-shape/src/pie.js
✓ Vendor chunk matched: /Users/pranay/Projects/AIMLGlossary/AIGlossaryPro/node_modules/d3-sankey/node_modules/d3-shape/src/pie.js
Module ID: /Users/pranay/Projects/AIMLGlossary/AIGlossaryPro/node_modules/d3-sankey/node_modules/d3-shape/src/areaRadial.js
✓ Vendor chunk matched: /Users/pranay/Projects/AIMLGlossary/AIGlossaryPro/node_modules/d3-sankey/node_modules/d3-shape/src/areaRadial.js
Module ID: /Users/pranay/Projects/AIMLGlossary/AIGlossaryPro/node_modules/d3-sankey/node_modules/d3-shape/src/lineRadial.js
✓ Vendor chunk matched: /Users/pranay/Projects/AIMLGlossary/AIGlossaryPro/node_modules/d3-sankey/node_modules/d3-shape/src/lineRadial.js
Module ID: /Users/pranay/Projects/AIMLGlossary/AIGlossaryPro/node_modules/d3-sankey/node_modules/d3-shape/src/pointRadial.js
✓ Vendor chunk matched: /Users/pranay/Projects/AIMLGlossary/AIGlossaryPro/node_modules/d3-sankey/node_modules/d3-shape/src/pointRadial.js
Module ID: /Users/pranay/Projects/AIMLGlossary/AIGlossaryPro/node_modules/d3-sankey/node_modules/d3-shape/src/link/index.js
✓ Vendor chunk matched: /Users/pranay/Projects/AIMLGlossary/AIGlossaryPro/node_modules/d3-sankey/node_modules/d3-shape/src/link/index.js
Module ID: /Users/pranay/Projects/AIMLGlossary/AIGlossaryPro/node_modules/d3-sankey/node_modules/d3-shape/src/symbol.js
✓ Vendor chunk matched: /Users/pranay/Projects/AIMLGlossary/AIGlossaryPro/node_modules/d3-sankey/node_modules/d3-shape/src/symbol.js
Module ID: /Users/pranay/Projects/AIMLGlossary/AIGlossaryPro/node_modules/d3-sankey/node_modules/d3-shape/src/symbol/circle.js
✓ Vendor chunk matched: /Users/pranay/Projects/AIMLGlossary/AIGlossaryPro/node_modules/d3-sankey/node_modules/d3-shape/src/symbol/circle.js
Module ID: /Users/pranay/Projects/AIMLGlossary/AIGlossaryPro/node_modules/d3-sankey/node_modules/d3-shape/src/symbol/cross.js
✓ Vendor chunk matched: /Users/pranay/Projects/AIMLGlossary/AIGlossaryPro/node_modules/d3-sankey/node_modules/d3-shape/src/symbol/cross.js
Module ID: /Users/pranay/Projects/AIMLGlossary/AIGlossaryPro/node_modules/d3-sankey/node_modules/d3-shape/src/symbol/diamond.js
✓ Vendor chunk matched: /Users/pranay/Projects/AIMLGlossary/AIGlossaryPro/node_modules/d3-sankey/node_modules/d3-shape/src/symbol/diamond.js
Module ID: /Users/pranay/Projects/AIMLGlossary/AIGlossaryPro/node_modules/d3-sankey/node_modules/d3-shape/src/symbol/square.js
✓ Vendor chunk matched: /Users/pranay/Projects/AIMLGlossary/AIGlossaryPro/node_modules/d3-sankey/node_modules/d3-shape/src/symbol/square.js
Module ID: /Users/pranay/Projects/AIMLGlossary/AIGlossaryPro/node_modules/d3-sankey/node_modules/d3-shape/src/symbol/star.js
✓ Vendor chunk matched: /Users/pranay/Projects/AIMLGlossary/AIGlossaryPro/node_modules/d3-sankey/node_modules/d3-shape/src/symbol/star.js
Module ID: /Users/pranay/Projects/AIMLGlossary/AIGlossaryPro/node_modules/d3-sankey/node_modules/d3-shape/src/symbol/triangle.js
✓ Vendor chunk matched: /Users/pranay/Projects/AIMLGlossary/AIGlossaryPro/node_modules/d3-sankey/node_modules/d3-shape/src/symbol/triangle.js
Module ID: /Users/pranay/Projects/AIMLGlossary/AIGlossaryPro/node_modules/d3-sankey/node_modules/d3-shape/src/symbol/wye.js
✓ Vendor chunk matched: /Users/pranay/Projects/AIMLGlossary/AIGlossaryPro/node_modules/d3-sankey/node_modules/d3-shape/src/symbol/wye.js
Module ID: /Users/pranay/Projects/AIMLGlossary/AIGlossaryPro/node_modules/d3-sankey/node_modules/d3-shape/src/curve/basisClosed.js
✓ Vendor chunk matched: /Users/pranay/Projects/AIMLGlossary/AIGlossaryPro/node_modules/d3-sankey/node_modules/d3-shape/src/curve/basisClosed.js
Module ID: /Users/pranay/Projects/AIMLGlossary/AIGlossaryPro/node_modules/d3-sankey/node_modules/d3-shape/src/curve/basisOpen.js
✓ Vendor chunk matched: /Users/pranay/Projects/AIMLGlossary/AIGlossaryPro/node_modules/d3-sankey/node_modules/d3-shape/src/curve/basisOpen.js
Module ID: /Users/pranay/Projects/AIMLGlossary/AIGlossaryPro/node_modules/d3-sankey/node_modules/d3-shape/src/curve/basis.js
✓ Vendor chunk matched: /Users/pranay/Projects/AIMLGlossary/AIGlossaryPro/node_modules/d3-sankey/node_modules/d3-shape/src/curve/basis.js
Module ID: /Users/pranay/Projects/AIMLGlossary/AIGlossaryPro/node_modules/d3-sankey/node_modules/d3-shape/src/curve/bundle.js
✓ Vendor chunk matched: /Users/pranay/Projects/AIMLGlossary/AIGlossaryPro/node_modules/d3-sankey/node_modules/d3-shape/src/curve/bundle.js
Module ID: /Users/pranay/Projects/AIMLGlossary/AIGlossaryPro/node_modules/d3-sankey/node_modules/d3-shape/src/curve/cardinalClosed.js
✓ Vendor chunk matched: /Users/pranay/Projects/AIMLGlossary/AIGlossaryPro/node_modules/d3-sankey/node_modules/d3-shape/src/curve/cardinalClosed.js
Module ID: /Users/pranay/Projects/AIMLGlossary/AIGlossaryPro/node_modules/d3-sankey/node_modules/d3-shape/src/curve/cardinalOpen.js
✓ Vendor chunk matched: /Users/pranay/Projects/AIMLGlossary/AIGlossaryPro/node_modules/d3-sankey/node_modules/d3-shape/src/curve/cardinalOpen.js
Module ID: /Users/pranay/Projects/AIMLGlossary/AIGlossaryPro/node_modules/d3-sankey/node_modules/d3-shape/src/curve/cardinal.js
✓ Vendor chunk matched: /Users/pranay/Projects/AIMLGlossary/AIGlossaryPro/node_modules/d3-sankey/node_modules/d3-shape/src/curve/cardinal.js
Module ID: /Users/pranay/Projects/AIMLGlossary/AIGlossaryPro/node_modules/d3-sankey/node_modules/d3-shape/src/curve/catmullRomClosed.js
✓ Vendor chunk matched: /Users/pranay/Projects/AIMLGlossary/AIGlossaryPro/node_modules/d3-sankey/node_modules/d3-shape/src/curve/catmullRomClosed.js
Module ID: /Users/pranay/Projects/AIMLGlossary/AIGlossaryPro/node_modules/d3-sankey/node_modules/d3-shape/src/curve/catmullRomOpen.js
✓ Vendor chunk matched: /Users/pranay/Projects/AIMLGlossary/AIGlossaryPro/node_modules/d3-sankey/node_modules/d3-shape/src/curve/catmullRomOpen.js
Module ID: /Users/pranay/Projects/AIMLGlossary/AIGlossaryPro/node_modules/d3-sankey/node_modules/d3-shape/src/curve/catmullRom.js
✓ Vendor chunk matched: /Users/pranay/Projects/AIMLGlossary/AIGlossaryPro/node_modules/d3-sankey/node_modules/d3-shape/src/curve/catmullRom.js
Module ID: /Users/pranay/Projects/AIMLGlossary/AIGlossaryPro/node_modules/d3-sankey/node_modules/d3-shape/src/curve/linearClosed.js
✓ Vendor chunk matched: /Users/pranay/Projects/AIMLGlossary/AIGlossaryPro/node_modules/d3-sankey/node_modules/d3-shape/src/curve/linearClosed.js
Module ID: /Users/pranay/Projects/AIMLGlossary/AIGlossaryPro/node_modules/d3-sankey/node_modules/d3-shape/src/curve/linear.js
✓ Vendor chunk matched: /Users/pranay/Projects/AIMLGlossary/AIGlossaryPro/node_modules/d3-sankey/node_modules/d3-shape/src/curve/linear.js
Module ID: /Users/pranay/Projects/AIMLGlossary/AIGlossaryPro/node_modules/d3-sankey/node_modules/d3-shape/src/curve/monotone.js
✓ Vendor chunk matched: /Users/pranay/Projects/AIMLGlossary/AIGlossaryPro/node_modules/d3-sankey/node_modules/d3-shape/src/curve/monotone.js
Module ID: /Users/pranay/Projects/AIMLGlossary/AIGlossaryPro/node_modules/d3-sankey/node_modules/d3-shape/src/curve/natural.js
✓ Vendor chunk matched: /Users/pranay/Projects/AIMLGlossary/AIGlossaryPro/node_modules/d3-sankey/node_modules/d3-shape/src/curve/natural.js
Module ID: /Users/pranay/Projects/AIMLGlossary/AIGlossaryPro/node_modules/d3-sankey/node_modules/d3-shape/src/curve/step.js
✓ Vendor chunk matched: /Users/pranay/Projects/AIMLGlossary/AIGlossaryPro/node_modules/d3-sankey/node_modules/d3-shape/src/curve/step.js
Module ID: /Users/pranay/Projects/AIMLGlossary/AIGlossaryPro/node_modules/d3-sankey/node_modules/d3-shape/src/stack.js
✓ Vendor chunk matched: /Users/pranay/Projects/AIMLGlossary/AIGlossaryPro/node_modules/d3-sankey/node_modules/d3-shape/src/stack.js
Module ID: /Users/pranay/Projects/AIMLGlossary/AIGlossaryPro/node_modules/d3-sankey/node_modules/d3-shape/src/offset/expand.js
✓ Vendor chunk matched: /Users/pranay/Projects/AIMLGlossary/AIGlossaryPro/node_modules/d3-sankey/node_modules/d3-shape/src/offset/expand.js
Module ID: /Users/pranay/Projects/AIMLGlossary/AIGlossaryPro/node_modules/d3-sankey/node_modules/d3-shape/src/offset/diverging.js
✓ Vendor chunk matched: /Users/pranay/Projects/AIMLGlossary/AIGlossaryPro/node_modules/d3-sankey/node_modules/d3-shape/src/offset/diverging.js
Module ID: /Users/pranay/Projects/AIMLGlossary/AIGlossaryPro/node_modules/d3-sankey/node_modules/d3-shape/src/offset/none.js
✓ Vendor chunk matched: /Users/pranay/Projects/AIMLGlossary/AIGlossaryPro/node_modules/d3-sankey/node_modules/d3-shape/src/offset/none.js
Module ID: /Users/pranay/Projects/AIMLGlossary/AIGlossaryPro/node_modules/d3-sankey/node_modules/d3-shape/src/offset/silhouette.js
✓ Vendor chunk matched: /Users/pranay/Projects/AIMLGlossary/AIGlossaryPro/node_modules/d3-sankey/node_modules/d3-shape/src/offset/silhouette.js
Module ID: /Users/pranay/Projects/AIMLGlossary/AIGlossaryPro/node_modules/d3-sankey/node_modules/d3-shape/src/offset/wiggle.js
✓ Vendor chunk matched: /Users/pranay/Projects/AIMLGlossary/AIGlossaryPro/node_modules/d3-sankey/node_modules/d3-shape/src/offset/wiggle.js
Module ID: /Users/pranay/Projects/AIMLGlossary/AIGlossaryPro/node_modules/d3-sankey/node_modules/d3-shape/src/order/appearance.js
✓ Vendor chunk matched: /Users/pranay/Projects/AIMLGlossary/AIGlossaryPro/node_modules/d3-sankey/node_modules/d3-shape/src/order/appearance.js
Module ID: /Users/pranay/Projects/AIMLGlossary/AIGlossaryPro/node_modules/d3-sankey/node_modules/d3-shape/src/order/ascending.js
✓ Vendor chunk matched: /Users/pranay/Projects/AIMLGlossary/AIGlossaryPro/node_modules/d3-sankey/node_modules/d3-shape/src/order/ascending.js
Module ID: /Users/pranay/Projects/AIMLGlossary/AIGlossaryPro/node_modules/d3-sankey/node_modules/d3-shape/src/order/descending.js
✓ Vendor chunk matched: /Users/pranay/Projects/AIMLGlossary/AIGlossaryPro/node_modules/d3-sankey/node_modules/d3-shape/src/order/descending.js
Module ID: /Users/pranay/Projects/AIMLGlossary/AIGlossaryPro/node_modules/d3-sankey/node_modules/d3-shape/src/order/insideOut.js
✓ Vendor chunk matched: /Users/pranay/Projects/AIMLGlossary/AIGlossaryPro/node_modules/d3-sankey/node_modules/d3-shape/src/order/insideOut.js
Module ID: /Users/pranay/Projects/AIMLGlossary/AIGlossaryPro/node_modules/d3-sankey/node_modules/d3-shape/src/order/none.js
✓ Vendor chunk matched: /Users/pranay/Projects/AIMLGlossary/AIGlossaryPro/node_modules/d3-sankey/node_modules/d3-shape/src/order/none.js
Module ID: /Users/pranay/Projects/AIMLGlossary/AIGlossaryPro/node_modules/d3-sankey/node_modules/d3-shape/src/order/reverse.js
✓ Vendor chunk matched: /Users/pranay/Projects/AIMLGlossary/AIGlossaryPro/node_modules/d3-sankey/node_modules/d3-shape/src/order/reverse.js
Module ID:  /Users/pranay/Projects/AIMLGlossary/AIGlossaryPro/node_modules/cytoscape-cose-bilkent/cytoscape-cose-bilkent.js?commonjs-module
✓ Vendor chunk matched:  /Users/pranay/Projects/AIMLGlossary/AIGlossaryPro/node_modules/cytoscape-cose-bilkent/cytoscape-cose-bilkent.js?commonjs-module
Module ID:  /Users/pranay/Projects/AIMLGlossary/AIGlossaryPro/node_modules/cose-base/cose-base.js?commonjs-module
✓ Vendor chunk matched:  /Users/pranay/Projects/AIMLGlossary/AIGlossaryPro/node_modules/cose-base/cose-base.js?commonjs-module
Module ID:  /Users/pranay/Projects/AIMLGlossary/AIGlossaryPro/node_modules/layout-base/layout-base.js?commonjs-module
✓ Vendor chunk matched:  /Users/pranay/Projects/AIMLGlossary/AIGlossaryPro/node_modules/layout-base/layout-base.js?commonjs-module
Module ID: /Users/pranay/Projects/AIMLGlossary/AIGlossaryPro/node_modules/lodash-es/_copyObject.js
✓ Vendor chunk matched: /Users/pranay/Projects/AIMLGlossary/AIGlossaryPro/node_modules/lodash-es/_copyObject.js
Module ID: /Users/pranay/Projects/AIMLGlossary/AIGlossaryPro/node_modules/lodash-es/_getSymbolsIn.js
✓ Vendor chunk matched: /Users/pranay/Projects/AIMLGlossary/AIGlossaryPro/node_modules/lodash-es/_getSymbolsIn.js
Module ID: /Users/pranay/Projects/AIMLGlossary/AIGlossaryPro/node_modules/lodash-es/_baseGetAllKeys.js
✓ Vendor chunk matched: /Users/pranay/Projects/AIMLGlossary/AIGlossaryPro/node_modules/lodash-es/_baseGetAllKeys.js
Module ID: /Users/pranay/Projects/AIMLGlossary/AIGlossaryPro/node_modules/lodash-es/_getSymbols.js
✓ Vendor chunk matched: /Users/pranay/Projects/AIMLGlossary/AIGlossaryPro/node_modules/lodash-es/_getSymbols.js
Module ID: /Users/pranay/Projects/AIMLGlossary/AIGlossaryPro/node_modules/lodash-es/_cloneArrayBuffer.js
✓ Vendor chunk matched: /Users/pranay/Projects/AIMLGlossary/AIGlossaryPro/node_modules/lodash-es/_cloneArrayBuffer.js
Module ID: /Users/pranay/Projects/AIMLGlossary/AIGlossaryPro/node_modules/lodash-es/_cloneDataView.js
✓ Vendor chunk matched: /Users/pranay/Projects/AIMLGlossary/AIGlossaryPro/node_modules/lodash-es/_cloneDataView.js
Module ID: /Users/pranay/Projects/AIMLGlossary/AIGlossaryPro/node_modules/lodash-es/_cloneRegExp.js
✓ Vendor chunk matched: /Users/pranay/Projects/AIMLGlossary/AIGlossaryPro/node_modules/lodash-es/_cloneRegExp.js
Module ID: /Users/pranay/Projects/AIMLGlossary/AIGlossaryPro/node_modules/lodash-es/_cloneSymbol.js
✓ Vendor chunk matched: /Users/pranay/Projects/AIMLGlossary/AIGlossaryPro/node_modules/lodash-es/_cloneSymbol.js
Module ID: /Users/pranay/Projects/AIMLGlossary/AIGlossaryPro/node_modules/lodash-es/_baseCreate.js
✓ Vendor chunk matched: /Users/pranay/Projects/AIMLGlossary/AIGlossaryPro/node_modules/lodash-es/_baseCreate.js
Module ID: /Users/pranay/Projects/AIMLGlossary/AIGlossaryPro/node_modules/lodash-es/_getPrototype.js
✓ Vendor chunk matched: /Users/pranay/Projects/AIMLGlossary/AIGlossaryPro/node_modules/lodash-es/_getPrototype.js
Module ID: /Users/pranay/Projects/AIMLGlossary/AIGlossaryPro/node_modules/lodash-es/_baseIsMap.js
✓ Vendor chunk matched: /Users/pranay/Projects/AIMLGlossary/AIGlossaryPro/node_modules/lodash-es/_baseIsMap.js
Module ID: /Users/pranay/Projects/AIMLGlossary/AIGlossaryPro/node_modules/lodash-es/_baseIsSet.js
✓ Vendor chunk matched: /Users/pranay/Projects/AIMLGlossary/AIGlossaryPro/node_modules/lodash-es/_baseIsSet.js
Module ID:  /Users/pranay/Projects/AIMLGlossary/AIGlossaryPro/node_modules/cytoscape-fcose/cytoscape-fcose.js?commonjs-module
✓ Vendor chunk matched:  /Users/pranay/Projects/AIMLGlossary/AIGlossaryPro/node_modules/cytoscape-fcose/cytoscape-fcose.js?commonjs-module
Module ID:  /Users/pranay/Projects/AIMLGlossary/AIGlossaryPro/node_modules/cytoscape-fcose/node_modules/cose-base/cose-base.js?commonjs-module
✓ Vendor chunk matched:  /Users/pranay/Projects/AIMLGlossary/AIGlossaryPro/node_modules/cytoscape-fcose/node_modules/cose-base/cose-base.js?commonjs-module
Module ID:  /Users/pranay/Projects/AIMLGlossary/AIGlossaryPro/node_modules/cytoscape-fcose/node_modules/layout-base/layout-base.js?commonjs-module
✓ Vendor chunk matched:  /Users/pranay/Projects/AIMLGlossary/AIGlossaryPro/node_modules/cytoscape-fcose/node_modules/layout-base/layout-base.js?commonjs-module
Module ID: /Users/pranay/Projects/AIMLGlossary/AIGlossaryPro/node_modules/devlop/lib/development.js
✓ Vendor chunk matched: /Users/pranay/Projects/AIMLGlossary/AIGlossaryPro/node_modules/devlop/lib/development.js
Module ID: /Users/pranay/Projects/AIMLGlossary/AIGlossaryPro/node_modules/hast-util-to-jsx-runtime/index.js
✓ Vendor chunk matched: /Users/pranay/Projects/AIMLGlossary/AIGlossaryPro/node_modules/hast-util-to-jsx-runtime/index.js
Module ID: /Users/pranay/Projects/AIMLGlossary/AIGlossaryPro/node_modules/html-url-attributes/index.js
✓ Vendor chunk matched: /Users/pranay/Projects/AIMLGlossary/AIGlossaryPro/node_modules/html-url-attributes/index.js
Module ID: /Users/pranay/Projects/AIMLGlossary/AIGlossaryPro/node_modules/remark-parse/index.js
✓ Vendor chunk matched: /Users/pranay/Projects/AIMLGlossary/AIGlossaryPro/node_modules/remark-parse/index.js
Module ID: /Users/pranay/Projects/AIMLGlossary/AIGlossaryPro/node_modules/remark-rehype/index.js
✓ Vendor chunk matched: /Users/pranay/Projects/AIMLGlossary/AIGlossaryPro/node_modules/remark-rehype/index.js
Module ID: /Users/pranay/Projects/AIMLGlossary/AIGlossaryPro/node_modules/unified/index.js
✓ Vendor chunk matched: /Users/pranay/Projects/AIMLGlossary/AIGlossaryPro/node_modules/unified/index.js
Module ID: /Users/pranay/Projects/AIMLGlossary/AIGlossaryPro/node_modules/unist-util-visit/index.js
✓ Vendor chunk matched: /Users/pranay/Projects/AIMLGlossary/AIGlossaryPro/node_modules/unist-util-visit/index.js
Module ID: /Users/pranay/Projects/AIMLGlossary/AIGlossaryPro/node_modules/vfile/index.js
✓ Vendor chunk matched: /Users/pranay/Projects/AIMLGlossary/AIGlossaryPro/node_modules/vfile/index.js
Module ID: /Users/pranay/Projects/AIMLGlossary/AIGlossaryPro/node_modules/dom-helpers/esm/hasClass.js
✓ Vendor chunk matched: /Users/pranay/Projects/AIMLGlossary/AIGlossaryPro/node_modules/dom-helpers/esm/hasClass.js
Module ID:  /Users/pranay/Projects/AIMLGlossary/AIGlossaryPro/node_modules/lodash/_baseGetTag.js?commonjs-proxy
✓ Vendor chunk matched:  /Users/pranay/Projects/AIMLGlossary/AIGlossaryPro/node_modules/lodash/_baseGetTag.js?commonjs-proxy
Module ID:  /Users/pranay/Projects/AIMLGlossary/AIGlossaryPro/node_modules/lodash/isObject.js?commonjs-proxy
✓ Vendor chunk matched:  /Users/pranay/Projects/AIMLGlossary/AIGlossaryPro/node_modules/lodash/isObject.js?commonjs-proxy
Module ID:  /Users/pranay/Projects/AIMLGlossary/AIGlossaryPro/node_modules/lodash/isObjectLike.js?commonjs-proxy
✓ Vendor chunk matched:  /Users/pranay/Projects/AIMLGlossary/AIGlossaryPro/node_modules/lodash/isObjectLike.js?commonjs-proxy
Module ID:  /Users/pranay/Projects/AIMLGlossary/AIGlossaryPro/node_modules/lodash/isArray.js?commonjs-proxy
✓ Vendor chunk matched:  /Users/pranay/Projects/AIMLGlossary/AIGlossaryPro/node_modules/lodash/isArray.js?commonjs-proxy
Module ID:  /Users/pranay/Projects/AIMLGlossary/AIGlossaryPro/node_modules/lodash/_getPrototype.js?commonjs-proxy
✓ Vendor chunk matched:  /Users/pranay/Projects/AIMLGlossary/AIGlossaryPro/node_modules/lodash/_getPrototype.js?commonjs-proxy
Module ID: /Users/pranay/Projects/AIMLGlossary/AIGlossaryPro/node_modules/highlight.js/lib/core.js
✓ Vendor chunk matched: /Users/pranay/Projects/AIMLGlossary/AIGlossaryPro/node_modules/highlight.js/lib/core.js
Module ID: /Users/pranay/Projects/AIMLGlossary/AIGlossaryPro/node_modules/fault/index.js
✓ Vendor chunk matched: /Users/pranay/Projects/AIMLGlossary/AIGlossaryPro/node_modules/fault/index.js
Module ID: /Users/pranay/Projects/AIMLGlossary/AIGlossaryPro/node_modules/highlight.js/lib/languages/1c.js
✓ Vendor chunk matched: /Users/pranay/Projects/AIMLGlossary/AIGlossaryPro/node_modules/highlight.js/lib/languages/1c.js
Module ID: /Users/pranay/Projects/AIMLGlossary/AIGlossaryPro/node_modules/highlight.js/lib/languages/abnf.js
✓ Vendor chunk matched: /Users/pranay/Projects/AIMLGlossary/AIGlossaryPro/node_modules/highlight.js/lib/languages/abnf.js
Module ID: /Users/pranay/Projects/AIMLGlossary/AIGlossaryPro/node_modules/highlight.js/lib/languages/accesslog.js
✓ Vendor chunk matched: /Users/pranay/Projects/AIMLGlossary/AIGlossaryPro/node_modules/highlight.js/lib/languages/accesslog.js
Module ID: /Users/pranay/Projects/AIMLGlossary/AIGlossaryPro/node_modules/highlight.js/lib/languages/actionscript.js
✓ Vendor chunk matched: /Users/pranay/Projects/AIMLGlossary/AIGlossaryPro/node_modules/highlight.js/lib/languages/actionscript.js
Module ID: /Users/pranay/Projects/AIMLGlossary/AIGlossaryPro/node_modules/highlight.js/lib/languages/ada.js
✓ Vendor chunk matched: /Users/pranay/Projects/AIMLGlossary/AIGlossaryPro/node_modules/highlight.js/lib/languages/ada.js
Module ID: /Users/pranay/Projects/AIMLGlossary/AIGlossaryPro/node_modules/highlight.js/lib/languages/angelscript.js
✓ Vendor chunk matched: /Users/pranay/Projects/AIMLGlossary/AIGlossaryPro/node_modules/highlight.js/lib/languages/angelscript.js
Module ID: /Users/pranay/Projects/AIMLGlossary/AIGlossaryPro/node_modules/highlight.js/lib/languages/apache.js
✓ Vendor chunk matched: /Users/pranay/Projects/AIMLGlossary/AIGlossaryPro/node_modules/highlight.js/lib/languages/apache.js
Module ID: /Users/pranay/Projects/AIMLGlossary/AIGlossaryPro/node_modules/highlight.js/lib/languages/applescript.js
✓ Vendor chunk matched: /Users/pranay/Projects/AIMLGlossary/AIGlossaryPro/node_modules/highlight.js/lib/languages/applescript.js
Module ID: /Users/pranay/Projects/AIMLGlossary/AIGlossaryPro/node_modules/highlight.js/lib/languages/arcade.js
✓ Vendor chunk matched: /Users/pranay/Projects/AIMLGlossary/AIGlossaryPro/node_modules/highlight.js/lib/languages/arcade.js
Module ID: /Users/pranay/Projects/AIMLGlossary/AIGlossaryPro/node_modules/highlight.js/lib/languages/arduino.js
✓ Vendor chunk matched: /Users/pranay/Projects/AIMLGlossary/AIGlossaryPro/node_modules/highlight.js/lib/languages/arduino.js
Module ID: /Users/pranay/Projects/AIMLGlossary/AIGlossaryPro/node_modules/highlight.js/lib/languages/armasm.js
✓ Vendor chunk matched: /Users/pranay/Projects/AIMLGlossary/AIGlossaryPro/node_modules/highlight.js/lib/languages/armasm.js
Module ID: /Users/pranay/Projects/AIMLGlossary/AIGlossaryPro/node_modules/highlight.js/lib/languages/xml.js
✓ Vendor chunk matched: /Users/pranay/Projects/AIMLGlossary/AIGlossaryPro/node_modules/highlight.js/lib/languages/xml.js
Module ID: /Users/pranay/Projects/AIMLGlossary/AIGlossaryPro/node_modules/highlight.js/lib/languages/asciidoc.js
✓ Vendor chunk matched: /Users/pranay/Projects/AIMLGlossary/AIGlossaryPro/node_modules/highlight.js/lib/languages/asciidoc.js
Module ID: /Users/pranay/Projects/AIMLGlossary/AIGlossaryPro/node_modules/highlight.js/lib/languages/aspectj.js
✓ Vendor chunk matched: /Users/pranay/Projects/AIMLGlossary/AIGlossaryPro/node_modules/highlight.js/lib/languages/aspectj.js
Module ID: /Users/pranay/Projects/AIMLGlossary/AIGlossaryPro/node_modules/highlight.js/lib/languages/autohotkey.js
✓ Vendor chunk matched: /Users/pranay/Projects/AIMLGlossary/AIGlossaryPro/node_modules/highlight.js/lib/languages/autohotkey.js
Module ID: /Users/pranay/Projects/AIMLGlossary/AIGlossaryPro/node_modules/highlight.js/lib/languages/autoit.js
✓ Vendor chunk matched: /Users/pranay/Projects/AIMLGlossary/AIGlossaryPro/node_modules/highlight.js/lib/languages/autoit.js
Module ID: /Users/pranay/Projects/AIMLGlossary/AIGlossaryPro/node_modules/highlight.js/lib/languages/avrasm.js
✓ Vendor chunk matched: /Users/pranay/Projects/AIMLGlossary/AIGlossaryPro/node_modules/highlight.js/lib/languages/avrasm.js
Module ID: /Users/pranay/Projects/AIMLGlossary/AIGlossaryPro/node_modules/highlight.js/lib/languages/awk.js
✓ Vendor chunk matched: /Users/pranay/Projects/AIMLGlossary/AIGlossaryPro/node_modules/highlight.js/lib/languages/awk.js
Module ID: /Users/pranay/Projects/AIMLGlossary/AIGlossaryPro/node_modules/highlight.js/lib/languages/axapta.js
✓ Vendor chunk matched: /Users/pranay/Projects/AIMLGlossary/AIGlossaryPro/node_modules/highlight.js/lib/languages/axapta.js
Module ID: /Users/pranay/Projects/AIMLGlossary/AIGlossaryPro/node_modules/highlight.js/lib/languages/bash.js
✓ Vendor chunk matched: /Users/pranay/Projects/AIMLGlossary/AIGlossaryPro/node_modules/highlight.js/lib/languages/bash.js
Module ID: /Users/pranay/Projects/AIMLGlossary/AIGlossaryPro/node_modules/highlight.js/lib/languages/basic.js
✓ Vendor chunk matched: /Users/pranay/Projects/AIMLGlossary/AIGlossaryPro/node_modules/highlight.js/lib/languages/basic.js
Module ID: /Users/pranay/Projects/AIMLGlossary/AIGlossaryPro/node_modules/highlight.js/lib/languages/bnf.js
✓ Vendor chunk matched: /Users/pranay/Projects/AIMLGlossary/AIGlossaryPro/node_modules/highlight.js/lib/languages/bnf.js
Module ID: /Users/pranay/Projects/AIMLGlossary/AIGlossaryPro/node_modules/highlight.js/lib/languages/brainfuck.js
✓ Vendor chunk matched: /Users/pranay/Projects/AIMLGlossary/AIGlossaryPro/node_modules/highlight.js/lib/languages/brainfuck.js
Module ID: /Users/pranay/Projects/AIMLGlossary/AIGlossaryPro/node_modules/highlight.js/lib/languages/c-like.js
✓ Vendor chunk matched: /Users/pranay/Projects/AIMLGlossary/AIGlossaryPro/node_modules/highlight.js/lib/languages/c-like.js
Module ID: /Users/pranay/Projects/AIMLGlossary/AIGlossaryPro/node_modules/highlight.js/lib/languages/c.js
✓ Vendor chunk matched: /Users/pranay/Projects/AIMLGlossary/AIGlossaryPro/node_modules/highlight.js/lib/languages/c.js
Module ID: /Users/pranay/Projects/AIMLGlossary/AIGlossaryPro/node_modules/highlight.js/lib/languages/cal.js
✓ Vendor chunk matched: /Users/pranay/Projects/AIMLGlossary/AIGlossaryPro/node_modules/highlight.js/lib/languages/cal.js
Module ID: /Users/pranay/Projects/AIMLGlossary/AIGlossaryPro/node_modules/highlight.js/lib/languages/capnproto.js
✓ Vendor chunk matched: /Users/pranay/Projects/AIMLGlossary/AIGlossaryPro/node_modules/highlight.js/lib/languages/capnproto.js
Module ID: /Users/pranay/Projects/AIMLGlossary/AIGlossaryPro/node_modules/highlight.js/lib/languages/ceylon.js
✓ Vendor chunk matched: /Users/pranay/Projects/AIMLGlossary/AIGlossaryPro/node_modules/highlight.js/lib/languages/ceylon.js
Module ID: /Users/pranay/Projects/AIMLGlossary/AIGlossaryPro/node_modules/highlight.js/lib/languages/clean.js
✓ Vendor chunk matched: /Users/pranay/Projects/AIMLGlossary/AIGlossaryPro/node_modules/highlight.js/lib/languages/clean.js
Module ID: /Users/pranay/Projects/AIMLGlossary/AIGlossaryPro/node_modules/highlight.js/lib/languages/clojure.js
✓ Vendor chunk matched: /Users/pranay/Projects/AIMLGlossary/AIGlossaryPro/node_modules/highlight.js/lib/languages/clojure.js
Module ID: /Users/pranay/Projects/AIMLGlossary/AIGlossaryPro/node_modules/highlight.js/lib/languages/clojure-repl.js
✓ Vendor chunk matched: /Users/pranay/Projects/AIMLGlossary/AIGlossaryPro/node_modules/highlight.js/lib/languages/clojure-repl.js
Module ID: /Users/pranay/Projects/AIMLGlossary/AIGlossaryPro/node_modules/highlight.js/lib/languages/cmake.js
✓ Vendor chunk matched: /Users/pranay/Projects/AIMLGlossary/AIGlossaryPro/node_modules/highlight.js/lib/languages/cmake.js
Module ID: /Users/pranay/Projects/AIMLGlossary/AIGlossaryPro/node_modules/highlight.js/lib/languages/coffeescript.js
✓ Vendor chunk matched: /Users/pranay/Projects/AIMLGlossary/AIGlossaryPro/node_modules/highlight.js/lib/languages/coffeescript.js
Module ID: /Users/pranay/Projects/AIMLGlossary/AIGlossaryPro/node_modules/highlight.js/lib/languages/coq.js
✓ Vendor chunk matched: /Users/pranay/Projects/AIMLGlossary/AIGlossaryPro/node_modules/highlight.js/lib/languages/coq.js
Module ID: /Users/pranay/Projects/AIMLGlossary/AIGlossaryPro/node_modules/highlight.js/lib/languages/cos.js
✓ Vendor chunk matched: /Users/pranay/Projects/AIMLGlossary/AIGlossaryPro/node_modules/highlight.js/lib/languages/cos.js
Module ID: /Users/pranay/Projects/AIMLGlossary/AIGlossaryPro/node_modules/highlight.js/lib/languages/cpp.js
✓ Vendor chunk matched: /Users/pranay/Projects/AIMLGlossary/AIGlossaryPro/node_modules/highlight.js/lib/languages/cpp.js
Module ID: /Users/pranay/Projects/AIMLGlossary/AIGlossaryPro/node_modules/highlight.js/lib/languages/crmsh.js
✓ Vendor chunk matched: /Users/pranay/Projects/AIMLGlossary/AIGlossaryPro/node_modules/highlight.js/lib/languages/crmsh.js
Module ID: /Users/pranay/Projects/AIMLGlossary/AIGlossaryPro/node_modules/highlight.js/lib/languages/crystal.js
✓ Vendor chunk matched: /Users/pranay/Projects/AIMLGlossary/AIGlossaryPro/node_modules/highlight.js/lib/languages/crystal.js
Module ID: /Users/pranay/Projects/AIMLGlossary/AIGlossaryPro/node_modules/highlight.js/lib/languages/csharp.js
✓ Vendor chunk matched: /Users/pranay/Projects/AIMLGlossary/AIGlossaryPro/node_modules/highlight.js/lib/languages/csharp.js
Module ID: /Users/pranay/Projects/AIMLGlossary/AIGlossaryPro/node_modules/highlight.js/lib/languages/csp.js
✓ Vendor chunk matched: /Users/pranay/Projects/AIMLGlossary/AIGlossaryPro/node_modules/highlight.js/lib/languages/csp.js
Module ID: /Users/pranay/Projects/AIMLGlossary/AIGlossaryPro/node_modules/highlight.js/lib/languages/css.js
✓ Vendor chunk matched: /Users/pranay/Projects/AIMLGlossary/AIGlossaryPro/node_modules/highlight.js/lib/languages/css.js
Module ID: /Users/pranay/Projects/AIMLGlossary/AIGlossaryPro/node_modules/highlight.js/lib/languages/d.js
✓ Vendor chunk matched: /Users/pranay/Projects/AIMLGlossary/AIGlossaryPro/node_modules/highlight.js/lib/languages/d.js
Module ID: /Users/pranay/Projects/AIMLGlossary/AIGlossaryPro/node_modules/highlight.js/lib/languages/markdown.js
✓ Vendor chunk matched: /Users/pranay/Projects/AIMLGlossary/AIGlossaryPro/node_modules/highlight.js/lib/languages/markdown.js
Module ID: /Users/pranay/Projects/AIMLGlossary/AIGlossaryPro/node_modules/highlight.js/lib/languages/dart.js
✓ Vendor chunk matched: /Users/pranay/Projects/AIMLGlossary/AIGlossaryPro/node_modules/highlight.js/lib/languages/dart.js
Module ID: /Users/pranay/Projects/AIMLGlossary/AIGlossaryPro/node_modules/highlight.js/lib/languages/delphi.js
✓ Vendor chunk matched: /Users/pranay/Projects/AIMLGlossary/AIGlossaryPro/node_modules/highlight.js/lib/languages/delphi.js
Module ID: /Users/pranay/Projects/AIMLGlossary/AIGlossaryPro/node_modules/highlight.js/lib/languages/diff.js
✓ Vendor chunk matched: /Users/pranay/Projects/AIMLGlossary/AIGlossaryPro/node_modules/highlight.js/lib/languages/diff.js
Module ID: /Users/pranay/Projects/AIMLGlossary/AIGlossaryPro/node_modules/highlight.js/lib/languages/django.js
✓ Vendor chunk matched: /Users/pranay/Projects/AIMLGlossary/AIGlossaryPro/node_modules/highlight.js/lib/languages/django.js
Module ID: /Users/pranay/Projects/AIMLGlossary/AIGlossaryPro/node_modules/highlight.js/lib/languages/dns.js
✓ Vendor chunk matched: /Users/pranay/Projects/AIMLGlossary/AIGlossaryPro/node_modules/highlight.js/lib/languages/dns.js
Module ID: /Users/pranay/Projects/AIMLGlossary/AIGlossaryPro/node_modules/highlight.js/lib/languages/dockerfile.js
✓ Vendor chunk matched: /Users/pranay/Projects/AIMLGlossary/AIGlossaryPro/node_modules/highlight.js/lib/languages/dockerfile.js
Module ID: /Users/pranay/Projects/AIMLGlossary/AIGlossaryPro/node_modules/highlight.js/lib/languages/dos.js
✓ Vendor chunk matched: /Users/pranay/Projects/AIMLGlossary/AIGlossaryPro/node_modules/highlight.js/lib/languages/dos.js
Module ID: /Users/pranay/Projects/AIMLGlossary/AIGlossaryPro/node_modules/highlight.js/lib/languages/dsconfig.js
✓ Vendor chunk matched: /Users/pranay/Projects/AIMLGlossary/AIGlossaryPro/node_modules/highlight.js/lib/languages/dsconfig.js
Module ID: /Users/pranay/Projects/AIMLGlossary/AIGlossaryPro/node_modules/highlight.js/lib/languages/dts.js
✓ Vendor chunk matched: /Users/pranay/Projects/AIMLGlossary/AIGlossaryPro/node_modules/highlight.js/lib/languages/dts.js
Module ID: /Users/pranay/Projects/AIMLGlossary/AIGlossaryPro/node_modules/highlight.js/lib/languages/dust.js
✓ Vendor chunk matched: /Users/pranay/Projects/AIMLGlossary/AIGlossaryPro/node_modules/highlight.js/lib/languages/dust.js
Module ID: /Users/pranay/Projects/AIMLGlossary/AIGlossaryPro/node_modules/highlight.js/lib/languages/ebnf.js
✓ Vendor chunk matched: /Users/pranay/Projects/AIMLGlossary/AIGlossaryPro/node_modules/highlight.js/lib/languages/ebnf.js
Module ID: /Users/pranay/Projects/AIMLGlossary/AIGlossaryPro/node_modules/highlight.js/lib/languages/elixir.js
✓ Vendor chunk matched: /Users/pranay/Projects/AIMLGlossary/AIGlossaryPro/node_modules/highlight.js/lib/languages/elixir.js
Module ID: /Users/pranay/Projects/AIMLGlossary/AIGlossaryPro/node_modules/highlight.js/lib/languages/elm.js
✓ Vendor chunk matched: /Users/pranay/Projects/AIMLGlossary/AIGlossaryPro/node_modules/highlight.js/lib/languages/elm.js
Module ID: /Users/pranay/Projects/AIMLGlossary/AIGlossaryPro/node_modules/highlight.js/lib/languages/ruby.js
✓ Vendor chunk matched: /Users/pranay/Projects/AIMLGlossary/AIGlossaryPro/node_modules/highlight.js/lib/languages/ruby.js
Module ID: /Users/pranay/Projects/AIMLGlossary/AIGlossaryPro/node_modules/highlight.js/lib/languages/erb.js
✓ Vendor chunk matched: /Users/pranay/Projects/AIMLGlossary/AIGlossaryPro/node_modules/highlight.js/lib/languages/erb.js
Module ID: /Users/pranay/Projects/AIMLGlossary/AIGlossaryPro/node_modules/highlight.js/lib/languages/erlang-repl.js
✓ Vendor chunk matched: /Users/pranay/Projects/AIMLGlossary/AIGlossaryPro/node_modules/highlight.js/lib/languages/erlang-repl.js
Module ID: /Users/pranay/Projects/AIMLGlossary/AIGlossaryPro/node_modules/highlight.js/lib/languages/erlang.js
✓ Vendor chunk matched: /Users/pranay/Projects/AIMLGlossary/AIGlossaryPro/node_modules/highlight.js/lib/languages/erlang.js
Module ID: /Users/pranay/Projects/AIMLGlossary/AIGlossaryPro/node_modules/highlight.js/lib/languages/excel.js
✓ Vendor chunk matched: /Users/pranay/Projects/AIMLGlossary/AIGlossaryPro/node_modules/highlight.js/lib/languages/excel.js
Module ID: /Users/pranay/Projects/AIMLGlossary/AIGlossaryPro/node_modules/highlight.js/lib/languages/fix.js
✓ Vendor chunk matched: /Users/pranay/Projects/AIMLGlossary/AIGlossaryPro/node_modules/highlight.js/lib/languages/fix.js
Module ID: /Users/pranay/Projects/AIMLGlossary/AIGlossaryPro/node_modules/highlight.js/lib/languages/flix.js
✓ Vendor chunk matched: /Users/pranay/Projects/AIMLGlossary/AIGlossaryPro/node_modules/highlight.js/lib/languages/flix.js
Module ID: /Users/pranay/Projects/AIMLGlossary/AIGlossaryPro/node_modules/highlight.js/lib/languages/fortran.js
✓ Vendor chunk matched: /Users/pranay/Projects/AIMLGlossary/AIGlossaryPro/node_modules/highlight.js/lib/languages/fortran.js
Module ID: /Users/pranay/Projects/AIMLGlossary/AIGlossaryPro/node_modules/highlight.js/lib/languages/fsharp.js
✓ Vendor chunk matched: /Users/pranay/Projects/AIMLGlossary/AIGlossaryPro/node_modules/highlight.js/lib/languages/fsharp.js
Module ID: /Users/pranay/Projects/AIMLGlossary/AIGlossaryPro/node_modules/highlight.js/lib/languages/gams.js
✓ Vendor chunk matched: /Users/pranay/Projects/AIMLGlossary/AIGlossaryPro/node_modules/highlight.js/lib/languages/gams.js
Module ID: /Users/pranay/Projects/AIMLGlossary/AIGlossaryPro/node_modules/highlight.js/lib/languages/gauss.js
✓ Vendor chunk matched: /Users/pranay/Projects/AIMLGlossary/AIGlossaryPro/node_modules/highlight.js/lib/languages/gauss.js
Module ID: /Users/pranay/Projects/AIMLGlossary/AIGlossaryPro/node_modules/highlight.js/lib/languages/gcode.js
✓ Vendor chunk matched: /Users/pranay/Projects/AIMLGlossary/AIGlossaryPro/node_modules/highlight.js/lib/languages/gcode.js
Module ID: /Users/pranay/Projects/AIMLGlossary/AIGlossaryPro/node_modules/highlight.js/lib/languages/gherkin.js
✓ Vendor chunk matched: /Users/pranay/Projects/AIMLGlossary/AIGlossaryPro/node_modules/highlight.js/lib/languages/gherkin.js
Module ID: /Users/pranay/Projects/AIMLGlossary/AIGlossaryPro/node_modules/highlight.js/lib/languages/glsl.js
✓ Vendor chunk matched: /Users/pranay/Projects/AIMLGlossary/AIGlossaryPro/node_modules/highlight.js/lib/languages/glsl.js
Module ID: /Users/pranay/Projects/AIMLGlossary/AIGlossaryPro/node_modules/highlight.js/lib/languages/gml.js
✓ Vendor chunk matched: /Users/pranay/Projects/AIMLGlossary/AIGlossaryPro/node_modules/highlight.js/lib/languages/gml.js
Module ID: /Users/pranay/Projects/AIMLGlossary/AIGlossaryPro/node_modules/highlight.js/lib/languages/go.js
✓ Vendor chunk matched: /Users/pranay/Projects/AIMLGlossary/AIGlossaryPro/node_modules/highlight.js/lib/languages/go.js
Module ID: /Users/pranay/Projects/AIMLGlossary/AIGlossaryPro/node_modules/highlight.js/lib/languages/golo.js
✓ Vendor chunk matched: /Users/pranay/Projects/AIMLGlossary/AIGlossaryPro/node_modules/highlight.js/lib/languages/golo.js
Module ID: /Users/pranay/Projects/AIMLGlossary/AIGlossaryPro/node_modules/highlight.js/lib/languages/gradle.js
✓ Vendor chunk matched: /Users/pranay/Projects/AIMLGlossary/AIGlossaryPro/node_modules/highlight.js/lib/languages/gradle.js
Module ID: /Users/pranay/Projects/AIMLGlossary/AIGlossaryPro/node_modules/highlight.js/lib/languages/groovy.js
✓ Vendor chunk matched: /Users/pranay/Projects/AIMLGlossary/AIGlossaryPro/node_modules/highlight.js/lib/languages/groovy.js
Module ID: /Users/pranay/Projects/AIMLGlossary/AIGlossaryPro/node_modules/highlight.js/lib/languages/haml.js
✓ Vendor chunk matched: /Users/pranay/Projects/AIMLGlossary/AIGlossaryPro/node_modules/highlight.js/lib/languages/haml.js
Module ID: /Users/pranay/Projects/AIMLGlossary/AIGlossaryPro/node_modules/highlight.js/lib/languages/handlebars.js
✓ Vendor chunk matched: /Users/pranay/Projects/AIMLGlossary/AIGlossaryPro/node_modules/highlight.js/lib/languages/handlebars.js
Module ID: /Users/pranay/Projects/AIMLGlossary/AIGlossaryPro/node_modules/highlight.js/lib/languages/haskell.js
✓ Vendor chunk matched: /Users/pranay/Projects/AIMLGlossary/AIGlossaryPro/node_modules/highlight.js/lib/languages/haskell.js
Module ID: /Users/pranay/Projects/AIMLGlossary/AIGlossaryPro/node_modules/highlight.js/lib/languages/haxe.js
✓ Vendor chunk matched: /Users/pranay/Projects/AIMLGlossary/AIGlossaryPro/node_modules/highlight.js/lib/languages/haxe.js
Module ID: /Users/pranay/Projects/AIMLGlossary/AIGlossaryPro/node_modules/highlight.js/lib/languages/hsp.js
✓ Vendor chunk matched: /Users/pranay/Projects/AIMLGlossary/AIGlossaryPro/node_modules/highlight.js/lib/languages/hsp.js
Module ID: /Users/pranay/Projects/AIMLGlossary/AIGlossaryPro/node_modules/highlight.js/lib/languages/htmlbars.js
✓ Vendor chunk matched: /Users/pranay/Projects/AIMLGlossary/AIGlossaryPro/node_modules/highlight.js/lib/languages/htmlbars.js
Module ID: /Users/pranay/Projects/AIMLGlossary/AIGlossaryPro/node_modules/highlight.js/lib/languages/http.js
✓ Vendor chunk matched: /Users/pranay/Projects/AIMLGlossary/AIGlossaryPro/node_modules/highlight.js/lib/languages/http.js
Module ID: /Users/pranay/Projects/AIMLGlossary/AIGlossaryPro/node_modules/highlight.js/lib/languages/hy.js
✓ Vendor chunk matched: /Users/pranay/Projects/AIMLGlossary/AIGlossaryPro/node_modules/highlight.js/lib/languages/hy.js
Module ID: /Users/pranay/Projects/AIMLGlossary/AIGlossaryPro/node_modules/highlight.js/lib/languages/inform7.js
✓ Vendor chunk matched: /Users/pranay/Projects/AIMLGlossary/AIGlossaryPro/node_modules/highlight.js/lib/languages/inform7.js
Module ID: /Users/pranay/Projects/AIMLGlossary/AIGlossaryPro/node_modules/highlight.js/lib/languages/ini.js
✓ Vendor chunk matched: /Users/pranay/Projects/AIMLGlossary/AIGlossaryPro/node_modules/highlight.js/lib/languages/ini.js
Module ID: /Users/pranay/Projects/AIMLGlossary/AIGlossaryPro/node_modules/highlight.js/lib/languages/irpf90.js
✓ Vendor chunk matched: /Users/pranay/Projects/AIMLGlossary/AIGlossaryPro/node_modules/highlight.js/lib/languages/irpf90.js
Module ID: /Users/pranay/Projects/AIMLGlossary/AIGlossaryPro/node_modules/highlight.js/lib/languages/isbl.js
✓ Vendor chunk matched: /Users/pranay/Projects/AIMLGlossary/AIGlossaryPro/node_modules/highlight.js/lib/languages/isbl.js
Module ID: /Users/pranay/Projects/AIMLGlossary/AIGlossaryPro/node_modules/highlight.js/lib/languages/java.js
✓ Vendor chunk matched: /Users/pranay/Projects/AIMLGlossary/AIGlossaryPro/node_modules/highlight.js/lib/languages/java.js
Module ID: /Users/pranay/Projects/AIMLGlossary/AIGlossaryPro/node_modules/highlight.js/lib/languages/javascript.js
✓ Vendor chunk matched: /Users/pranay/Projects/AIMLGlossary/AIGlossaryPro/node_modules/highlight.js/lib/languages/javascript.js
Module ID: /Users/pranay/Projects/AIMLGlossary/AIGlossaryPro/node_modules/highlight.js/lib/languages/jboss-cli.js
✓ Vendor chunk matched: /Users/pranay/Projects/AIMLGlossary/AIGlossaryPro/node_modules/highlight.js/lib/languages/jboss-cli.js
Module ID: /Users/pranay/Projects/AIMLGlossary/AIGlossaryPro/node_modules/highlight.js/lib/languages/json.js
✓ Vendor chunk matched: /Users/pranay/Projects/AIMLGlossary/AIGlossaryPro/node_modules/highlight.js/lib/languages/json.js
Module ID: /Users/pranay/Projects/AIMLGlossary/AIGlossaryPro/node_modules/highlight.js/lib/languages/julia.js
✓ Vendor chunk matched: /Users/pranay/Projects/AIMLGlossary/AIGlossaryPro/node_modules/highlight.js/lib/languages/julia.js
Module ID: /Users/pranay/Projects/AIMLGlossary/AIGlossaryPro/node_modules/highlight.js/lib/languages/julia-repl.js
✓ Vendor chunk matched: /Users/pranay/Projects/AIMLGlossary/AIGlossaryPro/node_modules/highlight.js/lib/languages/julia-repl.js
Module ID: /Users/pranay/Projects/AIMLGlossary/AIGlossaryPro/node_modules/highlight.js/lib/languages/kotlin.js
✓ Vendor chunk matched: /Users/pranay/Projects/AIMLGlossary/AIGlossaryPro/node_modules/highlight.js/lib/languages/kotlin.js
Module ID: /Users/pranay/Projects/AIMLGlossary/AIGlossaryPro/node_modules/highlight.js/lib/languages/lasso.js
✓ Vendor chunk matched: /Users/pranay/Projects/AIMLGlossary/AIGlossaryPro/node_modules/highlight.js/lib/languages/lasso.js
Module ID: /Users/pranay/Projects/AIMLGlossary/AIGlossaryPro/node_modules/highlight.js/lib/languages/latex.js
✓ Vendor chunk matched: /Users/pranay/Projects/AIMLGlossary/AIGlossaryPro/node_modules/highlight.js/lib/languages/latex.js
Module ID: /Users/pranay/Projects/AIMLGlossary/AIGlossaryPro/node_modules/highlight.js/lib/languages/ldif.js
✓ Vendor chunk matched: /Users/pranay/Projects/AIMLGlossary/AIGlossaryPro/node_modules/highlight.js/lib/languages/ldif.js
Module ID: /Users/pranay/Projects/AIMLGlossary/AIGlossaryPro/node_modules/highlight.js/lib/languages/leaf.js
✓ Vendor chunk matched: /Users/pranay/Projects/AIMLGlossary/AIGlossaryPro/node_modules/highlight.js/lib/languages/leaf.js
Module ID: /Users/pranay/Projects/AIMLGlossary/AIGlossaryPro/node_modules/highlight.js/lib/languages/less.js
✓ Vendor chunk matched: /Users/pranay/Projects/AIMLGlossary/AIGlossaryPro/node_modules/highlight.js/lib/languages/less.js
Module ID: /Users/pranay/Projects/AIMLGlossary/AIGlossaryPro/node_modules/highlight.js/lib/languages/lisp.js
✓ Vendor chunk matched: /Users/pranay/Projects/AIMLGlossary/AIGlossaryPro/node_modules/highlight.js/lib/languages/lisp.js
Module ID: /Users/pranay/Projects/AIMLGlossary/AIGlossaryPro/node_modules/highlight.js/lib/languages/livecodeserver.js
✓ Vendor chunk matched: /Users/pranay/Projects/AIMLGlossary/AIGlossaryPro/node_modules/highlight.js/lib/languages/livecodeserver.js
Module ID: /Users/pranay/Projects/AIMLGlossary/AIGlossaryPro/node_modules/highlight.js/lib/languages/livescript.js
✓ Vendor chunk matched: /Users/pranay/Projects/AIMLGlossary/AIGlossaryPro/node_modules/highlight.js/lib/languages/livescript.js
Module ID: /Users/pranay/Projects/AIMLGlossary/AIGlossaryPro/node_modules/highlight.js/lib/languages/llvm.js
✓ Vendor chunk matched: /Users/pranay/Projects/AIMLGlossary/AIGlossaryPro/node_modules/highlight.js/lib/languages/llvm.js
Module ID: /Users/pranay/Projects/AIMLGlossary/AIGlossaryPro/node_modules/highlight.js/lib/languages/lsl.js
✓ Vendor chunk matched: /Users/pranay/Projects/AIMLGlossary/AIGlossaryPro/node_modules/highlight.js/lib/languages/lsl.js
Module ID: /Users/pranay/Projects/AIMLGlossary/AIGlossaryPro/node_modules/highlight.js/lib/languages/lua.js
✓ Vendor chunk matched: /Users/pranay/Projects/AIMLGlossary/AIGlossaryPro/node_modules/highlight.js/lib/languages/lua.js
Module ID: /Users/pranay/Projects/AIMLGlossary/AIGlossaryPro/node_modules/highlight.js/lib/languages/makefile.js
✓ Vendor chunk matched: /Users/pranay/Projects/AIMLGlossary/AIGlossaryPro/node_modules/highlight.js/lib/languages/makefile.js
Module ID: /Users/pranay/Projects/AIMLGlossary/AIGlossaryPro/node_modules/highlight.js/lib/languages/mathematica.js
✓ Vendor chunk matched: /Users/pranay/Projects/AIMLGlossary/AIGlossaryPro/node_modules/highlight.js/lib/languages/mathematica.js
Module ID: /Users/pranay/Projects/AIMLGlossary/AIGlossaryPro/node_modules/highlight.js/lib/languages/matlab.js
✓ Vendor chunk matched: /Users/pranay/Projects/AIMLGlossary/AIGlossaryPro/node_modules/highlight.js/lib/languages/matlab.js
Module ID: /Users/pranay/Projects/AIMLGlossary/AIGlossaryPro/node_modules/highlight.js/lib/languages/maxima.js
✓ Vendor chunk matched: /Users/pranay/Projects/AIMLGlossary/AIGlossaryPro/node_modules/highlight.js/lib/languages/maxima.js
Module ID: /Users/pranay/Projects/AIMLGlossary/AIGlossaryPro/node_modules/highlight.js/lib/languages/mel.js
✓ Vendor chunk matched: /Users/pranay/Projects/AIMLGlossary/AIGlossaryPro/node_modules/highlight.js/lib/languages/mel.js
Module ID: /Users/pranay/Projects/AIMLGlossary/AIGlossaryPro/node_modules/highlight.js/lib/languages/mercury.js
✓ Vendor chunk matched: /Users/pranay/Projects/AIMLGlossary/AIGlossaryPro/node_modules/highlight.js/lib/languages/mercury.js
Module ID: /Users/pranay/Projects/AIMLGlossary/AIGlossaryPro/node_modules/highlight.js/lib/languages/mipsasm.js
✓ Vendor chunk matched: /Users/pranay/Projects/AIMLGlossary/AIGlossaryPro/node_modules/highlight.js/lib/languages/mipsasm.js
Module ID: /Users/pranay/Projects/AIMLGlossary/AIGlossaryPro/node_modules/highlight.js/lib/languages/mizar.js
✓ Vendor chunk matched: /Users/pranay/Projects/AIMLGlossary/AIGlossaryPro/node_modules/highlight.js/lib/languages/mizar.js
Module ID: /Users/pranay/Projects/AIMLGlossary/AIGlossaryPro/node_modules/highlight.js/lib/languages/perl.js
✓ Vendor chunk matched: /Users/pranay/Projects/AIMLGlossary/AIGlossaryPro/node_modules/highlight.js/lib/languages/perl.js
Module ID: /Users/pranay/Projects/AIMLGlossary/AIGlossaryPro/node_modules/highlight.js/lib/languages/mojolicious.js
✓ Vendor chunk matched: /Users/pranay/Projects/AIMLGlossary/AIGlossaryPro/node_modules/highlight.js/lib/languages/mojolicious.js
Module ID: /Users/pranay/Projects/AIMLGlossary/AIGlossaryPro/node_modules/highlight.js/lib/languages/monkey.js
✓ Vendor chunk matched: /Users/pranay/Projects/AIMLGlossary/AIGlossaryPro/node_modules/highlight.js/lib/languages/monkey.js
Module ID: /Users/pranay/Projects/AIMLGlossary/AIGlossaryPro/node_modules/highlight.js/lib/languages/moonscript.js
✓ Vendor chunk matched: /Users/pranay/Projects/AIMLGlossary/AIGlossaryPro/node_modules/highlight.js/lib/languages/moonscript.js
Module ID: /Users/pranay/Projects/AIMLGlossary/AIGlossaryPro/node_modules/highlight.js/lib/languages/n1ql.js
✓ Vendor chunk matched: /Users/pranay/Projects/AIMLGlossary/AIGlossaryPro/node_modules/highlight.js/lib/languages/n1ql.js
Module ID: /Users/pranay/Projects/AIMLGlossary/AIGlossaryPro/node_modules/highlight.js/lib/languages/nginx.js
✓ Vendor chunk matched: /Users/pranay/Projects/AIMLGlossary/AIGlossaryPro/node_modules/highlight.js/lib/languages/nginx.js
Module ID: /Users/pranay/Projects/AIMLGlossary/AIGlossaryPro/node_modules/highlight.js/lib/languages/nim.js
✓ Vendor chunk matched: /Users/pranay/Projects/AIMLGlossary/AIGlossaryPro/node_modules/highlight.js/lib/languages/nim.js
Module ID: /Users/pranay/Projects/AIMLGlossary/AIGlossaryPro/node_modules/highlight.js/lib/languages/nix.js
✓ Vendor chunk matched: /Users/pranay/Projects/AIMLGlossary/AIGlossaryPro/node_modules/highlight.js/lib/languages/nix.js
Module ID: /Users/pranay/Projects/AIMLGlossary/AIGlossaryPro/node_modules/highlight.js/lib/languages/node-repl.js
✓ Vendor chunk matched: /Users/pranay/Projects/AIMLGlossary/AIGlossaryPro/node_modules/highlight.js/lib/languages/node-repl.js
Module ID: /Users/pranay/Projects/AIMLGlossary/AIGlossaryPro/node_modules/highlight.js/lib/languages/nsis.js
✓ Vendor chunk matched: /Users/pranay/Projects/AIMLGlossary/AIGlossaryPro/node_modules/highlight.js/lib/languages/nsis.js
Module ID: /Users/pranay/Projects/AIMLGlossary/AIGlossaryPro/node_modules/highlight.js/lib/languages/objectivec.js
✓ Vendor chunk matched: /Users/pranay/Projects/AIMLGlossary/AIGlossaryPro/node_modules/highlight.js/lib/languages/objectivec.js
Module ID: /Users/pranay/Projects/AIMLGlossary/AIGlossaryPro/node_modules/highlight.js/lib/languages/ocaml.js
✓ Vendor chunk matched: /Users/pranay/Projects/AIMLGlossary/AIGlossaryPro/node_modules/highlight.js/lib/languages/ocaml.js
Module ID: /Users/pranay/Projects/AIMLGlossary/AIGlossaryPro/node_modules/highlight.js/lib/languages/openscad.js
✓ Vendor chunk matched: /Users/pranay/Projects/AIMLGlossary/AIGlossaryPro/node_modules/highlight.js/lib/languages/openscad.js
Module ID: /Users/pranay/Projects/AIMLGlossary/AIGlossaryPro/node_modules/highlight.js/lib/languages/oxygene.js
✓ Vendor chunk matched: /Users/pranay/Projects/AIMLGlossary/AIGlossaryPro/node_modules/highlight.js/lib/languages/oxygene.js
Module ID: /Users/pranay/Projects/AIMLGlossary/AIGlossaryPro/node_modules/highlight.js/lib/languages/parser3.js
✓ Vendor chunk matched: /Users/pranay/Projects/AIMLGlossary/AIGlossaryPro/node_modules/highlight.js/lib/languages/parser3.js
Module ID: /Users/pranay/Projects/AIMLGlossary/AIGlossaryPro/node_modules/highlight.js/lib/languages/pf.js
✓ Vendor chunk matched: /Users/pranay/Projects/AIMLGlossary/AIGlossaryPro/node_modules/highlight.js/lib/languages/pf.js
Module ID: /Users/pranay/Projects/AIMLGlossary/AIGlossaryPro/node_modules/highlight.js/lib/languages/pgsql.js
✓ Vendor chunk matched: /Users/pranay/Projects/AIMLGlossary/AIGlossaryPro/node_modules/highlight.js/lib/languages/pgsql.js
Module ID: /Users/pranay/Projects/AIMLGlossary/AIGlossaryPro/node_modules/highlight.js/lib/languages/php.js
✓ Vendor chunk matched: /Users/pranay/Projects/AIMLGlossary/AIGlossaryPro/node_modules/highlight.js/lib/languages/php.js
Module ID: /Users/pranay/Projects/AIMLGlossary/AIGlossaryPro/node_modules/highlight.js/lib/languages/php-template.js
✓ Vendor chunk matched: /Users/pranay/Projects/AIMLGlossary/AIGlossaryPro/node_modules/highlight.js/lib/languages/php-template.js
Module ID: /Users/pranay/Projects/AIMLGlossary/AIGlossaryPro/node_modules/highlight.js/lib/languages/plaintext.js
✓ Vendor chunk matched: /Users/pranay/Projects/AIMLGlossary/AIGlossaryPro/node_modules/highlight.js/lib/languages/plaintext.js
Module ID: /Users/pranay/Projects/AIMLGlossary/AIGlossaryPro/node_modules/highlight.js/lib/languages/pony.js
✓ Vendor chunk matched: /Users/pranay/Projects/AIMLGlossary/AIGlossaryPro/node_modules/highlight.js/lib/languages/pony.js
Module ID: /Users/pranay/Projects/AIMLGlossary/AIGlossaryPro/node_modules/highlight.js/lib/languages/powershell.js
✓ Vendor chunk matched: /Users/pranay/Projects/AIMLGlossary/AIGlossaryPro/node_modules/highlight.js/lib/languages/powershell.js
Module ID: /Users/pranay/Projects/AIMLGlossary/AIGlossaryPro/node_modules/highlight.js/lib/languages/processing.js
✓ Vendor chunk matched: /Users/pranay/Projects/AIMLGlossary/AIGlossaryPro/node_modules/highlight.js/lib/languages/processing.js
Module ID: /Users/pranay/Projects/AIMLGlossary/AIGlossaryPro/node_modules/highlight.js/lib/languages/profile.js
✓ Vendor chunk matched: /Users/pranay/Projects/AIMLGlossary/AIGlossaryPro/node_modules/highlight.js/lib/languages/profile.js
Module ID: /Users/pranay/Projects/AIMLGlossary/AIGlossaryPro/node_modules/highlight.js/lib/languages/prolog.js
✓ Vendor chunk matched: /Users/pranay/Projects/AIMLGlossary/AIGlossaryPro/node_modules/highlight.js/lib/languages/prolog.js
Module ID: /Users/pranay/Projects/AIMLGlossary/AIGlossaryPro/node_modules/highlight.js/lib/languages/properties.js
✓ Vendor chunk matched: /Users/pranay/Projects/AIMLGlossary/AIGlossaryPro/node_modules/highlight.js/lib/languages/properties.js
Module ID: /Users/pranay/Projects/AIMLGlossary/AIGlossaryPro/node_modules/highlight.js/lib/languages/protobuf.js
✓ Vendor chunk matched: /Users/pranay/Projects/AIMLGlossary/AIGlossaryPro/node_modules/highlight.js/lib/languages/protobuf.js
Module ID: /Users/pranay/Projects/AIMLGlossary/AIGlossaryPro/node_modules/highlight.js/lib/languages/puppet.js
✓ Vendor chunk matched: /Users/pranay/Projects/AIMLGlossary/AIGlossaryPro/node_modules/highlight.js/lib/languages/puppet.js
Module ID: /Users/pranay/Projects/AIMLGlossary/AIGlossaryPro/node_modules/highlight.js/lib/languages/purebasic.js
✓ Vendor chunk matched: /Users/pranay/Projects/AIMLGlossary/AIGlossaryPro/node_modules/highlight.js/lib/languages/purebasic.js
Module ID: /Users/pranay/Projects/AIMLGlossary/AIGlossaryPro/node_modules/highlight.js/lib/languages/python.js
✓ Vendor chunk matched: /Users/pranay/Projects/AIMLGlossary/AIGlossaryPro/node_modules/highlight.js/lib/languages/python.js
Module ID: /Users/pranay/Projects/AIMLGlossary/AIGlossaryPro/node_modules/highlight.js/lib/languages/python-repl.js
✓ Vendor chunk matched: /Users/pranay/Projects/AIMLGlossary/AIGlossaryPro/node_modules/highlight.js/lib/languages/python-repl.js
Module ID: /Users/pranay/Projects/AIMLGlossary/AIGlossaryPro/node_modules/highlight.js/lib/languages/q.js
✓ Vendor chunk matched: /Users/pranay/Projects/AIMLGlossary/AIGlossaryPro/node_modules/highlight.js/lib/languages/q.js
Module ID: /Users/pranay/Projects/AIMLGlossary/AIGlossaryPro/node_modules/highlight.js/lib/languages/qml.js
✓ Vendor chunk matched: /Users/pranay/Projects/AIMLGlossary/AIGlossaryPro/node_modules/highlight.js/lib/languages/qml.js
Module ID: /Users/pranay/Projects/AIMLGlossary/AIGlossaryPro/node_modules/highlight.js/lib/languages/r.js
✓ Vendor chunk matched: /Users/pranay/Projects/AIMLGlossary/AIGlossaryPro/node_modules/highlight.js/lib/languages/r.js
Module ID: /Users/pranay/Projects/AIMLGlossary/AIGlossaryPro/node_modules/highlight.js/lib/languages/reasonml.js
✓ Vendor chunk matched: /Users/pranay/Projects/AIMLGlossary/AIGlossaryPro/node_modules/highlight.js/lib/languages/reasonml.js
Module ID: /Users/pranay/Projects/AIMLGlossary/AIGlossaryPro/node_modules/highlight.js/lib/languages/rib.js
✓ Vendor chunk matched: /Users/pranay/Projects/AIMLGlossary/AIGlossaryPro/node_modules/highlight.js/lib/languages/rib.js
Module ID: /Users/pranay/Projects/AIMLGlossary/AIGlossaryPro/node_modules/highlight.js/lib/languages/roboconf.js
✓ Vendor chunk matched: /Users/pranay/Projects/AIMLGlossary/AIGlossaryPro/node_modules/highlight.js/lib/languages/roboconf.js
Module ID: /Users/pranay/Projects/AIMLGlossary/AIGlossaryPro/node_modules/highlight.js/lib/languages/routeros.js
✓ Vendor chunk matched: /Users/pranay/Projects/AIMLGlossary/AIGlossaryPro/node_modules/highlight.js/lib/languages/routeros.js
Module ID: /Users/pranay/Projects/AIMLGlossary/AIGlossaryPro/node_modules/highlight.js/lib/languages/rsl.js
✓ Vendor chunk matched: /Users/pranay/Projects/AIMLGlossary/AIGlossaryPro/node_modules/highlight.js/lib/languages/rsl.js
Module ID: /Users/pranay/Projects/AIMLGlossary/AIGlossaryPro/node_modules/highlight.js/lib/languages/ruleslanguage.js
✓ Vendor chunk matched: /Users/pranay/Projects/AIMLGlossary/AIGlossaryPro/node_modules/highlight.js/lib/languages/ruleslanguage.js
Module ID: /Users/pranay/Projects/AIMLGlossary/AIGlossaryPro/node_modules/highlight.js/lib/languages/rust.js
✓ Vendor chunk matched: /Users/pranay/Projects/AIMLGlossary/AIGlossaryPro/node_modules/highlight.js/lib/languages/rust.js
Module ID: /Users/pranay/Projects/AIMLGlossary/AIGlossaryPro/node_modules/highlight.js/lib/languages/sas.js
✓ Vendor chunk matched: /Users/pranay/Projects/AIMLGlossary/AIGlossaryPro/node_modules/highlight.js/lib/languages/sas.js
Module ID: /Users/pranay/Projects/AIMLGlossary/AIGlossaryPro/node_modules/highlight.js/lib/languages/scala.js
✓ Vendor chunk matched: /Users/pranay/Projects/AIMLGlossary/AIGlossaryPro/node_modules/highlight.js/lib/languages/scala.js
Module ID: /Users/pranay/Projects/AIMLGlossary/AIGlossaryPro/node_modules/highlight.js/lib/languages/scheme.js
✓ Vendor chunk matched: /Users/pranay/Projects/AIMLGlossary/AIGlossaryPro/node_modules/highlight.js/lib/languages/scheme.js
Module ID: /Users/pranay/Projects/AIMLGlossary/AIGlossaryPro/node_modules/highlight.js/lib/languages/scilab.js
✓ Vendor chunk matched: /Users/pranay/Projects/AIMLGlossary/AIGlossaryPro/node_modules/highlight.js/lib/languages/scilab.js
Module ID: /Users/pranay/Projects/AIMLGlossary/AIGlossaryPro/node_modules/highlight.js/lib/languages/scss.js
✓ Vendor chunk matched: /Users/pranay/Projects/AIMLGlossary/AIGlossaryPro/node_modules/highlight.js/lib/languages/scss.js
Module ID: /Users/pranay/Projects/AIMLGlossary/AIGlossaryPro/node_modules/highlight.js/lib/languages/shell.js
✓ Vendor chunk matched: /Users/pranay/Projects/AIMLGlossary/AIGlossaryPro/node_modules/highlight.js/lib/languages/shell.js
Module ID: /Users/pranay/Projects/AIMLGlossary/AIGlossaryPro/node_modules/highlight.js/lib/languages/smali.js
✓ Vendor chunk matched: /Users/pranay/Projects/AIMLGlossary/AIGlossaryPro/node_modules/highlight.js/lib/languages/smali.js
Module ID: /Users/pranay/Projects/AIMLGlossary/AIGlossaryPro/node_modules/highlight.js/lib/languages/smalltalk.js
✓ Vendor chunk matched: /Users/pranay/Projects/AIMLGlossary/AIGlossaryPro/node_modules/highlight.js/lib/languages/smalltalk.js
Module ID: /Users/pranay/Projects/AIMLGlossary/AIGlossaryPro/node_modules/highlight.js/lib/languages/sml.js
✓ Vendor chunk matched: /Users/pranay/Projects/AIMLGlossary/AIGlossaryPro/node_modules/highlight.js/lib/languages/sml.js
Module ID: /Users/pranay/Projects/AIMLGlossary/AIGlossaryPro/node_modules/highlight.js/lib/languages/sqf.js
✓ Vendor chunk matched: /Users/pranay/Projects/AIMLGlossary/AIGlossaryPro/node_modules/highlight.js/lib/languages/sqf.js
Module ID: /Users/pranay/Projects/AIMLGlossary/AIGlossaryPro/node_modules/highlight.js/lib/languages/sql_more.js
✓ Vendor chunk matched: /Users/pranay/Projects/AIMLGlossary/AIGlossaryPro/node_modules/highlight.js/lib/languages/sql_more.js
Module ID: /Users/pranay/Projects/AIMLGlossary/AIGlossaryPro/node_modules/highlight.js/lib/languages/sql.js
✓ Vendor chunk matched: /Users/pranay/Projects/AIMLGlossary/AIGlossaryPro/node_modules/highlight.js/lib/languages/sql.js
Module ID: /Users/pranay/Projects/AIMLGlossary/AIGlossaryPro/node_modules/highlight.js/lib/languages/stan.js
✓ Vendor chunk matched: /Users/pranay/Projects/AIMLGlossary/AIGlossaryPro/node_modules/highlight.js/lib/languages/stan.js
Module ID: /Users/pranay/Projects/AIMLGlossary/AIGlossaryPro/node_modules/highlight.js/lib/languages/stata.js
✓ Vendor chunk matched: /Users/pranay/Projects/AIMLGlossary/AIGlossaryPro/node_modules/highlight.js/lib/languages/stata.js
Module ID: /Users/pranay/Projects/AIMLGlossary/AIGlossaryPro/node_modules/highlight.js/lib/languages/step21.js
✓ Vendor chunk matched: /Users/pranay/Projects/AIMLGlossary/AIGlossaryPro/node_modules/highlight.js/lib/languages/step21.js
Module ID: /Users/pranay/Projects/AIMLGlossary/AIGlossaryPro/node_modules/highlight.js/lib/languages/stylus.js
✓ Vendor chunk matched: /Users/pranay/Projects/AIMLGlossary/AIGlossaryPro/node_modules/highlight.js/lib/languages/stylus.js
Module ID: /Users/pranay/Projects/AIMLGlossary/AIGlossaryPro/node_modules/highlight.js/lib/languages/subunit.js
✓ Vendor chunk matched: /Users/pranay/Projects/AIMLGlossary/AIGlossaryPro/node_modules/highlight.js/lib/languages/subunit.js
Module ID: /Users/pranay/Projects/AIMLGlossary/AIGlossaryPro/node_modules/highlight.js/lib/languages/swift.js
✓ Vendor chunk matched: /Users/pranay/Projects/AIMLGlossary/AIGlossaryPro/node_modules/highlight.js/lib/languages/swift.js
Module ID: /Users/pranay/Projects/AIMLGlossary/AIGlossaryPro/node_modules/highlight.js/lib/languages/taggerscript.js
✓ Vendor chunk matched: /Users/pranay/Projects/AIMLGlossary/AIGlossaryPro/node_modules/highlight.js/lib/languages/taggerscript.js
Module ID: /Users/pranay/Projects/AIMLGlossary/AIGlossaryPro/node_modules/highlight.js/lib/languages/yaml.js
✓ Vendor chunk matched: /Users/pranay/Projects/AIMLGlossary/AIGlossaryPro/node_modules/highlight.js/lib/languages/yaml.js
Module ID: /Users/pranay/Projects/AIMLGlossary/AIGlossaryPro/node_modules/highlight.js/lib/languages/tap.js
✓ Vendor chunk matched: /Users/pranay/Projects/AIMLGlossary/AIGlossaryPro/node_modules/highlight.js/lib/languages/tap.js
Module ID: /Users/pranay/Projects/AIMLGlossary/AIGlossaryPro/node_modules/highlight.js/lib/languages/tcl.js
✓ Vendor chunk matched: /Users/pranay/Projects/AIMLGlossary/AIGlossaryPro/node_modules/highlight.js/lib/languages/tcl.js
Module ID: /Users/pranay/Projects/AIMLGlossary/AIGlossaryPro/node_modules/highlight.js/lib/languages/thrift.js
✓ Vendor chunk matched: /Users/pranay/Projects/AIMLGlossary/AIGlossaryPro/node_modules/highlight.js/lib/languages/thrift.js
Module ID: /Users/pranay/Projects/AIMLGlossary/AIGlossaryPro/node_modules/highlight.js/lib/languages/tp.js
✓ Vendor chunk matched: /Users/pranay/Projects/AIMLGlossary/AIGlossaryPro/node_modules/highlight.js/lib/languages/tp.js
Module ID: /Users/pranay/Projects/AIMLGlossary/AIGlossaryPro/node_modules/highlight.js/lib/languages/twig.js
✓ Vendor chunk matched: /Users/pranay/Projects/AIMLGlossary/AIGlossaryPro/node_modules/highlight.js/lib/languages/twig.js
Module ID: /Users/pranay/Projects/AIMLGlossary/AIGlossaryPro/node_modules/highlight.js/lib/languages/typescript.js
✓ Vendor chunk matched: /Users/pranay/Projects/AIMLGlossary/AIGlossaryPro/node_modules/highlight.js/lib/languages/typescript.js
Module ID: /Users/pranay/Projects/AIMLGlossary/AIGlossaryPro/node_modules/highlight.js/lib/languages/vala.js
✓ Vendor chunk matched: /Users/pranay/Projects/AIMLGlossary/AIGlossaryPro/node_modules/highlight.js/lib/languages/vala.js
Module ID: /Users/pranay/Projects/AIMLGlossary/AIGlossaryPro/node_modules/highlight.js/lib/languages/vbnet.js
✓ Vendor chunk matched: /Users/pranay/Projects/AIMLGlossary/AIGlossaryPro/node_modules/highlight.js/lib/languages/vbnet.js
Module ID: /Users/pranay/Projects/AIMLGlossary/AIGlossaryPro/node_modules/highlight.js/lib/languages/vbscript.js
✓ Vendor chunk matched: /Users/pranay/Projects/AIMLGlossary/AIGlossaryPro/node_modules/highlight.js/lib/languages/vbscript.js
Module ID: /Users/pranay/Projects/AIMLGlossary/AIGlossaryPro/node_modules/highlight.js/lib/languages/vbscript-html.js
✓ Vendor chunk matched: /Users/pranay/Projects/AIMLGlossary/AIGlossaryPro/node_modules/highlight.js/lib/languages/vbscript-html.js
Module ID: /Users/pranay/Projects/AIMLGlossary/AIGlossaryPro/node_modules/highlight.js/lib/languages/verilog.js
✓ Vendor chunk matched: /Users/pranay/Projects/AIMLGlossary/AIGlossaryPro/node_modules/highlight.js/lib/languages/verilog.js
Module ID: /Users/pranay/Projects/AIMLGlossary/AIGlossaryPro/node_modules/highlight.js/lib/languages/vhdl.js
✓ Vendor chunk matched: /Users/pranay/Projects/AIMLGlossary/AIGlossaryPro/node_modules/highlight.js/lib/languages/vhdl.js
Module ID: /Users/pranay/Projects/AIMLGlossary/AIGlossaryPro/node_modules/highlight.js/lib/languages/vim.js
✓ Vendor chunk matched: /Users/pranay/Projects/AIMLGlossary/AIGlossaryPro/node_modules/highlight.js/lib/languages/vim.js
Module ID: /Users/pranay/Projects/AIMLGlossary/AIGlossaryPro/node_modules/highlight.js/lib/languages/x86asm.js
✓ Vendor chunk matched: /Users/pranay/Projects/AIMLGlossary/AIGlossaryPro/node_modules/highlight.js/lib/languages/x86asm.js
Module ID: /Users/pranay/Projects/AIMLGlossary/AIGlossaryPro/node_modules/highlight.js/lib/languages/xl.js
✓ Vendor chunk matched: /Users/pranay/Projects/AIMLGlossary/AIGlossaryPro/node_modules/highlight.js/lib/languages/xl.js
Module ID: /Users/pranay/Projects/AIMLGlossary/AIGlossaryPro/node_modules/highlight.js/lib/languages/xquery.js
✓ Vendor chunk matched: /Users/pranay/Projects/AIMLGlossary/AIGlossaryPro/node_modules/highlight.js/lib/languages/xquery.js
Module ID: /Users/pranay/Projects/AIMLGlossary/AIGlossaryPro/node_modules/highlight.js/lib/languages/zephir.js
✓ Vendor chunk matched: /Users/pranay/Projects/AIMLGlossary/AIGlossaryPro/node_modules/highlight.js/lib/languages/zephir.js
Module ID: /Users/pranay/Projects/AIMLGlossary/AIGlossaryPro/node_modules/refractor/lang/abap.js
✓ Vendor chunk matched: /Users/pranay/Projects/AIMLGlossary/AIGlossaryPro/node_modules/refractor/lang/abap.js
Module ID: /Users/pranay/Projects/AIMLGlossary/AIGlossaryPro/node_modules/refractor/lang/abnf.js
✓ Vendor chunk matched: /Users/pranay/Projects/AIMLGlossary/AIGlossaryPro/node_modules/refractor/lang/abnf.js
Module ID: /Users/pranay/Projects/AIMLGlossary/AIGlossaryPro/node_modules/refractor/lang/actionscript.js
✓ Vendor chunk matched: /Users/pranay/Projects/AIMLGlossary/AIGlossaryPro/node_modules/refractor/lang/actionscript.js
Module ID: /Users/pranay/Projects/AIMLGlossary/AIGlossaryPro/node_modules/refractor/lang/ada.js
✓ Vendor chunk matched: /Users/pranay/Projects/AIMLGlossary/AIGlossaryPro/node_modules/refractor/lang/ada.js
Module ID: /Users/pranay/Projects/AIMLGlossary/AIGlossaryPro/node_modules/refractor/lang/agda.js
✓ Vendor chunk matched: /Users/pranay/Projects/AIMLGlossary/AIGlossaryPro/node_modules/refractor/lang/agda.js
Module ID: /Users/pranay/Projects/AIMLGlossary/AIGlossaryPro/node_modules/refractor/lang/al.js
✓ Vendor chunk matched: /Users/pranay/Projects/AIMLGlossary/AIGlossaryPro/node_modules/refractor/lang/al.js
Module ID: /Users/pranay/Projects/AIMLGlossary/AIGlossaryPro/node_modules/refractor/lang/antlr4.js
✓ Vendor chunk matched: /Users/pranay/Projects/AIMLGlossary/AIGlossaryPro/node_modules/refractor/lang/antlr4.js
Module ID: /Users/pranay/Projects/AIMLGlossary/AIGlossaryPro/node_modules/refractor/lang/apacheconf.js
✓ Vendor chunk matched: /Users/pranay/Projects/AIMLGlossary/AIGlossaryPro/node_modules/refractor/lang/apacheconf.js
Module ID: /Users/pranay/Projects/AIMLGlossary/AIGlossaryPro/node_modules/refractor/lang/apex.js
✓ Vendor chunk matched: /Users/pranay/Projects/AIMLGlossary/AIGlossaryPro/node_modules/refractor/lang/apex.js
Module ID: /Users/pranay/Projects/AIMLGlossary/AIGlossaryPro/node_modules/refractor/lang/apl.js
✓ Vendor chunk matched: /Users/pranay/Projects/AIMLGlossary/AIGlossaryPro/node_modules/refractor/lang/apl.js
Module ID: /Users/pranay/Projects/AIMLGlossary/AIGlossaryPro/node_modules/refractor/lang/applescript.js
✓ Vendor chunk matched: /Users/pranay/Projects/AIMLGlossary/AIGlossaryPro/node_modules/refractor/lang/applescript.js
Module ID: /Users/pranay/Projects/AIMLGlossary/AIGlossaryPro/node_modules/refractor/lang/aql.js
✓ Vendor chunk matched: /Users/pranay/Projects/AIMLGlossary/AIGlossaryPro/node_modules/refractor/lang/aql.js
Module ID: /Users/pranay/Projects/AIMLGlossary/AIGlossaryPro/node_modules/refractor/lang/arduino.js
✓ Vendor chunk matched: /Users/pranay/Projects/AIMLGlossary/AIGlossaryPro/node_modules/refractor/lang/arduino.js
Module ID: /Users/pranay/Projects/AIMLGlossary/AIGlossaryPro/node_modules/refractor/lang/arff.js
✓ Vendor chunk matched: /Users/pranay/Projects/AIMLGlossary/AIGlossaryPro/node_modules/refractor/lang/arff.js
Module ID: /Users/pranay/Projects/AIMLGlossary/AIGlossaryPro/node_modules/refractor/lang/asciidoc.js
✓ Vendor chunk matched: /Users/pranay/Projects/AIMLGlossary/AIGlossaryPro/node_modules/refractor/lang/asciidoc.js
Module ID: /Users/pranay/Projects/AIMLGlossary/AIGlossaryPro/node_modules/refractor/lang/asm6502.js
✓ Vendor chunk matched: /Users/pranay/Projects/AIMLGlossary/AIGlossaryPro/node_modules/refractor/lang/asm6502.js
Module ID: /Users/pranay/Projects/AIMLGlossary/AIGlossaryPro/node_modules/refractor/lang/asmatmel.js
✓ Vendor chunk matched: /Users/pranay/Projects/AIMLGlossary/AIGlossaryPro/node_modules/refractor/lang/asmatmel.js
Module ID: /Users/pranay/Projects/AIMLGlossary/AIGlossaryPro/node_modules/refractor/lang/aspnet.js
✓ Vendor chunk matched: /Users/pranay/Projects/AIMLGlossary/AIGlossaryPro/node_modules/refractor/lang/aspnet.js
Module ID: /Users/pranay/Projects/AIMLGlossary/AIGlossaryPro/node_modules/refractor/lang/autohotkey.js
✓ Vendor chunk matched: /Users/pranay/Projects/AIMLGlossary/AIGlossaryPro/node_modules/refractor/lang/autohotkey.js
Module ID: /Users/pranay/Projects/AIMLGlossary/AIGlossaryPro/node_modules/refractor/lang/autoit.js
✓ Vendor chunk matched: /Users/pranay/Projects/AIMLGlossary/AIGlossaryPro/node_modules/refractor/lang/autoit.js
Module ID: /Users/pranay/Projects/AIMLGlossary/AIGlossaryPro/node_modules/refractor/lang/avisynth.js
✓ Vendor chunk matched: /Users/pranay/Projects/AIMLGlossary/AIGlossaryPro/node_modules/refractor/lang/avisynth.js
Module ID: /Users/pranay/Projects/AIMLGlossary/AIGlossaryPro/node_modules/refractor/lang/avro-idl.js
✓ Vendor chunk matched: /Users/pranay/Projects/AIMLGlossary/AIGlossaryPro/node_modules/refractor/lang/avro-idl.js
Module ID: /Users/pranay/Projects/AIMLGlossary/AIGlossaryPro/node_modules/refractor/lang/bash.js
✓ Vendor chunk matched: /Users/pranay/Projects/AIMLGlossary/AIGlossaryPro/node_modules/refractor/lang/bash.js
Module ID: /Users/pranay/Projects/AIMLGlossary/AIGlossaryPro/node_modules/refractor/lang/basic.js
✓ Vendor chunk matched: /Users/pranay/Projects/AIMLGlossary/AIGlossaryPro/node_modules/refractor/lang/basic.js
Module ID: /Users/pranay/Projects/AIMLGlossary/AIGlossaryPro/node_modules/refractor/lang/batch.js
✓ Vendor chunk matched: /Users/pranay/Projects/AIMLGlossary/AIGlossaryPro/node_modules/refractor/lang/batch.js
Module ID: /Users/pranay/Projects/AIMLGlossary/AIGlossaryPro/node_modules/refractor/lang/bbcode.js
✓ Vendor chunk matched: /Users/pranay/Projects/AIMLGlossary/AIGlossaryPro/node_modules/refractor/lang/bbcode.js
Module ID: /Users/pranay/Projects/AIMLGlossary/AIGlossaryPro/node_modules/refractor/lang/bicep.js
✓ Vendor chunk matched: /Users/pranay/Projects/AIMLGlossary/AIGlossaryPro/node_modules/refractor/lang/bicep.js
Module ID: /Users/pranay/Projects/AIMLGlossary/AIGlossaryPro/node_modules/refractor/lang/birb.js
✓ Vendor chunk matched: /Users/pranay/Projects/AIMLGlossary/AIGlossaryPro/node_modules/refractor/lang/birb.js
Module ID: /Users/pranay/Projects/AIMLGlossary/AIGlossaryPro/node_modules/refractor/lang/bison.js
✓ Vendor chunk matched: /Users/pranay/Projects/AIMLGlossary/AIGlossaryPro/node_modules/refractor/lang/bison.js
Module ID: /Users/pranay/Projects/AIMLGlossary/AIGlossaryPro/node_modules/refractor/lang/bnf.js
✓ Vendor chunk matched: /Users/pranay/Projects/AIMLGlossary/AIGlossaryPro/node_modules/refractor/lang/bnf.js
Module ID: /Users/pranay/Projects/AIMLGlossary/AIGlossaryPro/node_modules/refractor/lang/brainfuck.js
✓ Vendor chunk matched: /Users/pranay/Projects/AIMLGlossary/AIGlossaryPro/node_modules/refractor/lang/brainfuck.js
Module ID: /Users/pranay/Projects/AIMLGlossary/AIGlossaryPro/node_modules/refractor/lang/brightscript.js
✓ Vendor chunk matched: /Users/pranay/Projects/AIMLGlossary/AIGlossaryPro/node_modules/refractor/lang/brightscript.js
Module ID: /Users/pranay/Projects/AIMLGlossary/AIGlossaryPro/node_modules/refractor/lang/bro.js
✓ Vendor chunk matched: /Users/pranay/Projects/AIMLGlossary/AIGlossaryPro/node_modules/refractor/lang/bro.js
Module ID: /Users/pranay/Projects/AIMLGlossary/AIGlossaryPro/node_modules/refractor/lang/bsl.js
✓ Vendor chunk matched: /Users/pranay/Projects/AIMLGlossary/AIGlossaryPro/node_modules/refractor/lang/bsl.js
Module ID: /Users/pranay/Projects/AIMLGlossary/AIGlossaryPro/node_modules/refractor/lang/c.js
✓ Vendor chunk matched: /Users/pranay/Projects/AIMLGlossary/AIGlossaryPro/node_modules/refractor/lang/c.js
Module ID: /Users/pranay/Projects/AIMLGlossary/AIGlossaryPro/node_modules/refractor/lang/cfscript.js
✓ Vendor chunk matched: /Users/pranay/Projects/AIMLGlossary/AIGlossaryPro/node_modules/refractor/lang/cfscript.js
Module ID: /Users/pranay/Projects/AIMLGlossary/AIGlossaryPro/node_modules/refractor/lang/chaiscript.js
✓ Vendor chunk matched: /Users/pranay/Projects/AIMLGlossary/AIGlossaryPro/node_modules/refractor/lang/chaiscript.js
Module ID: /Users/pranay/Projects/AIMLGlossary/AIGlossaryPro/node_modules/refractor/lang/cil.js
✓ Vendor chunk matched: /Users/pranay/Projects/AIMLGlossary/AIGlossaryPro/node_modules/refractor/lang/cil.js
Module ID: /Users/pranay/Projects/AIMLGlossary/AIGlossaryPro/node_modules/refractor/lang/clojure.js
✓ Vendor chunk matched: /Users/pranay/Projects/AIMLGlossary/AIGlossaryPro/node_modules/refractor/lang/clojure.js
Module ID: /Users/pranay/Projects/AIMLGlossary/AIGlossaryPro/node_modules/refractor/lang/cmake.js
✓ Vendor chunk matched: /Users/pranay/Projects/AIMLGlossary/AIGlossaryPro/node_modules/refractor/lang/cmake.js
Module ID: /Users/pranay/Projects/AIMLGlossary/AIGlossaryPro/node_modules/refractor/lang/cobol.js
✓ Vendor chunk matched: /Users/pranay/Projects/AIMLGlossary/AIGlossaryPro/node_modules/refractor/lang/cobol.js
Module ID: /Users/pranay/Projects/AIMLGlossary/AIGlossaryPro/node_modules/refractor/lang/coffeescript.js
✓ Vendor chunk matched: /Users/pranay/Projects/AIMLGlossary/AIGlossaryPro/node_modules/refractor/lang/coffeescript.js
Module ID: /Users/pranay/Projects/AIMLGlossary/AIGlossaryPro/node_modules/refractor/lang/concurnas.js
✓ Vendor chunk matched: /Users/pranay/Projects/AIMLGlossary/AIGlossaryPro/node_modules/refractor/lang/concurnas.js
Module ID: /Users/pranay/Projects/AIMLGlossary/AIGlossaryPro/node_modules/refractor/lang/coq.js
✓ Vendor chunk matched: /Users/pranay/Projects/AIMLGlossary/AIGlossaryPro/node_modules/refractor/lang/coq.js
Module ID: /Users/pranay/Projects/AIMLGlossary/AIGlossaryPro/node_modules/refractor/lang/cpp.js
✓ Vendor chunk matched: /Users/pranay/Projects/AIMLGlossary/AIGlossaryPro/node_modules/refractor/lang/cpp.js
Module ID: /Users/pranay/Projects/AIMLGlossary/AIGlossaryPro/node_modules/refractor/lang/crystal.js
✓ Vendor chunk matched: /Users/pranay/Projects/AIMLGlossary/AIGlossaryPro/node_modules/refractor/lang/crystal.js
Module ID: /Users/pranay/Projects/AIMLGlossary/AIGlossaryPro/node_modules/refractor/lang/csharp.js
✓ Vendor chunk matched: /Users/pranay/Projects/AIMLGlossary/AIGlossaryPro/node_modules/refractor/lang/csharp.js
Module ID: /Users/pranay/Projects/AIMLGlossary/AIGlossaryPro/node_modules/refractor/lang/cshtml.js
✓ Vendor chunk matched: /Users/pranay/Projects/AIMLGlossary/AIGlossaryPro/node_modules/refractor/lang/cshtml.js
Module ID: /Users/pranay/Projects/AIMLGlossary/AIGlossaryPro/node_modules/refractor/lang/csp.js
✓ Vendor chunk matched: /Users/pranay/Projects/AIMLGlossary/AIGlossaryPro/node_modules/refractor/lang/csp.js
Module ID: /Users/pranay/Projects/AIMLGlossary/AIGlossaryPro/node_modules/refractor/lang/css-extras.js
✓ Vendor chunk matched: /Users/pranay/Projects/AIMLGlossary/AIGlossaryPro/node_modules/refractor/lang/css-extras.js
Module ID: /Users/pranay/Projects/AIMLGlossary/AIGlossaryPro/node_modules/refractor/lang/csv.js
✓ Vendor chunk matched: /Users/pranay/Projects/AIMLGlossary/AIGlossaryPro/node_modules/refractor/lang/csv.js
Module ID: /Users/pranay/Projects/AIMLGlossary/AIGlossaryPro/node_modules/refractor/lang/cypher.js
✓ Vendor chunk matched: /Users/pranay/Projects/AIMLGlossary/AIGlossaryPro/node_modules/refractor/lang/cypher.js
Module ID: /Users/pranay/Projects/AIMLGlossary/AIGlossaryPro/node_modules/refractor/lang/d.js
✓ Vendor chunk matched: /Users/pranay/Projects/AIMLGlossary/AIGlossaryPro/node_modules/refractor/lang/d.js
Module ID: /Users/pranay/Projects/AIMLGlossary/AIGlossaryPro/node_modules/refractor/lang/dart.js
✓ Vendor chunk matched: /Users/pranay/Projects/AIMLGlossary/AIGlossaryPro/node_modules/refractor/lang/dart.js
Module ID: /Users/pranay/Projects/AIMLGlossary/AIGlossaryPro/node_modules/refractor/lang/dataweave.js
✓ Vendor chunk matched: /Users/pranay/Projects/AIMLGlossary/AIGlossaryPro/node_modules/refractor/lang/dataweave.js
Module ID: /Users/pranay/Projects/AIMLGlossary/AIGlossaryPro/node_modules/refractor/lang/dax.js
✓ Vendor chunk matched: /Users/pranay/Projects/AIMLGlossary/AIGlossaryPro/node_modules/refractor/lang/dax.js
Module ID: /Users/pranay/Projects/AIMLGlossary/AIGlossaryPro/node_modules/refractor/lang/dhall.js
✓ Vendor chunk matched: /Users/pranay/Projects/AIMLGlossary/AIGlossaryPro/node_modules/refractor/lang/dhall.js
Module ID: /Users/pranay/Projects/AIMLGlossary/AIGlossaryPro/node_modules/refractor/lang/diff.js
✓ Vendor chunk matched: /Users/pranay/Projects/AIMLGlossary/AIGlossaryPro/node_modules/refractor/lang/diff.js
Module ID: /Users/pranay/Projects/AIMLGlossary/AIGlossaryPro/node_modules/refractor/lang/django.js
✓ Vendor chunk matched: /Users/pranay/Projects/AIMLGlossary/AIGlossaryPro/node_modules/refractor/lang/django.js
Module ID: /Users/pranay/Projects/AIMLGlossary/AIGlossaryPro/node_modules/refractor/lang/dns-zone-file.js
✓ Vendor chunk matched: /Users/pranay/Projects/AIMLGlossary/AIGlossaryPro/node_modules/refractor/lang/dns-zone-file.js
Module ID: /Users/pranay/Projects/AIMLGlossary/AIGlossaryPro/node_modules/refractor/lang/docker.js
✓ Vendor chunk matched: /Users/pranay/Projects/AIMLGlossary/AIGlossaryPro/node_modules/refractor/lang/docker.js
Module ID: /Users/pranay/Projects/AIMLGlossary/AIGlossaryPro/node_modules/refractor/lang/dot.js
✓ Vendor chunk matched: /Users/pranay/Projects/AIMLGlossary/AIGlossaryPro/node_modules/refractor/lang/dot.js
Module ID: /Users/pranay/Projects/AIMLGlossary/AIGlossaryPro/node_modules/refractor/lang/ebnf.js
✓ Vendor chunk matched: /Users/pranay/Projects/AIMLGlossary/AIGlossaryPro/node_modules/refractor/lang/ebnf.js
Module ID: /Users/pranay/Projects/AIMLGlossary/AIGlossaryPro/node_modules/refractor/lang/editorconfig.js
✓ Vendor chunk matched: /Users/pranay/Projects/AIMLGlossary/AIGlossaryPro/node_modules/refractor/lang/editorconfig.js
Module ID: /Users/pranay/Projects/AIMLGlossary/AIGlossaryPro/node_modules/refractor/lang/eiffel.js
✓ Vendor chunk matched: /Users/pranay/Projects/AIMLGlossary/AIGlossaryPro/node_modules/refractor/lang/eiffel.js
Module ID: /Users/pranay/Projects/AIMLGlossary/AIGlossaryPro/node_modules/refractor/lang/ejs.js
✓ Vendor chunk matched: /Users/pranay/Projects/AIMLGlossary/AIGlossaryPro/node_modules/refractor/lang/ejs.js
Module ID: /Users/pranay/Projects/AIMLGlossary/AIGlossaryPro/node_modules/refractor/lang/elixir.js
✓ Vendor chunk matched: /Users/pranay/Projects/AIMLGlossary/AIGlossaryPro/node_modules/refractor/lang/elixir.js
Module ID: /Users/pranay/Projects/AIMLGlossary/AIGlossaryPro/node_modules/refractor/lang/elm.js
✓ Vendor chunk matched: /Users/pranay/Projects/AIMLGlossary/AIGlossaryPro/node_modules/refractor/lang/elm.js
Module ID: /Users/pranay/Projects/AIMLGlossary/AIGlossaryPro/node_modules/refractor/lang/erb.js
✓ Vendor chunk matched: /Users/pranay/Projects/AIMLGlossary/AIGlossaryPro/node_modules/refractor/lang/erb.js
Module ID: /Users/pranay/Projects/AIMLGlossary/AIGlossaryPro/node_modules/refractor/lang/erlang.js
✓ Vendor chunk matched: /Users/pranay/Projects/AIMLGlossary/AIGlossaryPro/node_modules/refractor/lang/erlang.js
Module ID: /Users/pranay/Projects/AIMLGlossary/AIGlossaryPro/node_modules/refractor/lang/etlua.js
✓ Vendor chunk matched: /Users/pranay/Projects/AIMLGlossary/AIGlossaryPro/node_modules/refractor/lang/etlua.js
Module ID: /Users/pranay/Projects/AIMLGlossary/AIGlossaryPro/node_modules/refractor/lang/excel-formula.js
✓ Vendor chunk matched: /Users/pranay/Projects/AIMLGlossary/AIGlossaryPro/node_modules/refractor/lang/excel-formula.js
Module ID: /Users/pranay/Projects/AIMLGlossary/AIGlossaryPro/node_modules/refractor/lang/factor.js
✓ Vendor chunk matched: /Users/pranay/Projects/AIMLGlossary/AIGlossaryPro/node_modules/refractor/lang/factor.js
Module ID: /Users/pranay/Projects/AIMLGlossary/AIGlossaryPro/node_modules/refractor/lang/false.js
✓ Vendor chunk matched: /Users/pranay/Projects/AIMLGlossary/AIGlossaryPro/node_modules/refractor/lang/false.js
Module ID: /Users/pranay/Projects/AIMLGlossary/AIGlossaryPro/node_modules/refractor/lang/firestore-security-rules.js
✓ Vendor chunk matched: /Users/pranay/Projects/AIMLGlossary/AIGlossaryPro/node_modules/refractor/lang/firestore-security-rules.js
Module ID: /Users/pranay/Projects/AIMLGlossary/AIGlossaryPro/node_modules/refractor/lang/flow.js
✓ Vendor chunk matched: /Users/pranay/Projects/AIMLGlossary/AIGlossaryPro/node_modules/refractor/lang/flow.js
Module ID: /Users/pranay/Projects/AIMLGlossary/AIGlossaryPro/node_modules/refractor/lang/fortran.js
✓ Vendor chunk matched: /Users/pranay/Projects/AIMLGlossary/AIGlossaryPro/node_modules/refractor/lang/fortran.js
Module ID: /Users/pranay/Projects/AIMLGlossary/AIGlossaryPro/node_modules/refractor/lang/fsharp.js
✓ Vendor chunk matched: /Users/pranay/Projects/AIMLGlossary/AIGlossaryPro/node_modules/refractor/lang/fsharp.js
Module ID: /Users/pranay/Projects/AIMLGlossary/AIGlossaryPro/node_modules/refractor/lang/ftl.js
✓ Vendor chunk matched: /Users/pranay/Projects/AIMLGlossary/AIGlossaryPro/node_modules/refractor/lang/ftl.js
Module ID: /Users/pranay/Projects/AIMLGlossary/AIGlossaryPro/node_modules/refractor/lang/gap.js
✓ Vendor chunk matched: /Users/pranay/Projects/AIMLGlossary/AIGlossaryPro/node_modules/refractor/lang/gap.js
Module ID: /Users/pranay/Projects/AIMLGlossary/AIGlossaryPro/node_modules/refractor/lang/gcode.js
✓ Vendor chunk matched: /Users/pranay/Projects/AIMLGlossary/AIGlossaryPro/node_modules/refractor/lang/gcode.js
Module ID: /Users/pranay/Projects/AIMLGlossary/AIGlossaryPro/node_modules/refractor/lang/gdscript.js
✓ Vendor chunk matched: /Users/pranay/Projects/AIMLGlossary/AIGlossaryPro/node_modules/refractor/lang/gdscript.js
Module ID: /Users/pranay/Projects/AIMLGlossary/AIGlossaryPro/node_modules/refractor/lang/gedcom.js
✓ Vendor chunk matched: /Users/pranay/Projects/AIMLGlossary/AIGlossaryPro/node_modules/refractor/lang/gedcom.js
Module ID: /Users/pranay/Projects/AIMLGlossary/AIGlossaryPro/node_modules/refractor/lang/gherkin.js
✓ Vendor chunk matched: /Users/pranay/Projects/AIMLGlossary/AIGlossaryPro/node_modules/refractor/lang/gherkin.js
Module ID: /Users/pranay/Projects/AIMLGlossary/AIGlossaryPro/node_modules/refractor/lang/git.js
✓ Vendor chunk matched: /Users/pranay/Projects/AIMLGlossary/AIGlossaryPro/node_modules/refractor/lang/git.js
Module ID: /Users/pranay/Projects/AIMLGlossary/AIGlossaryPro/node_modules/refractor/lang/glsl.js
✓ Vendor chunk matched: /Users/pranay/Projects/AIMLGlossary/AIGlossaryPro/node_modules/refractor/lang/glsl.js
Module ID: /Users/pranay/Projects/AIMLGlossary/AIGlossaryPro/node_modules/refractor/lang/gml.js
✓ Vendor chunk matched: /Users/pranay/Projects/AIMLGlossary/AIGlossaryPro/node_modules/refractor/lang/gml.js
Module ID: /Users/pranay/Projects/AIMLGlossary/AIGlossaryPro/node_modules/refractor/lang/gn.js
✓ Vendor chunk matched: /Users/pranay/Projects/AIMLGlossary/AIGlossaryPro/node_modules/refractor/lang/gn.js
Module ID: /Users/pranay/Projects/AIMLGlossary/AIGlossaryPro/node_modules/refractor/lang/go-module.js
✓ Vendor chunk matched: /Users/pranay/Projects/AIMLGlossary/AIGlossaryPro/node_modules/refractor/lang/go-module.js
Module ID: /Users/pranay/Projects/AIMLGlossary/AIGlossaryPro/node_modules/refractor/lang/go.js
✓ Vendor chunk matched: /Users/pranay/Projects/AIMLGlossary/AIGlossaryPro/node_modules/refractor/lang/go.js
Module ID: /Users/pranay/Projects/AIMLGlossary/AIGlossaryPro/node_modules/refractor/lang/graphql.js
✓ Vendor chunk matched: /Users/pranay/Projects/AIMLGlossary/AIGlossaryPro/node_modules/refractor/lang/graphql.js
Module ID: /Users/pranay/Projects/AIMLGlossary/AIGlossaryPro/node_modules/refractor/lang/groovy.js
✓ Vendor chunk matched: /Users/pranay/Projects/AIMLGlossary/AIGlossaryPro/node_modules/refractor/lang/groovy.js
Module ID: /Users/pranay/Projects/AIMLGlossary/AIGlossaryPro/node_modules/refractor/lang/haml.js
✓ Vendor chunk matched: /Users/pranay/Projects/AIMLGlossary/AIGlossaryPro/node_modules/refractor/lang/haml.js
Module ID: /Users/pranay/Projects/AIMLGlossary/AIGlossaryPro/node_modules/refractor/lang/handlebars.js
✓ Vendor chunk matched: /Users/pranay/Projects/AIMLGlossary/AIGlossaryPro/node_modules/refractor/lang/handlebars.js
Module ID: /Users/pranay/Projects/AIMLGlossary/AIGlossaryPro/node_modules/refractor/lang/haskell.js
✓ Vendor chunk matched: /Users/pranay/Projects/AIMLGlossary/AIGlossaryPro/node_modules/refractor/lang/haskell.js
Module ID: /Users/pranay/Projects/AIMLGlossary/AIGlossaryPro/node_modules/refractor/lang/haxe.js
✓ Vendor chunk matched: /Users/pranay/Projects/AIMLGlossary/AIGlossaryPro/node_modules/refractor/lang/haxe.js
Module ID: /Users/pranay/Projects/AIMLGlossary/AIGlossaryPro/node_modules/refractor/lang/hcl.js
✓ Vendor chunk matched: /Users/pranay/Projects/AIMLGlossary/AIGlossaryPro/node_modules/refractor/lang/hcl.js
Module ID: /Users/pranay/Projects/AIMLGlossary/AIGlossaryPro/node_modules/refractor/lang/hlsl.js
✓ Vendor chunk matched: /Users/pranay/Projects/AIMLGlossary/AIGlossaryPro/node_modules/refractor/lang/hlsl.js
Module ID: /Users/pranay/Projects/AIMLGlossary/AIGlossaryPro/node_modules/refractor/lang/hoon.js
✓ Vendor chunk matched: /Users/pranay/Projects/AIMLGlossary/AIGlossaryPro/node_modules/refractor/lang/hoon.js
Module ID: /Users/pranay/Projects/AIMLGlossary/AIGlossaryPro/node_modules/refractor/lang/hpkp.js
✓ Vendor chunk matched: /Users/pranay/Projects/AIMLGlossary/AIGlossaryPro/node_modules/refractor/lang/hpkp.js
Module ID: /Users/pranay/Projects/AIMLGlossary/AIGlossaryPro/node_modules/refractor/lang/hsts.js
✓ Vendor chunk matched: /Users/pranay/Projects/AIMLGlossary/AIGlossaryPro/node_modules/refractor/lang/hsts.js
Module ID: /Users/pranay/Projects/AIMLGlossary/AIGlossaryPro/node_modules/refractor/lang/http.js
✓ Vendor chunk matched: /Users/pranay/Projects/AIMLGlossary/AIGlossaryPro/node_modules/refractor/lang/http.js
Module ID: /Users/pranay/Projects/AIMLGlossary/AIGlossaryPro/node_modules/refractor/lang/ichigojam.js
✓ Vendor chunk matched: /Users/pranay/Projects/AIMLGlossary/AIGlossaryPro/node_modules/refractor/lang/ichigojam.js
Module ID: /Users/pranay/Projects/AIMLGlossary/AIGlossaryPro/node_modules/refractor/lang/icon.js
✓ Vendor chunk matched: /Users/pranay/Projects/AIMLGlossary/AIGlossaryPro/node_modules/refractor/lang/icon.js
Module ID: /Users/pranay/Projects/AIMLGlossary/AIGlossaryPro/node_modules/refractor/lang/icu-message-format.js
✓ Vendor chunk matched: /Users/pranay/Projects/AIMLGlossary/AIGlossaryPro/node_modules/refractor/lang/icu-message-format.js
Module ID: /Users/pranay/Projects/AIMLGlossary/AIGlossaryPro/node_modules/refractor/lang/idris.js
✓ Vendor chunk matched: /Users/pranay/Projects/AIMLGlossary/AIGlossaryPro/node_modules/refractor/lang/idris.js
Module ID: /Users/pranay/Projects/AIMLGlossary/AIGlossaryPro/node_modules/refractor/lang/iecst.js
✓ Vendor chunk matched: /Users/pranay/Projects/AIMLGlossary/AIGlossaryPro/node_modules/refractor/lang/iecst.js
Module ID: /Users/pranay/Projects/AIMLGlossary/AIGlossaryPro/node_modules/refractor/lang/ignore.js
✓ Vendor chunk matched: /Users/pranay/Projects/AIMLGlossary/AIGlossaryPro/node_modules/refractor/lang/ignore.js
Module ID: /Users/pranay/Projects/AIMLGlossary/AIGlossaryPro/node_modules/refractor/lang/inform7.js
✓ Vendor chunk matched: /Users/pranay/Projects/AIMLGlossary/AIGlossaryPro/node_modules/refractor/lang/inform7.js
Module ID: /Users/pranay/Projects/AIMLGlossary/AIGlossaryPro/node_modules/refractor/lang/ini.js
✓ Vendor chunk matched: /Users/pranay/Projects/AIMLGlossary/AIGlossaryPro/node_modules/refractor/lang/ini.js
Module ID: /Users/pranay/Projects/AIMLGlossary/AIGlossaryPro/node_modules/refractor/lang/io.js
✓ Vendor chunk matched: /Users/pranay/Projects/AIMLGlossary/AIGlossaryPro/node_modules/refractor/lang/io.js
Module ID: /Users/pranay/Projects/AIMLGlossary/AIGlossaryPro/node_modules/refractor/lang/j.js
✓ Vendor chunk matched: /Users/pranay/Projects/AIMLGlossary/AIGlossaryPro/node_modules/refractor/lang/j.js
Module ID: /Users/pranay/Projects/AIMLGlossary/AIGlossaryPro/node_modules/refractor/lang/java.js
✓ Vendor chunk matched: /Users/pranay/Projects/AIMLGlossary/AIGlossaryPro/node_modules/refractor/lang/java.js
Module ID: /Users/pranay/Projects/AIMLGlossary/AIGlossaryPro/node_modules/refractor/lang/javadoc.js
✓ Vendor chunk matched: /Users/pranay/Projects/AIMLGlossary/AIGlossaryPro/node_modules/refractor/lang/javadoc.js
Module ID: /Users/pranay/Projects/AIMLGlossary/AIGlossaryPro/node_modules/refractor/lang/javadoclike.js
✓ Vendor chunk matched: /Users/pranay/Projects/AIMLGlossary/AIGlossaryPro/node_modules/refractor/lang/javadoclike.js
Module ID: /Users/pranay/Projects/AIMLGlossary/AIGlossaryPro/node_modules/refractor/lang/javastacktrace.js
✓ Vendor chunk matched: /Users/pranay/Projects/AIMLGlossary/AIGlossaryPro/node_modules/refractor/lang/javastacktrace.js
Module ID: /Users/pranay/Projects/AIMLGlossary/AIGlossaryPro/node_modules/refractor/lang/jexl.js
✓ Vendor chunk matched: /Users/pranay/Projects/AIMLGlossary/AIGlossaryPro/node_modules/refractor/lang/jexl.js
Module ID: /Users/pranay/Projects/AIMLGlossary/AIGlossaryPro/node_modules/refractor/lang/jolie.js
✓ Vendor chunk matched: /Users/pranay/Projects/AIMLGlossary/AIGlossaryPro/node_modules/refractor/lang/jolie.js
Module ID: /Users/pranay/Projects/AIMLGlossary/AIGlossaryPro/node_modules/refractor/lang/jq.js
✓ Vendor chunk matched: /Users/pranay/Projects/AIMLGlossary/AIGlossaryPro/node_modules/refractor/lang/jq.js
Module ID: /Users/pranay/Projects/AIMLGlossary/AIGlossaryPro/node_modules/refractor/lang/js-extras.js
✓ Vendor chunk matched: /Users/pranay/Projects/AIMLGlossary/AIGlossaryPro/node_modules/refractor/lang/js-extras.js
Module ID: /Users/pranay/Projects/AIMLGlossary/AIGlossaryPro/node_modules/refractor/lang/js-templates.js
✓ Vendor chunk matched: /Users/pranay/Projects/AIMLGlossary/AIGlossaryPro/node_modules/refractor/lang/js-templates.js
Module ID: /Users/pranay/Projects/AIMLGlossary/AIGlossaryPro/node_modules/refractor/lang/jsdoc.js
✓ Vendor chunk matched: /Users/pranay/Projects/AIMLGlossary/AIGlossaryPro/node_modules/refractor/lang/jsdoc.js
Module ID: /Users/pranay/Projects/AIMLGlossary/AIGlossaryPro/node_modules/refractor/lang/json.js
✓ Vendor chunk matched: /Users/pranay/Projects/AIMLGlossary/AIGlossaryPro/node_modules/refractor/lang/json.js
Module ID: /Users/pranay/Projects/AIMLGlossary/AIGlossaryPro/node_modules/refractor/lang/json5.js
✓ Vendor chunk matched: /Users/pranay/Projects/AIMLGlossary/AIGlossaryPro/node_modules/refractor/lang/json5.js
Module ID: /Users/pranay/Projects/AIMLGlossary/AIGlossaryPro/node_modules/refractor/lang/jsonp.js
✓ Vendor chunk matched: /Users/pranay/Projects/AIMLGlossary/AIGlossaryPro/node_modules/refractor/lang/jsonp.js
Module ID: /Users/pranay/Projects/AIMLGlossary/AIGlossaryPro/node_modules/refractor/lang/jsstacktrace.js
✓ Vendor chunk matched: /Users/pranay/Projects/AIMLGlossary/AIGlossaryPro/node_modules/refractor/lang/jsstacktrace.js
Module ID: /Users/pranay/Projects/AIMLGlossary/AIGlossaryPro/node_modules/refractor/lang/jsx.js
✓ Vendor chunk matched: /Users/pranay/Projects/AIMLGlossary/AIGlossaryPro/node_modules/refractor/lang/jsx.js
Module ID: /Users/pranay/Projects/AIMLGlossary/AIGlossaryPro/node_modules/refractor/lang/julia.js
✓ Vendor chunk matched: /Users/pranay/Projects/AIMLGlossary/AIGlossaryPro/node_modules/refractor/lang/julia.js
Module ID: /Users/pranay/Projects/AIMLGlossary/AIGlossaryPro/node_modules/refractor/lang/keepalived.js
✓ Vendor chunk matched: /Users/pranay/Projects/AIMLGlossary/AIGlossaryPro/node_modules/refractor/lang/keepalived.js
Module ID: /Users/pranay/Projects/AIMLGlossary/AIGlossaryPro/node_modules/refractor/lang/keyman.js
✓ Vendor chunk matched: /Users/pranay/Projects/AIMLGlossary/AIGlossaryPro/node_modules/refractor/lang/keyman.js
Module ID: /Users/pranay/Projects/AIMLGlossary/AIGlossaryPro/node_modules/refractor/lang/kotlin.js
✓ Vendor chunk matched: /Users/pranay/Projects/AIMLGlossary/AIGlossaryPro/node_modules/refractor/lang/kotlin.js
Module ID: /Users/pranay/Projects/AIMLGlossary/AIGlossaryPro/node_modules/refractor/lang/kumir.js
✓ Vendor chunk matched: /Users/pranay/Projects/AIMLGlossary/AIGlossaryPro/node_modules/refractor/lang/kumir.js
Module ID: /Users/pranay/Projects/AIMLGlossary/AIGlossaryPro/node_modules/refractor/lang/kusto.js
✓ Vendor chunk matched: /Users/pranay/Projects/AIMLGlossary/AIGlossaryPro/node_modules/refractor/lang/kusto.js
Module ID: /Users/pranay/Projects/AIMLGlossary/AIGlossaryPro/node_modules/refractor/lang/latex.js
✓ Vendor chunk matched: /Users/pranay/Projects/AIMLGlossary/AIGlossaryPro/node_modules/refractor/lang/latex.js
Module ID: /Users/pranay/Projects/AIMLGlossary/AIGlossaryPro/node_modules/refractor/lang/latte.js
✓ Vendor chunk matched: /Users/pranay/Projects/AIMLGlossary/AIGlossaryPro/node_modules/refractor/lang/latte.js
Module ID: /Users/pranay/Projects/AIMLGlossary/AIGlossaryPro/node_modules/refractor/lang/less.js
✓ Vendor chunk matched: /Users/pranay/Projects/AIMLGlossary/AIGlossaryPro/node_modules/refractor/lang/less.js
Module ID: /Users/pranay/Projects/AIMLGlossary/AIGlossaryPro/node_modules/refractor/lang/lilypond.js
✓ Vendor chunk matched: /Users/pranay/Projects/AIMLGlossary/AIGlossaryPro/node_modules/refractor/lang/lilypond.js
Module ID: /Users/pranay/Projects/AIMLGlossary/AIGlossaryPro/node_modules/refractor/lang/liquid.js
✓ Vendor chunk matched: /Users/pranay/Projects/AIMLGlossary/AIGlossaryPro/node_modules/refractor/lang/liquid.js
Module ID: /Users/pranay/Projects/AIMLGlossary/AIGlossaryPro/node_modules/refractor/lang/lisp.js
✓ Vendor chunk matched: /Users/pranay/Projects/AIMLGlossary/AIGlossaryPro/node_modules/refractor/lang/lisp.js
Module ID: /Users/pranay/Projects/AIMLGlossary/AIGlossaryPro/node_modules/refractor/lang/livescript.js
✓ Vendor chunk matched: /Users/pranay/Projects/AIMLGlossary/AIGlossaryPro/node_modules/refractor/lang/livescript.js
Module ID: /Users/pranay/Projects/AIMLGlossary/AIGlossaryPro/node_modules/refractor/lang/llvm.js
✓ Vendor chunk matched: /Users/pranay/Projects/AIMLGlossary/AIGlossaryPro/node_modules/refractor/lang/llvm.js
Module ID: /Users/pranay/Projects/AIMLGlossary/AIGlossaryPro/node_modules/refractor/lang/log.js
✓ Vendor chunk matched: /Users/pranay/Projects/AIMLGlossary/AIGlossaryPro/node_modules/refractor/lang/log.js
Module ID: /Users/pranay/Projects/AIMLGlossary/AIGlossaryPro/node_modules/refractor/lang/lolcode.js
✓ Vendor chunk matched: /Users/pranay/Projects/AIMLGlossary/AIGlossaryPro/node_modules/refractor/lang/lolcode.js
Module ID: /Users/pranay/Projects/AIMLGlossary/AIGlossaryPro/node_modules/refractor/lang/lua.js
✓ Vendor chunk matched: /Users/pranay/Projects/AIMLGlossary/AIGlossaryPro/node_modules/refractor/lang/lua.js
Module ID: /Users/pranay/Projects/AIMLGlossary/AIGlossaryPro/node_modules/refractor/lang/magma.js
✓ Vendor chunk matched: /Users/pranay/Projects/AIMLGlossary/AIGlossaryPro/node_modules/refractor/lang/magma.js
Module ID: /Users/pranay/Projects/AIMLGlossary/AIGlossaryPro/node_modules/refractor/lang/makefile.js
✓ Vendor chunk matched: /Users/pranay/Projects/AIMLGlossary/AIGlossaryPro/node_modules/refractor/lang/makefile.js
Module ID: /Users/pranay/Projects/AIMLGlossary/AIGlossaryPro/node_modules/refractor/lang/markdown.js
✓ Vendor chunk matched: /Users/pranay/Projects/AIMLGlossary/AIGlossaryPro/node_modules/refractor/lang/markdown.js
Module ID: /Users/pranay/Projects/AIMLGlossary/AIGlossaryPro/node_modules/refractor/lang/markup-templating.js
✓ Vendor chunk matched: /Users/pranay/Projects/AIMLGlossary/AIGlossaryPro/node_modules/refractor/lang/markup-templating.js
Module ID: /Users/pranay/Projects/AIMLGlossary/AIGlossaryPro/node_modules/refractor/lang/matlab.js
✓ Vendor chunk matched: /Users/pranay/Projects/AIMLGlossary/AIGlossaryPro/node_modules/refractor/lang/matlab.js
Module ID: /Users/pranay/Projects/AIMLGlossary/AIGlossaryPro/node_modules/refractor/lang/maxscript.js
✓ Vendor chunk matched: /Users/pranay/Projects/AIMLGlossary/AIGlossaryPro/node_modules/refractor/lang/maxscript.js
Module ID: /Users/pranay/Projects/AIMLGlossary/AIGlossaryPro/node_modules/refractor/lang/mel.js
✓ Vendor chunk matched: /Users/pranay/Projects/AIMLGlossary/AIGlossaryPro/node_modules/refractor/lang/mel.js
Module ID: /Users/pranay/Projects/AIMLGlossary/AIGlossaryPro/node_modules/refractor/lang/mermaid.js
✓ Vendor chunk matched: /Users/pranay/Projects/AIMLGlossary/AIGlossaryPro/node_modules/refractor/lang/mermaid.js
Module ID: /Users/pranay/Projects/AIMLGlossary/AIGlossaryPro/node_modules/refractor/lang/mizar.js
✓ Vendor chunk matched: /Users/pranay/Projects/AIMLGlossary/AIGlossaryPro/node_modules/refractor/lang/mizar.js
Module ID: /Users/pranay/Projects/AIMLGlossary/AIGlossaryPro/node_modules/refractor/lang/mongodb.js
✓ Vendor chunk matched: /Users/pranay/Projects/AIMLGlossary/AIGlossaryPro/node_modules/refractor/lang/mongodb.js
Module ID: /Users/pranay/Projects/AIMLGlossary/AIGlossaryPro/node_modules/refractor/lang/monkey.js
✓ Vendor chunk matched: /Users/pranay/Projects/AIMLGlossary/AIGlossaryPro/node_modules/refractor/lang/monkey.js
Module ID: /Users/pranay/Projects/AIMLGlossary/AIGlossaryPro/node_modules/refractor/lang/moonscript.js
✓ Vendor chunk matched: /Users/pranay/Projects/AIMLGlossary/AIGlossaryPro/node_modules/refractor/lang/moonscript.js
Module ID: /Users/pranay/Projects/AIMLGlossary/AIGlossaryPro/node_modules/refractor/lang/n1ql.js
✓ Vendor chunk matched: /Users/pranay/Projects/AIMLGlossary/AIGlossaryPro/node_modules/refractor/lang/n1ql.js
Module ID: /Users/pranay/Projects/AIMLGlossary/AIGlossaryPro/node_modules/refractor/lang/n4js.js
✓ Vendor chunk matched: /Users/pranay/Projects/AIMLGlossary/AIGlossaryPro/node_modules/refractor/lang/n4js.js
Module ID: /Users/pranay/Projects/AIMLGlossary/AIGlossaryPro/node_modules/refractor/lang/nand2tetris-hdl.js
✓ Vendor chunk matched: /Users/pranay/Projects/AIMLGlossary/AIGlossaryPro/node_modules/refractor/lang/nand2tetris-hdl.js
Module ID: /Users/pranay/Projects/AIMLGlossary/AIGlossaryPro/node_modules/refractor/lang/naniscript.js
✓ Vendor chunk matched: /Users/pranay/Projects/AIMLGlossary/AIGlossaryPro/node_modules/refractor/lang/naniscript.js
Module ID: /Users/pranay/Projects/AIMLGlossary/AIGlossaryPro/node_modules/refractor/lang/nasm.js
✓ Vendor chunk matched: /Users/pranay/Projects/AIMLGlossary/AIGlossaryPro/node_modules/refractor/lang/nasm.js
Module ID: /Users/pranay/Projects/AIMLGlossary/AIGlossaryPro/node_modules/refractor/lang/neon.js
✓ Vendor chunk matched: /Users/pranay/Projects/AIMLGlossary/AIGlossaryPro/node_modules/refractor/lang/neon.js
Module ID: /Users/pranay/Projects/AIMLGlossary/AIGlossaryPro/node_modules/refractor/lang/nevod.js
✓ Vendor chunk matched: /Users/pranay/Projects/AIMLGlossary/AIGlossaryPro/node_modules/refractor/lang/nevod.js
Module ID: /Users/pranay/Projects/AIMLGlossary/AIGlossaryPro/node_modules/refractor/lang/nginx.js
✓ Vendor chunk matched: /Users/pranay/Projects/AIMLGlossary/AIGlossaryPro/node_modules/refractor/lang/nginx.js
Module ID: /Users/pranay/Projects/AIMLGlossary/AIGlossaryPro/node_modules/refractor/lang/nim.js
✓ Vendor chunk matched: /Users/pranay/Projects/AIMLGlossary/AIGlossaryPro/node_modules/refractor/lang/nim.js
Module ID: /Users/pranay/Projects/AIMLGlossary/AIGlossaryPro/node_modules/refractor/lang/nix.js
✓ Vendor chunk matched: /Users/pranay/Projects/AIMLGlossary/AIGlossaryPro/node_modules/refractor/lang/nix.js
Module ID: /Users/pranay/Projects/AIMLGlossary/AIGlossaryPro/node_modules/refractor/lang/nsis.js
✓ Vendor chunk matched: /Users/pranay/Projects/AIMLGlossary/AIGlossaryPro/node_modules/refractor/lang/nsis.js
Module ID: /Users/pranay/Projects/AIMLGlossary/AIGlossaryPro/node_modules/refractor/lang/objectivec.js
✓ Vendor chunk matched: /Users/pranay/Projects/AIMLGlossary/AIGlossaryPro/node_modules/refractor/lang/objectivec.js
Module ID: /Users/pranay/Projects/AIMLGlossary/AIGlossaryPro/node_modules/refractor/lang/ocaml.js
✓ Vendor chunk matched: /Users/pranay/Projects/AIMLGlossary/AIGlossaryPro/node_modules/refractor/lang/ocaml.js
Module ID: /Users/pranay/Projects/AIMLGlossary/AIGlossaryPro/node_modules/refractor/lang/opencl.js
✓ Vendor chunk matched: /Users/pranay/Projects/AIMLGlossary/AIGlossaryPro/node_modules/refractor/lang/opencl.js
Module ID: /Users/pranay/Projects/AIMLGlossary/AIGlossaryPro/node_modules/refractor/lang/openqasm.js
✓ Vendor chunk matched: /Users/pranay/Projects/AIMLGlossary/AIGlossaryPro/node_modules/refractor/lang/openqasm.js
Module ID: /Users/pranay/Projects/AIMLGlossary/AIGlossaryPro/node_modules/refractor/lang/oz.js
✓ Vendor chunk matched: /Users/pranay/Projects/AIMLGlossary/AIGlossaryPro/node_modules/refractor/lang/oz.js
Module ID: /Users/pranay/Projects/AIMLGlossary/AIGlossaryPro/node_modules/refractor/lang/parigp.js
✓ Vendor chunk matched: /Users/pranay/Projects/AIMLGlossary/AIGlossaryPro/node_modules/refractor/lang/parigp.js
Module ID: /Users/pranay/Projects/AIMLGlossary/AIGlossaryPro/node_modules/refractor/lang/parser.js
✓ Vendor chunk matched: /Users/pranay/Projects/AIMLGlossary/AIGlossaryPro/node_modules/refractor/lang/parser.js
Module ID: /Users/pranay/Projects/AIMLGlossary/AIGlossaryPro/node_modules/refractor/lang/pascal.js
✓ Vendor chunk matched: /Users/pranay/Projects/AIMLGlossary/AIGlossaryPro/node_modules/refractor/lang/pascal.js
Module ID: /Users/pranay/Projects/AIMLGlossary/AIGlossaryPro/node_modules/refractor/lang/pascaligo.js
✓ Vendor chunk matched: /Users/pranay/Projects/AIMLGlossary/AIGlossaryPro/node_modules/refractor/lang/pascaligo.js
Module ID: /Users/pranay/Projects/AIMLGlossary/AIGlossaryPro/node_modules/refractor/lang/pcaxis.js
✓ Vendor chunk matched: /Users/pranay/Projects/AIMLGlossary/AIGlossaryPro/node_modules/refractor/lang/pcaxis.js
Module ID: /Users/pranay/Projects/AIMLGlossary/AIGlossaryPro/node_modules/refractor/lang/peoplecode.js
✓ Vendor chunk matched: /Users/pranay/Projects/AIMLGlossary/AIGlossaryPro/node_modules/refractor/lang/peoplecode.js
Module ID: /Users/pranay/Projects/AIMLGlossary/AIGlossaryPro/node_modules/refractor/lang/perl.js
✓ Vendor chunk matched: /Users/pranay/Projects/AIMLGlossary/AIGlossaryPro/node_modules/refractor/lang/perl.js
Module ID: /Users/pranay/Projects/AIMLGlossary/AIGlossaryPro/node_modules/refractor/lang/php-extras.js
✓ Vendor chunk matched: /Users/pranay/Projects/AIMLGlossary/AIGlossaryPro/node_modules/refractor/lang/php-extras.js
Module ID: /Users/pranay/Projects/AIMLGlossary/AIGlossaryPro/node_modules/refractor/lang/php.js
✓ Vendor chunk matched: /Users/pranay/Projects/AIMLGlossary/AIGlossaryPro/node_modules/refractor/lang/php.js
Module ID: /Users/pranay/Projects/AIMLGlossary/AIGlossaryPro/node_modules/refractor/lang/phpdoc.js
✓ Vendor chunk matched: /Users/pranay/Projects/AIMLGlossary/AIGlossaryPro/node_modules/refractor/lang/phpdoc.js
Module ID: /Users/pranay/Projects/AIMLGlossary/AIGlossaryPro/node_modules/refractor/lang/plsql.js
✓ Vendor chunk matched: /Users/pranay/Projects/AIMLGlossary/AIGlossaryPro/node_modules/refractor/lang/plsql.js
Module ID: /Users/pranay/Projects/AIMLGlossary/AIGlossaryPro/node_modules/refractor/lang/powerquery.js
✓ Vendor chunk matched: /Users/pranay/Projects/AIMLGlossary/AIGlossaryPro/node_modules/refractor/lang/powerquery.js
Module ID: /Users/pranay/Projects/AIMLGlossary/AIGlossaryPro/node_modules/refractor/lang/powershell.js
✓ Vendor chunk matched: /Users/pranay/Projects/AIMLGlossary/AIGlossaryPro/node_modules/refractor/lang/powershell.js
Module ID: /Users/pranay/Projects/AIMLGlossary/AIGlossaryPro/node_modules/refractor/lang/processing.js
✓ Vendor chunk matched: /Users/pranay/Projects/AIMLGlossary/AIGlossaryPro/node_modules/refractor/lang/processing.js
Module ID: /Users/pranay/Projects/AIMLGlossary/AIGlossaryPro/node_modules/refractor/lang/prolog.js
✓ Vendor chunk matched: /Users/pranay/Projects/AIMLGlossary/AIGlossaryPro/node_modules/refractor/lang/prolog.js
Module ID: /Users/pranay/Projects/AIMLGlossary/AIGlossaryPro/node_modules/refractor/lang/promql.js
✓ Vendor chunk matched: /Users/pranay/Projects/AIMLGlossary/AIGlossaryPro/node_modules/refractor/lang/promql.js
Module ID: /Users/pranay/Projects/AIMLGlossary/AIGlossaryPro/node_modules/refractor/lang/properties.js
✓ Vendor chunk matched: /Users/pranay/Projects/AIMLGlossary/AIGlossaryPro/node_modules/refractor/lang/properties.js
Module ID: /Users/pranay/Projects/AIMLGlossary/AIGlossaryPro/node_modules/refractor/lang/protobuf.js
✓ Vendor chunk matched: /Users/pranay/Projects/AIMLGlossary/AIGlossaryPro/node_modules/refractor/lang/protobuf.js
Module ID: /Users/pranay/Projects/AIMLGlossary/AIGlossaryPro/node_modules/refractor/lang/psl.js
✓ Vendor chunk matched: /Users/pranay/Projects/AIMLGlossary/AIGlossaryPro/node_modules/refractor/lang/psl.js
Module ID: /Users/pranay/Projects/AIMLGlossary/AIGlossaryPro/node_modules/refractor/lang/pug.js
✓ Vendor chunk matched: /Users/pranay/Projects/AIMLGlossary/AIGlossaryPro/node_modules/refractor/lang/pug.js
Module ID: /Users/pranay/Projects/AIMLGlossary/AIGlossaryPro/node_modules/refractor/lang/puppet.js
✓ Vendor chunk matched: /Users/pranay/Projects/AIMLGlossary/AIGlossaryPro/node_modules/refractor/lang/puppet.js
Module ID: /Users/pranay/Projects/AIMLGlossary/AIGlossaryPro/node_modules/refractor/lang/pure.js
✓ Vendor chunk matched: /Users/pranay/Projects/AIMLGlossary/AIGlossaryPro/node_modules/refractor/lang/pure.js
Module ID: /Users/pranay/Projects/AIMLGlossary/AIGlossaryPro/node_modules/refractor/lang/purebasic.js
✓ Vendor chunk matched: /Users/pranay/Projects/AIMLGlossary/AIGlossaryPro/node_modules/refractor/lang/purebasic.js
Module ID: /Users/pranay/Projects/AIMLGlossary/AIGlossaryPro/node_modules/refractor/lang/purescript.js
✓ Vendor chunk matched: /Users/pranay/Projects/AIMLGlossary/AIGlossaryPro/node_modules/refractor/lang/purescript.js
Module ID: /Users/pranay/Projects/AIMLGlossary/AIGlossaryPro/node_modules/refractor/lang/python.js
✓ Vendor chunk matched: /Users/pranay/Projects/AIMLGlossary/AIGlossaryPro/node_modules/refractor/lang/python.js
Module ID: /Users/pranay/Projects/AIMLGlossary/AIGlossaryPro/node_modules/refractor/lang/q.js
✓ Vendor chunk matched: /Users/pranay/Projects/AIMLGlossary/AIGlossaryPro/node_modules/refractor/lang/q.js
Module ID: /Users/pranay/Projects/AIMLGlossary/AIGlossaryPro/node_modules/refractor/lang/qml.js
✓ Vendor chunk matched: /Users/pranay/Projects/AIMLGlossary/AIGlossaryPro/node_modules/refractor/lang/qml.js
Module ID: /Users/pranay/Projects/AIMLGlossary/AIGlossaryPro/node_modules/refractor/lang/qore.js
✓ Vendor chunk matched: /Users/pranay/Projects/AIMLGlossary/AIGlossaryPro/node_modules/refractor/lang/qore.js
Module ID: /Users/pranay/Projects/AIMLGlossary/AIGlossaryPro/node_modules/refractor/lang/qsharp.js
✓ Vendor chunk matched: /Users/pranay/Projects/AIMLGlossary/AIGlossaryPro/node_modules/refractor/lang/qsharp.js
Module ID: /Users/pranay/Projects/AIMLGlossary/AIGlossaryPro/node_modules/refractor/lang/r.js
✓ Vendor chunk matched: /Users/pranay/Projects/AIMLGlossary/AIGlossaryPro/node_modules/refractor/lang/r.js
Module ID: /Users/pranay/Projects/AIMLGlossary/AIGlossaryPro/node_modules/refractor/lang/racket.js
✓ Vendor chunk matched: /Users/pranay/Projects/AIMLGlossary/AIGlossaryPro/node_modules/refractor/lang/racket.js
Module ID: /Users/pranay/Projects/AIMLGlossary/AIGlossaryPro/node_modules/refractor/lang/reason.js
✓ Vendor chunk matched: /Users/pranay/Projects/AIMLGlossary/AIGlossaryPro/node_modules/refractor/lang/reason.js
Module ID: /Users/pranay/Projects/AIMLGlossary/AIGlossaryPro/node_modules/refractor/lang/regex.js
✓ Vendor chunk matched: /Users/pranay/Projects/AIMLGlossary/AIGlossaryPro/node_modules/refractor/lang/regex.js
Module ID: /Users/pranay/Projects/AIMLGlossary/AIGlossaryPro/node_modules/refractor/lang/rego.js
✓ Vendor chunk matched: /Users/pranay/Projects/AIMLGlossary/AIGlossaryPro/node_modules/refractor/lang/rego.js
Module ID: /Users/pranay/Projects/AIMLGlossary/AIGlossaryPro/node_modules/refractor/lang/renpy.js
✓ Vendor chunk matched: /Users/pranay/Projects/AIMLGlossary/AIGlossaryPro/node_modules/refractor/lang/renpy.js
Module ID: /Users/pranay/Projects/AIMLGlossary/AIGlossaryPro/node_modules/refractor/lang/rest.js
✓ Vendor chunk matched: /Users/pranay/Projects/AIMLGlossary/AIGlossaryPro/node_modules/refractor/lang/rest.js
Module ID: /Users/pranay/Projects/AIMLGlossary/AIGlossaryPro/node_modules/refractor/lang/rip.js
✓ Vendor chunk matched: /Users/pranay/Projects/AIMLGlossary/AIGlossaryPro/node_modules/refractor/lang/rip.js
Module ID: /Users/pranay/Projects/AIMLGlossary/AIGlossaryPro/node_modules/refractor/lang/roboconf.js
✓ Vendor chunk matched: /Users/pranay/Projects/AIMLGlossary/AIGlossaryPro/node_modules/refractor/lang/roboconf.js
Module ID: /Users/pranay/Projects/AIMLGlossary/AIGlossaryPro/node_modules/refractor/lang/robotframework.js
✓ Vendor chunk matched: /Users/pranay/Projects/AIMLGlossary/AIGlossaryPro/node_modules/refractor/lang/robotframework.js
Module ID: /Users/pranay/Projects/AIMLGlossary/AIGlossaryPro/node_modules/refractor/lang/ruby.js
✓ Vendor chunk matched: /Users/pranay/Projects/AIMLGlossary/AIGlossaryPro/node_modules/refractor/lang/ruby.js
Module ID: /Users/pranay/Projects/AIMLGlossary/AIGlossaryPro/node_modules/refractor/lang/rust.js
✓ Vendor chunk matched: /Users/pranay/Projects/AIMLGlossary/AIGlossaryPro/node_modules/refractor/lang/rust.js
Module ID: /Users/pranay/Projects/AIMLGlossary/AIGlossaryPro/node_modules/refractor/lang/sas.js
✓ Vendor chunk matched: /Users/pranay/Projects/AIMLGlossary/AIGlossaryPro/node_modules/refractor/lang/sas.js
Module ID: /Users/pranay/Projects/AIMLGlossary/AIGlossaryPro/node_modules/refractor/lang/sass.js
✓ Vendor chunk matched: /Users/pranay/Projects/AIMLGlossary/AIGlossaryPro/node_modules/refractor/lang/sass.js
Module ID: /Users/pranay/Projects/AIMLGlossary/AIGlossaryPro/node_modules/refractor/lang/scala.js
✓ Vendor chunk matched: /Users/pranay/Projects/AIMLGlossary/AIGlossaryPro/node_modules/refractor/lang/scala.js
Module ID: /Users/pranay/Projects/AIMLGlossary/AIGlossaryPro/node_modules/refractor/lang/scheme.js
✓ Vendor chunk matched: /Users/pranay/Projects/AIMLGlossary/AIGlossaryPro/node_modules/refractor/lang/scheme.js
Module ID: /Users/pranay/Projects/AIMLGlossary/AIGlossaryPro/node_modules/refractor/lang/scss.js
✓ Vendor chunk matched: /Users/pranay/Projects/AIMLGlossary/AIGlossaryPro/node_modules/refractor/lang/scss.js
Module ID: /Users/pranay/Projects/AIMLGlossary/AIGlossaryPro/node_modules/refractor/lang/shell-session.js
✓ Vendor chunk matched: /Users/pranay/Projects/AIMLGlossary/AIGlossaryPro/node_modules/refractor/lang/shell-session.js
Module ID: /Users/pranay/Projects/AIMLGlossary/AIGlossaryPro/node_modules/refractor/lang/smali.js
✓ Vendor chunk matched: /Users/pranay/Projects/AIMLGlossary/AIGlossaryPro/node_modules/refractor/lang/smali.js
Module ID: /Users/pranay/Projects/AIMLGlossary/AIGlossaryPro/node_modules/refractor/lang/smalltalk.js
✓ Vendor chunk matched: /Users/pranay/Projects/AIMLGlossary/AIGlossaryPro/node_modules/refractor/lang/smalltalk.js
Module ID: /Users/pranay/Projects/AIMLGlossary/AIGlossaryPro/node_modules/refractor/lang/smarty.js
✓ Vendor chunk matched: /Users/pranay/Projects/AIMLGlossary/AIGlossaryPro/node_modules/refractor/lang/smarty.js
Module ID: /Users/pranay/Projects/AIMLGlossary/AIGlossaryPro/node_modules/refractor/lang/sml.js
✓ Vendor chunk matched: /Users/pranay/Projects/AIMLGlossary/AIGlossaryPro/node_modules/refractor/lang/sml.js
Module ID: /Users/pranay/Projects/AIMLGlossary/AIGlossaryPro/node_modules/refractor/lang/solidity.js
✓ Vendor chunk matched: /Users/pranay/Projects/AIMLGlossary/AIGlossaryPro/node_modules/refractor/lang/solidity.js
Module ID: /Users/pranay/Projects/AIMLGlossary/AIGlossaryPro/node_modules/refractor/lang/solution-file.js
✓ Vendor chunk matched: /Users/pranay/Projects/AIMLGlossary/AIGlossaryPro/node_modules/refractor/lang/solution-file.js
Module ID: /Users/pranay/Projects/AIMLGlossary/AIGlossaryPro/node_modules/refractor/lang/soy.js
✓ Vendor chunk matched: /Users/pranay/Projects/AIMLGlossary/AIGlossaryPro/node_modules/refractor/lang/soy.js
Module ID: /Users/pranay/Projects/AIMLGlossary/AIGlossaryPro/node_modules/refractor/lang/sparql.js
✓ Vendor chunk matched: /Users/pranay/Projects/AIMLGlossary/AIGlossaryPro/node_modules/refractor/lang/sparql.js
Module ID: /Users/pranay/Projects/AIMLGlossary/AIGlossaryPro/node_modules/refractor/lang/splunk-spl.js
✓ Vendor chunk matched: /Users/pranay/Projects/AIMLGlossary/AIGlossaryPro/node_modules/refractor/lang/splunk-spl.js
Module ID: /Users/pranay/Projects/AIMLGlossary/AIGlossaryPro/node_modules/refractor/lang/sqf.js
✓ Vendor chunk matched: /Users/pranay/Projects/AIMLGlossary/AIGlossaryPro/node_modules/refractor/lang/sqf.js
Module ID: /Users/pranay/Projects/AIMLGlossary/AIGlossaryPro/node_modules/refractor/lang/sql.js
✓ Vendor chunk matched: /Users/pranay/Projects/AIMLGlossary/AIGlossaryPro/node_modules/refractor/lang/sql.js
Module ID: /Users/pranay/Projects/AIMLGlossary/AIGlossaryPro/node_modules/refractor/lang/squirrel.js
✓ Vendor chunk matched: /Users/pranay/Projects/AIMLGlossary/AIGlossaryPro/node_modules/refractor/lang/squirrel.js
Module ID: /Users/pranay/Projects/AIMLGlossary/AIGlossaryPro/node_modules/refractor/lang/stan.js
✓ Vendor chunk matched: /Users/pranay/Projects/AIMLGlossary/AIGlossaryPro/node_modules/refractor/lang/stan.js
Module ID: /Users/pranay/Projects/AIMLGlossary/AIGlossaryPro/node_modules/refractor/lang/stylus.js
✓ Vendor chunk matched: /Users/pranay/Projects/AIMLGlossary/AIGlossaryPro/node_modules/refractor/lang/stylus.js
Module ID: /Users/pranay/Projects/AIMLGlossary/AIGlossaryPro/node_modules/refractor/lang/swift.js
✓ Vendor chunk matched: /Users/pranay/Projects/AIMLGlossary/AIGlossaryPro/node_modules/refractor/lang/swift.js
Module ID: /Users/pranay/Projects/AIMLGlossary/AIGlossaryPro/node_modules/refractor/lang/systemd.js
✓ Vendor chunk matched: /Users/pranay/Projects/AIMLGlossary/AIGlossaryPro/node_modules/refractor/lang/systemd.js
Module ID: /Users/pranay/Projects/AIMLGlossary/AIGlossaryPro/node_modules/refractor/lang/t4-cs.js
✓ Vendor chunk matched: /Users/pranay/Projects/AIMLGlossary/AIGlossaryPro/node_modules/refractor/lang/t4-cs.js
Module ID: /Users/pranay/Projects/AIMLGlossary/AIGlossaryPro/node_modules/refractor/lang/t4-templating.js
✓ Vendor chunk matched: /Users/pranay/Projects/AIMLGlossary/AIGlossaryPro/node_modules/refractor/lang/t4-templating.js
Module ID: /Users/pranay/Projects/AIMLGlossary/AIGlossaryPro/node_modules/refractor/lang/t4-vb.js
✓ Vendor chunk matched: /Users/pranay/Projects/AIMLGlossary/AIGlossaryPro/node_modules/refractor/lang/t4-vb.js
Module ID: /Users/pranay/Projects/AIMLGlossary/AIGlossaryPro/node_modules/refractor/lang/tap.js
✓ Vendor chunk matched: /Users/pranay/Projects/AIMLGlossary/AIGlossaryPro/node_modules/refractor/lang/tap.js
Module ID: /Users/pranay/Projects/AIMLGlossary/AIGlossaryPro/node_modules/refractor/lang/tcl.js
✓ Vendor chunk matched: /Users/pranay/Projects/AIMLGlossary/AIGlossaryPro/node_modules/refractor/lang/tcl.js
Module ID: /Users/pranay/Projects/AIMLGlossary/AIGlossaryPro/node_modules/refractor/lang/textile.js
✓ Vendor chunk matched: /Users/pranay/Projects/AIMLGlossary/AIGlossaryPro/node_modules/refractor/lang/textile.js
Module ID: /Users/pranay/Projects/AIMLGlossary/AIGlossaryPro/node_modules/refractor/lang/toml.js
✓ Vendor chunk matched: /Users/pranay/Projects/AIMLGlossary/AIGlossaryPro/node_modules/refractor/lang/toml.js
Module ID: /Users/pranay/Projects/AIMLGlossary/AIGlossaryPro/node_modules/refractor/lang/tremor.js
✓ Vendor chunk matched: /Users/pranay/Projects/AIMLGlossary/AIGlossaryPro/node_modules/refractor/lang/tremor.js
Module ID: /Users/pranay/Projects/AIMLGlossary/AIGlossaryPro/node_modules/refractor/lang/tsx.js
✓ Vendor chunk matched: /Users/pranay/Projects/AIMLGlossary/AIGlossaryPro/node_modules/refractor/lang/tsx.js
Module ID: /Users/pranay/Projects/AIMLGlossary/AIGlossaryPro/node_modules/refractor/lang/tt2.js
✓ Vendor chunk matched: /Users/pranay/Projects/AIMLGlossary/AIGlossaryPro/node_modules/refractor/lang/tt2.js
Module ID: /Users/pranay/Projects/AIMLGlossary/AIGlossaryPro/node_modules/refractor/lang/turtle.js
✓ Vendor chunk matched: /Users/pranay/Projects/AIMLGlossary/AIGlossaryPro/node_modules/refractor/lang/turtle.js
Module ID: /Users/pranay/Projects/AIMLGlossary/AIGlossaryPro/node_modules/refractor/lang/twig.js
✓ Vendor chunk matched: /Users/pranay/Projects/AIMLGlossary/AIGlossaryPro/node_modules/refractor/lang/twig.js
Module ID: /Users/pranay/Projects/AIMLGlossary/AIGlossaryPro/node_modules/refractor/lang/typescript.js
✓ Vendor chunk matched: /Users/pranay/Projects/AIMLGlossary/AIGlossaryPro/node_modules/refractor/lang/typescript.js
Module ID: /Users/pranay/Projects/AIMLGlossary/AIGlossaryPro/node_modules/refractor/lang/typoscript.js
✓ Vendor chunk matched: /Users/pranay/Projects/AIMLGlossary/AIGlossaryPro/node_modules/refractor/lang/typoscript.js
Module ID: /Users/pranay/Projects/AIMLGlossary/AIGlossaryPro/node_modules/refractor/lang/unrealscript.js
✓ Vendor chunk matched: /Users/pranay/Projects/AIMLGlossary/AIGlossaryPro/node_modules/refractor/lang/unrealscript.js
Module ID: /Users/pranay/Projects/AIMLGlossary/AIGlossaryPro/node_modules/refractor/lang/uorazor.js
✓ Vendor chunk matched: /Users/pranay/Projects/AIMLGlossary/AIGlossaryPro/node_modules/refractor/lang/uorazor.js
Module ID: /Users/pranay/Projects/AIMLGlossary/AIGlossaryPro/node_modules/refractor/lang/uri.js
✓ Vendor chunk matched: /Users/pranay/Projects/AIMLGlossary/AIGlossaryPro/node_modules/refractor/lang/uri.js
Module ID: /Users/pranay/Projects/AIMLGlossary/AIGlossaryPro/node_modules/refractor/lang/v.js
✓ Vendor chunk matched: /Users/pranay/Projects/AIMLGlossary/AIGlossaryPro/node_modules/refractor/lang/v.js
Module ID: /Users/pranay/Projects/AIMLGlossary/AIGlossaryPro/node_modules/refractor/lang/vala.js
✓ Vendor chunk matched: /Users/pranay/Projects/AIMLGlossary/AIGlossaryPro/node_modules/refractor/lang/vala.js
Module ID: /Users/pranay/Projects/AIMLGlossary/AIGlossaryPro/node_modules/refractor/lang/vbnet.js
✓ Vendor chunk matched: /Users/pranay/Projects/AIMLGlossary/AIGlossaryPro/node_modules/refractor/lang/vbnet.js
Module ID: /Users/pranay/Projects/AIMLGlossary/AIGlossaryPro/node_modules/refractor/lang/velocity.js
✓ Vendor chunk matched: /Users/pranay/Projects/AIMLGlossary/AIGlossaryPro/node_modules/refractor/lang/velocity.js
Module ID: /Users/pranay/Projects/AIMLGlossary/AIGlossaryPro/node_modules/refractor/lang/verilog.js
✓ Vendor chunk matched: /Users/pranay/Projects/AIMLGlossary/AIGlossaryPro/node_modules/refractor/lang/verilog.js
Module ID: /Users/pranay/Projects/AIMLGlossary/AIGlossaryPro/node_modules/refractor/lang/vhdl.js
✓ Vendor chunk matched: /Users/pranay/Projects/AIMLGlossary/AIGlossaryPro/node_modules/refractor/lang/vhdl.js
Module ID: /Users/pranay/Projects/AIMLGlossary/AIGlossaryPro/node_modules/refractor/lang/vim.js
✓ Vendor chunk matched: /Users/pranay/Projects/AIMLGlossary/AIGlossaryPro/node_modules/refractor/lang/vim.js
Module ID: /Users/pranay/Projects/AIMLGlossary/AIGlossaryPro/node_modules/refractor/lang/visual-basic.js
✓ Vendor chunk matched: /Users/pranay/Projects/AIMLGlossary/AIGlossaryPro/node_modules/refractor/lang/visual-basic.js
Module ID: /Users/pranay/Projects/AIMLGlossary/AIGlossaryPro/node_modules/refractor/lang/warpscript.js
✓ Vendor chunk matched: /Users/pranay/Projects/AIMLGlossary/AIGlossaryPro/node_modules/refractor/lang/warpscript.js
Module ID: /Users/pranay/Projects/AIMLGlossary/AIGlossaryPro/node_modules/refractor/lang/wasm.js
✓ Vendor chunk matched: /Users/pranay/Projects/AIMLGlossary/AIGlossaryPro/node_modules/refractor/lang/wasm.js
Module ID: /Users/pranay/Projects/AIMLGlossary/AIGlossaryPro/node_modules/refractor/lang/web-idl.js
✓ Vendor chunk matched: /Users/pranay/Projects/AIMLGlossary/AIGlossaryPro/node_modules/refractor/lang/web-idl.js
Module ID: /Users/pranay/Projects/AIMLGlossary/AIGlossaryPro/node_modules/refractor/lang/wiki.js
✓ Vendor chunk matched: /Users/pranay/Projects/AIMLGlossary/AIGlossaryPro/node_modules/refractor/lang/wiki.js
Module ID: /Users/pranay/Projects/AIMLGlossary/AIGlossaryPro/node_modules/refractor/lang/wolfram.js
✓ Vendor chunk matched: /Users/pranay/Projects/AIMLGlossary/AIGlossaryPro/node_modules/refractor/lang/wolfram.js
Module ID: /Users/pranay/Projects/AIMLGlossary/AIGlossaryPro/node_modules/refractor/lang/wren.js
✓ Vendor chunk matched: /Users/pranay/Projects/AIMLGlossary/AIGlossaryPro/node_modules/refractor/lang/wren.js
Module ID: /Users/pranay/Projects/AIMLGlossary/AIGlossaryPro/node_modules/refractor/lang/xeora.js
✓ Vendor chunk matched: /Users/pranay/Projects/AIMLGlossary/AIGlossaryPro/node_modules/refractor/lang/xeora.js
Module ID: /Users/pranay/Projects/AIMLGlossary/AIGlossaryPro/node_modules/refractor/lang/xml-doc.js
✓ Vendor chunk matched: /Users/pranay/Projects/AIMLGlossary/AIGlossaryPro/node_modules/refractor/lang/xml-doc.js
Module ID: /Users/pranay/Projects/AIMLGlossary/AIGlossaryPro/node_modules/refractor/lang/xojo.js
✓ Vendor chunk matched: /Users/pranay/Projects/AIMLGlossary/AIGlossaryPro/node_modules/refractor/lang/xojo.js
Module ID: /Users/pranay/Projects/AIMLGlossary/AIGlossaryPro/node_modules/refractor/lang/xquery.js
✓ Vendor chunk matched: /Users/pranay/Projects/AIMLGlossary/AIGlossaryPro/node_modules/refractor/lang/xquery.js
Module ID: /Users/pranay/Projects/AIMLGlossary/AIGlossaryPro/node_modules/refractor/lang/yaml.js
✓ Vendor chunk matched: /Users/pranay/Projects/AIMLGlossary/AIGlossaryPro/node_modules/refractor/lang/yaml.js
Module ID: /Users/pranay/Projects/AIMLGlossary/AIGlossaryPro/node_modules/refractor/lang/yang.js
✓ Vendor chunk matched: /Users/pranay/Projects/AIMLGlossary/AIGlossaryPro/node_modules/refractor/lang/yang.js
Module ID: /Users/pranay/Projects/AIMLGlossary/AIGlossaryPro/node_modules/refractor/lang/zig.js
✓ Vendor chunk matched: /Users/pranay/Projects/AIMLGlossary/AIGlossaryPro/node_modules/refractor/lang/zig.js
Module ID: /Users/pranay/Projects/AIMLGlossary/AIGlossaryPro/node_modules/hastscript/index.js
✓ Vendor chunk matched: /Users/pranay/Projects/AIMLGlossary/AIGlossaryPro/node_modules/hastscript/index.js
Module ID: /Users/pranay/Projects/AIMLGlossary/AIGlossaryPro/node_modules/refractor/node_modules/parse-entities/index.js
✓ Vendor chunk matched: /Users/pranay/Projects/AIMLGlossary/AIGlossaryPro/node_modules/refractor/node_modules/parse-entities/index.js
Module ID: /Users/pranay/Projects/AIMLGlossary/AIGlossaryPro/node_modules/refractor/node_modules/prismjs/components/prism-core.js
✓ Syntax highlighting chunk matched: /Users/pranay/Projects/AIMLGlossary/AIGlossaryPro/node_modules/refractor/node_modules/prismjs/components/prism-core.js
Module ID: /Users/pranay/Projects/AIMLGlossary/AIGlossaryPro/node_modules/refractor/lang/markup.js
✓ Vendor chunk matched: /Users/pranay/Projects/AIMLGlossary/AIGlossaryPro/node_modules/refractor/lang/markup.js
Module ID: /Users/pranay/Projects/AIMLGlossary/AIGlossaryPro/node_modules/refractor/lang/css.js
✓ Vendor chunk matched: /Users/pranay/Projects/AIMLGlossary/AIGlossaryPro/node_modules/refractor/lang/css.js
Module ID: /Users/pranay/Projects/AIMLGlossary/AIGlossaryPro/node_modules/refractor/lang/clike.js
✓ Vendor chunk matched: /Users/pranay/Projects/AIMLGlossary/AIGlossaryPro/node_modules/refractor/lang/clike.js
Module ID: /Users/pranay/Projects/AIMLGlossary/AIGlossaryPro/node_modules/refractor/lang/javascript.js
✓ Vendor chunk matched: /Users/pranay/Projects/AIMLGlossary/AIGlossaryPro/node_modules/refractor/lang/javascript.js
Module ID:  /Users/pranay/Projects/AIMLGlossary/AIGlossaryPro/node_modules/lodash/_Symbol.js?commonjs-proxy
✓ Vendor chunk matched:  /Users/pranay/Projects/AIMLGlossary/AIGlossaryPro/node_modules/lodash/_Symbol.js?commonjs-proxy
Module ID:  /Users/pranay/Projects/AIMLGlossary/AIGlossaryPro/node_modules/lodash/_getRawTag.js?commonjs-proxy
✓ Vendor chunk matched:  /Users/pranay/Projects/AIMLGlossary/AIGlossaryPro/node_modules/lodash/_getRawTag.js?commonjs-proxy
Module ID:  /Users/pranay/Projects/AIMLGlossary/AIGlossaryPro/node_modules/lodash/_objectToString.js?commonjs-proxy
✓ Vendor chunk matched:  /Users/pranay/Projects/AIMLGlossary/AIGlossaryPro/node_modules/lodash/_objectToString.js?commonjs-proxy
Module ID:  /Users/pranay/Projects/AIMLGlossary/AIGlossaryPro/node_modules/lodash/isNumber.js?commonjs-proxy
✓ Vendor chunk matched:  /Users/pranay/Projects/AIMLGlossary/AIGlossaryPro/node_modules/lodash/isNumber.js?commonjs-proxy
Module ID:  /Users/pranay/Projects/AIMLGlossary/AIGlossaryPro/node_modules/lodash/_overArg.js?commonjs-proxy
✓ Vendor chunk matched:  /Users/pranay/Projects/AIMLGlossary/AIGlossaryPro/node_modules/lodash/_overArg.js?commonjs-proxy
Module ID: /Users/pranay/Projects/AIMLGlossary/AIGlossaryPro/node_modules/@babel/runtime/helpers/esm/typeof.js
✓ Vendor chunk matched: /Users/pranay/Projects/AIMLGlossary/AIGlossaryPro/node_modules/@babel/runtime/helpers/esm/typeof.js
Module ID: /Users/pranay/Projects/AIMLGlossary/AIGlossaryPro/node_modules/@babel/runtime/helpers/esm/asyncToGenerator.js
✓ Vendor chunk matched: /Users/pranay/Projects/AIMLGlossary/AIGlossaryPro/node_modules/@babel/runtime/helpers/esm/asyncToGenerator.js
Module ID: /Users/pranay/Projects/AIMLGlossary/AIGlossaryPro/node_modules/@babel/runtime/helpers/esm/classCallCheck.js
✓ Vendor chunk matched: /Users/pranay/Projects/AIMLGlossary/AIGlossaryPro/node_modules/@babel/runtime/helpers/esm/classCallCheck.js
Module ID: /Users/pranay/Projects/AIMLGlossary/AIGlossaryPro/node_modules/@babel/runtime/helpers/esm/createClass.js
✓ Vendor chunk matched: /Users/pranay/Projects/AIMLGlossary/AIGlossaryPro/node_modules/@babel/runtime/helpers/esm/createClass.js
Module ID: /Users/pranay/Projects/AIMLGlossary/AIGlossaryPro/node_modules/@babel/runtime/helpers/esm/possibleConstructorReturn.js
✓ Vendor chunk matched: /Users/pranay/Projects/AIMLGlossary/AIGlossaryPro/node_modules/@babel/runtime/helpers/esm/possibleConstructorReturn.js
Module ID: /Users/pranay/Projects/AIMLGlossary/AIGlossaryPro/node_modules/@babel/runtime/helpers/esm/getPrototypeOf.js
✓ Vendor chunk matched: /Users/pranay/Projects/AIMLGlossary/AIGlossaryPro/node_modules/@babel/runtime/helpers/esm/getPrototypeOf.js
Module ID: /Users/pranay/Projects/AIMLGlossary/AIGlossaryPro/node_modules/@babel/runtime/helpers/esm/inherits.js
✓ Vendor chunk matched: /Users/pranay/Projects/AIMLGlossary/AIGlossaryPro/node_modules/@babel/runtime/helpers/esm/inherits.js
Module ID: /Users/pranay/Projects/AIMLGlossary/AIGlossaryPro/node_modules/@babel/runtime/helpers/esm/objectWithoutProperties.js
✓ Vendor chunk matched: /Users/pranay/Projects/AIMLGlossary/AIGlossaryPro/node_modules/@babel/runtime/helpers/esm/objectWithoutProperties.js
Module ID: /Users/pranay/Projects/AIMLGlossary/AIGlossaryPro/node_modules/@babel/runtime/helpers/esm/toConsumableArray.js
✓ Vendor chunk matched: /Users/pranay/Projects/AIMLGlossary/AIGlossaryPro/node_modules/@babel/runtime/helpers/esm/toConsumableArray.js
Module ID: /Users/pranay/Projects/AIMLGlossary/AIGlossaryPro/node_modules/react-syntax-highlighter/dist/esm/async-languages/create-language-async-loader.js
✓ Syntax highlighting chunk matched: /Users/pranay/Projects/AIMLGlossary/AIGlossaryPro/node_modules/react-syntax-highlighter/dist/esm/async-languages/create-language-async-loader.js
Module ID: /Users/pranay/Projects/AIMLGlossary/AIGlossaryPro/node_modules/@babel/runtime/helpers/esm/toPropertyKey.js
✓ Vendor chunk matched: /Users/pranay/Projects/AIMLGlossary/AIGlossaryPro/node_modules/@babel/runtime/helpers/esm/toPropertyKey.js
Module ID:  /Users/pranay/Projects/AIMLGlossary/AIGlossaryPro/node_modules/lodash/_root.js?commonjs-proxy
✓ Vendor chunk matched:  /Users/pranay/Projects/AIMLGlossary/AIGlossaryPro/node_modules/lodash/_root.js?commonjs-proxy
Module ID:  /Users/pranay/Projects/AIMLGlossary/AIGlossaryPro/node_modules/lodash/_baseExtremum.js?commonjs-proxy
✓ Vendor chunk matched:  /Users/pranay/Projects/AIMLGlossary/AIGlossaryPro/node_modules/lodash/_baseExtremum.js?commonjs-proxy
Module ID:  /Users/pranay/Projects/AIMLGlossary/AIGlossaryPro/node_modules/lodash/_baseLt.js?commonjs-proxy
✓ Vendor chunk matched:  /Users/pranay/Projects/AIMLGlossary/AIGlossaryPro/node_modules/lodash/_baseLt.js?commonjs-proxy
Module ID:  /Users/pranay/Projects/AIMLGlossary/AIGlossaryPro/node_modules/lodash/identity.js?commonjs-proxy
✓ Vendor chunk matched:  /Users/pranay/Projects/AIMLGlossary/AIGlossaryPro/node_modules/lodash/identity.js?commonjs-proxy
Module ID:  /Users/pranay/Projects/AIMLGlossary/AIGlossaryPro/node_modules/lodash/_baseGt.js?commonjs-proxy
✓ Vendor chunk matched:  /Users/pranay/Projects/AIMLGlossary/AIGlossaryPro/node_modules/lodash/_baseGt.js?commonjs-proxy
Module ID: /Users/pranay/Projects/AIMLGlossary/AIGlossaryPro/node_modules/lodash/_coreJsData.js
✓ Vendor chunk matched: /Users/pranay/Projects/AIMLGlossary/AIGlossaryPro/node_modules/lodash/_coreJsData.js
Module ID: /Users/pranay/Projects/AIMLGlossary/AIGlossaryPro/node_modules/lodash/_isKeyable.js
✓ Vendor chunk matched: /Users/pranay/Projects/AIMLGlossary/AIGlossaryPro/node_modules/lodash/_isKeyable.js
Module ID: /Users/pranay/Projects/AIMLGlossary/AIGlossaryPro/node_modules/lodash/_hashClear.js
✓ Vendor chunk matched: /Users/pranay/Projects/AIMLGlossary/AIGlossaryPro/node_modules/lodash/_hashClear.js
Module ID: /Users/pranay/Projects/AIMLGlossary/AIGlossaryPro/node_modules/lodash/_hashDelete.js
✓ Vendor chunk matched: /Users/pranay/Projects/AIMLGlossary/AIGlossaryPro/node_modules/lodash/_hashDelete.js
Module ID: /Users/pranay/Projects/AIMLGlossary/AIGlossaryPro/node_modules/lodash/_hashGet.js
✓ Vendor chunk matched: /Users/pranay/Projects/AIMLGlossary/AIGlossaryPro/node_modules/lodash/_hashGet.js
Module ID: /Users/pranay/Projects/AIMLGlossary/AIGlossaryPro/node_modules/lodash/_hashHas.js
✓ Vendor chunk matched: /Users/pranay/Projects/AIMLGlossary/AIGlossaryPro/node_modules/lodash/_hashHas.js
Module ID: /Users/pranay/Projects/AIMLGlossary/AIGlossaryPro/node_modules/lodash/_hashSet.js
✓ Vendor chunk matched: /Users/pranay/Projects/AIMLGlossary/AIGlossaryPro/node_modules/lodash/_hashSet.js
Module ID:  /Users/pranay/Projects/AIMLGlossary/AIGlossaryPro/node_modules/prop-types/index.js?commonjs-module
✓ Vendor chunk matched:  /Users/pranay/Projects/AIMLGlossary/AIGlossaryPro/node_modules/prop-types/index.js?commonjs-module
Module ID:  /Users/pranay/Projects/AIMLGlossary/AIGlossaryPro/node_modules/react-is/index.js?commonjs-proxy
✓ Vendor chunk matched:  /Users/pranay/Projects/AIMLGlossary/AIGlossaryPro/node_modules/react-is/index.js?commonjs-proxy
Module ID:  /Users/pranay/Projects/AIMLGlossary/AIGlossaryPro/node_modules/prop-types/factoryWithTypeCheckers.js?commonjs-proxy
✓ Vendor chunk matched:  /Users/pranay/Projects/AIMLGlossary/AIGlossaryPro/node_modules/prop-types/factoryWithTypeCheckers.js?commonjs-proxy
Module ID:  /Users/pranay/Projects/AIMLGlossary/AIGlossaryPro/node_modules/lodash/_freeGlobal.js?commonjs-proxy
✓ Vendor chunk matched:  /Users/pranay/Projects/AIMLGlossary/AIGlossaryPro/node_modules/lodash/_freeGlobal.js?commonjs-proxy
Module ID:  /Users/pranay/Projects/AIMLGlossary/AIGlossaryPro/node_modules/lodash/isSymbol.js?commonjs-proxy
✓ Vendor chunk matched:  /Users/pranay/Projects/AIMLGlossary/AIGlossaryPro/node_modules/lodash/isSymbol.js?commonjs-proxy
Module ID:  /Users/pranay/Projects/AIMLGlossary/AIGlossaryPro/node_modules/lodash/debounce.js?commonjs-proxy
✓ Vendor chunk matched:  /Users/pranay/Projects/AIMLGlossary/AIGlossaryPro/node_modules/lodash/debounce.js?commonjs-proxy
Module ID: /Users/pranay/Projects/AIMLGlossary/AIGlossaryPro/node_modules/lodash-es/_isMasked.js
✓ Vendor chunk matched: /Users/pranay/Projects/AIMLGlossary/AIGlossaryPro/node_modules/lodash-es/_isMasked.js
Module ID: /Users/pranay/Projects/AIMLGlossary/AIGlossaryPro/node_modules/use-sidecar/dist/es2015/hoc.js
✓ Vendor chunk matched: /Users/pranay/Projects/AIMLGlossary/AIGlossaryPro/node_modules/use-sidecar/dist/es2015/hoc.js
Module ID: /Users/pranay/Projects/AIMLGlossary/AIGlossaryPro/node_modules/use-sidecar/dist/es2015/hook.js
✓ Vendor chunk matched: /Users/pranay/Projects/AIMLGlossary/AIGlossaryPro/node_modules/use-sidecar/dist/es2015/hook.js
Module ID: /Users/pranay/Projects/AIMLGlossary/AIGlossaryPro/node_modules/use-sidecar/dist/es2015/config.js
✓ Vendor chunk matched: /Users/pranay/Projects/AIMLGlossary/AIGlossaryPro/node_modules/use-sidecar/dist/es2015/config.js
Module ID: /Users/pranay/Projects/AIMLGlossary/AIGlossaryPro/node_modules/use-sidecar/dist/es2015/medium.js
✓ Vendor chunk matched: /Users/pranay/Projects/AIMLGlossary/AIGlossaryPro/node_modules/use-sidecar/dist/es2015/medium.js
Module ID: /Users/pranay/Projects/AIMLGlossary/AIGlossaryPro/node_modules/use-sidecar/dist/es2015/renderProp.js
✓ Vendor chunk matched: /Users/pranay/Projects/AIMLGlossary/AIGlossaryPro/node_modules/use-sidecar/dist/es2015/renderProp.js
Module ID: /Users/pranay/Projects/AIMLGlossary/AIGlossaryPro/node_modules/use-sidecar/dist/es2015/exports.js
✓ Vendor chunk matched: /Users/pranay/Projects/AIMLGlossary/AIGlossaryPro/node_modules/use-sidecar/dist/es2015/exports.js
Module ID: /Users/pranay/Projects/AIMLGlossary/AIGlossaryPro/node_modules/use-callback-ref/dist/es2015/assignRef.js
✓ Vendor chunk matched: /Users/pranay/Projects/AIMLGlossary/AIGlossaryPro/node_modules/use-callback-ref/dist/es2015/assignRef.js
Module ID: /Users/pranay/Projects/AIMLGlossary/AIGlossaryPro/node_modules/use-callback-ref/dist/es2015/useRef.js
✓ Vendor chunk matched: /Users/pranay/Projects/AIMLGlossary/AIGlossaryPro/node_modules/use-callback-ref/dist/es2015/useRef.js
Module ID: /Users/pranay/Projects/AIMLGlossary/AIGlossaryPro/node_modules/use-callback-ref/dist/es2015/createRef.js
✓ Vendor chunk matched: /Users/pranay/Projects/AIMLGlossary/AIGlossaryPro/node_modules/use-callback-ref/dist/es2015/createRef.js
Module ID: /Users/pranay/Projects/AIMLGlossary/AIGlossaryPro/node_modules/use-callback-ref/dist/es2015/mergeRef.js
✓ Vendor chunk matched: /Users/pranay/Projects/AIMLGlossary/AIGlossaryPro/node_modules/use-callback-ref/dist/es2015/mergeRef.js
Module ID: /Users/pranay/Projects/AIMLGlossary/AIGlossaryPro/node_modules/use-callback-ref/dist/es2015/useMergeRef.js
✓ Vendor chunk matched: /Users/pranay/Projects/AIMLGlossary/AIGlossaryPro/node_modules/use-callback-ref/dist/es2015/useMergeRef.js
Module ID: /Users/pranay/Projects/AIMLGlossary/AIGlossaryPro/node_modules/use-callback-ref/dist/es2015/useTransformRef.js
✓ Vendor chunk matched: /Users/pranay/Projects/AIMLGlossary/AIGlossaryPro/node_modules/use-callback-ref/dist/es2015/useTransformRef.js
Module ID: /Users/pranay/Projects/AIMLGlossary/AIGlossaryPro/node_modules/use-callback-ref/dist/es2015/transformRef.js
✓ Vendor chunk matched: /Users/pranay/Projects/AIMLGlossary/AIGlossaryPro/node_modules/use-callback-ref/dist/es2015/transformRef.js
Module ID: /Users/pranay/Projects/AIMLGlossary/AIGlossaryPro/node_modules/use-callback-ref/dist/es2015/refToCallback.js
✓ Vendor chunk matched: /Users/pranay/Projects/AIMLGlossary/AIGlossaryPro/node_modules/use-callback-ref/dist/es2015/refToCallback.js
Module ID: /Users/pranay/Projects/AIMLGlossary/AIGlossaryPro/node_modules/lodash-es/_listCacheClear.js
✓ Vendor chunk matched: /Users/pranay/Projects/AIMLGlossary/AIGlossaryPro/node_modules/lodash-es/_listCacheClear.js
Module ID: /Users/pranay/Projects/AIMLGlossary/AIGlossaryPro/node_modules/lodash-es/_listCacheDelete.js
✓ Vendor chunk matched: /Users/pranay/Projects/AIMLGlossary/AIGlossaryPro/node_modules/lodash-es/_listCacheDelete.js
Module ID: /Users/pranay/Projects/AIMLGlossary/AIGlossaryPro/node_modules/lodash-es/_listCacheGet.js
✓ Vendor chunk matched: /Users/pranay/Projects/AIMLGlossary/AIGlossaryPro/node_modules/lodash-es/_listCacheGet.js
Module ID: /Users/pranay/Projects/AIMLGlossary/AIGlossaryPro/node_modules/lodash-es/_listCacheHas.js
✓ Vendor chunk matched: /Users/pranay/Projects/AIMLGlossary/AIGlossaryPro/node_modules/lodash-es/_listCacheHas.js
Module ID: /Users/pranay/Projects/AIMLGlossary/AIGlossaryPro/node_modules/lodash-es/_listCacheSet.js
✓ Vendor chunk matched: /Users/pranay/Projects/AIMLGlossary/AIGlossaryPro/node_modules/lodash-es/_listCacheSet.js
Module ID: /Users/pranay/Projects/AIMLGlossary/AIGlossaryPro/node_modules/react-remove-scroll-bar/dist/es2015/index.js
✓ Vendor chunk matched: /Users/pranay/Projects/AIMLGlossary/AIGlossaryPro/node_modules/react-remove-scroll-bar/dist/es2015/index.js
Module ID: /Users/pranay/Projects/AIMLGlossary/AIGlossaryPro/node_modules/react-style-singleton/dist/es2015/index.js
✓ Vendor chunk matched: /Users/pranay/Projects/AIMLGlossary/AIGlossaryPro/node_modules/react-style-singleton/dist/es2015/index.js
Module ID: /Users/pranay/Projects/AIMLGlossary/AIGlossaryPro/node_modules/react-remove-scroll/dist/es2015/aggresiveCapture.js
✓ Vendor chunk matched: /Users/pranay/Projects/AIMLGlossary/AIGlossaryPro/node_modules/react-remove-scroll/dist/es2015/aggresiveCapture.js
Module ID: /Users/pranay/Projects/AIMLGlossary/AIGlossaryPro/node_modules/react-remove-scroll/dist/es2015/handleScroll.js
✓ Vendor chunk matched: /Users/pranay/Projects/AIMLGlossary/AIGlossaryPro/node_modules/react-remove-scroll/dist/es2015/handleScroll.js
Module ID: /Users/pranay/Projects/AIMLGlossary/AIGlossaryPro/node_modules/lodash-es/_defineProperty.js
✓ Vendor chunk matched: /Users/pranay/Projects/AIMLGlossary/AIGlossaryPro/node_modules/lodash-es/_defineProperty.js
Module ID: /Users/pranay/Projects/AIMLGlossary/AIGlossaryPro/node_modules/lodash-es/_nativeKeysIn.js
✓ Vendor chunk matched: /Users/pranay/Projects/AIMLGlossary/AIGlossaryPro/node_modules/lodash-es/_nativeKeysIn.js
Module ID: /Users/pranay/Projects/AIMLGlossary/AIGlossaryPro/node_modules/lodash-es/_baseTimes.js
✓ Vendor chunk matched: /Users/pranay/Projects/AIMLGlossary/AIGlossaryPro/node_modules/lodash-es/_baseTimes.js
Module ID: /Users/pranay/Projects/AIMLGlossary/AIGlossaryPro/node_modules/lodash-es/_createMathOperation.js
✓ Vendor chunk matched: /Users/pranay/Projects/AIMLGlossary/AIGlossaryPro/node_modules/lodash-es/_createMathOperation.js
Module ID: /Users/pranay/Projects/AIMLGlossary/AIGlossaryPro/node_modules/lodash-es/_createWrap.js
✓ Vendor chunk matched: /Users/pranay/Projects/AIMLGlossary/AIGlossaryPro/node_modules/lodash-es/_createWrap.js
Module ID: /Users/pranay/Projects/AIMLGlossary/AIGlossaryPro/node_modules/lodash-es/_baseAt.js
✓ Vendor chunk matched: /Users/pranay/Projects/AIMLGlossary/AIGlossaryPro/node_modules/lodash-es/_baseAt.js
Module ID: /Users/pranay/Projects/AIMLGlossary/AIGlossaryPro/node_modules/lodash-es/_flatRest.js
✓ Vendor chunk matched: /Users/pranay/Projects/AIMLGlossary/AIGlossaryPro/node_modules/lodash-es/_flatRest.js
Module ID: /Users/pranay/Projects/AIMLGlossary/AIGlossaryPro/node_modules/lodash-es/_apply.js
✓ Vendor chunk matched: /Users/pranay/Projects/AIMLGlossary/AIGlossaryPro/node_modules/lodash-es/_apply.js
Module ID: /Users/pranay/Projects/AIMLGlossary/AIGlossaryPro/node_modules/lodash-es/_toKey.js
✓ Vendor chunk matched: /Users/pranay/Projects/AIMLGlossary/AIGlossaryPro/node_modules/lodash-es/_toKey.js
Module ID:  /Users/pranay/Projects/AIMLGlossary/AIGlossaryPro/node_modules/react-is/index.js?commonjs-module
✓ Vendor chunk matched:  /Users/pranay/Projects/AIMLGlossary/AIGlossaryPro/node_modules/react-is/index.js?commonjs-module
Module ID:  /Users/pranay/Projects/AIMLGlossary/AIGlossaryPro/node_modules/react-is/cjs/react-is.development.js?commonjs-proxy
✓ Vendor chunk matched:  /Users/pranay/Projects/AIMLGlossary/AIGlossaryPro/node_modules/react-is/cjs/react-is.development.js?commonjs-proxy
Module ID:  /Users/pranay/Projects/AIMLGlossary/AIGlossaryPro/node_modules/object-assign/index.js?commonjs-proxy
✓ Vendor chunk matched:  /Users/pranay/Projects/AIMLGlossary/AIGlossaryPro/node_modules/object-assign/index.js?commonjs-proxy
Module ID:  /Users/pranay/Projects/AIMLGlossary/AIGlossaryPro/node_modules/prop-types/lib/ReactPropTypesSecret.js?commonjs-proxy
✓ Vendor chunk matched:  /Users/pranay/Projects/AIMLGlossary/AIGlossaryPro/node_modules/prop-types/lib/ReactPropTypesSecret.js?commonjs-proxy
Module ID:  /Users/pranay/Projects/AIMLGlossary/AIGlossaryPro/node_modules/prop-types/lib/has.js?commonjs-proxy
✓ Vendor chunk matched:  /Users/pranay/Projects/AIMLGlossary/AIGlossaryPro/node_modules/prop-types/lib/has.js?commonjs-proxy
Module ID:  /Users/pranay/Projects/AIMLGlossary/AIGlossaryPro/node_modules/prop-types/checkPropTypes.js?commonjs-proxy
✓ Vendor chunk matched:  /Users/pranay/Projects/AIMLGlossary/AIGlossaryPro/node_modules/prop-types/checkPropTypes.js?commonjs-proxy
Module ID: /Users/pranay/Projects/AIMLGlossary/AIGlossaryPro/node_modules/lodash-es/_getHolder.js
✓ Vendor chunk matched: /Users/pranay/Projects/AIMLGlossary/AIGlossaryPro/node_modules/lodash-es/_getHolder.js
Module ID: /Users/pranay/Projects/AIMLGlossary/AIGlossaryPro/node_modules/lodash-es/_replaceHolders.js
✓ Vendor chunk matched: /Users/pranay/Projects/AIMLGlossary/AIGlossaryPro/node_modules/lodash-es/_replaceHolders.js
Module ID: /Users/pranay/Projects/AIMLGlossary/AIGlossaryPro/node_modules/lodash-es/_createCompounder.js
✓ Vendor chunk matched: /Users/pranay/Projects/AIMLGlossary/AIGlossaryPro/node_modules/lodash-es/_createCompounder.js
Module ID: /Users/pranay/Projects/AIMLGlossary/AIGlossaryPro/node_modules/lodash-es/_createRound.js
✓ Vendor chunk matched: /Users/pranay/Projects/AIMLGlossary/AIGlossaryPro/node_modules/lodash-es/_createRound.js
Module ID: /Users/pranay/Projects/AIMLGlossary/AIGlossaryPro/node_modules/lodash-es/_baseClamp.js
✓ Vendor chunk matched: /Users/pranay/Projects/AIMLGlossary/AIGlossaryPro/node_modules/lodash-es/_baseClamp.js
Module ID: /Users/pranay/Projects/AIMLGlossary/AIGlossaryPro/node_modules/lodash-es/_baseSlice.js
✓ Vendor chunk matched: /Users/pranay/Projects/AIMLGlossary/AIGlossaryPro/node_modules/lodash-es/_baseSlice.js
Module ID: /Users/pranay/Projects/AIMLGlossary/AIGlossaryPro/node_modules/lodash-es/_LodashWrapper.js
✓ Vendor chunk matched: /Users/pranay/Projects/AIMLGlossary/AIGlossaryPro/node_modules/lodash-es/_LodashWrapper.js
Module ID: /Users/pranay/Projects/AIMLGlossary/AIGlossaryPro/node_modules/lodash-es/_arrayPush.js
✓ Vendor chunk matched: /Users/pranay/Projects/AIMLGlossary/AIGlossaryPro/node_modules/lodash-es/_arrayPush.js
Module ID: /Users/pranay/Projects/AIMLGlossary/AIGlossaryPro/node_modules/lodash-es/_baseFlatten.js
✓ Vendor chunk matched: /Users/pranay/Projects/AIMLGlossary/AIGlossaryPro/node_modules/lodash-es/_baseFlatten.js
Module ID: /Users/pranay/Projects/AIMLGlossary/AIGlossaryPro/node_modules/lodash-es/_arrayMap.js
✓ Vendor chunk matched: /Users/pranay/Projects/AIMLGlossary/AIGlossaryPro/node_modules/lodash-es/_arrayMap.js
Module ID: /Users/pranay/Projects/AIMLGlossary/AIGlossaryPro/node_modules/lodash-es/_baseIteratee.js
✓ Vendor chunk matched: /Users/pranay/Projects/AIMLGlossary/AIGlossaryPro/node_modules/lodash-es/_baseIteratee.js
Module ID: /Users/pranay/Projects/AIMLGlossary/AIGlossaryPro/node_modules/lodash-es/_baseConforms.js
✓ Vendor chunk matched: /Users/pranay/Projects/AIMLGlossary/AIGlossaryPro/node_modules/lodash-es/_baseConforms.js
Module ID: /Users/pranay/Projects/AIMLGlossary/AIGlossaryPro/node_modules/lodash-es/_baseConformsTo.js
✓ Vendor chunk matched: /Users/pranay/Projects/AIMLGlossary/AIGlossaryPro/node_modules/lodash-es/_baseConformsTo.js
Module ID: /Users/pranay/Projects/AIMLGlossary/AIGlossaryPro/node_modules/lodash-es/_createAggregator.js
✓ Vendor chunk matched: /Users/pranay/Projects/AIMLGlossary/AIGlossaryPro/node_modules/lodash-es/_createAggregator.js
Module ID: /Users/pranay/Projects/AIMLGlossary/AIGlossaryPro/node_modules/lodash-es/_deburrLetter.js
✓ Vendor chunk matched: /Users/pranay/Projects/AIMLGlossary/AIGlossaryPro/node_modules/lodash-es/_deburrLetter.js
Module ID: /Users/pranay/Projects/AIMLGlossary/AIGlossaryPro/node_modules/lodash-es/_baseDelay.js
✓ Vendor chunk matched: /Users/pranay/Projects/AIMLGlossary/AIGlossaryPro/node_modules/lodash-es/_baseDelay.js
Module ID: /Users/pranay/Projects/AIMLGlossary/AIGlossaryPro/node_modules/lodash-es/_customDefaultsMerge.js
✓ Vendor chunk matched: /Users/pranay/Projects/AIMLGlossary/AIGlossaryPro/node_modules/lodash-es/_customDefaultsMerge.js
Module ID: /Users/pranay/Projects/AIMLGlossary/AIGlossaryPro/node_modules/lodash-es/_baseDifference.js
✓ Vendor chunk matched: /Users/pranay/Projects/AIMLGlossary/AIGlossaryPro/node_modules/lodash-es/_baseDifference.js
Module ID: /Users/pranay/Projects/AIMLGlossary/AIGlossaryPro/node_modules/lodash-es/_baseWhile.js
✓ Vendor chunk matched: /Users/pranay/Projects/AIMLGlossary/AIGlossaryPro/node_modules/lodash-es/_baseWhile.js
Module ID: /Users/pranay/Projects/AIMLGlossary/AIGlossaryPro/node_modules/lodash-es/_baseToString.js
✓ Vendor chunk matched: /Users/pranay/Projects/AIMLGlossary/AIGlossaryPro/node_modules/lodash-es/_baseToString.js
Module ID: /Users/pranay/Projects/AIMLGlossary/AIGlossaryPro/node_modules/lodash-es/_escapeHtmlChar.js
✓ Vendor chunk matched: /Users/pranay/Projects/AIMLGlossary/AIGlossaryPro/node_modules/lodash-es/_escapeHtmlChar.js
Module ID: /Users/pranay/Projects/AIMLGlossary/AIGlossaryPro/node_modules/lodash-es/_arrayEvery.js
✓ Vendor chunk matched: /Users/pranay/Projects/AIMLGlossary/AIGlossaryPro/node_modules/lodash-es/_arrayEvery.js
Module ID: /Users/pranay/Projects/AIMLGlossary/AIGlossaryPro/node_modules/lodash-es/_baseEvery.js
✓ Vendor chunk matched: /Users/pranay/Projects/AIMLGlossary/AIGlossaryPro/node_modules/lodash-es/_baseEvery.js
Module ID: /Users/pranay/Projects/AIMLGlossary/AIGlossaryPro/node_modules/lodash-es/_baseFill.js
✓ Vendor chunk matched: /Users/pranay/Projects/AIMLGlossary/AIGlossaryPro/node_modules/lodash-es/_baseFill.js
Module ID: /Users/pranay/Projects/AIMLGlossary/AIGlossaryPro/node_modules/lodash-es/_arrayFilter.js
✓ Vendor chunk matched: /Users/pranay/Projects/AIMLGlossary/AIGlossaryPro/node_modules/lodash-es/_arrayFilter.js
Module ID: /Users/pranay/Projects/AIMLGlossary/AIGlossaryPro/node_modules/lodash-es/_baseFilter.js
✓ Vendor chunk matched: /Users/pranay/Projects/AIMLGlossary/AIGlossaryPro/node_modules/lodash-es/_baseFilter.js
Module ID: /Users/pranay/Projects/AIMLGlossary/AIGlossaryPro/node_modules/lodash-es/_createFind.js
✓ Vendor chunk matched: /Users/pranay/Projects/AIMLGlossary/AIGlossaryPro/node_modules/lodash-es/_createFind.js
Module ID: /Users/pranay/Projects/AIMLGlossary/AIGlossaryPro/node_modules/lodash-es/_baseFindIndex.js
✓ Vendor chunk matched: /Users/pranay/Projects/AIMLGlossary/AIGlossaryPro/node_modules/lodash-es/_baseFindIndex.js
Module ID: /Users/pranay/Projects/AIMLGlossary/AIGlossaryPro/node_modules/lodash-es/_baseFindKey.js
✓ Vendor chunk matched: /Users/pranay/Projects/AIMLGlossary/AIGlossaryPro/node_modules/lodash-es/_baseFindKey.js
Module ID: /Users/pranay/Projects/AIMLGlossary/AIGlossaryPro/node_modules/lodash-es/_baseForOwn.js
✓ Vendor chunk matched: /Users/pranay/Projects/AIMLGlossary/AIGlossaryPro/node_modules/lodash-es/_baseForOwn.js
Module ID: /Users/pranay/Projects/AIMLGlossary/AIGlossaryPro/node_modules/lodash-es/_baseForOwnRight.js
✓ Vendor chunk matched: /Users/pranay/Projects/AIMLGlossary/AIGlossaryPro/node_modules/lodash-es/_baseForOwnRight.js
Module ID: /Users/pranay/Projects/AIMLGlossary/AIGlossaryPro/node_modules/lodash-es/_createFlow.js
✓ Vendor chunk matched: /Users/pranay/Projects/AIMLGlossary/AIGlossaryPro/node_modules/lodash-es/_createFlow.js
Module ID: /Users/pranay/Projects/AIMLGlossary/AIGlossaryPro/node_modules/lodash-es/_arrayEachRight.js
✓ Vendor chunk matched: /Users/pranay/Projects/AIMLGlossary/AIGlossaryPro/node_modules/lodash-es/_arrayEachRight.js
Module ID: /Users/pranay/Projects/AIMLGlossary/AIGlossaryPro/node_modules/lodash-es/_baseEachRight.js
✓ Vendor chunk matched: /Users/pranay/Projects/AIMLGlossary/AIGlossaryPro/node_modules/lodash-es/_baseEachRight.js
Module ID: /Users/pranay/Projects/AIMLGlossary/AIGlossaryPro/node_modules/lodash-es/_castFunction.js
✓ Vendor chunk matched: /Users/pranay/Projects/AIMLGlossary/AIGlossaryPro/node_modules/lodash-es/_castFunction.js
Module ID: /Users/pranay/Projects/AIMLGlossary/AIGlossaryPro/node_modules/lodash-es/_baseEach.js
✓ Vendor chunk matched: /Users/pranay/Projects/AIMLGlossary/AIGlossaryPro/node_modules/lodash-es/_baseEach.js
Module ID: /Users/pranay/Projects/AIMLGlossary/AIGlossaryPro/node_modules/lodash-es/_baseForRight.js
✓ Vendor chunk matched: /Users/pranay/Projects/AIMLGlossary/AIGlossaryPro/node_modules/lodash-es/_baseForRight.js
Module ID: /Users/pranay/Projects/AIMLGlossary/AIGlossaryPro/node_modules/lodash-es/_baseFunctions.js
✓ Vendor chunk matched: /Users/pranay/Projects/AIMLGlossary/AIGlossaryPro/node_modules/lodash-es/_baseFunctions.js
Module ID: /Users/pranay/Projects/AIMLGlossary/AIGlossaryPro/node_modules/lodash-es/_baseGet.js
✓ Vendor chunk matched: /Users/pranay/Projects/AIMLGlossary/AIGlossaryPro/node_modules/lodash-es/_baseGet.js
Module ID: /Users/pranay/Projects/AIMLGlossary/AIGlossaryPro/node_modules/lodash-es/_createRelationalOperation.js
✓ Vendor chunk matched: /Users/pranay/Projects/AIMLGlossary/AIGlossaryPro/node_modules/lodash-es/_createRelationalOperation.js
Module ID: /Users/pranay/Projects/AIMLGlossary/AIGlossaryPro/node_modules/lodash-es/_baseGt.js
✓ Vendor chunk matched: /Users/pranay/Projects/AIMLGlossary/AIGlossaryPro/node_modules/lodash-es/_baseGt.js
Module ID: /Users/pranay/Projects/AIMLGlossary/AIGlossaryPro/node_modules/lodash-es/_baseHas.js
✓ Vendor chunk matched: /Users/pranay/Projects/AIMLGlossary/AIGlossaryPro/node_modules/lodash-es/_baseHas.js
Module ID: /Users/pranay/Projects/AIMLGlossary/AIGlossaryPro/node_modules/lodash-es/_hasPath.js
✓ Vendor chunk matched: /Users/pranay/Projects/AIMLGlossary/AIGlossaryPro/node_modules/lodash-es/_hasPath.js
Module ID: /Users/pranay/Projects/AIMLGlossary/AIGlossaryPro/node_modules/lodash-es/_baseHasIn.js
✓ Vendor chunk matched: /Users/pranay/Projects/AIMLGlossary/AIGlossaryPro/node_modules/lodash-es/_baseHasIn.js
Module ID: /Users/pranay/Projects/AIMLGlossary/AIGlossaryPro/node_modules/lodash-es/_baseIndexOf.js
✓ Vendor chunk matched: /Users/pranay/Projects/AIMLGlossary/AIGlossaryPro/node_modules/lodash-es/_baseIndexOf.js
Module ID: /Users/pranay/Projects/AIMLGlossary/AIGlossaryPro/node_modules/lodash-es/_baseInRange.js
✓ Vendor chunk matched: /Users/pranay/Projects/AIMLGlossary/AIGlossaryPro/node_modules/lodash-es/_baseInRange.js
Module ID: /Users/pranay/Projects/AIMLGlossary/AIGlossaryPro/node_modules/lodash-es/_baseIntersection.js
✓ Vendor chunk matched: /Users/pranay/Projects/AIMLGlossary/AIGlossaryPro/node_modules/lodash-es/_baseIntersection.js
Module ID: /Users/pranay/Projects/AIMLGlossary/AIGlossaryPro/node_modules/lodash-es/_castArrayLikeObject.js
✓ Vendor chunk matched: /Users/pranay/Projects/AIMLGlossary/AIGlossaryPro/node_modules/lodash-es/_castArrayLikeObject.js
Module ID: /Users/pranay/Projects/AIMLGlossary/AIGlossaryPro/node_modules/lodash-es/_createInverter.js
✓ Vendor chunk matched: /Users/pranay/Projects/AIMLGlossary/AIGlossaryPro/node_modules/lodash-es/_createInverter.js
Module ID: /Users/pranay/Projects/AIMLGlossary/AIGlossaryPro/node_modules/lodash-es/_baseInvoke.js
✓ Vendor chunk matched: /Users/pranay/Projects/AIMLGlossary/AIGlossaryPro/node_modules/lodash-es/_baseInvoke.js
Module ID: /Users/pranay/Projects/AIMLGlossary/AIGlossaryPro/node_modules/lodash-es/_baseIsArrayBuffer.js
✓ Vendor chunk matched: /Users/pranay/Projects/AIMLGlossary/AIGlossaryPro/node_modules/lodash-es/_baseIsArrayBuffer.js
Module ID: /Users/pranay/Projects/AIMLGlossary/AIGlossaryPro/node_modules/lodash-es/_baseIsDate.js
✓ Vendor chunk matched: /Users/pranay/Projects/AIMLGlossary/AIGlossaryPro/node_modules/lodash-es/_baseIsDate.js
Module ID: /Users/pranay/Projects/AIMLGlossary/AIGlossaryPro/node_modules/lodash-es/_baseIsEqual.js
✓ Vendor chunk matched: /Users/pranay/Projects/AIMLGlossary/AIGlossaryPro/node_modules/lodash-es/_baseIsEqual.js
Module ID: /Users/pranay/Projects/AIMLGlossary/AIGlossaryPro/node_modules/lodash-es/_baseIsMatch.js
✓ Vendor chunk matched: /Users/pranay/Projects/AIMLGlossary/AIGlossaryPro/node_modules/lodash-es/_baseIsMatch.js
Module ID: /Users/pranay/Projects/AIMLGlossary/AIGlossaryPro/node_modules/lodash-es/_getMatchData.js
✓ Vendor chunk matched: /Users/pranay/Projects/AIMLGlossary/AIGlossaryPro/node_modules/lodash-es/_getMatchData.js
Module ID: /Users/pranay/Projects/AIMLGlossary/AIGlossaryPro/node_modules/lodash-es/_isMaskable.js
✓ Vendor chunk matched: /Users/pranay/Projects/AIMLGlossary/AIGlossaryPro/node_modules/lodash-es/_isMaskable.js
Module ID: /Users/pranay/Projects/AIMLGlossary/AIGlossaryPro/node_modules/lodash-es/_baseIsRegExp.js
✓ Vendor chunk matched: /Users/pranay/Projects/AIMLGlossary/AIGlossaryPro/node_modules/lodash-es/_baseIsRegExp.js
Module ID: /Users/pranay/Projects/AIMLGlossary/AIGlossaryPro/node_modules/lodash-es/_baseIsNaN.js
✓ Vendor chunk matched: /Users/pranay/Projects/AIMLGlossary/AIGlossaryPro/node_modules/lodash-es/_baseIsNaN.js
Module ID: /Users/pranay/Projects/AIMLGlossary/AIGlossaryPro/node_modules/lodash-es/_strictLastIndexOf.js
✓ Vendor chunk matched: /Users/pranay/Projects/AIMLGlossary/AIGlossaryPro/node_modules/lodash-es/_strictLastIndexOf.js
Module ID: /Users/pranay/Projects/AIMLGlossary/AIGlossaryPro/node_modules/lodash-es/_LazyWrapper.js
✓ Vendor chunk matched: /Users/pranay/Projects/AIMLGlossary/AIGlossaryPro/node_modules/lodash-es/_LazyWrapper.js
Module ID: /Users/pranay/Projects/AIMLGlossary/AIGlossaryPro/node_modules/lodash-es/_baseLodash.js
✓ Vendor chunk matched: /Users/pranay/Projects/AIMLGlossary/AIGlossaryPro/node_modules/lodash-es/_baseLodash.js
Module ID: /Users/pranay/Projects/AIMLGlossary/AIGlossaryPro/node_modules/lodash-es/_wrapperClone.js
✓ Vendor chunk matched: /Users/pranay/Projects/AIMLGlossary/AIGlossaryPro/node_modules/lodash-es/_wrapperClone.js
Module ID: /Users/pranay/Projects/AIMLGlossary/AIGlossaryPro/node_modules/lodash-es/_baseLt.js
✓ Vendor chunk matched: /Users/pranay/Projects/AIMLGlossary/AIGlossaryPro/node_modules/lodash-es/_baseLt.js
Module ID: /Users/pranay/Projects/AIMLGlossary/AIGlossaryPro/node_modules/lodash-es/_baseMap.js
✓ Vendor chunk matched: /Users/pranay/Projects/AIMLGlossary/AIGlossaryPro/node_modules/lodash-es/_baseMap.js
Module ID: /Users/pranay/Projects/AIMLGlossary/AIGlossaryPro/node_modules/lodash-es/_baseMatches.js
✓ Vendor chunk matched: /Users/pranay/Projects/AIMLGlossary/AIGlossaryPro/node_modules/lodash-es/_baseMatches.js
Module ID: /Users/pranay/Projects/AIMLGlossary/AIGlossaryPro/node_modules/lodash-es/_createCaseFirst.js
✓ Vendor chunk matched: /Users/pranay/Projects/AIMLGlossary/AIGlossaryPro/node_modules/lodash-es/_createCaseFirst.js
Module ID: /Users/pranay/Projects/AIMLGlossary/AIGlossaryPro/node_modules/lodash-es/_baseMatchesProperty.js
✓ Vendor chunk matched: /Users/pranay/Projects/AIMLGlossary/AIGlossaryPro/node_modules/lodash-es/_baseMatchesProperty.js
Module ID: /Users/pranay/Projects/AIMLGlossary/AIGlossaryPro/node_modules/lodash-es/_baseExtremum.js
✓ Vendor chunk matched: /Users/pranay/Projects/AIMLGlossary/AIGlossaryPro/node_modules/lodash-es/_baseExtremum.js
Module ID: /Users/pranay/Projects/AIMLGlossary/AIGlossaryPro/node_modules/lodash-es/_baseMean.js
✓ Vendor chunk matched: /Users/pranay/Projects/AIMLGlossary/AIGlossaryPro/node_modules/lodash-es/_baseMean.js
Module ID: /Users/pranay/Projects/AIMLGlossary/AIGlossaryPro/node_modules/lodash-es/_baseNth.js
✓ Vendor chunk matched: /Users/pranay/Projects/AIMLGlossary/AIGlossaryPro/node_modules/lodash-es/_baseNth.js
Module ID: /Users/pranay/Projects/AIMLGlossary/AIGlossaryPro/node_modules/lodash-es/_baseUnset.js
✓ Vendor chunk matched: /Users/pranay/Projects/AIMLGlossary/AIGlossaryPro/node_modules/lodash-es/_baseUnset.js
Module ID: /Users/pranay/Projects/AIMLGlossary/AIGlossaryPro/node_modules/lodash-es/_castPath.js
✓ Vendor chunk matched: /Users/pranay/Projects/AIMLGlossary/AIGlossaryPro/node_modules/lodash-es/_castPath.js
Module ID: /Users/pranay/Projects/AIMLGlossary/AIGlossaryPro/node_modules/lodash-es/_customOmitClone.js
✓ Vendor chunk matched: /Users/pranay/Projects/AIMLGlossary/AIGlossaryPro/node_modules/lodash-es/_customOmitClone.js
Module ID: /Users/pranay/Projects/AIMLGlossary/AIGlossaryPro/node_modules/lodash-es/_createOver.js
✓ Vendor chunk matched: /Users/pranay/Projects/AIMLGlossary/AIGlossaryPro/node_modules/lodash-es/_createOver.js
Module ID: /Users/pranay/Projects/AIMLGlossary/AIGlossaryPro/node_modules/lodash-es/_baseOrderBy.js
✓ Vendor chunk matched: /Users/pranay/Projects/AIMLGlossary/AIGlossaryPro/node_modules/lodash-es/_baseOrderBy.js
Module ID: /Users/pranay/Projects/AIMLGlossary/AIGlossaryPro/node_modules/lodash-es/_castRest.js
✓ Vendor chunk matched: /Users/pranay/Projects/AIMLGlossary/AIGlossaryPro/node_modules/lodash-es/_castRest.js
Module ID: /Users/pranay/Projects/AIMLGlossary/AIGlossaryPro/node_modules/lodash-es/_arraySome.js
✓ Vendor chunk matched: /Users/pranay/Projects/AIMLGlossary/AIGlossaryPro/node_modules/lodash-es/_arraySome.js
Module ID: /Users/pranay/Projects/AIMLGlossary/AIGlossaryPro/node_modules/lodash-es/_createPadding.js
✓ Vendor chunk matched: /Users/pranay/Projects/AIMLGlossary/AIGlossaryPro/node_modules/lodash-es/_createPadding.js
Module ID: /Users/pranay/Projects/AIMLGlossary/AIGlossaryPro/node_modules/lodash-es/_stringSize.js
✓ Vendor chunk matched: /Users/pranay/Projects/AIMLGlossary/AIGlossaryPro/node_modules/lodash-es/_stringSize.js
Module ID: /Users/pranay/Projects/AIMLGlossary/AIGlossaryPro/node_modules/lodash-es/_basePick.js
✓ Vendor chunk matched: /Users/pranay/Projects/AIMLGlossary/AIGlossaryPro/node_modules/lodash-es/_basePick.js
Module ID: /Users/pranay/Projects/AIMLGlossary/AIGlossaryPro/node_modules/lodash-es/_baseProperty.js
✓ Vendor chunk matched: /Users/pranay/Projects/AIMLGlossary/AIGlossaryPro/node_modules/lodash-es/_baseProperty.js
Module ID: /Users/pranay/Projects/AIMLGlossary/AIGlossaryPro/node_modules/lodash-es/_basePropertyDeep.js
✓ Vendor chunk matched: /Users/pranay/Projects/AIMLGlossary/AIGlossaryPro/node_modules/lodash-es/_basePropertyDeep.js
Module ID: /Users/pranay/Projects/AIMLGlossary/AIGlossaryPro/node_modules/lodash-es/_isKey.js
✓ Vendor chunk matched: /Users/pranay/Projects/AIMLGlossary/AIGlossaryPro/node_modules/lodash-es/_isKey.js
Module ID: /Users/pranay/Projects/AIMLGlossary/AIGlossaryPro/node_modules/lodash-es/_basePickBy.js
✓ Vendor chunk matched: /Users/pranay/Projects/AIMLGlossary/AIGlossaryPro/node_modules/lodash-es/_basePickBy.js
Module ID: /Users/pranay/Projects/AIMLGlossary/AIGlossaryPro/node_modules/lodash-es/_basePullAll.js
✓ Vendor chunk matched: /Users/pranay/Projects/AIMLGlossary/AIGlossaryPro/node_modules/lodash-es/_basePullAll.js
Module ID: /Users/pranay/Projects/AIMLGlossary/AIGlossaryPro/node_modules/lodash-es/_baseRandom.js
✓ Vendor chunk matched: /Users/pranay/Projects/AIMLGlossary/AIGlossaryPro/node_modules/lodash-es/_baseRandom.js
Module ID: /Users/pranay/Projects/AIMLGlossary/AIGlossaryPro/node_modules/lodash-es/_createRange.js
✓ Vendor chunk matched: /Users/pranay/Projects/AIMLGlossary/AIGlossaryPro/node_modules/lodash-es/_createRange.js
Module ID: /Users/pranay/Projects/AIMLGlossary/AIGlossaryPro/node_modules/lodash-es/_basePullAt.js
✓ Vendor chunk matched: /Users/pranay/Projects/AIMLGlossary/AIGlossaryPro/node_modules/lodash-es/_basePullAt.js
Module ID: /Users/pranay/Projects/AIMLGlossary/AIGlossaryPro/node_modules/lodash-es/_compareAscending.js
✓ Vendor chunk matched: /Users/pranay/Projects/AIMLGlossary/AIGlossaryPro/node_modules/lodash-es/_compareAscending.js
Module ID: /Users/pranay/Projects/AIMLGlossary/AIGlossaryPro/node_modules/lodash-es/_arrayReduce.js
✓ Vendor chunk matched: /Users/pranay/Projects/AIMLGlossary/AIGlossaryPro/node_modules/lodash-es/_arrayReduce.js
Module ID: /Users/pranay/Projects/AIMLGlossary/AIGlossaryPro/node_modules/lodash-es/_baseReduce.js
✓ Vendor chunk matched: /Users/pranay/Projects/AIMLGlossary/AIGlossaryPro/node_modules/lodash-es/_baseReduce.js
Module ID: /Users/pranay/Projects/AIMLGlossary/AIGlossaryPro/node_modules/lodash-es/_arrayReduceRight.js
✓ Vendor chunk matched: /Users/pranay/Projects/AIMLGlossary/AIGlossaryPro/node_modules/lodash-es/_arrayReduceRight.js
Module ID: /Users/pranay/Projects/AIMLGlossary/AIGlossaryPro/node_modules/lodash-es/_baseRepeat.js
✓ Vendor chunk matched: /Users/pranay/Projects/AIMLGlossary/AIGlossaryPro/node_modules/lodash-es/_baseRepeat.js
Module ID: /Users/pranay/Projects/AIMLGlossary/AIGlossaryPro/node_modules/lodash-es/_arraySample.js
✓ Vendor chunk matched: /Users/pranay/Projects/AIMLGlossary/AIGlossaryPro/node_modules/lodash-es/_arraySample.js
Module ID: /Users/pranay/Projects/AIMLGlossary/AIGlossaryPro/node_modules/lodash-es/_baseSample.js
✓ Vendor chunk matched: /Users/pranay/Projects/AIMLGlossary/AIGlossaryPro/node_modules/lodash-es/_baseSample.js
Module ID: /Users/pranay/Projects/AIMLGlossary/AIGlossaryPro/node_modules/lodash-es/_arraySampleSize.js
✓ Vendor chunk matched: /Users/pranay/Projects/AIMLGlossary/AIGlossaryPro/node_modules/lodash-es/_arraySampleSize.js
Module ID: /Users/pranay/Projects/AIMLGlossary/AIGlossaryPro/node_modules/lodash-es/_baseSampleSize.js
✓ Vendor chunk matched: /Users/pranay/Projects/AIMLGlossary/AIGlossaryPro/node_modules/lodash-es/_baseSampleSize.js
Module ID: /Users/pranay/Projects/AIMLGlossary/AIGlossaryPro/node_modules/lodash-es/_baseSet.js
✓ Vendor chunk matched: /Users/pranay/Projects/AIMLGlossary/AIGlossaryPro/node_modules/lodash-es/_baseSet.js
Module ID: /Users/pranay/Projects/AIMLGlossary/AIGlossaryPro/node_modules/lodash-es/_arrayShuffle.js
✓ Vendor chunk matched: /Users/pranay/Projects/AIMLGlossary/AIGlossaryPro/node_modules/lodash-es/_arrayShuffle.js
Module ID: /Users/pranay/Projects/AIMLGlossary/AIGlossaryPro/node_modules/lodash-es/_baseShuffle.js
✓ Vendor chunk matched: /Users/pranay/Projects/AIMLGlossary/AIGlossaryPro/node_modules/lodash-es/_baseShuffle.js
Module ID: /Users/pranay/Projects/AIMLGlossary/AIGlossaryPro/node_modules/lodash-es/_baseSome.js
✓ Vendor chunk matched: /Users/pranay/Projects/AIMLGlossary/AIGlossaryPro/node_modules/lodash-es/_baseSome.js
Module ID: /Users/pranay/Projects/AIMLGlossary/AIGlossaryPro/node_modules/lodash-es/_baseSortedIndex.js
✓ Vendor chunk matched: /Users/pranay/Projects/AIMLGlossary/AIGlossaryPro/node_modules/lodash-es/_baseSortedIndex.js
Module ID: /Users/pranay/Projects/AIMLGlossary/AIGlossaryPro/node_modules/lodash-es/_baseSortedIndexBy.js
✓ Vendor chunk matched: /Users/pranay/Projects/AIMLGlossary/AIGlossaryPro/node_modules/lodash-es/_baseSortedIndexBy.js
Module ID: /Users/pranay/Projects/AIMLGlossary/AIGlossaryPro/node_modules/lodash-es/_castSlice.js
✓ Vendor chunk matched: /Users/pranay/Projects/AIMLGlossary/AIGlossaryPro/node_modules/lodash-es/_castSlice.js
Module ID: /Users/pranay/Projects/AIMLGlossary/AIGlossaryPro/node_modules/lodash-es/_baseSortedUniq.js
✓ Vendor chunk matched: /Users/pranay/Projects/AIMLGlossary/AIGlossaryPro/node_modules/lodash-es/_baseSortedUniq.js
Module ID: /Users/pranay/Projects/AIMLGlossary/AIGlossaryPro/node_modules/lodash-es/_hasUnicode.js
✓ Vendor chunk matched: /Users/pranay/Projects/AIMLGlossary/AIGlossaryPro/node_modules/lodash-es/_hasUnicode.js
Module ID: /Users/pranay/Projects/AIMLGlossary/AIGlossaryPro/node_modules/lodash-es/_stringToArray.js
✓ Vendor chunk matched: /Users/pranay/Projects/AIMLGlossary/AIGlossaryPro/node_modules/lodash-es/_stringToArray.js
Module ID: /Users/pranay/Projects/AIMLGlossary/AIGlossaryPro/node_modules/lodash-es/_baseSum.js
✓ Vendor chunk matched: /Users/pranay/Projects/AIMLGlossary/AIGlossaryPro/node_modules/lodash-es/_baseSum.js
Module ID: /Users/pranay/Projects/AIMLGlossary/AIGlossaryPro/node_modules/lodash-es/_reEscape.js
✓ Vendor chunk matched: /Users/pranay/Projects/AIMLGlossary/AIGlossaryPro/node_modules/lodash-es/_reEscape.js
Module ID: /Users/pranay/Projects/AIMLGlossary/AIGlossaryPro/node_modules/lodash-es/_reEvaluate.js
✓ Vendor chunk matched: /Users/pranay/Projects/AIMLGlossary/AIGlossaryPro/node_modules/lodash-es/_reEvaluate.js
Module ID: /Users/pranay/Projects/AIMLGlossary/AIGlossaryPro/node_modules/lodash-es/_reInterpolate.js
✓ Vendor chunk matched: /Users/pranay/Projects/AIMLGlossary/AIGlossaryPro/node_modules/lodash-es/_reInterpolate.js
Module ID: /Users/pranay/Projects/AIMLGlossary/AIGlossaryPro/node_modules/lodash-es/_baseValues.js
✓ Vendor chunk matched: /Users/pranay/Projects/AIMLGlossary/AIGlossaryPro/node_modules/lodash-es/_baseValues.js
Module ID: /Users/pranay/Projects/AIMLGlossary/AIGlossaryPro/node_modules/lodash-es/_customDefaultsAssignIn.js
✓ Vendor chunk matched: /Users/pranay/Projects/AIMLGlossary/AIGlossaryPro/node_modules/lodash-es/_customDefaultsAssignIn.js
Module ID: /Users/pranay/Projects/AIMLGlossary/AIGlossaryPro/node_modules/lodash-es/_escapeStringChar.js
✓ Vendor chunk matched: /Users/pranay/Projects/AIMLGlossary/AIGlossaryPro/node_modules/lodash-es/_escapeStringChar.js
Module ID: /Users/pranay/Projects/AIMLGlossary/AIGlossaryPro/node_modules/lodash-es/_iteratorToArray.js
✓ Vendor chunk matched: /Users/pranay/Projects/AIMLGlossary/AIGlossaryPro/node_modules/lodash-es/_iteratorToArray.js
Module ID: /Users/pranay/Projects/AIMLGlossary/AIGlossaryPro/node_modules/lodash-es/_mapToArray.js
✓ Vendor chunk matched: /Users/pranay/Projects/AIMLGlossary/AIGlossaryPro/node_modules/lodash-es/_mapToArray.js
Module ID: /Users/pranay/Projects/AIMLGlossary/AIGlossaryPro/node_modules/lodash-es/_setToArray.js
✓ Vendor chunk matched: /Users/pranay/Projects/AIMLGlossary/AIGlossaryPro/node_modules/lodash-es/_setToArray.js
Module ID: /Users/pranay/Projects/AIMLGlossary/AIGlossaryPro/node_modules/lodash-es/_baseTrim.js
✓ Vendor chunk matched: /Users/pranay/Projects/AIMLGlossary/AIGlossaryPro/node_modules/lodash-es/_baseTrim.js
Module ID: /Users/pranay/Projects/AIMLGlossary/AIGlossaryPro/node_modules/lodash-es/_createToPairs.js
✓ Vendor chunk matched: /Users/pranay/Projects/AIMLGlossary/AIGlossaryPro/node_modules/lodash-es/_createToPairs.js
Module ID: /Users/pranay/Projects/AIMLGlossary/AIGlossaryPro/node_modules/lodash-es/_stringToPath.js
✓ Vendor chunk matched: /Users/pranay/Projects/AIMLGlossary/AIGlossaryPro/node_modules/lodash-es/_stringToPath.js
Module ID: /Users/pranay/Projects/AIMLGlossary/AIGlossaryPro/node_modules/lodash-es/_charsEndIndex.js
✓ Vendor chunk matched: /Users/pranay/Projects/AIMLGlossary/AIGlossaryPro/node_modules/lodash-es/_charsEndIndex.js
Module ID: /Users/pranay/Projects/AIMLGlossary/AIGlossaryPro/node_modules/lodash-es/_charsStartIndex.js
✓ Vendor chunk matched: /Users/pranay/Projects/AIMLGlossary/AIGlossaryPro/node_modules/lodash-es/_charsStartIndex.js
Module ID: /Users/pranay/Projects/AIMLGlossary/AIGlossaryPro/node_modules/lodash-es/_trimmedEndIndex.js
✓ Vendor chunk matched: /Users/pranay/Projects/AIMLGlossary/AIGlossaryPro/node_modules/lodash-es/_trimmedEndIndex.js
Module ID: /Users/pranay/Projects/AIMLGlossary/AIGlossaryPro/node_modules/lodash-es/_baseUniq.js
✓ Vendor chunk matched: /Users/pranay/Projects/AIMLGlossary/AIGlossaryPro/node_modules/lodash-es/_baseUniq.js
Module ID: /Users/pranay/Projects/AIMLGlossary/AIGlossaryPro/node_modules/lodash-es/_unescapeHtmlChar.js
✓ Vendor chunk matched: /Users/pranay/Projects/AIMLGlossary/AIGlossaryPro/node_modules/lodash-es/_unescapeHtmlChar.js
Module ID: /Users/pranay/Projects/AIMLGlossary/AIGlossaryPro/node_modules/lodash-es/_baseUpdate.js
✓ Vendor chunk matched: /Users/pranay/Projects/AIMLGlossary/AIGlossaryPro/node_modules/lodash-es/_baseUpdate.js
Module ID: /Users/pranay/Projects/AIMLGlossary/AIGlossaryPro/node_modules/lodash-es/_asciiWords.js
✓ Vendor chunk matched: /Users/pranay/Projects/AIMLGlossary/AIGlossaryPro/node_modules/lodash-es/_asciiWords.js
Module ID: /Users/pranay/Projects/AIMLGlossary/AIGlossaryPro/node_modules/lodash-es/_hasUnicodeWord.js
✓ Vendor chunk matched: /Users/pranay/Projects/AIMLGlossary/AIGlossaryPro/node_modules/lodash-es/_hasUnicodeWord.js
Module ID: /Users/pranay/Projects/AIMLGlossary/AIGlossaryPro/node_modules/lodash-es/_unicodeWords.js
✓ Vendor chunk matched: /Users/pranay/Projects/AIMLGlossary/AIGlossaryPro/node_modules/lodash-es/_unicodeWords.js
Module ID: /Users/pranay/Projects/AIMLGlossary/AIGlossaryPro/node_modules/lodash-es/_baseXor.js
✓ Vendor chunk matched: /Users/pranay/Projects/AIMLGlossary/AIGlossaryPro/node_modules/lodash-es/_baseXor.js
Module ID: /Users/pranay/Projects/AIMLGlossary/AIGlossaryPro/node_modules/lodash-es/_baseWrapperValue.js
✓ Vendor chunk matched: /Users/pranay/Projects/AIMLGlossary/AIGlossaryPro/node_modules/lodash-es/_baseWrapperValue.js
Module ID: /Users/pranay/Projects/AIMLGlossary/AIGlossaryPro/node_modules/lodash-es/_baseZipObject.js
✓ Vendor chunk matched: /Users/pranay/Projects/AIMLGlossary/AIGlossaryPro/node_modules/lodash-es/_baseZipObject.js
Module ID: /Users/pranay/Projects/AIMLGlossary/AIGlossaryPro/node_modules/lodash-es/_hashClear.js
✓ Vendor chunk matched: /Users/pranay/Projects/AIMLGlossary/AIGlossaryPro/node_modules/lodash-es/_hashClear.js
Module ID: /Users/pranay/Projects/AIMLGlossary/AIGlossaryPro/node_modules/lodash-es/_hashDelete.js
✓ Vendor chunk matched: /Users/pranay/Projects/AIMLGlossary/AIGlossaryPro/node_modules/lodash-es/_hashDelete.js
Module ID: /Users/pranay/Projects/AIMLGlossary/AIGlossaryPro/node_modules/lodash-es/_hashGet.js
✓ Vendor chunk matched: /Users/pranay/Projects/AIMLGlossary/AIGlossaryPro/node_modules/lodash-es/_hashGet.js
Module ID: /Users/pranay/Projects/AIMLGlossary/AIGlossaryPro/node_modules/lodash-es/_hashHas.js
✓ Vendor chunk matched: /Users/pranay/Projects/AIMLGlossary/AIGlossaryPro/node_modules/lodash-es/_hashHas.js
Module ID: /Users/pranay/Projects/AIMLGlossary/AIGlossaryPro/node_modules/lodash-es/_hashSet.js
✓ Vendor chunk matched: /Users/pranay/Projects/AIMLGlossary/AIGlossaryPro/node_modules/lodash-es/_hashSet.js
Module ID: /Users/pranay/Projects/AIMLGlossary/AIGlossaryPro/node_modules/lodash-es/_isKeyable.js
✓ Vendor chunk matched: /Users/pranay/Projects/AIMLGlossary/AIGlossaryPro/node_modules/lodash-es/_isKeyable.js
Module ID: /Users/pranay/Projects/AIMLGlossary/AIGlossaryPro/node_modules/lodash-es/_baseSetToString.js
✓ Vendor chunk matched: /Users/pranay/Projects/AIMLGlossary/AIGlossaryPro/node_modules/lodash-es/_baseSetToString.js
Module ID: /Users/pranay/Projects/AIMLGlossary/AIGlossaryPro/node_modules/lodash-es/_shortOut.js
✓ Vendor chunk matched: /Users/pranay/Projects/AIMLGlossary/AIGlossaryPro/node_modules/lodash-es/_shortOut.js
Module ID: /Users/pranay/Projects/AIMLGlossary/AIGlossaryPro/node_modules/khroma/dist/utils/channel.js
✓ Vendor chunk matched: /Users/pranay/Projects/AIMLGlossary/AIGlossaryPro/node_modules/khroma/dist/utils/channel.js
Module ID: /Users/pranay/Projects/AIMLGlossary/AIGlossaryPro/node_modules/khroma/dist/utils/lang.js
✓ Vendor chunk matched: /Users/pranay/Projects/AIMLGlossary/AIGlossaryPro/node_modules/khroma/dist/utils/lang.js
Module ID: /Users/pranay/Projects/AIMLGlossary/AIGlossaryPro/node_modules/khroma/dist/utils/unit.js
✓ Vendor chunk matched: /Users/pranay/Projects/AIMLGlossary/AIGlossaryPro/node_modules/khroma/dist/utils/unit.js
Module ID: /Users/pranay/Projects/AIMLGlossary/AIGlossaryPro/node_modules/khroma/dist/color/hex.js
✓ Vendor chunk matched: /Users/pranay/Projects/AIMLGlossary/AIGlossaryPro/node_modules/khroma/dist/color/hex.js
Module ID: /Users/pranay/Projects/AIMLGlossary/AIGlossaryPro/node_modules/khroma/dist/color/hsl.js
✓ Vendor chunk matched: /Users/pranay/Projects/AIMLGlossary/AIGlossaryPro/node_modules/khroma/dist/color/hsl.js
Module ID: /Users/pranay/Projects/AIMLGlossary/AIGlossaryPro/node_modules/khroma/dist/color/keyword.js
✓ Vendor chunk matched: /Users/pranay/Projects/AIMLGlossary/AIGlossaryPro/node_modules/khroma/dist/color/keyword.js
Module ID: /Users/pranay/Projects/AIMLGlossary/AIGlossaryPro/node_modules/khroma/dist/color/rgb.js
✓ Vendor chunk matched: /Users/pranay/Projects/AIMLGlossary/AIGlossaryPro/node_modules/khroma/dist/color/rgb.js
Module ID: /Users/pranay/Projects/AIMLGlossary/AIGlossaryPro/node_modules/khroma/dist/constants.js
✓ Vendor chunk matched: /Users/pranay/Projects/AIMLGlossary/AIGlossaryPro/node_modules/khroma/dist/constants.js
Module ID: /Users/pranay/Projects/AIMLGlossary/AIGlossaryPro/node_modules/lodash-es/array.js
✓ Vendor chunk matched: /Users/pranay/Projects/AIMLGlossary/AIGlossaryPro/node_modules/lodash-es/array.js
Module ID: /Users/pranay/Projects/AIMLGlossary/AIGlossaryPro/node_modules/lodash-es/collection.js
✓ Vendor chunk matched: /Users/pranay/Projects/AIMLGlossary/AIGlossaryPro/node_modules/lodash-es/collection.js
Module ID: /Users/pranay/Projects/AIMLGlossary/AIGlossaryPro/node_modules/lodash-es/date.js
✓ Vendor chunk matched: /Users/pranay/Projects/AIMLGlossary/AIGlossaryPro/node_modules/lodash-es/date.js
Module ID: /Users/pranay/Projects/AIMLGlossary/AIGlossaryPro/node_modules/lodash-es/function.js
✓ Vendor chunk matched: /Users/pranay/Projects/AIMLGlossary/AIGlossaryPro/node_modules/lodash-es/function.js
Module ID: /Users/pranay/Projects/AIMLGlossary/AIGlossaryPro/node_modules/lodash-es/lang.js
✓ Vendor chunk matched: /Users/pranay/Projects/AIMLGlossary/AIGlossaryPro/node_modules/lodash-es/lang.js
Module ID: /Users/pranay/Projects/AIMLGlossary/AIGlossaryPro/node_modules/lodash-es/math.js
✓ Vendor chunk matched: /Users/pranay/Projects/AIMLGlossary/AIGlossaryPro/node_modules/lodash-es/math.js
Module ID: /Users/pranay/Projects/AIMLGlossary/AIGlossaryPro/node_modules/lodash-es/number.js
✓ Vendor chunk matched: /Users/pranay/Projects/AIMLGlossary/AIGlossaryPro/node_modules/lodash-es/number.js
Module ID: /Users/pranay/Projects/AIMLGlossary/AIGlossaryPro/node_modules/lodash-es/object.js
✓ Vendor chunk matched: /Users/pranay/Projects/AIMLGlossary/AIGlossaryPro/node_modules/lodash-es/object.js
Module ID: /Users/pranay/Projects/AIMLGlossary/AIGlossaryPro/node_modules/lodash-es/seq.js
✓ Vendor chunk matched: /Users/pranay/Projects/AIMLGlossary/AIGlossaryPro/node_modules/lodash-es/seq.js
Module ID: /Users/pranay/Projects/AIMLGlossary/AIGlossaryPro/node_modules/lodash-es/string.js
✓ Vendor chunk matched: /Users/pranay/Projects/AIMLGlossary/AIGlossaryPro/node_modules/lodash-es/string.js
Module ID: /Users/pranay/Projects/AIMLGlossary/AIGlossaryPro/node_modules/lodash-es/util.js
✓ Vendor chunk matched: /Users/pranay/Projects/AIMLGlossary/AIGlossaryPro/node_modules/lodash-es/util.js
Module ID: /Users/pranay/Projects/AIMLGlossary/AIGlossaryPro/node_modules/lodash-es/_createHybrid.js
✓ Vendor chunk matched: /Users/pranay/Projects/AIMLGlossary/AIGlossaryPro/node_modules/lodash-es/_createHybrid.js
Module ID: /Users/pranay/Projects/AIMLGlossary/AIGlossaryPro/node_modules/lodash-es/_lazyClone.js
✓ Vendor chunk matched: /Users/pranay/Projects/AIMLGlossary/AIGlossaryPro/node_modules/lodash-es/_lazyClone.js
Module ID: /Users/pranay/Projects/AIMLGlossary/AIGlossaryPro/node_modules/lodash-es/_lazyReverse.js
✓ Vendor chunk matched: /Users/pranay/Projects/AIMLGlossary/AIGlossaryPro/node_modules/lodash-es/_lazyReverse.js
Module ID: /Users/pranay/Projects/AIMLGlossary/AIGlossaryPro/node_modules/lodash-es/_lazyValue.js
✓ Vendor chunk matched: /Users/pranay/Projects/AIMLGlossary/AIGlossaryPro/node_modules/lodash-es/_lazyValue.js
Module ID: /Users/pranay/Projects/AIMLGlossary/AIGlossaryPro/node_modules/lodash-es/_realNames.js
✓ Vendor chunk matched: /Users/pranay/Projects/AIMLGlossary/AIGlossaryPro/node_modules/lodash-es/_realNames.js
Module ID: /Users/pranay/Projects/AIMLGlossary/AIGlossaryPro/node_modules/langium/lib/languages/grammar-config.js
✓ Vendor chunk matched: /Users/pranay/Projects/AIMLGlossary/AIGlossaryPro/node_modules/langium/lib/languages/grammar-config.js
Module ID: /Users/pranay/Projects/AIMLGlossary/AIGlossaryPro/node_modules/langium/lib/parser/completion-parser-builder.js
✓ Vendor chunk matched: /Users/pranay/Projects/AIMLGlossary/AIGlossaryPro/node_modules/langium/lib/parser/completion-parser-builder.js
Module ID: /Users/pranay/Projects/AIMLGlossary/AIGlossaryPro/node_modules/langium/lib/parser/langium-parser-builder.js
✓ Vendor chunk matched: /Users/pranay/Projects/AIMLGlossary/AIGlossaryPro/node_modules/langium/lib/parser/langium-parser-builder.js
Module ID: /Users/pranay/Projects/AIMLGlossary/AIGlossaryPro/node_modules/langium/lib/parser/token-builder.js
✓ Vendor chunk matched: /Users/pranay/Projects/AIMLGlossary/AIGlossaryPro/node_modules/langium/lib/parser/token-builder.js
Module ID: /Users/pranay/Projects/AIMLGlossary/AIGlossaryPro/node_modules/langium/lib/parser/value-converter.js
✓ Vendor chunk matched: /Users/pranay/Projects/AIMLGlossary/AIGlossaryPro/node_modules/langium/lib/parser/value-converter.js
Module ID: /Users/pranay/Projects/AIMLGlossary/AIGlossaryPro/node_modules/langium/lib/references/linker.js
✓ Vendor chunk matched: /Users/pranay/Projects/AIMLGlossary/AIGlossaryPro/node_modules/langium/lib/references/linker.js
Module ID: /Users/pranay/Projects/AIMLGlossary/AIGlossaryPro/node_modules/langium/lib/references/name-provider.js
✓ Vendor chunk matched: /Users/pranay/Projects/AIMLGlossary/AIGlossaryPro/node_modules/langium/lib/references/name-provider.js
Module ID: /Users/pranay/Projects/AIMLGlossary/AIGlossaryPro/node_modules/langium/lib/references/references.js
✓ Vendor chunk matched: /Users/pranay/Projects/AIMLGlossary/AIGlossaryPro/node_modules/langium/lib/references/references.js
Module ID: /Users/pranay/Projects/AIMLGlossary/AIGlossaryPro/node_modules/langium/lib/references/scope-computation.js
✓ Vendor chunk matched: /Users/pranay/Projects/AIMLGlossary/AIGlossaryPro/node_modules/langium/lib/references/scope-computation.js
Module ID: /Users/pranay/Projects/AIMLGlossary/AIGlossaryPro/node_modules/langium/lib/references/scope-provider.js
✓ Vendor chunk matched: /Users/pranay/Projects/AIMLGlossary/AIGlossaryPro/node_modules/langium/lib/references/scope-provider.js
Module ID: /Users/pranay/Projects/AIMLGlossary/AIGlossaryPro/node_modules/langium/lib/serializer/json-serializer.js
✓ Vendor chunk matched: /Users/pranay/Projects/AIMLGlossary/AIGlossaryPro/node_modules/langium/lib/serializer/json-serializer.js
Module ID: /Users/pranay/Projects/AIMLGlossary/AIGlossaryPro/node_modules/langium/lib/validation/document-validator.js
✓ Vendor chunk matched: /Users/pranay/Projects/AIMLGlossary/AIGlossaryPro/node_modules/langium/lib/validation/document-validator.js
Module ID: /Users/pranay/Projects/AIMLGlossary/AIGlossaryPro/node_modules/langium/lib/validation/validation-registry.js
✓ Vendor chunk matched: /Users/pranay/Projects/AIMLGlossary/AIGlossaryPro/node_modules/langium/lib/validation/validation-registry.js
Module ID: /Users/pranay/Projects/AIMLGlossary/AIGlossaryPro/node_modules/langium/lib/workspace/ast-descriptions.js
✓ Vendor chunk matched: /Users/pranay/Projects/AIMLGlossary/AIGlossaryPro/node_modules/langium/lib/workspace/ast-descriptions.js
Module ID: /Users/pranay/Projects/AIMLGlossary/AIGlossaryPro/node_modules/langium/lib/workspace/ast-node-locator.js
✓ Vendor chunk matched: /Users/pranay/Projects/AIMLGlossary/AIGlossaryPro/node_modules/langium/lib/workspace/ast-node-locator.js
Module ID: /Users/pranay/Projects/AIMLGlossary/AIGlossaryPro/node_modules/langium/lib/workspace/configuration.js
✓ Vendor chunk matched: /Users/pranay/Projects/AIMLGlossary/AIGlossaryPro/node_modules/langium/lib/workspace/configuration.js
Module ID: /Users/pranay/Projects/AIMLGlossary/AIGlossaryPro/node_modules/langium/lib/workspace/document-builder.js
✓ Vendor chunk matched: /Users/pranay/Projects/AIMLGlossary/AIGlossaryPro/node_modules/langium/lib/workspace/document-builder.js
Module ID: /Users/pranay/Projects/AIMLGlossary/AIGlossaryPro/node_modules/langium/lib/workspace/documents.js
✓ Vendor chunk matched: /Users/pranay/Projects/AIMLGlossary/AIGlossaryPro/node_modules/langium/lib/workspace/documents.js
Module ID: /Users/pranay/Projects/AIMLGlossary/AIGlossaryPro/node_modules/langium/lib/workspace/index-manager.js
✓ Vendor chunk matched: /Users/pranay/Projects/AIMLGlossary/AIGlossaryPro/node_modules/langium/lib/workspace/index-manager.js
Module ID: /Users/pranay/Projects/AIMLGlossary/AIGlossaryPro/node_modules/langium/lib/workspace/workspace-manager.js
✓ Vendor chunk matched: /Users/pranay/Projects/AIMLGlossary/AIGlossaryPro/node_modules/langium/lib/workspace/workspace-manager.js
Module ID: /Users/pranay/Projects/AIMLGlossary/AIGlossaryPro/node_modules/langium/lib/parser/lexer.js
✓ Vendor chunk matched: /Users/pranay/Projects/AIMLGlossary/AIGlossaryPro/node_modules/langium/lib/parser/lexer.js
Module ID: /Users/pranay/Projects/AIMLGlossary/AIGlossaryPro/node_modules/langium/lib/documentation/documentation-provider.js
✓ Vendor chunk matched: /Users/pranay/Projects/AIMLGlossary/AIGlossaryPro/node_modules/langium/lib/documentation/documentation-provider.js
Module ID: /Users/pranay/Projects/AIMLGlossary/AIGlossaryPro/node_modules/langium/lib/documentation/comment-provider.js
✓ Vendor chunk matched: /Users/pranay/Projects/AIMLGlossary/AIGlossaryPro/node_modules/langium/lib/documentation/comment-provider.js
Module ID: /Users/pranay/Projects/AIMLGlossary/AIGlossaryPro/node_modules/langium/lib/parser/langium-parser.js
✓ Vendor chunk matched: /Users/pranay/Projects/AIMLGlossary/AIGlossaryPro/node_modules/langium/lib/parser/langium-parser.js
Module ID: /Users/pranay/Projects/AIMLGlossary/AIGlossaryPro/node_modules/langium/lib/parser/async-parser.js
✓ Vendor chunk matched: /Users/pranay/Projects/AIMLGlossary/AIGlossaryPro/node_modules/langium/lib/parser/async-parser.js
Module ID: /Users/pranay/Projects/AIMLGlossary/AIGlossaryPro/node_modules/langium/lib/workspace/workspace-lock.js
✓ Vendor chunk matched: /Users/pranay/Projects/AIMLGlossary/AIGlossaryPro/node_modules/langium/lib/workspace/workspace-lock.js
Module ID: /Users/pranay/Projects/AIMLGlossary/AIGlossaryPro/node_modules/langium/lib/serializer/hydrator.js
✓ Vendor chunk matched: /Users/pranay/Projects/AIMLGlossary/AIGlossaryPro/node_modules/langium/lib/serializer/hydrator.js
Module ID: /Users/pranay/Projects/AIMLGlossary/AIGlossaryPro/node_modules/khroma/dist/channels/index.js
✓ Vendor chunk matched: /Users/pranay/Projects/AIMLGlossary/AIGlossaryPro/node_modules/khroma/dist/channels/index.js
Module ID: /Users/pranay/Projects/AIMLGlossary/AIGlossaryPro/node_modules/langium/lib/utils/uri-utils.js
✓ Vendor chunk matched: /Users/pranay/Projects/AIMLGlossary/AIGlossaryPro/node_modules/langium/lib/utils/uri-utils.js
Module ID: /Users/pranay/Projects/AIMLGlossary/AIGlossaryPro/node_modules/langium/lib/languages/language-meta-data.js
✓ Vendor chunk matched: /Users/pranay/Projects/AIMLGlossary/AIGlossaryPro/node_modules/langium/lib/languages/language-meta-data.js
Module ID: /Users/pranay/Projects/AIMLGlossary/AIGlossaryPro/node_modules/langium/lib/parser/cst-node-builder.js
✓ Vendor chunk matched: /Users/pranay/Projects/AIMLGlossary/AIGlossaryPro/node_modules/langium/lib/parser/cst-node-builder.js
Module ID: /Users/pranay/Projects/AIMLGlossary/AIGlossaryPro/node_modules/langium/lib/parser/indentation-aware.js
✓ Vendor chunk matched: /Users/pranay/Projects/AIMLGlossary/AIGlossaryPro/node_modules/langium/lib/parser/indentation-aware.js
Module ID: /Users/pranay/Projects/AIMLGlossary/AIGlossaryPro/node_modules/langium/lib/parser/parser-builder-base.js
✓ Vendor chunk matched: /Users/pranay/Projects/AIMLGlossary/AIGlossaryPro/node_modules/langium/lib/parser/parser-builder-base.js
Module ID: /Users/pranay/Projects/AIMLGlossary/AIGlossaryPro/node_modules/langium/lib/parser/parser-config.js
✓ Vendor chunk matched: /Users/pranay/Projects/AIMLGlossary/AIGlossaryPro/node_modules/langium/lib/parser/parser-config.js
Module ID: /Users/pranay/Projects/AIMLGlossary/AIGlossaryPro/node_modules/langium/lib/documentation/jsdoc.js
✓ Vendor chunk matched: /Users/pranay/Projects/AIMLGlossary/AIGlossaryPro/node_modules/langium/lib/documentation/jsdoc.js
Module ID: /Users/pranay/Projects/AIMLGlossary/AIGlossaryPro/node_modules/langium/lib/references/scope.js
✓ Vendor chunk matched: /Users/pranay/Projects/AIMLGlossary/AIGlossaryPro/node_modules/langium/lib/references/scope.js
Module ID: /Users/pranay/Projects/AIMLGlossary/AIGlossaryPro/node_modules/langium/lib/utils/caching.js
✓ Vendor chunk matched: /Users/pranay/Projects/AIMLGlossary/AIGlossaryPro/node_modules/langium/lib/utils/caching.js
Module ID: /Users/pranay/Projects/AIMLGlossary/AIGlossaryPro/node_modules/langium/lib/utils/event.js
✓ Vendor chunk matched: /Users/pranay/Projects/AIMLGlossary/AIGlossaryPro/node_modules/langium/lib/utils/event.js
Module ID: /Users/pranay/Projects/AIMLGlossary/AIGlossaryPro/node_modules/langium/lib/utils/collections.js
✓ Vendor chunk matched: /Users/pranay/Projects/AIMLGlossary/AIGlossaryPro/node_modules/langium/lib/utils/collections.js
Module ID: /Users/pranay/Projects/AIMLGlossary/AIGlossaryPro/node_modules/langium/lib/utils/disposable.js
✓ Vendor chunk matched: /Users/pranay/Projects/AIMLGlossary/AIGlossaryPro/node_modules/langium/lib/utils/disposable.js
Module ID: /Users/pranay/Projects/AIMLGlossary/AIGlossaryPro/node_modules/langium/lib/utils/errors.js
✓ Vendor chunk matched: /Users/pranay/Projects/AIMLGlossary/AIGlossaryPro/node_modules/langium/lib/utils/errors.js
Module ID: /Users/pranay/Projects/AIMLGlossary/AIGlossaryPro/node_modules/langium/lib/utils/grammar-loader.js
✓ Vendor chunk matched: /Users/pranay/Projects/AIMLGlossary/AIGlossaryPro/node_modules/langium/lib/utils/grammar-loader.js
Module ID: /Users/pranay/Projects/AIMLGlossary/AIGlossaryPro/node_modules/langium/lib/utils/promise-utils.js
✓ Vendor chunk matched: /Users/pranay/Projects/AIMLGlossary/AIGlossaryPro/node_modules/langium/lib/utils/promise-utils.js
Module ID: /Users/pranay/Projects/AIMLGlossary/AIGlossaryPro/node_modules/langium/lib/utils/stream.js
✓ Vendor chunk matched: /Users/pranay/Projects/AIMLGlossary/AIGlossaryPro/node_modules/langium/lib/utils/stream.js
Module ID: /Users/pranay/Projects/AIMLGlossary/AIGlossaryPro/node_modules/langium/lib/utils/ast-utils.js
✓ Vendor chunk matched: /Users/pranay/Projects/AIMLGlossary/AIGlossaryPro/node_modules/langium/lib/utils/ast-utils.js
Module ID: /Users/pranay/Projects/AIMLGlossary/AIGlossaryPro/node_modules/langium/lib/utils/cancellation.js
✓ Vendor chunk matched: /Users/pranay/Projects/AIMLGlossary/AIGlossaryPro/node_modules/langium/lib/utils/cancellation.js
Module ID: /Users/pranay/Projects/AIMLGlossary/AIGlossaryPro/node_modules/langium/lib/utils/cst-utils.js
✓ Vendor chunk matched: /Users/pranay/Projects/AIMLGlossary/AIGlossaryPro/node_modules/langium/lib/utils/cst-utils.js
Module ID: /Users/pranay/Projects/AIMLGlossary/AIGlossaryPro/node_modules/langium/lib/utils/grammar-utils.js
✓ Vendor chunk matched: /Users/pranay/Projects/AIMLGlossary/AIGlossaryPro/node_modules/langium/lib/utils/grammar-utils.js
Module ID: /Users/pranay/Projects/AIMLGlossary/AIGlossaryPro/node_modules/langium/lib/utils/regexp-utils.js
✓ Vendor chunk matched: /Users/pranay/Projects/AIMLGlossary/AIGlossaryPro/node_modules/langium/lib/utils/regexp-utils.js
Module ID: /Users/pranay/Projects/AIMLGlossary/AIGlossaryPro/node_modules/langium/lib/workspace/file-system-provider.js
✓ Vendor chunk matched: /Users/pranay/Projects/AIMLGlossary/AIGlossaryPro/node_modules/langium/lib/workspace/file-system-provider.js
Module ID: /Users/pranay/Projects/AIMLGlossary/AIGlossaryPro/node_modules/robust-predicates/esm/orient2d.js
✓ Vendor chunk matched: /Users/pranay/Projects/AIMLGlossary/AIGlossaryPro/node_modules/robust-predicates/esm/orient2d.js
Module ID: /Users/pranay/Projects/AIMLGlossary/AIGlossaryPro/node_modules/robust-predicates/esm/orient3d.js
✓ Vendor chunk matched: /Users/pranay/Projects/AIMLGlossary/AIGlossaryPro/node_modules/robust-predicates/esm/orient3d.js
Module ID: /Users/pranay/Projects/AIMLGlossary/AIGlossaryPro/node_modules/robust-predicates/esm/incircle.js
✓ Vendor chunk matched: /Users/pranay/Projects/AIMLGlossary/AIGlossaryPro/node_modules/robust-predicates/esm/incircle.js
Module ID: /Users/pranay/Projects/AIMLGlossary/AIGlossaryPro/node_modules/robust-predicates/esm/insphere.js
✓ Vendor chunk matched: /Users/pranay/Projects/AIMLGlossary/AIGlossaryPro/node_modules/robust-predicates/esm/insphere.js
Module ID: /Users/pranay/Projects/AIMLGlossary/AIGlossaryPro/node_modules/dagre-d3-es/src/graphlib/alg/components.js
✓ Vendor chunk matched: /Users/pranay/Projects/AIMLGlossary/AIGlossaryPro/node_modules/dagre-d3-es/src/graphlib/alg/components.js
Module ID: /Users/pranay/Projects/AIMLGlossary/AIGlossaryPro/node_modules/dagre-d3-es/src/graphlib/alg/dijkstra.js
✓ Vendor chunk matched: /Users/pranay/Projects/AIMLGlossary/AIGlossaryPro/node_modules/dagre-d3-es/src/graphlib/alg/dijkstra.js
Module ID: /Users/pranay/Projects/AIMLGlossary/AIGlossaryPro/node_modules/dagre-d3-es/src/graphlib/alg/dijkstra-all.js
✓ Vendor chunk matched: /Users/pranay/Projects/AIMLGlossary/AIGlossaryPro/node_modules/dagre-d3-es/src/graphlib/alg/dijkstra-all.js
Module ID: /Users/pranay/Projects/AIMLGlossary/AIGlossaryPro/node_modules/dagre-d3-es/src/graphlib/alg/find-cycles.js
✓ Vendor chunk matched: /Users/pranay/Projects/AIMLGlossary/AIGlossaryPro/node_modules/dagre-d3-es/src/graphlib/alg/find-cycles.js
Module ID: /Users/pranay/Projects/AIMLGlossary/AIGlossaryPro/node_modules/dagre-d3-es/src/graphlib/alg/floyd-warshall.js
✓ Vendor chunk matched: /Users/pranay/Projects/AIMLGlossary/AIGlossaryPro/node_modules/dagre-d3-es/src/graphlib/alg/floyd-warshall.js
Module ID: /Users/pranay/Projects/AIMLGlossary/AIGlossaryPro/node_modules/dagre-d3-es/src/graphlib/alg/is-acyclic.js
✓ Vendor chunk matched: /Users/pranay/Projects/AIMLGlossary/AIGlossaryPro/node_modules/dagre-d3-es/src/graphlib/alg/is-acyclic.js
Module ID: /Users/pranay/Projects/AIMLGlossary/AIGlossaryPro/node_modules/dagre-d3-es/src/graphlib/alg/postorder.js
✓ Vendor chunk matched: /Users/pranay/Projects/AIMLGlossary/AIGlossaryPro/node_modules/dagre-d3-es/src/graphlib/alg/postorder.js
Module ID: /Users/pranay/Projects/AIMLGlossary/AIGlossaryPro/node_modules/dagre-d3-es/src/graphlib/alg/preorder.js
✓ Vendor chunk matched: /Users/pranay/Projects/AIMLGlossary/AIGlossaryPro/node_modules/dagre-d3-es/src/graphlib/alg/preorder.js
Module ID: /Users/pranay/Projects/AIMLGlossary/AIGlossaryPro/node_modules/dagre-d3-es/src/graphlib/alg/prim.js
✓ Vendor chunk matched: /Users/pranay/Projects/AIMLGlossary/AIGlossaryPro/node_modules/dagre-d3-es/src/graphlib/alg/prim.js
Module ID: /Users/pranay/Projects/AIMLGlossary/AIGlossaryPro/node_modules/dagre-d3-es/src/graphlib/alg/tarjan.js
✓ Vendor chunk matched: /Users/pranay/Projects/AIMLGlossary/AIGlossaryPro/node_modules/dagre-d3-es/src/graphlib/alg/tarjan.js
Module ID: /Users/pranay/Projects/AIMLGlossary/AIGlossaryPro/node_modules/dagre-d3-es/src/graphlib/alg/topsort.js
✓ Vendor chunk matched: /Users/pranay/Projects/AIMLGlossary/AIGlossaryPro/node_modules/dagre-d3-es/src/graphlib/alg/topsort.js
Module ID: /Users/pranay/Projects/AIMLGlossary/AIGlossaryPro/node_modules/d3-sankey/node_modules/d3-array/src/number.js
✓ Vendor chunk matched: /Users/pranay/Projects/AIMLGlossary/AIGlossaryPro/node_modules/d3-sankey/node_modules/d3-array/src/number.js
Module ID: /Users/pranay/Projects/AIMLGlossary/AIGlossaryPro/node_modules/d3-sankey/node_modules/d3-array/src/identity.js
✓ Vendor chunk matched: /Users/pranay/Projects/AIMLGlossary/AIGlossaryPro/node_modules/d3-sankey/node_modules/d3-array/src/identity.js
Module ID: /Users/pranay/Projects/AIMLGlossary/AIGlossaryPro/node_modules/d3-sankey/node_modules/d3-array/src/array.js
✓ Vendor chunk matched: /Users/pranay/Projects/AIMLGlossary/AIGlossaryPro/node_modules/d3-sankey/node_modules/d3-array/src/array.js
Module ID: /Users/pranay/Projects/AIMLGlossary/AIGlossaryPro/node_modules/d3-sankey/node_modules/d3-array/src/constant.js
✓ Vendor chunk matched: /Users/pranay/Projects/AIMLGlossary/AIGlossaryPro/node_modules/d3-sankey/node_modules/d3-array/src/constant.js
Module ID: /Users/pranay/Projects/AIMLGlossary/AIGlossaryPro/node_modules/d3-sankey/node_modules/d3-array/src/set.js
✓ Vendor chunk matched: /Users/pranay/Projects/AIMLGlossary/AIGlossaryPro/node_modules/d3-sankey/node_modules/d3-array/src/set.js
Module ID: /Users/pranay/Projects/AIMLGlossary/AIGlossaryPro/node_modules/dagre-d3-es/src/dagre/order/barycenter.js
✓ Vendor chunk matched: /Users/pranay/Projects/AIMLGlossary/AIGlossaryPro/node_modules/dagre-d3-es/src/dagre/order/barycenter.js
Module ID: /Users/pranay/Projects/AIMLGlossary/AIGlossaryPro/node_modules/dagre-d3-es/src/dagre/order/resolve-conflicts.js
✓ Vendor chunk matched: /Users/pranay/Projects/AIMLGlossary/AIGlossaryPro/node_modules/dagre-d3-es/src/dagre/order/resolve-conflicts.js
Module ID: /Users/pranay/Projects/AIMLGlossary/AIGlossaryPro/node_modules/dagre-d3-es/src/dagre/order/sort.js
✓ Vendor chunk matched: /Users/pranay/Projects/AIMLGlossary/AIGlossaryPro/node_modules/dagre-d3-es/src/dagre/order/sort.js
Module ID: /Users/pranay/Projects/AIMLGlossary/AIGlossaryPro/node_modules/d3-sankey/node_modules/d3-shape/src/constant.js
✓ Vendor chunk matched: /Users/pranay/Projects/AIMLGlossary/AIGlossaryPro/node_modules/d3-sankey/node_modules/d3-shape/src/constant.js
Module ID: /Users/pranay/Projects/AIMLGlossary/AIGlossaryPro/node_modules/d3-sankey/node_modules/d3-shape/src/descending.js
✓ Vendor chunk matched: /Users/pranay/Projects/AIMLGlossary/AIGlossaryPro/node_modules/d3-sankey/node_modules/d3-shape/src/descending.js
Module ID: /Users/pranay/Projects/AIMLGlossary/AIGlossaryPro/node_modules/d3-sankey/node_modules/d3-shape/src/identity.js
✓ Vendor chunk matched: /Users/pranay/Projects/AIMLGlossary/AIGlossaryPro/node_modules/d3-sankey/node_modules/d3-shape/src/identity.js
Module ID: /Users/pranay/Projects/AIMLGlossary/AIGlossaryPro/node_modules/d3-sankey/node_modules/d3-shape/src/math.js
✓ Vendor chunk matched: /Users/pranay/Projects/AIMLGlossary/AIGlossaryPro/node_modules/d3-sankey/node_modules/d3-shape/src/math.js
Module ID: /Users/pranay/Projects/AIMLGlossary/AIGlossaryPro/node_modules/d3-sankey/node_modules/d3-path/src/index.js
✓ Vendor chunk matched: /Users/pranay/Projects/AIMLGlossary/AIGlossaryPro/node_modules/d3-sankey/node_modules/d3-path/src/index.js
Module ID: /Users/pranay/Projects/AIMLGlossary/AIGlossaryPro/node_modules/d3-sankey/node_modules/d3-shape/src/point.js
✓ Vendor chunk matched: /Users/pranay/Projects/AIMLGlossary/AIGlossaryPro/node_modules/d3-sankey/node_modules/d3-shape/src/point.js
Module ID: /Users/pranay/Projects/AIMLGlossary/AIGlossaryPro/node_modules/d3-sankey/node_modules/d3-shape/src/curve/radial.js
✓ Vendor chunk matched: /Users/pranay/Projects/AIMLGlossary/AIGlossaryPro/node_modules/d3-sankey/node_modules/d3-shape/src/curve/radial.js
Module ID: /Users/pranay/Projects/AIMLGlossary/AIGlossaryPro/node_modules/d3-sankey/node_modules/d3-shape/src/array.js
✓ Vendor chunk matched: /Users/pranay/Projects/AIMLGlossary/AIGlossaryPro/node_modules/d3-sankey/node_modules/d3-shape/src/array.js
Module ID: /Users/pranay/Projects/AIMLGlossary/AIGlossaryPro/node_modules/d3-sankey/node_modules/d3-shape/src/noop.js
✓ Vendor chunk matched: /Users/pranay/Projects/AIMLGlossary/AIGlossaryPro/node_modules/d3-sankey/node_modules/d3-shape/src/noop.js
Module ID: /Users/pranay/Projects/AIMLGlossary/AIGlossaryPro/node_modules/lodash-es/_Uint8Array.js
✓ Vendor chunk matched: /Users/pranay/Projects/AIMLGlossary/AIGlossaryPro/node_modules/lodash-es/_Uint8Array.js
Module ID: /Users/pranay/Projects/AIMLGlossary/AIGlossaryPro/node_modules/hast-util-to-jsx-runtime/lib/index.js
✓ Vendor chunk matched: /Users/pranay/Projects/AIMLGlossary/AIGlossaryPro/node_modules/hast-util-to-jsx-runtime/lib/index.js
Module ID: /Users/pranay/Projects/AIMLGlossary/AIGlossaryPro/node_modules/unified/lib/index.js
✓ Vendor chunk matched: /Users/pranay/Projects/AIMLGlossary/AIGlossaryPro/node_modules/unified/lib/index.js
Module ID: /Users/pranay/Projects/AIMLGlossary/AIGlossaryPro/node_modules/remark-parse/lib/index.js
✓ Vendor chunk matched: /Users/pranay/Projects/AIMLGlossary/AIGlossaryPro/node_modules/remark-parse/lib/index.js
Module ID: /Users/pranay/Projects/AIMLGlossary/AIGlossaryPro/node_modules/vfile/lib/index.js
✓ Vendor chunk matched: /Users/pranay/Projects/AIMLGlossary/AIGlossaryPro/node_modules/vfile/lib/index.js
Module ID: /Users/pranay/Projects/AIMLGlossary/AIGlossaryPro/node_modules/html-url-attributes/lib/index.js
✓ Vendor chunk matched: /Users/pranay/Projects/AIMLGlossary/AIGlossaryPro/node_modules/html-url-attributes/lib/index.js
Module ID: /Users/pranay/Projects/AIMLGlossary/AIGlossaryPro/node_modules/mdast-util-to-hast/index.js
✓ Vendor chunk matched: /Users/pranay/Projects/AIMLGlossary/AIGlossaryPro/node_modules/mdast-util-to-hast/index.js
Module ID: /Users/pranay/Projects/AIMLGlossary/AIGlossaryPro/node_modules/remark-rehype/lib/index.js
✓ Vendor chunk matched: /Users/pranay/Projects/AIMLGlossary/AIGlossaryPro/node_modules/remark-rehype/lib/index.js
Module ID: /Users/pranay/Projects/AIMLGlossary/AIGlossaryPro/node_modules/unist-util-visit/lib/index.js
✓ Vendor chunk matched: /Users/pranay/Projects/AIMLGlossary/AIGlossaryPro/node_modules/unist-util-visit/lib/index.js
Module ID:  /Users/pranay/Projects/AIMLGlossary/AIGlossaryPro/node_modules/lodash/now.js?commonjs-proxy
✓ Vendor chunk matched:  /Users/pranay/Projects/AIMLGlossary/AIGlossaryPro/node_modules/lodash/now.js?commonjs-proxy
Module ID:  /Users/pranay/Projects/AIMLGlossary/AIGlossaryPro/node_modules/lodash/toNumber.js?commonjs-proxy
✓ Vendor chunk matched:  /Users/pranay/Projects/AIMLGlossary/AIGlossaryPro/node_modules/lodash/toNumber.js?commonjs-proxy
Module ID:  /Users/pranay/Projects/AIMLGlossary/AIGlossaryPro/node_modules/lodash/_createCaseFirst.js?commonjs-proxy
✓ Vendor chunk matched:  /Users/pranay/Projects/AIMLGlossary/AIGlossaryPro/node_modules/lodash/_createCaseFirst.js?commonjs-proxy
Module ID:  /Users/pranay/Projects/AIMLGlossary/AIGlossaryPro/node_modules/lodash/_createRange.js?commonjs-proxy
✓ Vendor chunk matched:  /Users/pranay/Projects/AIMLGlossary/AIGlossaryPro/node_modules/lodash/_createRange.js?commonjs-proxy
Module ID: /Users/pranay/Projects/AIMLGlossary/AIGlossaryPro/node_modules/dequal/dist/index.mjs
✓ Vendor chunk matched: /Users/pranay/Projects/AIMLGlossary/AIGlossaryPro/node_modules/dequal/dist/index.mjs
Module ID:  /Users/pranay/Projects/AIMLGlossary/AIGlossaryPro/node_modules/react-is/cjs/react-is.development.js?commonjs-exports
✓ Vendor chunk matched:  /Users/pranay/Projects/AIMLGlossary/AIGlossaryPro/node_modules/react-is/cjs/react-is.development.js?commonjs-exports
Module ID:  /Users/pranay/Projects/AIMLGlossary/AIGlossaryPro/node_modules/debug/src/browser.js?commonjs-module
✓ Vendor chunk matched:  /Users/pranay/Projects/AIMLGlossary/AIGlossaryPro/node_modules/debug/src/browser.js?commonjs-module
Module ID:  /Users/pranay/Projects/AIMLGlossary/AIGlossaryPro/node_modules/debug/src/common.js?commonjs-proxy
✓ Vendor chunk matched:  /Users/pranay/Projects/AIMLGlossary/AIGlossaryPro/node_modules/debug/src/common.js?commonjs-proxy
Module ID: /Users/pranay/Projects/AIMLGlossary/AIGlossaryPro/node_modules/format/format.js
✓ Vendor chunk matched: /Users/pranay/Projects/AIMLGlossary/AIGlossaryPro/node_modules/format/format.js
Module ID: /Users/pranay/Projects/AIMLGlossary/AIGlossaryPro/node_modules/hastscript/html.js
✓ Vendor chunk matched: /Users/pranay/Projects/AIMLGlossary/AIGlossaryPro/node_modules/hastscript/html.js
Module ID: /Users/pranay/Projects/AIMLGlossary/AIGlossaryPro/node_modules/refractor/node_modules/character-entities-legacy/index.json
✓ Vendor chunk matched: /Users/pranay/Projects/AIMLGlossary/AIGlossaryPro/node_modules/refractor/node_modules/character-entities-legacy/index.json
Module ID: /Users/pranay/Projects/AIMLGlossary/AIGlossaryPro/node_modules/refractor/node_modules/character-reference-invalid/index.json
✓ Vendor chunk matched: /Users/pranay/Projects/AIMLGlossary/AIGlossaryPro/node_modules/refractor/node_modules/character-reference-invalid/index.json
Module ID: /Users/pranay/Projects/AIMLGlossary/AIGlossaryPro/node_modules/refractor/node_modules/is-decimal/index.js
✓ Vendor chunk matched: /Users/pranay/Projects/AIMLGlossary/AIGlossaryPro/node_modules/refractor/node_modules/is-decimal/index.js
Module ID: /Users/pranay/Projects/AIMLGlossary/AIGlossaryPro/node_modules/refractor/node_modules/is-hexadecimal/index.js
✓ Vendor chunk matched: /Users/pranay/Projects/AIMLGlossary/AIGlossaryPro/node_modules/refractor/node_modules/is-hexadecimal/index.js
Module ID: /Users/pranay/Projects/AIMLGlossary/AIGlossaryPro/node_modules/refractor/node_modules/is-alphanumerical/index.js
✓ Vendor chunk matched: /Users/pranay/Projects/AIMLGlossary/AIGlossaryPro/node_modules/refractor/node_modules/is-alphanumerical/index.js
Module ID: /Users/pranay/Projects/AIMLGlossary/AIGlossaryPro/node_modules/refractor/node_modules/parse-entities/decode-entity.browser.js
✓ Vendor chunk matched: /Users/pranay/Projects/AIMLGlossary/AIGlossaryPro/node_modules/refractor/node_modules/parse-entities/decode-entity.browser.js
Module ID:  /Users/pranay/Projects/AIMLGlossary/AIGlossaryPro/node_modules/lodash/_baseTrim.js?commonjs-proxy
✓ Vendor chunk matched:  /Users/pranay/Projects/AIMLGlossary/AIGlossaryPro/node_modules/lodash/_baseTrim.js?commonjs-proxy
Module ID:  /Users/pranay/Projects/AIMLGlossary/AIGlossaryPro/node_modules/lodash/_castSlice.js?commonjs-proxy
✓ Vendor chunk matched:  /Users/pranay/Projects/AIMLGlossary/AIGlossaryPro/node_modules/lodash/_castSlice.js?commonjs-proxy
Module ID:  /Users/pranay/Projects/AIMLGlossary/AIGlossaryPro/node_modules/lodash/_hasUnicode.js?commonjs-proxy
✓ Vendor chunk matched:  /Users/pranay/Projects/AIMLGlossary/AIGlossaryPro/node_modules/lodash/_hasUnicode.js?commonjs-proxy
Module ID:  /Users/pranay/Projects/AIMLGlossary/AIGlossaryPro/node_modules/lodash/_stringToArray.js?commonjs-proxy
✓ Vendor chunk matched:  /Users/pranay/Projects/AIMLGlossary/AIGlossaryPro/node_modules/lodash/_stringToArray.js?commonjs-proxy
Module ID:  /Users/pranay/Projects/AIMLGlossary/AIGlossaryPro/node_modules/lodash/toString.js?commonjs-proxy
✓ Vendor chunk matched:  /Users/pranay/Projects/AIMLGlossary/AIGlossaryPro/node_modules/lodash/toString.js?commonjs-proxy
Module ID:  /Users/pranay/Projects/AIMLGlossary/AIGlossaryPro/node_modules/lodash/_baseRange.js?commonjs-proxy
✓ Vendor chunk matched:  /Users/pranay/Projects/AIMLGlossary/AIGlossaryPro/node_modules/lodash/_baseRange.js?commonjs-proxy
Module ID:  /Users/pranay/Projects/AIMLGlossary/AIGlossaryPro/node_modules/lodash/_isIterateeCall.js?commonjs-proxy
✓ Vendor chunk matched:  /Users/pranay/Projects/AIMLGlossary/AIGlossaryPro/node_modules/lodash/_isIterateeCall.js?commonjs-proxy
Module ID:  /Users/pranay/Projects/AIMLGlossary/AIGlossaryPro/node_modules/lodash/toFinite.js?commonjs-proxy
✓ Vendor chunk matched:  /Users/pranay/Projects/AIMLGlossary/AIGlossaryPro/node_modules/lodash/toFinite.js?commonjs-proxy
Module ID:  /Users/pranay/Projects/AIMLGlossary/AIGlossaryPro/node_modules/highlight.js/lib/languages/abnf.js?commonjs-es-import
✓ Vendor chunk matched:  /Users/pranay/Projects/AIMLGlossary/AIGlossaryPro/node_modules/highlight.js/lib/languages/abnf.js?commonjs-es-import
Module ID:  /Users/pranay/Projects/AIMLGlossary/AIGlossaryPro/node_modules/highlight.js/lib/languages/accesslog.js?commonjs-es-import
✓ Vendor chunk matched:  /Users/pranay/Projects/AIMLGlossary/AIGlossaryPro/node_modules/highlight.js/lib/languages/accesslog.js?commonjs-es-import
Module ID:  /Users/pranay/Projects/AIMLGlossary/AIGlossaryPro/node_modules/highlight.js/lib/languages/1c.js?commonjs-es-import
✓ Vendor chunk matched:  /Users/pranay/Projects/AIMLGlossary/AIGlossaryPro/node_modules/highlight.js/lib/languages/1c.js?commonjs-es-import
Module ID:  /Users/pranay/Projects/AIMLGlossary/AIGlossaryPro/node_modules/highlight.js/lib/languages/actionscript.js?commonjs-es-import
✓ Vendor chunk matched:  /Users/pranay/Projects/AIMLGlossary/AIGlossaryPro/node_modules/highlight.js/lib/languages/actionscript.js?commonjs-es-import
Module ID:  /Users/pranay/Projects/AIMLGlossary/AIGlossaryPro/node_modules/highlight.js/lib/languages/angelscript.js?commonjs-es-import
✓ Vendor chunk matched:  /Users/pranay/Projects/AIMLGlossary/AIGlossaryPro/node_modules/highlight.js/lib/languages/angelscript.js?commonjs-es-import
Module ID:  /Users/pranay/Projects/AIMLGlossary/AIGlossaryPro/node_modules/highlight.js/lib/languages/ada.js?commonjs-es-import
✓ Vendor chunk matched:  /Users/pranay/Projects/AIMLGlossary/AIGlossaryPro/node_modules/highlight.js/lib/languages/ada.js?commonjs-es-import
Module ID:  /Users/pranay/Projects/AIMLGlossary/AIGlossaryPro/node_modules/highlight.js/lib/languages/apache.js?commonjs-es-import
✓ Vendor chunk matched:  /Users/pranay/Projects/AIMLGlossary/AIGlossaryPro/node_modules/highlight.js/lib/languages/apache.js?commonjs-es-import
Module ID:  /Users/pranay/Projects/AIMLGlossary/AIGlossaryPro/node_modules/highlight.js/lib/languages/armasm.js?commonjs-es-import
✓ Vendor chunk matched:  /Users/pranay/Projects/AIMLGlossary/AIGlossaryPro/node_modules/highlight.js/lib/languages/armasm.js?commonjs-es-import
Module ID:  /Users/pranay/Projects/AIMLGlossary/AIGlossaryPro/node_modules/highlight.js/lib/languages/applescript.js?commonjs-es-import
✓ Vendor chunk matched:  /Users/pranay/Projects/AIMLGlossary/AIGlossaryPro/node_modules/highlight.js/lib/languages/applescript.js?commonjs-es-import
Module ID:  /Users/pranay/Projects/AIMLGlossary/AIGlossaryPro/node_modules/highlight.js/lib/languages/arcade.js?commonjs-es-import
✓ Vendor chunk matched:  /Users/pranay/Projects/AIMLGlossary/AIGlossaryPro/node_modules/highlight.js/lib/languages/arcade.js?commonjs-es-import
Module ID:  /Users/pranay/Projects/AIMLGlossary/AIGlossaryPro/node_modules/highlight.js/lib/languages/arduino.js?commonjs-es-import
✓ Vendor chunk matched:  /Users/pranay/Projects/AIMLGlossary/AIGlossaryPro/node_modules/highlight.js/lib/languages/arduino.js?commonjs-es-import
Module ID:  /Users/pranay/Projects/AIMLGlossary/AIGlossaryPro/node_modules/highlight.js/lib/languages/xml.js?commonjs-es-import
✓ Vendor chunk matched:  /Users/pranay/Projects/AIMLGlossary/AIGlossaryPro/node_modules/highlight.js/lib/languages/xml.js?commonjs-es-import
Module ID:  /Users/pranay/Projects/AIMLGlossary/AIGlossaryPro/node_modules/highlight.js/lib/languages/asciidoc.js?commonjs-es-import
✓ Vendor chunk matched:  /Users/pranay/Projects/AIMLGlossary/AIGlossaryPro/node_modules/highlight.js/lib/languages/asciidoc.js?commonjs-es-import
Module ID:  /Users/pranay/Projects/AIMLGlossary/AIGlossaryPro/node_modules/highlight.js/lib/languages/autohotkey.js?commonjs-es-import
✓ Vendor chunk matched:  /Users/pranay/Projects/AIMLGlossary/AIGlossaryPro/node_modules/highlight.js/lib/languages/autohotkey.js?commonjs-es-import
Module ID:  /Users/pranay/Projects/AIMLGlossary/AIGlossaryPro/node_modules/highlight.js/lib/languages/aspectj.js?commonjs-es-import
✓ Vendor chunk matched:  /Users/pranay/Projects/AIMLGlossary/AIGlossaryPro/node_modules/highlight.js/lib/languages/aspectj.js?commonjs-es-import
Module ID:  /Users/pranay/Projects/AIMLGlossary/AIGlossaryPro/node_modules/highlight.js/lib/languages/autoit.js?commonjs-es-import
✓ Vendor chunk matched:  /Users/pranay/Projects/AIMLGlossary/AIGlossaryPro/node_modules/highlight.js/lib/languages/autoit.js?commonjs-es-import
Module ID:  /Users/pranay/Projects/AIMLGlossary/AIGlossaryPro/node_modules/highlight.js/lib/languages/avrasm.js?commonjs-es-import
✓ Vendor chunk matched:  /Users/pranay/Projects/AIMLGlossary/AIGlossaryPro/node_modules/highlight.js/lib/languages/avrasm.js?commonjs-es-import
Module ID:  /Users/pranay/Projects/AIMLGlossary/AIGlossaryPro/node_modules/highlight.js/lib/languages/awk.js?commonjs-es-import
✓ Vendor chunk matched:  /Users/pranay/Projects/AIMLGlossary/AIGlossaryPro/node_modules/highlight.js/lib/languages/awk.js?commonjs-es-import
Module ID:  /Users/pranay/Projects/AIMLGlossary/AIGlossaryPro/node_modules/highlight.js/lib/languages/basic.js?commonjs-es-import
✓ Vendor chunk matched:  /Users/pranay/Projects/AIMLGlossary/AIGlossaryPro/node_modules/highlight.js/lib/languages/basic.js?commonjs-es-import
Module ID:  /Users/pranay/Projects/AIMLGlossary/AIGlossaryPro/node_modules/highlight.js/lib/languages/bnf.js?commonjs-es-import
✓ Vendor chunk matched:  /Users/pranay/Projects/AIMLGlossary/AIGlossaryPro/node_modules/highlight.js/lib/languages/bnf.js?commonjs-es-import
Module ID:  /Users/pranay/Projects/AIMLGlossary/AIGlossaryPro/node_modules/highlight.js/lib/languages/axapta.js?commonjs-es-import
✓ Vendor chunk matched:  /Users/pranay/Projects/AIMLGlossary/AIGlossaryPro/node_modules/highlight.js/lib/languages/axapta.js?commonjs-es-import
Module ID:  /Users/pranay/Projects/AIMLGlossary/AIGlossaryPro/node_modules/highlight.js/lib/languages/brainfuck.js?commonjs-es-import
✓ Vendor chunk matched:  /Users/pranay/Projects/AIMLGlossary/AIGlossaryPro/node_modules/highlight.js/lib/languages/brainfuck.js?commonjs-es-import
Module ID:  /Users/pranay/Projects/AIMLGlossary/AIGlossaryPro/node_modules/highlight.js/lib/languages/cal.js?commonjs-es-import
✓ Vendor chunk matched:  /Users/pranay/Projects/AIMLGlossary/AIGlossaryPro/node_modules/highlight.js/lib/languages/cal.js?commonjs-es-import
Module ID:  /Users/pranay/Projects/AIMLGlossary/AIGlossaryPro/node_modules/highlight.js/lib/languages/capnproto.js?commonjs-es-import
✓ Vendor chunk matched:  /Users/pranay/Projects/AIMLGlossary/AIGlossaryPro/node_modules/highlight.js/lib/languages/capnproto.js?commonjs-es-import
Module ID:  /Users/pranay/Projects/AIMLGlossary/AIGlossaryPro/node_modules/highlight.js/lib/languages/c-like.js?commonjs-es-import
✓ Vendor chunk matched:  /Users/pranay/Projects/AIMLGlossary/AIGlossaryPro/node_modules/highlight.js/lib/languages/c-like.js?commonjs-es-import
Module ID:  /Users/pranay/Projects/AIMLGlossary/AIGlossaryPro/node_modules/highlight.js/lib/languages/bash.js?commonjs-es-import
✓ Vendor chunk matched:  /Users/pranay/Projects/AIMLGlossary/AIGlossaryPro/node_modules/highlight.js/lib/languages/bash.js?commonjs-es-import
Module ID:  /Users/pranay/Projects/AIMLGlossary/AIGlossaryPro/node_modules/highlight.js/lib/languages/ceylon.js?commonjs-es-import
✓ Vendor chunk matched:  /Users/pranay/Projects/AIMLGlossary/AIGlossaryPro/node_modules/highlight.js/lib/languages/ceylon.js?commonjs-es-import
Module ID:  /Users/pranay/Projects/AIMLGlossary/AIGlossaryPro/node_modules/highlight.js/lib/languages/clean.js?commonjs-es-import
✓ Vendor chunk matched:  /Users/pranay/Projects/AIMLGlossary/AIGlossaryPro/node_modules/highlight.js/lib/languages/clean.js?commonjs-es-import
Module ID:  /Users/pranay/Projects/AIMLGlossary/AIGlossaryPro/node_modules/highlight.js/lib/languages/clojure-repl.js?commonjs-es-import
✓ Vendor chunk matched:  /Users/pranay/Projects/AIMLGlossary/AIGlossaryPro/node_modules/highlight.js/lib/languages/clojure-repl.js?commonjs-es-import
Module ID:  /Users/pranay/Projects/AIMLGlossary/AIGlossaryPro/node_modules/highlight.js/lib/languages/coffeescript.js?commonjs-es-import
✓ Vendor chunk matched:  /Users/pranay/Projects/AIMLGlossary/AIGlossaryPro/node_modules/highlight.js/lib/languages/coffeescript.js?commonjs-es-import
Module ID:  /Users/pranay/Projects/AIMLGlossary/AIGlossaryPro/node_modules/highlight.js/lib/languages/c.js?commonjs-es-import
✓ Vendor chunk matched:  /Users/pranay/Projects/AIMLGlossary/AIGlossaryPro/node_modules/highlight.js/lib/languages/c.js?commonjs-es-import
Module ID:  /Users/pranay/Projects/AIMLGlossary/AIGlossaryPro/node_modules/highlight.js/lib/languages/clojure.js?commonjs-es-import
✓ Vendor chunk matched:  /Users/pranay/Projects/AIMLGlossary/AIGlossaryPro/node_modules/highlight.js/lib/languages/clojure.js?commonjs-es-import
Module ID:  /Users/pranay/Projects/AIMLGlossary/AIGlossaryPro/node_modules/highlight.js/lib/languages/coq.js?commonjs-es-import
✓ Vendor chunk matched:  /Users/pranay/Projects/AIMLGlossary/AIGlossaryPro/node_modules/highlight.js/lib/languages/coq.js?commonjs-es-import
Module ID:  /Users/pranay/Projects/AIMLGlossary/AIGlossaryPro/node_modules/highlight.js/lib/languages/cos.js?commonjs-es-import
✓ Vendor chunk matched:  /Users/pranay/Projects/AIMLGlossary/AIGlossaryPro/node_modules/highlight.js/lib/languages/cos.js?commonjs-es-import
Module ID:  /Users/pranay/Projects/AIMLGlossary/AIGlossaryPro/node_modules/highlight.js/lib/languages/cpp.js?commonjs-es-import
✓ Vendor chunk matched:  /Users/pranay/Projects/AIMLGlossary/AIGlossaryPro/node_modules/highlight.js/lib/languages/cpp.js?commonjs-es-import
Module ID:  /Users/pranay/Projects/AIMLGlossary/AIGlossaryPro/node_modules/highlight.js/lib/languages/crmsh.js?commonjs-es-import
✓ Vendor chunk matched:  /Users/pranay/Projects/AIMLGlossary/AIGlossaryPro/node_modules/highlight.js/lib/languages/crmsh.js?commonjs-es-import
Module ID:  /Users/pranay/Projects/AIMLGlossary/AIGlossaryPro/node_modules/highlight.js/lib/languages/csharp.js?commonjs-es-import
✓ Vendor chunk matched:  /Users/pranay/Projects/AIMLGlossary/AIGlossaryPro/node_modules/highlight.js/lib/languages/csharp.js?commonjs-es-import
Module ID:  /Users/pranay/Projects/AIMLGlossary/AIGlossaryPro/node_modules/highlight.js/lib/languages/csp.js?commonjs-es-import
✓ Vendor chunk matched:  /Users/pranay/Projects/AIMLGlossary/AIGlossaryPro/node_modules/highlight.js/lib/languages/csp.js?commonjs-es-import
Module ID:  /Users/pranay/Projects/AIMLGlossary/AIGlossaryPro/node_modules/highlight.js/lib/languages/crystal.js?commonjs-es-import
✓ Vendor chunk matched:  /Users/pranay/Projects/AIMLGlossary/AIGlossaryPro/node_modules/highlight.js/lib/languages/crystal.js?commonjs-es-import
Module ID:  /Users/pranay/Projects/AIMLGlossary/AIGlossaryPro/node_modules/highlight.js/lib/languages/d.js?commonjs-es-import
✓ Vendor chunk matched:  /Users/pranay/Projects/AIMLGlossary/AIGlossaryPro/node_modules/highlight.js/lib/languages/d.js?commonjs-es-import
Module ID:  /Users/pranay/Projects/AIMLGlossary/AIGlossaryPro/node_modules/highlight.js/lib/languages/css.js?commonjs-es-import
✓ Vendor chunk matched:  /Users/pranay/Projects/AIMLGlossary/AIGlossaryPro/node_modules/highlight.js/lib/languages/css.js?commonjs-es-import
Module ID:  /Users/pranay/Projects/AIMLGlossary/AIGlossaryPro/node_modules/highlight.js/lib/languages/dart.js?commonjs-es-import
✓ Vendor chunk matched:  /Users/pranay/Projects/AIMLGlossary/AIGlossaryPro/node_modules/highlight.js/lib/languages/dart.js?commonjs-es-import
Module ID:  /Users/pranay/Projects/AIMLGlossary/AIGlossaryPro/node_modules/highlight.js/lib/languages/delphi.js?commonjs-es-import
✓ Vendor chunk matched:  /Users/pranay/Projects/AIMLGlossary/AIGlossaryPro/node_modules/highlight.js/lib/languages/delphi.js?commonjs-es-import
Module ID:  /Users/pranay/Projects/AIMLGlossary/AIGlossaryPro/node_modules/highlight.js/lib/languages/diff.js?commonjs-es-import
✓ Vendor chunk matched:  /Users/pranay/Projects/AIMLGlossary/AIGlossaryPro/node_modules/highlight.js/lib/languages/diff.js?commonjs-es-import
Module ID:  /Users/pranay/Projects/AIMLGlossary/AIGlossaryPro/node_modules/highlight.js/lib/languages/django.js?commonjs-es-import
✓ Vendor chunk matched:  /Users/pranay/Projects/AIMLGlossary/AIGlossaryPro/node_modules/highlight.js/lib/languages/django.js?commonjs-es-import
Module ID:  /Users/pranay/Projects/AIMLGlossary/AIGlossaryPro/node_modules/highlight.js/lib/languages/dns.js?commonjs-es-import
✓ Vendor chunk matched:  /Users/pranay/Projects/AIMLGlossary/AIGlossaryPro/node_modules/highlight.js/lib/languages/dns.js?commonjs-es-import
Module ID:  /Users/pranay/Projects/AIMLGlossary/AIGlossaryPro/node_modules/highlight.js/lib/languages/dockerfile.js?commonjs-es-import
✓ Vendor chunk matched:  /Users/pranay/Projects/AIMLGlossary/AIGlossaryPro/node_modules/highlight.js/lib/languages/dockerfile.js?commonjs-es-import
Module ID:  /Users/pranay/Projects/AIMLGlossary/AIGlossaryPro/node_modules/highlight.js/lib/languages/dos.js?commonjs-es-import
✓ Vendor chunk matched:  /Users/pranay/Projects/AIMLGlossary/AIGlossaryPro/node_modules/highlight.js/lib/languages/dos.js?commonjs-es-import
Module ID:  /Users/pranay/Projects/AIMLGlossary/AIGlossaryPro/node_modules/highlight.js/lib/languages/dsconfig.js?commonjs-es-import
✓ Vendor chunk matched:  /Users/pranay/Projects/AIMLGlossary/AIGlossaryPro/node_modules/highlight.js/lib/languages/dsconfig.js?commonjs-es-import
Module ID:  /Users/pranay/Projects/AIMLGlossary/AIGlossaryPro/node_modules/highlight.js/lib/languages/dts.js?commonjs-es-import
✓ Vendor chunk matched:  /Users/pranay/Projects/AIMLGlossary/AIGlossaryPro/node_modules/highlight.js/lib/languages/dts.js?commonjs-es-import
Module ID:  /Users/pranay/Projects/AIMLGlossary/AIGlossaryPro/node_modules/highlight.js/lib/languages/dust.js?commonjs-es-import
✓ Vendor chunk matched:  /Users/pranay/Projects/AIMLGlossary/AIGlossaryPro/node_modules/highlight.js/lib/languages/dust.js?commonjs-es-import
Module ID:  /Users/pranay/Projects/AIMLGlossary/AIGlossaryPro/node_modules/highlight.js/lib/languages/ebnf.js?commonjs-es-import
✓ Vendor chunk matched:  /Users/pranay/Projects/AIMLGlossary/AIGlossaryPro/node_modules/highlight.js/lib/languages/ebnf.js?commonjs-es-import
Module ID:  /Users/pranay/Projects/AIMLGlossary/AIGlossaryPro/node_modules/highlight.js/lib/languages/elixir.js?commonjs-es-import
✓ Vendor chunk matched:  /Users/pranay/Projects/AIMLGlossary/AIGlossaryPro/node_modules/highlight.js/lib/languages/elixir.js?commonjs-es-import
Module ID:  /Users/pranay/Projects/AIMLGlossary/AIGlossaryPro/node_modules/highlight.js/lib/languages/elm.js?commonjs-es-import
✓ Vendor chunk matched:  /Users/pranay/Projects/AIMLGlossary/AIGlossaryPro/node_modules/highlight.js/lib/languages/elm.js?commonjs-es-import
Module ID:  /Users/pranay/Projects/AIMLGlossary/AIGlossaryPro/node_modules/highlight.js/lib/languages/markdown.js?commonjs-es-import
✓ Vendor chunk matched:  /Users/pranay/Projects/AIMLGlossary/AIGlossaryPro/node_modules/highlight.js/lib/languages/markdown.js?commonjs-es-import
Module ID:  /Users/pranay/Projects/AIMLGlossary/AIGlossaryPro/node_modules/highlight.js/lib/languages/erb.js?commonjs-es-import
✓ Vendor chunk matched:  /Users/pranay/Projects/AIMLGlossary/AIGlossaryPro/node_modules/highlight.js/lib/languages/erb.js?commonjs-es-import
Module ID:  /Users/pranay/Projects/AIMLGlossary/AIGlossaryPro/node_modules/highlight.js/lib/languages/cmake.js?commonjs-es-import
✓ Vendor chunk matched:  /Users/pranay/Projects/AIMLGlossary/AIGlossaryPro/node_modules/highlight.js/lib/languages/cmake.js?commonjs-es-import
Module ID:  /Users/pranay/Projects/AIMLGlossary/AIGlossaryPro/node_modules/highlight.js/lib/languages/erlang-repl.js?commonjs-es-import
✓ Vendor chunk matched:  /Users/pranay/Projects/AIMLGlossary/AIGlossaryPro/node_modules/highlight.js/lib/languages/erlang-repl.js?commonjs-es-import
Module ID:  /Users/pranay/Projects/AIMLGlossary/AIGlossaryPro/node_modules/highlight.js/lib/languages/excel.js?commonjs-es-import
✓ Vendor chunk matched:  /Users/pranay/Projects/AIMLGlossary/AIGlossaryPro/node_modules/highlight.js/lib/languages/excel.js?commonjs-es-import
Module ID:  /Users/pranay/Projects/AIMLGlossary/AIGlossaryPro/node_modules/highlight.js/lib/languages/erlang.js?commonjs-es-import
✓ Vendor chunk matched:  /Users/pranay/Projects/AIMLGlossary/AIGlossaryPro/node_modules/highlight.js/lib/languages/erlang.js?commonjs-es-import
Module ID:  /Users/pranay/Projects/AIMLGlossary/AIGlossaryPro/node_modules/highlight.js/lib/languages/fix.js?commonjs-es-import
✓ Vendor chunk matched:  /Users/pranay/Projects/AIMLGlossary/AIGlossaryPro/node_modules/highlight.js/lib/languages/fix.js?commonjs-es-import
Module ID:  /Users/pranay/Projects/AIMLGlossary/AIGlossaryPro/node_modules/highlight.js/lib/languages/flix.js?commonjs-es-import
✓ Vendor chunk matched:  /Users/pranay/Projects/AIMLGlossary/AIGlossaryPro/node_modules/highlight.js/lib/languages/flix.js?commonjs-es-import
Module ID:  /Users/pranay/Projects/AIMLGlossary/AIGlossaryPro/node_modules/highlight.js/lib/languages/fsharp.js?commonjs-es-import
✓ Vendor chunk matched:  /Users/pranay/Projects/AIMLGlossary/AIGlossaryPro/node_modules/highlight.js/lib/languages/fsharp.js?commonjs-es-import
Module ID:  /Users/pranay/Projects/AIMLGlossary/AIGlossaryPro/node_modules/highlight.js/lib/languages/gams.js?commonjs-es-import
✓ Vendor chunk matched:  /Users/pranay/Projects/AIMLGlossary/AIGlossaryPro/node_modules/highlight.js/lib/languages/gams.js?commonjs-es-import
Module ID:  /Users/pranay/Projects/AIMLGlossary/AIGlossaryPro/node_modules/highlight.js/lib/languages/gcode.js?commonjs-es-import
✓ Vendor chunk matched:  /Users/pranay/Projects/AIMLGlossary/AIGlossaryPro/node_modules/highlight.js/lib/languages/gcode.js?commonjs-es-import
Module ID:  /Users/pranay/Projects/AIMLGlossary/AIGlossaryPro/node_modules/highlight.js/lib/languages/gauss.js?commonjs-es-import
✓ Vendor chunk matched:  /Users/pranay/Projects/AIMLGlossary/AIGlossaryPro/node_modules/highlight.js/lib/languages/gauss.js?commonjs-es-import
Module ID:  /Users/pranay/Projects/AIMLGlossary/AIGlossaryPro/node_modules/highlight.js/lib/languages/gherkin.js?commonjs-es-import
✓ Vendor chunk matched:  /Users/pranay/Projects/AIMLGlossary/AIGlossaryPro/node_modules/highlight.js/lib/languages/gherkin.js?commonjs-es-import
Module ID:  /Users/pranay/Projects/AIMLGlossary/AIGlossaryPro/node_modules/highlight.js/lib/languages/fortran.js?commonjs-es-import
✓ Vendor chunk matched:  /Users/pranay/Projects/AIMLGlossary/AIGlossaryPro/node_modules/highlight.js/lib/languages/fortran.js?commonjs-es-import
Module ID:  /Users/pranay/Projects/AIMLGlossary/AIGlossaryPro/node_modules/highlight.js/lib/languages/glsl.js?commonjs-es-import
✓ Vendor chunk matched:  /Users/pranay/Projects/AIMLGlossary/AIGlossaryPro/node_modules/highlight.js/lib/languages/glsl.js?commonjs-es-import
Module ID:  /Users/pranay/Projects/AIMLGlossary/AIGlossaryPro/node_modules/highlight.js/lib/languages/go.js?commonjs-es-import
✓ Vendor chunk matched:  /Users/pranay/Projects/AIMLGlossary/AIGlossaryPro/node_modules/highlight.js/lib/languages/go.js?commonjs-es-import
Module ID:  /Users/pranay/Projects/AIMLGlossary/AIGlossaryPro/node_modules/highlight.js/lib/languages/golo.js?commonjs-es-import
✓ Vendor chunk matched:  /Users/pranay/Projects/AIMLGlossary/AIGlossaryPro/node_modules/highlight.js/lib/languages/golo.js?commonjs-es-import
Module ID:  /Users/pranay/Projects/AIMLGlossary/AIGlossaryPro/node_modules/highlight.js/lib/languages/ruby.js?commonjs-es-import
✓ Vendor chunk matched:  /Users/pranay/Projects/AIMLGlossary/AIGlossaryPro/node_modules/highlight.js/lib/languages/ruby.js?commonjs-es-import
Module ID:  /Users/pranay/Projects/AIMLGlossary/AIGlossaryPro/node_modules/highlight.js/lib/languages/gradle.js?commonjs-es-import
✓ Vendor chunk matched:  /Users/pranay/Projects/AIMLGlossary/AIGlossaryPro/node_modules/highlight.js/lib/languages/gradle.js?commonjs-es-import
Module ID:  /Users/pranay/Projects/AIMLGlossary/AIGlossaryPro/node_modules/highlight.js/lib/languages/haskell.js?commonjs-es-import
✓ Vendor chunk matched:  /Users/pranay/Projects/AIMLGlossary/AIGlossaryPro/node_modules/highlight.js/lib/languages/haskell.js?commonjs-es-import
Module ID:  /Users/pranay/Projects/AIMLGlossary/AIGlossaryPro/node_modules/highlight.js/lib/languages/haml.js?commonjs-es-import
✓ Vendor chunk matched:  /Users/pranay/Projects/AIMLGlossary/AIGlossaryPro/node_modules/highlight.js/lib/languages/haml.js?commonjs-es-import
Module ID:  /Users/pranay/Projects/AIMLGlossary/AIGlossaryPro/node_modules/highlight.js/lib/languages/groovy.js?commonjs-es-import
✓ Vendor chunk matched:  /Users/pranay/Projects/AIMLGlossary/AIGlossaryPro/node_modules/highlight.js/lib/languages/groovy.js?commonjs-es-import
Module ID:  /Users/pranay/Projects/AIMLGlossary/AIGlossaryPro/node_modules/highlight.js/lib/languages/haxe.js?commonjs-es-import
✓ Vendor chunk matched:  /Users/pranay/Projects/AIMLGlossary/AIGlossaryPro/node_modules/highlight.js/lib/languages/haxe.js?commonjs-es-import
Module ID:  /Users/pranay/Projects/AIMLGlossary/AIGlossaryPro/node_modules/highlight.js/lib/languages/handlebars.js?commonjs-es-import
✓ Vendor chunk matched:  /Users/pranay/Projects/AIMLGlossary/AIGlossaryPro/node_modules/highlight.js/lib/languages/handlebars.js?commonjs-es-import
Module ID:  /Users/pranay/Projects/AIMLGlossary/AIGlossaryPro/node_modules/highlight.js/lib/languages/htmlbars.js?commonjs-es-import
✓ Vendor chunk matched:  /Users/pranay/Projects/AIMLGlossary/AIGlossaryPro/node_modules/highlight.js/lib/languages/htmlbars.js?commonjs-es-import
Module ID:  /Users/pranay/Projects/AIMLGlossary/AIGlossaryPro/node_modules/highlight.js/lib/languages/http.js?commonjs-es-import
✓ Vendor chunk matched:  /Users/pranay/Projects/AIMLGlossary/AIGlossaryPro/node_modules/highlight.js/lib/languages/http.js?commonjs-es-import
Module ID:  /Users/pranay/Projects/AIMLGlossary/AIGlossaryPro/node_modules/highlight.js/lib/languages/gml.js?commonjs-es-import
✓ Vendor chunk matched:  /Users/pranay/Projects/AIMLGlossary/AIGlossaryPro/node_modules/highlight.js/lib/languages/gml.js?commonjs-es-import
Module ID:  /Users/pranay/Projects/AIMLGlossary/AIGlossaryPro/node_modules/highlight.js/lib/languages/hy.js?commonjs-es-import
✓ Vendor chunk matched:  /Users/pranay/Projects/AIMLGlossary/AIGlossaryPro/node_modules/highlight.js/lib/languages/hy.js?commonjs-es-import
Module ID:  /Users/pranay/Projects/AIMLGlossary/AIGlossaryPro/node_modules/highlight.js/lib/languages/ini.js?commonjs-es-import
✓ Vendor chunk matched:  /Users/pranay/Projects/AIMLGlossary/AIGlossaryPro/node_modules/highlight.js/lib/languages/ini.js?commonjs-es-import
Module ID:  /Users/pranay/Projects/AIMLGlossary/AIGlossaryPro/node_modules/highlight.js/lib/languages/irpf90.js?commonjs-es-import
✓ Vendor chunk matched:  /Users/pranay/Projects/AIMLGlossary/AIGlossaryPro/node_modules/highlight.js/lib/languages/irpf90.js?commonjs-es-import
Module ID:  /Users/pranay/Projects/AIMLGlossary/AIGlossaryPro/node_modules/highlight.js/lib/languages/inform7.js?commonjs-es-import
✓ Vendor chunk matched:  /Users/pranay/Projects/AIMLGlossary/AIGlossaryPro/node_modules/highlight.js/lib/languages/inform7.js?commonjs-es-import
Module ID:  /Users/pranay/Projects/AIMLGlossary/AIGlossaryPro/node_modules/highlight.js/lib/languages/jboss-cli.js?commonjs-es-import
✓ Vendor chunk matched:  /Users/pranay/Projects/AIMLGlossary/AIGlossaryPro/node_modules/highlight.js/lib/languages/jboss-cli.js?commonjs-es-import
Module ID:  /Users/pranay/Projects/AIMLGlossary/AIGlossaryPro/node_modules/highlight.js/lib/languages/java.js?commonjs-es-import
✓ Vendor chunk matched:  /Users/pranay/Projects/AIMLGlossary/AIGlossaryPro/node_modules/highlight.js/lib/languages/java.js?commonjs-es-import
Module ID:  /Users/pranay/Projects/AIMLGlossary/AIGlossaryPro/node_modules/highlight.js/lib/languages/hsp.js?commonjs-es-import
✓ Vendor chunk matched:  /Users/pranay/Projects/AIMLGlossary/AIGlossaryPro/node_modules/highlight.js/lib/languages/hsp.js?commonjs-es-import
Module ID:  /Users/pranay/Projects/AIMLGlossary/AIGlossaryPro/node_modules/highlight.js/lib/languages/json.js?commonjs-es-import
✓ Vendor chunk matched:  /Users/pranay/Projects/AIMLGlossary/AIGlossaryPro/node_modules/highlight.js/lib/languages/json.js?commonjs-es-import
Module ID:  /Users/pranay/Projects/AIMLGlossary/AIGlossaryPro/node_modules/highlight.js/lib/languages/javascript.js?commonjs-es-import
✓ Vendor chunk matched:  /Users/pranay/Projects/AIMLGlossary/AIGlossaryPro/node_modules/highlight.js/lib/languages/javascript.js?commonjs-es-import
Module ID:  /Users/pranay/Projects/AIMLGlossary/AIGlossaryPro/node_modules/highlight.js/lib/languages/julia-repl.js?commonjs-es-import
✓ Vendor chunk matched:  /Users/pranay/Projects/AIMLGlossary/AIGlossaryPro/node_modules/highlight.js/lib/languages/julia-repl.js?commonjs-es-import
Module ID:  /Users/pranay/Projects/AIMLGlossary/AIGlossaryPro/node_modules/highlight.js/lib/languages/julia.js?commonjs-es-import
✓ Vendor chunk matched:  /Users/pranay/Projects/AIMLGlossary/AIGlossaryPro/node_modules/highlight.js/lib/languages/julia.js?commonjs-es-import
Module ID:  /Users/pranay/Projects/AIMLGlossary/AIGlossaryPro/node_modules/highlight.js/lib/languages/kotlin.js?commonjs-es-import
✓ Vendor chunk matched:  /Users/pranay/Projects/AIMLGlossary/AIGlossaryPro/node_modules/highlight.js/lib/languages/kotlin.js?commonjs-es-import
Module ID:  /Users/pranay/Projects/AIMLGlossary/AIGlossaryPro/node_modules/highlight.js/lib/languages/latex.js?commonjs-es-import
✓ Vendor chunk matched:  /Users/pranay/Projects/AIMLGlossary/AIGlossaryPro/node_modules/highlight.js/lib/languages/latex.js?commonjs-es-import
Module ID:  /Users/pranay/Projects/AIMLGlossary/AIGlossaryPro/node_modules/highlight.js/lib/languages/lasso.js?commonjs-es-import
✓ Vendor chunk matched:  /Users/pranay/Projects/AIMLGlossary/AIGlossaryPro/node_modules/highlight.js/lib/languages/lasso.js?commonjs-es-import
Module ID:  /Users/pranay/Projects/AIMLGlossary/AIGlossaryPro/node_modules/highlight.js/lib/languages/leaf.js?commonjs-es-import
✓ Vendor chunk matched:  /Users/pranay/Projects/AIMLGlossary/AIGlossaryPro/node_modules/highlight.js/lib/languages/leaf.js?commonjs-es-import
Module ID:  /Users/pranay/Projects/AIMLGlossary/AIGlossaryPro/node_modules/highlight.js/lib/languages/less.js?commonjs-es-import
✓ Vendor chunk matched:  /Users/pranay/Projects/AIMLGlossary/AIGlossaryPro/node_modules/highlight.js/lib/languages/less.js?commonjs-es-import
Module ID:  /Users/pranay/Projects/AIMLGlossary/AIGlossaryPro/node_modules/highlight.js/lib/languages/livecodeserver.js?commonjs-es-import
✓ Vendor chunk matched:  /Users/pranay/Projects/AIMLGlossary/AIGlossaryPro/node_modules/highlight.js/lib/languages/livecodeserver.js?commonjs-es-import
Module ID:  /Users/pranay/Projects/AIMLGlossary/AIGlossaryPro/node_modules/highlight.js/lib/languages/ldif.js?commonjs-es-import
✓ Vendor chunk matched:  /Users/pranay/Projects/AIMLGlossary/AIGlossaryPro/node_modules/highlight.js/lib/languages/ldif.js?commonjs-es-import
Module ID:  /Users/pranay/Projects/AIMLGlossary/AIGlossaryPro/node_modules/highlight.js/lib/languages/livescript.js?commonjs-es-import
✓ Vendor chunk matched:  /Users/pranay/Projects/AIMLGlossary/AIGlossaryPro/node_modules/highlight.js/lib/languages/livescript.js?commonjs-es-import
Module ID:  /Users/pranay/Projects/AIMLGlossary/AIGlossaryPro/node_modules/highlight.js/lib/languages/isbl.js?commonjs-es-import
✓ Vendor chunk matched:  /Users/pranay/Projects/AIMLGlossary/AIGlossaryPro/node_modules/highlight.js/lib/languages/isbl.js?commonjs-es-import
Module ID:  /Users/pranay/Projects/AIMLGlossary/AIGlossaryPro/node_modules/highlight.js/lib/languages/llvm.js?commonjs-es-import
✓ Vendor chunk matched:  /Users/pranay/Projects/AIMLGlossary/AIGlossaryPro/node_modules/highlight.js/lib/languages/llvm.js?commonjs-es-import
Module ID:  /Users/pranay/Projects/AIMLGlossary/AIGlossaryPro/node_modules/highlight.js/lib/languages/lisp.js?commonjs-es-import
✓ Vendor chunk matched:  /Users/pranay/Projects/AIMLGlossary/AIGlossaryPro/node_modules/highlight.js/lib/languages/lisp.js?commonjs-es-import
Module ID:  /Users/pranay/Projects/AIMLGlossary/AIGlossaryPro/node_modules/highlight.js/lib/languages/lsl.js?commonjs-es-import
✓ Vendor chunk matched:  /Users/pranay/Projects/AIMLGlossary/AIGlossaryPro/node_modules/highlight.js/lib/languages/lsl.js?commonjs-es-import
Module ID:  /Users/pranay/Projects/AIMLGlossary/AIGlossaryPro/node_modules/highlight.js/lib/languages/lua.js?commonjs-es-import
✓ Vendor chunk matched:  /Users/pranay/Projects/AIMLGlossary/AIGlossaryPro/node_modules/highlight.js/lib/languages/lua.js?commonjs-es-import
Module ID:  /Users/pranay/Projects/AIMLGlossary/AIGlossaryPro/node_modules/highlight.js/lib/languages/makefile.js?commonjs-es-import
✓ Vendor chunk matched:  /Users/pranay/Projects/AIMLGlossary/AIGlossaryPro/node_modules/highlight.js/lib/languages/makefile.js?commonjs-es-import
Module ID:  /Users/pranay/Projects/AIMLGlossary/AIGlossaryPro/node_modules/highlight.js/lib/languages/matlab.js?commonjs-es-import
✓ Vendor chunk matched:  /Users/pranay/Projects/AIMLGlossary/AIGlossaryPro/node_modules/highlight.js/lib/languages/matlab.js?commonjs-es-import
Module ID:  /Users/pranay/Projects/AIMLGlossary/AIGlossaryPro/node_modules/highlight.js/lib/languages/mel.js?commonjs-es-import
✓ Vendor chunk matched:  /Users/pranay/Projects/AIMLGlossary/AIGlossaryPro/node_modules/highlight.js/lib/languages/mel.js?commonjs-es-import
Module ID:  /Users/pranay/Projects/AIMLGlossary/AIGlossaryPro/node_modules/highlight.js/lib/languages/mercury.js?commonjs-es-import
✓ Vendor chunk matched:  /Users/pranay/Projects/AIMLGlossary/AIGlossaryPro/node_modules/highlight.js/lib/languages/mercury.js?commonjs-es-import
Module ID:  /Users/pranay/Projects/AIMLGlossary/AIGlossaryPro/node_modules/highlight.js/lib/languages/mipsasm.js?commonjs-es-import
✓ Vendor chunk matched:  /Users/pranay/Projects/AIMLGlossary/AIGlossaryPro/node_modules/highlight.js/lib/languages/mipsasm.js?commonjs-es-import
Module ID:  /Users/pranay/Projects/AIMLGlossary/AIGlossaryPro/node_modules/highlight.js/lib/languages/mizar.js?commonjs-es-import
✓ Vendor chunk matched:  /Users/pranay/Projects/AIMLGlossary/AIGlossaryPro/node_modules/highlight.js/lib/languages/mizar.js?commonjs-es-import
Module ID:  /Users/pranay/Projects/AIMLGlossary/AIGlossaryPro/node_modules/highlight.js/lib/languages/mathematica.js?commonjs-es-import
✓ Vendor chunk matched:  /Users/pranay/Projects/AIMLGlossary/AIGlossaryPro/node_modules/highlight.js/lib/languages/mathematica.js?commonjs-es-import
Module ID:  /Users/pranay/Projects/AIMLGlossary/AIGlossaryPro/node_modules/highlight.js/lib/languages/monkey.js?commonjs-es-import
✓ Vendor chunk matched:  /Users/pranay/Projects/AIMLGlossary/AIGlossaryPro/node_modules/highlight.js/lib/languages/monkey.js?commonjs-es-import
Module ID:  /Users/pranay/Projects/AIMLGlossary/AIGlossaryPro/node_modules/highlight.js/lib/languages/mojolicious.js?commonjs-es-import
✓ Vendor chunk matched:  /Users/pranay/Projects/AIMLGlossary/AIGlossaryPro/node_modules/highlight.js/lib/languages/mojolicious.js?commonjs-es-import
Module ID:  /Users/pranay/Projects/AIMLGlossary/AIGlossaryPro/node_modules/highlight.js/lib/languages/moonscript.js?commonjs-es-import
✓ Vendor chunk matched:  /Users/pranay/Projects/AIMLGlossary/AIGlossaryPro/node_modules/highlight.js/lib/languages/moonscript.js?commonjs-es-import
Module ID:  /Users/pranay/Projects/AIMLGlossary/AIGlossaryPro/node_modules/highlight.js/lib/languages/nginx.js?commonjs-es-import
✓ Vendor chunk matched:  /Users/pranay/Projects/AIMLGlossary/AIGlossaryPro/node_modules/highlight.js/lib/languages/nginx.js?commonjs-es-import
Module ID:  /Users/pranay/Projects/AIMLGlossary/AIGlossaryPro/node_modules/highlight.js/lib/languages/nim.js?commonjs-es-import
✓ Vendor chunk matched:  /Users/pranay/Projects/AIMLGlossary/AIGlossaryPro/node_modules/highlight.js/lib/languages/nim.js?commonjs-es-import
Module ID:  /Users/pranay/Projects/AIMLGlossary/AIGlossaryPro/node_modules/highlight.js/lib/languages/n1ql.js?commonjs-es-import
✓ Vendor chunk matched:  /Users/pranay/Projects/AIMLGlossary/AIGlossaryPro/node_modules/highlight.js/lib/languages/n1ql.js?commonjs-es-import
Module ID:  /Users/pranay/Projects/AIMLGlossary/AIGlossaryPro/node_modules/highlight.js/lib/languages/nix.js?commonjs-es-import
✓ Vendor chunk matched:  /Users/pranay/Projects/AIMLGlossary/AIGlossaryPro/node_modules/highlight.js/lib/languages/nix.js?commonjs-es-import
Module ID:  /Users/pranay/Projects/AIMLGlossary/AIGlossaryPro/node_modules/highlight.js/lib/languages/node-repl.js?commonjs-es-import
✓ Vendor chunk matched:  /Users/pranay/Projects/AIMLGlossary/AIGlossaryPro/node_modules/highlight.js/lib/languages/node-repl.js?commonjs-es-import
Module ID:  /Users/pranay/Projects/AIMLGlossary/AIGlossaryPro/node_modules/highlight.js/lib/languages/maxima.js?commonjs-es-import
✓ Vendor chunk matched:  /Users/pranay/Projects/AIMLGlossary/AIGlossaryPro/node_modules/highlight.js/lib/languages/maxima.js?commonjs-es-import
Module ID:  /Users/pranay/Projects/AIMLGlossary/AIGlossaryPro/node_modules/highlight.js/lib/languages/nsis.js?commonjs-es-import
✓ Vendor chunk matched:  /Users/pranay/Projects/AIMLGlossary/AIGlossaryPro/node_modules/highlight.js/lib/languages/nsis.js?commonjs-es-import
Module ID:  /Users/pranay/Projects/AIMLGlossary/AIGlossaryPro/node_modules/highlight.js/lib/languages/objectivec.js?commonjs-es-import
✓ Vendor chunk matched:  /Users/pranay/Projects/AIMLGlossary/AIGlossaryPro/node_modules/highlight.js/lib/languages/objectivec.js?commonjs-es-import
Module ID:  /Users/pranay/Projects/AIMLGlossary/AIGlossaryPro/node_modules/highlight.js/lib/languages/openscad.js?commonjs-es-import
✓ Vendor chunk matched:  /Users/pranay/Projects/AIMLGlossary/AIGlossaryPro/node_modules/highlight.js/lib/languages/openscad.js?commonjs-es-import
Module ID:  /Users/pranay/Projects/AIMLGlossary/AIGlossaryPro/node_modules/highlight.js/lib/languages/ocaml.js?commonjs-es-import
✓ Vendor chunk matched:  /Users/pranay/Projects/AIMLGlossary/AIGlossaryPro/node_modules/highlight.js/lib/languages/ocaml.js?commonjs-es-import
Module ID:  /Users/pranay/Projects/AIMLGlossary/AIGlossaryPro/node_modules/highlight.js/lib/languages/oxygene.js?commonjs-es-import
✓ Vendor chunk matched:  /Users/pranay/Projects/AIMLGlossary/AIGlossaryPro/node_modules/highlight.js/lib/languages/oxygene.js?commonjs-es-import
Module ID:  /Users/pranay/Projects/AIMLGlossary/AIGlossaryPro/node_modules/highlight.js/lib/languages/parser3.js?commonjs-es-import
✓ Vendor chunk matched:  /Users/pranay/Projects/AIMLGlossary/AIGlossaryPro/node_modules/highlight.js/lib/languages/parser3.js?commonjs-es-import
Module ID:  /Users/pranay/Projects/AIMLGlossary/AIGlossaryPro/node_modules/highlight.js/lib/languages/perl.js?commonjs-es-import
✓ Vendor chunk matched:  /Users/pranay/Projects/AIMLGlossary/AIGlossaryPro/node_modules/highlight.js/lib/languages/perl.js?commonjs-es-import
Module ID:  /Users/pranay/Projects/AIMLGlossary/AIGlossaryPro/node_modules/highlight.js/lib/languages/php.js?commonjs-es-import
✓ Vendor chunk matched:  /Users/pranay/Projects/AIMLGlossary/AIGlossaryPro/node_modules/highlight.js/lib/languages/php.js?commonjs-es-import
Module ID:  /Users/pranay/Projects/AIMLGlossary/AIGlossaryPro/node_modules/highlight.js/lib/languages/pf.js?commonjs-es-import
✓ Vendor chunk matched:  /Users/pranay/Projects/AIMLGlossary/AIGlossaryPro/node_modules/highlight.js/lib/languages/pf.js?commonjs-es-import
Module ID:  /Users/pranay/Projects/AIMLGlossary/AIGlossaryPro/node_modules/highlight.js/lib/languages/pony.js?commonjs-es-import
✓ Vendor chunk matched:  /Users/pranay/Projects/AIMLGlossary/AIGlossaryPro/node_modules/highlight.js/lib/languages/pony.js?commonjs-es-import
Module ID:  /Users/pranay/Projects/AIMLGlossary/AIGlossaryPro/node_modules/highlight.js/lib/languages/pgsql.js?commonjs-es-import
✓ Vendor chunk matched:  /Users/pranay/Projects/AIMLGlossary/AIGlossaryPro/node_modules/highlight.js/lib/languages/pgsql.js?commonjs-es-import
Module ID:  /Users/pranay/Projects/AIMLGlossary/AIGlossaryPro/node_modules/highlight.js/lib/languages/plaintext.js?commonjs-es-import
✓ Vendor chunk matched:  /Users/pranay/Projects/AIMLGlossary/AIGlossaryPro/node_modules/highlight.js/lib/languages/plaintext.js?commonjs-es-import
Module ID:  /Users/pranay/Projects/AIMLGlossary/AIGlossaryPro/node_modules/highlight.js/lib/languages/powershell.js?commonjs-es-import
✓ Vendor chunk matched:  /Users/pranay/Projects/AIMLGlossary/AIGlossaryPro/node_modules/highlight.js/lib/languages/powershell.js?commonjs-es-import
Module ID:  /Users/pranay/Projects/AIMLGlossary/AIGlossaryPro/node_modules/highlight.js/lib/languages/php-template.js?commonjs-es-import
✓ Vendor chunk matched:  /Users/pranay/Projects/AIMLGlossary/AIGlossaryPro/node_modules/highlight.js/lib/languages/php-template.js?commonjs-es-import
Module ID:  /Users/pranay/Projects/AIMLGlossary/AIGlossaryPro/node_modules/highlight.js/lib/languages/processing.js?commonjs-es-import
✓ Vendor chunk matched:  /Users/pranay/Projects/AIMLGlossary/AIGlossaryPro/node_modules/highlight.js/lib/languages/processing.js?commonjs-es-import
Module ID:  /Users/pranay/Projects/AIMLGlossary/AIGlossaryPro/node_modules/highlight.js/lib/languages/prolog.js?commonjs-es-import
✓ Vendor chunk matched:  /Users/pranay/Projects/AIMLGlossary/AIGlossaryPro/node_modules/highlight.js/lib/languages/prolog.js?commonjs-es-import
Module ID:  /Users/pranay/Projects/AIMLGlossary/AIGlossaryPro/node_modules/highlight.js/lib/languages/profile.js?commonjs-es-import
✓ Vendor chunk matched:  /Users/pranay/Projects/AIMLGlossary/AIGlossaryPro/node_modules/highlight.js/lib/languages/profile.js?commonjs-es-import
Module ID:  /Users/pranay/Projects/AIMLGlossary/AIGlossaryPro/node_modules/highlight.js/lib/languages/protobuf.js?commonjs-es-import
✓ Vendor chunk matched:  /Users/pranay/Projects/AIMLGlossary/AIGlossaryPro/node_modules/highlight.js/lib/languages/protobuf.js?commonjs-es-import
Module ID:  /Users/pranay/Projects/AIMLGlossary/AIGlossaryPro/node_modules/highlight.js/lib/languages/properties.js?commonjs-es-import
✓ Vendor chunk matched:  /Users/pranay/Projects/AIMLGlossary/AIGlossaryPro/node_modules/highlight.js/lib/languages/properties.js?commonjs-es-import
Module ID:  /Users/pranay/Projects/AIMLGlossary/AIGlossaryPro/node_modules/highlight.js/lib/languages/puppet.js?commonjs-es-import
✓ Vendor chunk matched:  /Users/pranay/Projects/AIMLGlossary/AIGlossaryPro/node_modules/highlight.js/lib/languages/puppet.js?commonjs-es-import
Module ID:  /Users/pranay/Projects/AIMLGlossary/AIGlossaryPro/node_modules/highlight.js/lib/languages/purebasic.js?commonjs-es-import
✓ Vendor chunk matched:  /Users/pranay/Projects/AIMLGlossary/AIGlossaryPro/node_modules/highlight.js/lib/languages/purebasic.js?commonjs-es-import
Module ID:  /Users/pranay/Projects/AIMLGlossary/AIGlossaryPro/node_modules/highlight.js/lib/languages/python.js?commonjs-es-import
✓ Vendor chunk matched:  /Users/pranay/Projects/AIMLGlossary/AIGlossaryPro/node_modules/highlight.js/lib/languages/python.js?commonjs-es-import
Module ID:  /Users/pranay/Projects/AIMLGlossary/AIGlossaryPro/node_modules/highlight.js/lib/languages/python-repl.js?commonjs-es-import
✓ Vendor chunk matched:  /Users/pranay/Projects/AIMLGlossary/AIGlossaryPro/node_modules/highlight.js/lib/languages/python-repl.js?commonjs-es-import
Module ID:  /Users/pranay/Projects/AIMLGlossary/AIGlossaryPro/node_modules/highlight.js/lib/languages/q.js?commonjs-es-import
✓ Vendor chunk matched:  /Users/pranay/Projects/AIMLGlossary/AIGlossaryPro/node_modules/highlight.js/lib/languages/q.js?commonjs-es-import
Module ID:  /Users/pranay/Projects/AIMLGlossary/AIGlossaryPro/node_modules/highlight.js/lib/languages/qml.js?commonjs-es-import
✓ Vendor chunk matched:  /Users/pranay/Projects/AIMLGlossary/AIGlossaryPro/node_modules/highlight.js/lib/languages/qml.js?commonjs-es-import
Module ID:  /Users/pranay/Projects/AIMLGlossary/AIGlossaryPro/node_modules/highlight.js/lib/languages/roboconf.js?commonjs-es-import
✓ Vendor chunk matched:  /Users/pranay/Projects/AIMLGlossary/AIGlossaryPro/node_modules/highlight.js/lib/languages/roboconf.js?commonjs-es-import
Module ID:  /Users/pranay/Projects/AIMLGlossary/AIGlossaryPro/node_modules/highlight.js/lib/languages/rib.js?commonjs-es-import
✓ Vendor chunk matched:  /Users/pranay/Projects/AIMLGlossary/AIGlossaryPro/node_modules/highlight.js/lib/languages/rib.js?commonjs-es-import
Module ID:  /Users/pranay/Projects/AIMLGlossary/AIGlossaryPro/node_modules/highlight.js/lib/languages/routeros.js?commonjs-es-import
✓ Vendor chunk matched:  /Users/pranay/Projects/AIMLGlossary/AIGlossaryPro/node_modules/highlight.js/lib/languages/routeros.js?commonjs-es-import
Module ID:  /Users/pranay/Projects/AIMLGlossary/AIGlossaryPro/node_modules/highlight.js/lib/languages/rsl.js?commonjs-es-import
✓ Vendor chunk matched:  /Users/pranay/Projects/AIMLGlossary/AIGlossaryPro/node_modules/highlight.js/lib/languages/rsl.js?commonjs-es-import
Module ID:  /Users/pranay/Projects/AIMLGlossary/AIGlossaryPro/node_modules/highlight.js/lib/languages/reasonml.js?commonjs-es-import
✓ Vendor chunk matched:  /Users/pranay/Projects/AIMLGlossary/AIGlossaryPro/node_modules/highlight.js/lib/languages/reasonml.js?commonjs-es-import
Module ID:  /Users/pranay/Projects/AIMLGlossary/AIGlossaryPro/node_modules/highlight.js/lib/languages/r.js?commonjs-es-import
✓ Vendor chunk matched:  /Users/pranay/Projects/AIMLGlossary/AIGlossaryPro/node_modules/highlight.js/lib/languages/r.js?commonjs-es-import
Module ID:  /Users/pranay/Projects/AIMLGlossary/AIGlossaryPro/node_modules/highlight.js/lib/languages/ruleslanguage.js?commonjs-es-import
✓ Vendor chunk matched:  /Users/pranay/Projects/AIMLGlossary/AIGlossaryPro/node_modules/highlight.js/lib/languages/ruleslanguage.js?commonjs-es-import
Module ID:  /Users/pranay/Projects/AIMLGlossary/AIGlossaryPro/node_modules/highlight.js/lib/languages/rust.js?commonjs-es-import
✓ Vendor chunk matched:  /Users/pranay/Projects/AIMLGlossary/AIGlossaryPro/node_modules/highlight.js/lib/languages/rust.js?commonjs-es-import
Module ID:  /Users/pranay/Projects/AIMLGlossary/AIGlossaryPro/node_modules/highlight.js/lib/languages/sas.js?commonjs-es-import
✓ Vendor chunk matched:  /Users/pranay/Projects/AIMLGlossary/AIGlossaryPro/node_modules/highlight.js/lib/languages/sas.js?commonjs-es-import
Module ID:  /Users/pranay/Projects/AIMLGlossary/AIGlossaryPro/node_modules/highlight.js/lib/languages/scala.js?commonjs-es-import
✓ Vendor chunk matched:  /Users/pranay/Projects/AIMLGlossary/AIGlossaryPro/node_modules/highlight.js/lib/languages/scala.js?commonjs-es-import
Module ID:  /Users/pranay/Projects/AIMLGlossary/AIGlossaryPro/node_modules/highlight.js/lib/languages/scilab.js?commonjs-es-import
✓ Vendor chunk matched:  /Users/pranay/Projects/AIMLGlossary/AIGlossaryPro/node_modules/highlight.js/lib/languages/scilab.js?commonjs-es-import
Module ID:  /Users/pranay/Projects/AIMLGlossary/AIGlossaryPro/node_modules/highlight.js/lib/languages/scheme.js?commonjs-es-import
✓ Vendor chunk matched:  /Users/pranay/Projects/AIMLGlossary/AIGlossaryPro/node_modules/highlight.js/lib/languages/scheme.js?commonjs-es-import
Module ID:  /Users/pranay/Projects/AIMLGlossary/AIGlossaryPro/node_modules/highlight.js/lib/languages/smali.js?commonjs-es-import
✓ Vendor chunk matched:  /Users/pranay/Projects/AIMLGlossary/AIGlossaryPro/node_modules/highlight.js/lib/languages/smali.js?commonjs-es-import
Module ID:  /Users/pranay/Projects/AIMLGlossary/AIGlossaryPro/node_modules/highlight.js/lib/languages/smalltalk.js?commonjs-es-import
✓ Vendor chunk matched:  /Users/pranay/Projects/AIMLGlossary/AIGlossaryPro/node_modules/highlight.js/lib/languages/smalltalk.js?commonjs-es-import
Module ID:  /Users/pranay/Projects/AIMLGlossary/AIGlossaryPro/node_modules/highlight.js/lib/languages/shell.js?commonjs-es-import
✓ Vendor chunk matched:  /Users/pranay/Projects/AIMLGlossary/AIGlossaryPro/node_modules/highlight.js/lib/languages/shell.js?commonjs-es-import
Module ID:  /Users/pranay/Projects/AIMLGlossary/AIGlossaryPro/node_modules/highlight.js/lib/languages/scss.js?commonjs-es-import
✓ Vendor chunk matched:  /Users/pranay/Projects/AIMLGlossary/AIGlossaryPro/node_modules/highlight.js/lib/languages/scss.js?commonjs-es-import
Module ID:  /Users/pranay/Projects/AIMLGlossary/AIGlossaryPro/node_modules/highlight.js/lib/languages/sml.js?commonjs-es-import
✓ Vendor chunk matched:  /Users/pranay/Projects/AIMLGlossary/AIGlossaryPro/node_modules/highlight.js/lib/languages/sml.js?commonjs-es-import
Module ID:  /Users/pranay/Projects/AIMLGlossary/AIGlossaryPro/node_modules/highlight.js/lib/languages/sql.js?commonjs-es-import
✓ Vendor chunk matched:  /Users/pranay/Projects/AIMLGlossary/AIGlossaryPro/node_modules/highlight.js/lib/languages/sql.js?commonjs-es-import
Module ID:  /Users/pranay/Projects/AIMLGlossary/AIGlossaryPro/node_modules/highlight.js/lib/languages/sqf.js?commonjs-es-import
✓ Vendor chunk matched:  /Users/pranay/Projects/AIMLGlossary/AIGlossaryPro/node_modules/highlight.js/lib/languages/sqf.js?commonjs-es-import
Module ID:  /Users/pranay/Projects/AIMLGlossary/AIGlossaryPro/node_modules/highlight.js/lib/languages/sql_more.js?commonjs-es-import
✓ Vendor chunk matched:  /Users/pranay/Projects/AIMLGlossary/AIGlossaryPro/node_modules/highlight.js/lib/languages/sql_more.js?commonjs-es-import
Module ID:  /Users/pranay/Projects/AIMLGlossary/AIGlossaryPro/node_modules/highlight.js/lib/languages/stan.js?commonjs-es-import
✓ Vendor chunk matched:  /Users/pranay/Projects/AIMLGlossary/AIGlossaryPro/node_modules/highlight.js/lib/languages/stan.js?commonjs-es-import
Module ID:  /Users/pranay/Projects/AIMLGlossary/AIGlossaryPro/node_modules/highlight.js/lib/languages/step21.js?commonjs-es-import
✓ Vendor chunk matched:  /Users/pranay/Projects/AIMLGlossary/AIGlossaryPro/node_modules/highlight.js/lib/languages/step21.js?commonjs-es-import
Module ID:  /Users/pranay/Projects/AIMLGlossary/AIGlossaryPro/node_modules/highlight.js/lib/languages/stata.js?commonjs-es-import
✓ Vendor chunk matched:  /Users/pranay/Projects/AIMLGlossary/AIGlossaryPro/node_modules/highlight.js/lib/languages/stata.js?commonjs-es-import
Module ID:  /Users/pranay/Projects/AIMLGlossary/AIGlossaryPro/node_modules/highlight.js/lib/languages/subunit.js?commonjs-es-import
✓ Vendor chunk matched:  /Users/pranay/Projects/AIMLGlossary/AIGlossaryPro/node_modules/highlight.js/lib/languages/subunit.js?commonjs-es-import
Module ID:  /Users/pranay/Projects/AIMLGlossary/AIGlossaryPro/node_modules/highlight.js/lib/languages/taggerscript.js?commonjs-es-import
✓ Vendor chunk matched:  /Users/pranay/Projects/AIMLGlossary/AIGlossaryPro/node_modules/highlight.js/lib/languages/taggerscript.js?commonjs-es-import
Module ID:  /Users/pranay/Projects/AIMLGlossary/AIGlossaryPro/node_modules/highlight.js/lib/languages/stylus.js?commonjs-es-import
✓ Vendor chunk matched:  /Users/pranay/Projects/AIMLGlossary/AIGlossaryPro/node_modules/highlight.js/lib/languages/stylus.js?commonjs-es-import
Module ID:  /Users/pranay/Projects/AIMLGlossary/AIGlossaryPro/node_modules/highlight.js/lib/languages/tap.js?commonjs-es-import
✓ Vendor chunk matched:  /Users/pranay/Projects/AIMLGlossary/AIGlossaryPro/node_modules/highlight.js/lib/languages/tap.js?commonjs-es-import
Module ID:  /Users/pranay/Projects/AIMLGlossary/AIGlossaryPro/node_modules/highlight.js/lib/languages/yaml.js?commonjs-es-import
✓ Vendor chunk matched:  /Users/pranay/Projects/AIMLGlossary/AIGlossaryPro/node_modules/highlight.js/lib/languages/yaml.js?commonjs-es-import
Module ID:  /Users/pranay/Projects/AIMLGlossary/AIGlossaryPro/node_modules/highlight.js/lib/languages/thrift.js?commonjs-es-import
✓ Vendor chunk matched:  /Users/pranay/Projects/AIMLGlossary/AIGlossaryPro/node_modules/highlight.js/lib/languages/thrift.js?commonjs-es-import
Module ID:  /Users/pranay/Projects/AIMLGlossary/AIGlossaryPro/node_modules/highlight.js/lib/languages/swift.js?commonjs-es-import
✓ Vendor chunk matched:  /Users/pranay/Projects/AIMLGlossary/AIGlossaryPro/node_modules/highlight.js/lib/languages/swift.js?commonjs-es-import
Module ID:  /Users/pranay/Projects/AIMLGlossary/AIGlossaryPro/node_modules/highlight.js/lib/languages/tp.js?commonjs-es-import
✓ Vendor chunk matched:  /Users/pranay/Projects/AIMLGlossary/AIGlossaryPro/node_modules/highlight.js/lib/languages/tp.js?commonjs-es-import
Module ID:  /Users/pranay/Projects/AIMLGlossary/AIGlossaryPro/node_modules/highlight.js/lib/languages/twig.js?commonjs-es-import
✓ Vendor chunk matched:  /Users/pranay/Projects/AIMLGlossary/AIGlossaryPro/node_modules/highlight.js/lib/languages/twig.js?commonjs-es-import
Module ID:  /Users/pranay/Projects/AIMLGlossary/AIGlossaryPro/node_modules/highlight.js/lib/languages/tcl.js?commonjs-es-import
✓ Vendor chunk matched:  /Users/pranay/Projects/AIMLGlossary/AIGlossaryPro/node_modules/highlight.js/lib/languages/tcl.js?commonjs-es-import
Module ID:  /Users/pranay/Projects/AIMLGlossary/AIGlossaryPro/node_modules/highlight.js/lib/languages/vala.js?commonjs-es-import
✓ Vendor chunk matched:  /Users/pranay/Projects/AIMLGlossary/AIGlossaryPro/node_modules/highlight.js/lib/languages/vala.js?commonjs-es-import
Module ID:  /Users/pranay/Projects/AIMLGlossary/AIGlossaryPro/node_modules/highlight.js/lib/languages/vbnet.js?commonjs-es-import
✓ Vendor chunk matched:  /Users/pranay/Projects/AIMLGlossary/AIGlossaryPro/node_modules/highlight.js/lib/languages/vbnet.js?commonjs-es-import
Module ID:  /Users/pranay/Projects/AIMLGlossary/AIGlossaryPro/node_modules/highlight.js/lib/languages/vbscript.js?commonjs-es-import
✓ Vendor chunk matched:  /Users/pranay/Projects/AIMLGlossary/AIGlossaryPro/node_modules/highlight.js/lib/languages/vbscript.js?commonjs-es-import
Module ID:  /Users/pranay/Projects/AIMLGlossary/AIGlossaryPro/node_modules/highlight.js/lib/languages/vbscript-html.js?commonjs-es-import
✓ Vendor chunk matched:  /Users/pranay/Projects/AIMLGlossary/AIGlossaryPro/node_modules/highlight.js/lib/languages/vbscript-html.js?commonjs-es-import
Module ID:  /Users/pranay/Projects/AIMLGlossary/AIGlossaryPro/node_modules/highlight.js/lib/languages/typescript.js?commonjs-es-import
✓ Vendor chunk matched:  /Users/pranay/Projects/AIMLGlossary/AIGlossaryPro/node_modules/highlight.js/lib/languages/typescript.js?commonjs-es-import
Module ID:  /Users/pranay/Projects/AIMLGlossary/AIGlossaryPro/node_modules/highlight.js/lib/languages/verilog.js?commonjs-es-import
✓ Vendor chunk matched:  /Users/pranay/Projects/AIMLGlossary/AIGlossaryPro/node_modules/highlight.js/lib/languages/verilog.js?commonjs-es-import
Module ID:  /Users/pranay/Projects/AIMLGlossary/AIGlossaryPro/node_modules/highlight.js/lib/languages/vhdl.js?commonjs-es-import
✓ Vendor chunk matched:  /Users/pranay/Projects/AIMLGlossary/AIGlossaryPro/node_modules/highlight.js/lib/languages/vhdl.js?commonjs-es-import
Module ID:  /Users/pranay/Projects/AIMLGlossary/AIGlossaryPro/node_modules/highlight.js/lib/languages/xquery.js?commonjs-es-import
✓ Vendor chunk matched:  /Users/pranay/Projects/AIMLGlossary/AIGlossaryPro/node_modules/highlight.js/lib/languages/xquery.js?commonjs-es-import
Module ID:  /Users/pranay/Projects/AIMLGlossary/AIGlossaryPro/node_modules/highlight.js/lib/languages/vim.js?commonjs-es-import
✓ Vendor chunk matched:  /Users/pranay/Projects/AIMLGlossary/AIGlossaryPro/node_modules/highlight.js/lib/languages/vim.js?commonjs-es-import
Module ID:  /Users/pranay/Projects/AIMLGlossary/AIGlossaryPro/node_modules/highlight.js/lib/languages/x86asm.js?commonjs-es-import
✓ Vendor chunk matched:  /Users/pranay/Projects/AIMLGlossary/AIGlossaryPro/node_modules/highlight.js/lib/languages/x86asm.js?commonjs-es-import
Module ID:  /Users/pranay/Projects/AIMLGlossary/AIGlossaryPro/node_modules/highlight.js/lib/languages/xl.js?commonjs-es-import
✓ Vendor chunk matched:  /Users/pranay/Projects/AIMLGlossary/AIGlossaryPro/node_modules/highlight.js/lib/languages/xl.js?commonjs-es-import
Module ID:  /Users/pranay/Projects/AIMLGlossary/AIGlossaryPro/node_modules/highlight.js/lib/languages/zephir.js?commonjs-es-import
✓ Vendor chunk matched:  /Users/pranay/Projects/AIMLGlossary/AIGlossaryPro/node_modules/highlight.js/lib/languages/zephir.js?commonjs-es-import
Module ID:  /Users/pranay/Projects/AIMLGlossary/AIGlossaryPro/node_modules/refractor/lang/abap.js?commonjs-es-import
✓ Vendor chunk matched:  /Users/pranay/Projects/AIMLGlossary/AIGlossaryPro/node_modules/refractor/lang/abap.js?commonjs-es-import
Module ID:  /Users/pranay/Projects/AIMLGlossary/AIGlossaryPro/node_modules/refractor/lang/abnf.js?commonjs-es-import
✓ Vendor chunk matched:  /Users/pranay/Projects/AIMLGlossary/AIGlossaryPro/node_modules/refractor/lang/abnf.js?commonjs-es-import
Module ID:  /Users/pranay/Projects/AIMLGlossary/AIGlossaryPro/node_modules/refractor/lang/actionscript.js?commonjs-es-import
✓ Vendor chunk matched:  /Users/pranay/Projects/AIMLGlossary/AIGlossaryPro/node_modules/refractor/lang/actionscript.js?commonjs-es-import
Module ID:  /Users/pranay/Projects/AIMLGlossary/AIGlossaryPro/node_modules/refractor/lang/ada.js?commonjs-es-import
✓ Vendor chunk matched:  /Users/pranay/Projects/AIMLGlossary/AIGlossaryPro/node_modules/refractor/lang/ada.js?commonjs-es-import
Module ID:  /Users/pranay/Projects/AIMLGlossary/AIGlossaryPro/node_modules/refractor/lang/al.js?commonjs-es-import
✓ Vendor chunk matched:  /Users/pranay/Projects/AIMLGlossary/AIGlossaryPro/node_modules/refractor/lang/al.js?commonjs-es-import
Module ID:  /Users/pranay/Projects/AIMLGlossary/AIGlossaryPro/node_modules/refractor/lang/antlr4.js?commonjs-es-import
✓ Vendor chunk matched:  /Users/pranay/Projects/AIMLGlossary/AIGlossaryPro/node_modules/refractor/lang/antlr4.js?commonjs-es-import
Module ID:  /Users/pranay/Projects/AIMLGlossary/AIGlossaryPro/node_modules/refractor/lang/agda.js?commonjs-es-import
✓ Vendor chunk matched:  /Users/pranay/Projects/AIMLGlossary/AIGlossaryPro/node_modules/refractor/lang/agda.js?commonjs-es-import
Module ID:  /Users/pranay/Projects/AIMLGlossary/AIGlossaryPro/node_modules/refractor/lang/apacheconf.js?commonjs-es-import
✓ Vendor chunk matched:  /Users/pranay/Projects/AIMLGlossary/AIGlossaryPro/node_modules/refractor/lang/apacheconf.js?commonjs-es-import
Module ID:  /Users/pranay/Projects/AIMLGlossary/AIGlossaryPro/node_modules/refractor/lang/applescript.js?commonjs-es-import
✓ Vendor chunk matched:  /Users/pranay/Projects/AIMLGlossary/AIGlossaryPro/node_modules/refractor/lang/applescript.js?commonjs-es-import
Module ID:  /Users/pranay/Projects/AIMLGlossary/AIGlossaryPro/node_modules/refractor/lang/apl.js?commonjs-es-import
✓ Vendor chunk matched:  /Users/pranay/Projects/AIMLGlossary/AIGlossaryPro/node_modules/refractor/lang/apl.js?commonjs-es-import
Module ID:  /Users/pranay/Projects/AIMLGlossary/AIGlossaryPro/node_modules/refractor/lang/aql.js?commonjs-es-import
✓ Vendor chunk matched:  /Users/pranay/Projects/AIMLGlossary/AIGlossaryPro/node_modules/refractor/lang/aql.js?commonjs-es-import
Module ID:  /Users/pranay/Projects/AIMLGlossary/AIGlossaryPro/node_modules/refractor/lang/arff.js?commonjs-es-import
✓ Vendor chunk matched:  /Users/pranay/Projects/AIMLGlossary/AIGlossaryPro/node_modules/refractor/lang/arff.js?commonjs-es-import
Module ID:  /Users/pranay/Projects/AIMLGlossary/AIGlossaryPro/node_modules/refractor/lang/asm6502.js?commonjs-es-import
✓ Vendor chunk matched:  /Users/pranay/Projects/AIMLGlossary/AIGlossaryPro/node_modules/refractor/lang/asm6502.js?commonjs-es-import
Module ID:  /Users/pranay/Projects/AIMLGlossary/AIGlossaryPro/node_modules/refractor/lang/asmatmel.js?commonjs-es-import
✓ Vendor chunk matched:  /Users/pranay/Projects/AIMLGlossary/AIGlossaryPro/node_modules/refractor/lang/asmatmel.js?commonjs-es-import
Module ID:  /Users/pranay/Projects/AIMLGlossary/AIGlossaryPro/node_modules/refractor/lang/autoit.js?commonjs-es-import
✓ Vendor chunk matched:  /Users/pranay/Projects/AIMLGlossary/AIGlossaryPro/node_modules/refractor/lang/autoit.js?commonjs-es-import
Module ID:  /Users/pranay/Projects/AIMLGlossary/AIGlossaryPro/node_modules/refractor/lang/avisynth.js?commonjs-es-import
✓ Vendor chunk matched:  /Users/pranay/Projects/AIMLGlossary/AIGlossaryPro/node_modules/refractor/lang/avisynth.js?commonjs-es-import
Module ID:  /Users/pranay/Projects/AIMLGlossary/AIGlossaryPro/node_modules/refractor/lang/avro-idl.js?commonjs-es-import
✓ Vendor chunk matched:  /Users/pranay/Projects/AIMLGlossary/AIGlossaryPro/node_modules/refractor/lang/avro-idl.js?commonjs-es-import
Module ID:  /Users/pranay/Projects/AIMLGlossary/AIGlossaryPro/node_modules/refractor/lang/basic.js?commonjs-es-import
✓ Vendor chunk matched:  /Users/pranay/Projects/AIMLGlossary/AIGlossaryPro/node_modules/refractor/lang/basic.js?commonjs-es-import
Module ID:  /Users/pranay/Projects/AIMLGlossary/AIGlossaryPro/node_modules/refractor/lang/asciidoc.js?commonjs-es-import
✓ Vendor chunk matched:  /Users/pranay/Projects/AIMLGlossary/AIGlossaryPro/node_modules/refractor/lang/asciidoc.js?commonjs-es-import
Module ID:  /Users/pranay/Projects/AIMLGlossary/AIGlossaryPro/node_modules/refractor/lang/batch.js?commonjs-es-import
✓ Vendor chunk matched:  /Users/pranay/Projects/AIMLGlossary/AIGlossaryPro/node_modules/refractor/lang/batch.js?commonjs-es-import
Module ID:  /Users/pranay/Projects/AIMLGlossary/AIGlossaryPro/node_modules/refractor/lang/bicep.js?commonjs-es-import
✓ Vendor chunk matched:  /Users/pranay/Projects/AIMLGlossary/AIGlossaryPro/node_modules/refractor/lang/bicep.js?commonjs-es-import
Module ID:  /Users/pranay/Projects/AIMLGlossary/AIGlossaryPro/node_modules/refractor/lang/bash.js?commonjs-es-import
✓ Vendor chunk matched:  /Users/pranay/Projects/AIMLGlossary/AIGlossaryPro/node_modules/refractor/lang/bash.js?commonjs-es-import
Module ID:  /Users/pranay/Projects/AIMLGlossary/AIGlossaryPro/node_modules/refractor/lang/bbcode.js?commonjs-es-import
✓ Vendor chunk matched:  /Users/pranay/Projects/AIMLGlossary/AIGlossaryPro/node_modules/refractor/lang/bbcode.js?commonjs-es-import
Module ID:  /Users/pranay/Projects/AIMLGlossary/AIGlossaryPro/node_modules/refractor/lang/birb.js?commonjs-es-import
✓ Vendor chunk matched:  /Users/pranay/Projects/AIMLGlossary/AIGlossaryPro/node_modules/refractor/lang/birb.js?commonjs-es-import
Module ID:  /Users/pranay/Projects/AIMLGlossary/AIGlossaryPro/node_modules/refractor/lang/bnf.js?commonjs-es-import
✓ Vendor chunk matched:  /Users/pranay/Projects/AIMLGlossary/AIGlossaryPro/node_modules/refractor/lang/bnf.js?commonjs-es-import
Module ID:  /Users/pranay/Projects/AIMLGlossary/AIGlossaryPro/node_modules/refractor/lang/brainfuck.js?commonjs-es-import
✓ Vendor chunk matched:  /Users/pranay/Projects/AIMLGlossary/AIGlossaryPro/node_modules/refractor/lang/brainfuck.js?commonjs-es-import
Module ID:  /Users/pranay/Projects/AIMLGlossary/AIGlossaryPro/node_modules/refractor/lang/brightscript.js?commonjs-es-import
✓ Vendor chunk matched:  /Users/pranay/Projects/AIMLGlossary/AIGlossaryPro/node_modules/refractor/lang/brightscript.js?commonjs-es-import
Module ID:  /Users/pranay/Projects/AIMLGlossary/AIGlossaryPro/node_modules/refractor/lang/bro.js?commonjs-es-import
✓ Vendor chunk matched:  /Users/pranay/Projects/AIMLGlossary/AIGlossaryPro/node_modules/refractor/lang/bro.js?commonjs-es-import
Module ID:  /Users/pranay/Projects/AIMLGlossary/AIGlossaryPro/node_modules/refractor/lang/bsl.js?commonjs-es-import
✓ Vendor chunk matched:  /Users/pranay/Projects/AIMLGlossary/AIGlossaryPro/node_modules/refractor/lang/bsl.js?commonjs-es-import
Module ID:  /Users/pranay/Projects/AIMLGlossary/AIGlossaryPro/node_modules/refractor/lang/c.js?commonjs-es-import
✓ Vendor chunk matched:  /Users/pranay/Projects/AIMLGlossary/AIGlossaryPro/node_modules/refractor/lang/c.js?commonjs-es-import
Module ID:  /Users/pranay/Projects/AIMLGlossary/AIGlossaryPro/node_modules/refractor/lang/cfscript.js?commonjs-es-import
✓ Vendor chunk matched:  /Users/pranay/Projects/AIMLGlossary/AIGlossaryPro/node_modules/refractor/lang/cfscript.js?commonjs-es-import
Module ID:  /Users/pranay/Projects/AIMLGlossary/AIGlossaryPro/node_modules/refractor/lang/clojure.js?commonjs-es-import
✓ Vendor chunk matched:  /Users/pranay/Projects/AIMLGlossary/AIGlossaryPro/node_modules/refractor/lang/clojure.js?commonjs-es-import
Module ID:  /Users/pranay/Projects/AIMLGlossary/AIGlossaryPro/node_modules/refractor/lang/cil.js?commonjs-es-import
✓ Vendor chunk matched:  /Users/pranay/Projects/AIMLGlossary/AIGlossaryPro/node_modules/refractor/lang/cil.js?commonjs-es-import
Module ID:  /Users/pranay/Projects/AIMLGlossary/AIGlossaryPro/node_modules/refractor/lang/autohotkey.js?commonjs-es-import
✓ Vendor chunk matched:  /Users/pranay/Projects/AIMLGlossary/AIGlossaryPro/node_modules/refractor/lang/autohotkey.js?commonjs-es-import
Module ID:  /Users/pranay/Projects/AIMLGlossary/AIGlossaryPro/node_modules/refractor/lang/coffeescript.js?commonjs-es-import
✓ Vendor chunk matched:  /Users/pranay/Projects/AIMLGlossary/AIGlossaryPro/node_modules/refractor/lang/coffeescript.js?commonjs-es-import
Module ID:  /Users/pranay/Projects/AIMLGlossary/AIGlossaryPro/node_modules/refractor/lang/cmake.js?commonjs-es-import
✓ Vendor chunk matched:  /Users/pranay/Projects/AIMLGlossary/AIGlossaryPro/node_modules/refractor/lang/cmake.js?commonjs-es-import
Module ID:  /Users/pranay/Projects/AIMLGlossary/AIGlossaryPro/node_modules/refractor/lang/concurnas.js?commonjs-es-import
✓ Vendor chunk matched:  /Users/pranay/Projects/AIMLGlossary/AIGlossaryPro/node_modules/refractor/lang/concurnas.js?commonjs-es-import
Module ID:  /Users/pranay/Projects/AIMLGlossary/AIGlossaryPro/node_modules/refractor/lang/cobol.js?commonjs-es-import
✓ Vendor chunk matched:  /Users/pranay/Projects/AIMLGlossary/AIGlossaryPro/node_modules/refractor/lang/cobol.js?commonjs-es-import
Module ID:  /Users/pranay/Projects/AIMLGlossary/AIGlossaryPro/node_modules/refractor/lang/coq.js?commonjs-es-import
✓ Vendor chunk matched:  /Users/pranay/Projects/AIMLGlossary/AIGlossaryPro/node_modules/refractor/lang/coq.js?commonjs-es-import
Module ID:  /Users/pranay/Projects/AIMLGlossary/AIGlossaryPro/node_modules/refractor/lang/csp.js?commonjs-es-import
✓ Vendor chunk matched:  /Users/pranay/Projects/AIMLGlossary/AIGlossaryPro/node_modules/refractor/lang/csp.js?commonjs-es-import
Module ID:  /Users/pranay/Projects/AIMLGlossary/AIGlossaryPro/node_modules/refractor/lang/csharp.js?commonjs-es-import
✓ Vendor chunk matched:  /Users/pranay/Projects/AIMLGlossary/AIGlossaryPro/node_modules/refractor/lang/csharp.js?commonjs-es-import
Module ID:  /Users/pranay/Projects/AIMLGlossary/AIGlossaryPro/node_modules/refractor/lang/css-extras.js?commonjs-es-import
✓ Vendor chunk matched:  /Users/pranay/Projects/AIMLGlossary/AIGlossaryPro/node_modules/refractor/lang/css-extras.js?commonjs-es-import
Module ID:  /Users/pranay/Projects/AIMLGlossary/AIGlossaryPro/node_modules/refractor/lang/d.js?commonjs-es-import
✓ Vendor chunk matched:  /Users/pranay/Projects/AIMLGlossary/AIGlossaryPro/node_modules/refractor/lang/d.js?commonjs-es-import
Module ID:  /Users/pranay/Projects/AIMLGlossary/AIGlossaryPro/node_modules/refractor/lang/csv.js?commonjs-es-import
✓ Vendor chunk matched:  /Users/pranay/Projects/AIMLGlossary/AIGlossaryPro/node_modules/refractor/lang/csv.js?commonjs-es-import
Module ID:  /Users/pranay/Projects/AIMLGlossary/AIGlossaryPro/node_modules/refractor/lang/cypher.js?commonjs-es-import
✓ Vendor chunk matched:  /Users/pranay/Projects/AIMLGlossary/AIGlossaryPro/node_modules/refractor/lang/cypher.js?commonjs-es-import
Module ID:  /Users/pranay/Projects/AIMLGlossary/AIGlossaryPro/node_modules/refractor/lang/dart.js?commonjs-es-import
✓ Vendor chunk matched:  /Users/pranay/Projects/AIMLGlossary/AIGlossaryPro/node_modules/refractor/lang/dart.js?commonjs-es-import
Module ID:  /Users/pranay/Projects/AIMLGlossary/AIGlossaryPro/node_modules/refractor/lang/dhall.js?commonjs-es-import
✓ Vendor chunk matched:  /Users/pranay/Projects/AIMLGlossary/AIGlossaryPro/node_modules/refractor/lang/dhall.js?commonjs-es-import
Module ID:  /Users/pranay/Projects/AIMLGlossary/AIGlossaryPro/node_modules/refractor/lang/diff.js?commonjs-es-import
✓ Vendor chunk matched:  /Users/pranay/Projects/AIMLGlossary/AIGlossaryPro/node_modules/refractor/lang/diff.js?commonjs-es-import
Module ID:  /Users/pranay/Projects/AIMLGlossary/AIGlossaryPro/node_modules/refractor/lang/dataweave.js?commonjs-es-import
✓ Vendor chunk matched:  /Users/pranay/Projects/AIMLGlossary/AIGlossaryPro/node_modules/refractor/lang/dataweave.js?commonjs-es-import
Module ID:  /Users/pranay/Projects/AIMLGlossary/AIGlossaryPro/node_modules/refractor/lang/dax.js?commonjs-es-import
✓ Vendor chunk matched:  /Users/pranay/Projects/AIMLGlossary/AIGlossaryPro/node_modules/refractor/lang/dax.js?commonjs-es-import
Module ID:  /Users/pranay/Projects/AIMLGlossary/AIGlossaryPro/node_modules/refractor/lang/dns-zone-file.js?commonjs-es-import
✓ Vendor chunk matched:  /Users/pranay/Projects/AIMLGlossary/AIGlossaryPro/node_modules/refractor/lang/dns-zone-file.js?commonjs-es-import
Module ID:  /Users/pranay/Projects/AIMLGlossary/AIGlossaryPro/node_modules/refractor/lang/dot.js?commonjs-es-import
✓ Vendor chunk matched:  /Users/pranay/Projects/AIMLGlossary/AIGlossaryPro/node_modules/refractor/lang/dot.js?commonjs-es-import
Module ID:  /Users/pranay/Projects/AIMLGlossary/AIGlossaryPro/node_modules/refractor/lang/docker.js?commonjs-es-import
✓ Vendor chunk matched:  /Users/pranay/Projects/AIMLGlossary/AIGlossaryPro/node_modules/refractor/lang/docker.js?commonjs-es-import
Module ID:  /Users/pranay/Projects/AIMLGlossary/AIGlossaryPro/node_modules/refractor/lang/ebnf.js?commonjs-es-import
✓ Vendor chunk matched:  /Users/pranay/Projects/AIMLGlossary/AIGlossaryPro/node_modules/refractor/lang/ebnf.js?commonjs-es-import
Module ID:  /Users/pranay/Projects/AIMLGlossary/AIGlossaryPro/node_modules/refractor/lang/editorconfig.js?commonjs-es-import
✓ Vendor chunk matched:  /Users/pranay/Projects/AIMLGlossary/AIGlossaryPro/node_modules/refractor/lang/editorconfig.js?commonjs-es-import
Module ID:  /Users/pranay/Projects/AIMLGlossary/AIGlossaryPro/node_modules/refractor/lang/eiffel.js?commonjs-es-import
✓ Vendor chunk matched:  /Users/pranay/Projects/AIMLGlossary/AIGlossaryPro/node_modules/refractor/lang/eiffel.js?commonjs-es-import
Module ID:  /Users/pranay/Projects/AIMLGlossary/AIGlossaryPro/node_modules/refractor/lang/elixir.js?commonjs-es-import
✓ Vendor chunk matched:  /Users/pranay/Projects/AIMLGlossary/AIGlossaryPro/node_modules/refractor/lang/elixir.js?commonjs-es-import
Module ID:  /Users/pranay/Projects/AIMLGlossary/AIGlossaryPro/node_modules/refractor/lang/elm.js?commonjs-es-import
✓ Vendor chunk matched:  /Users/pranay/Projects/AIMLGlossary/AIGlossaryPro/node_modules/refractor/lang/elm.js?commonjs-es-import
Module ID:  /Users/pranay/Projects/AIMLGlossary/AIGlossaryPro/node_modules/refractor/lang/erlang.js?commonjs-es-import
✓ Vendor chunk matched:  /Users/pranay/Projects/AIMLGlossary/AIGlossaryPro/node_modules/refractor/lang/erlang.js?commonjs-es-import
Module ID:  /Users/pranay/Projects/AIMLGlossary/AIGlossaryPro/node_modules/refractor/lang/excel-formula.js?commonjs-es-import
✓ Vendor chunk matched:  /Users/pranay/Projects/AIMLGlossary/AIGlossaryPro/node_modules/refractor/lang/excel-formula.js?commonjs-es-import
Module ID:  /Users/pranay/Projects/AIMLGlossary/AIGlossaryPro/node_modules/refractor/lang/firestore-security-rules.js?commonjs-es-import
✓ Vendor chunk matched:  /Users/pranay/Projects/AIMLGlossary/AIGlossaryPro/node_modules/refractor/lang/firestore-security-rules.js?commonjs-es-import
Module ID:  /Users/pranay/Projects/AIMLGlossary/AIGlossaryPro/node_modules/refractor/lang/factor.js?commonjs-es-import
✓ Vendor chunk matched:  /Users/pranay/Projects/AIMLGlossary/AIGlossaryPro/node_modules/refractor/lang/factor.js?commonjs-es-import
Module ID:  /Users/pranay/Projects/AIMLGlossary/AIGlossaryPro/node_modules/refractor/lang/fortran.js?commonjs-es-import
✓ Vendor chunk matched:  /Users/pranay/Projects/AIMLGlossary/AIGlossaryPro/node_modules/refractor/lang/fortran.js?commonjs-es-import
Module ID:  /Users/pranay/Projects/AIMLGlossary/AIGlossaryPro/node_modules/refractor/lang/false.js?commonjs-es-import
✓ Vendor chunk matched:  /Users/pranay/Projects/AIMLGlossary/AIGlossaryPro/node_modules/refractor/lang/false.js?commonjs-es-import
Module ID:  /Users/pranay/Projects/AIMLGlossary/AIGlossaryPro/node_modules/refractor/lang/flow.js?commonjs-es-import
✓ Vendor chunk matched:  /Users/pranay/Projects/AIMLGlossary/AIGlossaryPro/node_modules/refractor/lang/flow.js?commonjs-es-import
Module ID:  /Users/pranay/Projects/AIMLGlossary/AIGlossaryPro/node_modules/refractor/lang/fsharp.js?commonjs-es-import
✓ Vendor chunk matched:  /Users/pranay/Projects/AIMLGlossary/AIGlossaryPro/node_modules/refractor/lang/fsharp.js?commonjs-es-import
Module ID:  /Users/pranay/Projects/AIMLGlossary/AIGlossaryPro/node_modules/refractor/lang/gcode.js?commonjs-es-import
✓ Vendor chunk matched:  /Users/pranay/Projects/AIMLGlossary/AIGlossaryPro/node_modules/refractor/lang/gcode.js?commonjs-es-import
Module ID:  /Users/pranay/Projects/AIMLGlossary/AIGlossaryPro/node_modules/refractor/lang/gdscript.js?commonjs-es-import
✓ Vendor chunk matched:  /Users/pranay/Projects/AIMLGlossary/AIGlossaryPro/node_modules/refractor/lang/gdscript.js?commonjs-es-import
Module ID:  /Users/pranay/Projects/AIMLGlossary/AIGlossaryPro/node_modules/refractor/lang/git.js?commonjs-es-import
✓ Vendor chunk matched:  /Users/pranay/Projects/AIMLGlossary/AIGlossaryPro/node_modules/refractor/lang/git.js?commonjs-es-import
Module ID:  /Users/pranay/Projects/AIMLGlossary/AIGlossaryPro/node_modules/refractor/lang/gedcom.js?commonjs-es-import
✓ Vendor chunk matched:  /Users/pranay/Projects/AIMLGlossary/AIGlossaryPro/node_modules/refractor/lang/gedcom.js?commonjs-es-import
Module ID:  /Users/pranay/Projects/AIMLGlossary/AIGlossaryPro/node_modules/refractor/lang/gherkin.js?commonjs-es-import
✓ Vendor chunk matched:  /Users/pranay/Projects/AIMLGlossary/AIGlossaryPro/node_modules/refractor/lang/gherkin.js?commonjs-es-import
Module ID:  /Users/pranay/Projects/AIMLGlossary/AIGlossaryPro/node_modules/refractor/lang/gn.js?commonjs-es-import
✓ Vendor chunk matched:  /Users/pranay/Projects/AIMLGlossary/AIGlossaryPro/node_modules/refractor/lang/gn.js?commonjs-es-import
Module ID:  /Users/pranay/Projects/AIMLGlossary/AIGlossaryPro/node_modules/refractor/lang/gml.js?commonjs-es-import
✓ Vendor chunk matched:  /Users/pranay/Projects/AIMLGlossary/AIGlossaryPro/node_modules/refractor/lang/gml.js?commonjs-es-import
Module ID:  /Users/pranay/Projects/AIMLGlossary/AIGlossaryPro/node_modules/refractor/lang/go-module.js?commonjs-es-import
✓ Vendor chunk matched:  /Users/pranay/Projects/AIMLGlossary/AIGlossaryPro/node_modules/refractor/lang/go-module.js?commonjs-es-import
Module ID:  /Users/pranay/Projects/AIMLGlossary/AIGlossaryPro/node_modules/refractor/lang/go.js?commonjs-es-import
✓ Vendor chunk matched:  /Users/pranay/Projects/AIMLGlossary/AIGlossaryPro/node_modules/refractor/lang/go.js?commonjs-es-import
Module ID:  /Users/pranay/Projects/AIMLGlossary/AIGlossaryPro/node_modules/refractor/lang/graphql.js?commonjs-es-import
✓ Vendor chunk matched:  /Users/pranay/Projects/AIMLGlossary/AIGlossaryPro/node_modules/refractor/lang/graphql.js?commonjs-es-import
Module ID:  /Users/pranay/Projects/AIMLGlossary/AIGlossaryPro/node_modules/refractor/lang/gap.js?commonjs-es-import
✓ Vendor chunk matched:  /Users/pranay/Projects/AIMLGlossary/AIGlossaryPro/node_modules/refractor/lang/gap.js?commonjs-es-import
Module ID:  /Users/pranay/Projects/AIMLGlossary/AIGlossaryPro/node_modules/refractor/lang/groovy.js?commonjs-es-import
✓ Vendor chunk matched:  /Users/pranay/Projects/AIMLGlossary/AIGlossaryPro/node_modules/refractor/lang/groovy.js?commonjs-es-import
Module ID:  /Users/pranay/Projects/AIMLGlossary/AIGlossaryPro/node_modules/refractor/lang/haxe.js?commonjs-es-import
✓ Vendor chunk matched:  /Users/pranay/Projects/AIMLGlossary/AIGlossaryPro/node_modules/refractor/lang/haxe.js?commonjs-es-import
Module ID:  /Users/pranay/Projects/AIMLGlossary/AIGlossaryPro/node_modules/refractor/lang/haskell.js?commonjs-es-import
✓ Vendor chunk matched:  /Users/pranay/Projects/AIMLGlossary/AIGlossaryPro/node_modules/refractor/lang/haskell.js?commonjs-es-import
Module ID:  /Users/pranay/Projects/AIMLGlossary/AIGlossaryPro/node_modules/refractor/lang/hcl.js?commonjs-es-import
✓ Vendor chunk matched:  /Users/pranay/Projects/AIMLGlossary/AIGlossaryPro/node_modules/refractor/lang/hcl.js?commonjs-es-import
Module ID:  /Users/pranay/Projects/AIMLGlossary/AIGlossaryPro/node_modules/refractor/lang/hoon.js?commonjs-es-import
✓ Vendor chunk matched:  /Users/pranay/Projects/AIMLGlossary/AIGlossaryPro/node_modules/refractor/lang/hoon.js?commonjs-es-import
Module ID:  /Users/pranay/Projects/AIMLGlossary/AIGlossaryPro/node_modules/refractor/lang/hpkp.js?commonjs-es-import
✓ Vendor chunk matched:  /Users/pranay/Projects/AIMLGlossary/AIGlossaryPro/node_modules/refractor/lang/hpkp.js?commonjs-es-import
Module ID:  /Users/pranay/Projects/AIMLGlossary/AIGlossaryPro/node_modules/refractor/lang/http.js?commonjs-es-import
✓ Vendor chunk matched:  /Users/pranay/Projects/AIMLGlossary/AIGlossaryPro/node_modules/refractor/lang/http.js?commonjs-es-import
Module ID:  /Users/pranay/Projects/AIMLGlossary/AIGlossaryPro/node_modules/refractor/lang/hsts.js?commonjs-es-import
✓ Vendor chunk matched:  /Users/pranay/Projects/AIMLGlossary/AIGlossaryPro/node_modules/refractor/lang/hsts.js?commonjs-es-import
Module ID:  /Users/pranay/Projects/AIMLGlossary/AIGlossaryPro/node_modules/refractor/lang/ichigojam.js?commonjs-es-import
✓ Vendor chunk matched:  /Users/pranay/Projects/AIMLGlossary/AIGlossaryPro/node_modules/refractor/lang/ichigojam.js?commonjs-es-import
Module ID:  /Users/pranay/Projects/AIMLGlossary/AIGlossaryPro/node_modules/refractor/lang/icon.js?commonjs-es-import
✓ Vendor chunk matched:  /Users/pranay/Projects/AIMLGlossary/AIGlossaryPro/node_modules/refractor/lang/icon.js?commonjs-es-import
Module ID:  /Users/pranay/Projects/AIMLGlossary/AIGlossaryPro/node_modules/refractor/lang/icu-message-format.js?commonjs-es-import
✓ Vendor chunk matched:  /Users/pranay/Projects/AIMLGlossary/AIGlossaryPro/node_modules/refractor/lang/icu-message-format.js?commonjs-es-import
Module ID:  /Users/pranay/Projects/AIMLGlossary/AIGlossaryPro/node_modules/refractor/lang/iecst.js?commonjs-es-import
✓ Vendor chunk matched:  /Users/pranay/Projects/AIMLGlossary/AIGlossaryPro/node_modules/refractor/lang/iecst.js?commonjs-es-import
Module ID:  /Users/pranay/Projects/AIMLGlossary/AIGlossaryPro/node_modules/refractor/lang/ignore.js?commonjs-es-import
✓ Vendor chunk matched:  /Users/pranay/Projects/AIMLGlossary/AIGlossaryPro/node_modules/refractor/lang/ignore.js?commonjs-es-import
Module ID:  /Users/pranay/Projects/AIMLGlossary/AIGlossaryPro/node_modules/refractor/lang/inform7.js?commonjs-es-import
✓ Vendor chunk matched:  /Users/pranay/Projects/AIMLGlossary/AIGlossaryPro/node_modules/refractor/lang/inform7.js?commonjs-es-import
Module ID:  /Users/pranay/Projects/AIMLGlossary/AIGlossaryPro/node_modules/refractor/lang/ini.js?commonjs-es-import
✓ Vendor chunk matched:  /Users/pranay/Projects/AIMLGlossary/AIGlossaryPro/node_modules/refractor/lang/ini.js?commonjs-es-import
Module ID:  /Users/pranay/Projects/AIMLGlossary/AIGlossaryPro/node_modules/refractor/lang/io.js?commonjs-es-import
✓ Vendor chunk matched:  /Users/pranay/Projects/AIMLGlossary/AIGlossaryPro/node_modules/refractor/lang/io.js?commonjs-es-import
Module ID:  /Users/pranay/Projects/AIMLGlossary/AIGlossaryPro/node_modules/refractor/lang/j.js?commonjs-es-import
✓ Vendor chunk matched:  /Users/pranay/Projects/AIMLGlossary/AIGlossaryPro/node_modules/refractor/lang/j.js?commonjs-es-import
Module ID:  /Users/pranay/Projects/AIMLGlossary/AIGlossaryPro/node_modules/refractor/lang/java.js?commonjs-es-import
✓ Vendor chunk matched:  /Users/pranay/Projects/AIMLGlossary/AIGlossaryPro/node_modules/refractor/lang/java.js?commonjs-es-import
Module ID:  /Users/pranay/Projects/AIMLGlossary/AIGlossaryPro/node_modules/refractor/lang/javadoclike.js?commonjs-es-import
✓ Vendor chunk matched:  /Users/pranay/Projects/AIMLGlossary/AIGlossaryPro/node_modules/refractor/lang/javadoclike.js?commonjs-es-import
Module ID:  /Users/pranay/Projects/AIMLGlossary/AIGlossaryPro/node_modules/refractor/lang/javastacktrace.js?commonjs-es-import
✓ Vendor chunk matched:  /Users/pranay/Projects/AIMLGlossary/AIGlossaryPro/node_modules/refractor/lang/javastacktrace.js?commonjs-es-import
Module ID:  /Users/pranay/Projects/AIMLGlossary/AIGlossaryPro/node_modules/refractor/lang/jexl.js?commonjs-es-import
✓ Vendor chunk matched:  /Users/pranay/Projects/AIMLGlossary/AIGlossaryPro/node_modules/refractor/lang/jexl.js?commonjs-es-import
Module ID:  /Users/pranay/Projects/AIMLGlossary/AIGlossaryPro/node_modules/refractor/lang/jolie.js?commonjs-es-import
✓ Vendor chunk matched:  /Users/pranay/Projects/AIMLGlossary/AIGlossaryPro/node_modules/refractor/lang/jolie.js?commonjs-es-import
Module ID:  /Users/pranay/Projects/AIMLGlossary/AIGlossaryPro/node_modules/refractor/lang/jq.js?commonjs-es-import
✓ Vendor chunk matched:  /Users/pranay/Projects/AIMLGlossary/AIGlossaryPro/node_modules/refractor/lang/jq.js?commonjs-es-import
Module ID:  /Users/pranay/Projects/AIMLGlossary/AIGlossaryPro/node_modules/refractor/lang/js-extras.js?commonjs-es-import
✓ Vendor chunk matched:  /Users/pranay/Projects/AIMLGlossary/AIGlossaryPro/node_modules/refractor/lang/js-extras.js?commonjs-es-import
Module ID:  /Users/pranay/Projects/AIMLGlossary/AIGlossaryPro/node_modules/refractor/lang/json.js?commonjs-es-import
✓ Vendor chunk matched:  /Users/pranay/Projects/AIMLGlossary/AIGlossaryPro/node_modules/refractor/lang/json.js?commonjs-es-import
Module ID:  /Users/pranay/Projects/AIMLGlossary/AIGlossaryPro/node_modules/refractor/lang/js-templates.js?commonjs-es-import
✓ Vendor chunk matched:  /Users/pranay/Projects/AIMLGlossary/AIGlossaryPro/node_modules/refractor/lang/js-templates.js?commonjs-es-import
Module ID:  /Users/pranay/Projects/AIMLGlossary/AIGlossaryPro/node_modules/refractor/lang/jsstacktrace.js?commonjs-es-import
✓ Vendor chunk matched:  /Users/pranay/Projects/AIMLGlossary/AIGlossaryPro/node_modules/refractor/lang/jsstacktrace.js?commonjs-es-import
Module ID:  /Users/pranay/Projects/AIMLGlossary/AIGlossaryPro/node_modules/refractor/lang/julia.js?commonjs-es-import
✓ Vendor chunk matched:  /Users/pranay/Projects/AIMLGlossary/AIGlossaryPro/node_modules/refractor/lang/julia.js?commonjs-es-import
Module ID:  /Users/pranay/Projects/AIMLGlossary/AIGlossaryPro/node_modules/refractor/lang/jsx.js?commonjs-es-import
✓ Vendor chunk matched:  /Users/pranay/Projects/AIMLGlossary/AIGlossaryPro/node_modules/refractor/lang/jsx.js?commonjs-es-import
Module ID:  /Users/pranay/Projects/AIMLGlossary/AIGlossaryPro/node_modules/refractor/lang/keepalived.js?commonjs-es-import
✓ Vendor chunk matched:  /Users/pranay/Projects/AIMLGlossary/AIGlossaryPro/node_modules/refractor/lang/keepalived.js?commonjs-es-import
Module ID:  /Users/pranay/Projects/AIMLGlossary/AIGlossaryPro/node_modules/refractor/lang/keyman.js?commonjs-es-import
✓ Vendor chunk matched:  /Users/pranay/Projects/AIMLGlossary/AIGlossaryPro/node_modules/refractor/lang/keyman.js?commonjs-es-import
Module ID:  /Users/pranay/Projects/AIMLGlossary/AIGlossaryPro/node_modules/refractor/lang/kotlin.js?commonjs-es-import
✓ Vendor chunk matched:  /Users/pranay/Projects/AIMLGlossary/AIGlossaryPro/node_modules/refractor/lang/kotlin.js?commonjs-es-import
Module ID:  /Users/pranay/Projects/AIMLGlossary/AIGlossaryPro/node_modules/refractor/lang/kumir.js?commonjs-es-import
✓ Vendor chunk matched:  /Users/pranay/Projects/AIMLGlossary/AIGlossaryPro/node_modules/refractor/lang/kumir.js?commonjs-es-import
Module ID:  /Users/pranay/Projects/AIMLGlossary/AIGlossaryPro/node_modules/refractor/lang/kusto.js?commonjs-es-import
✓ Vendor chunk matched:  /Users/pranay/Projects/AIMLGlossary/AIGlossaryPro/node_modules/refractor/lang/kusto.js?commonjs-es-import
Module ID:  /Users/pranay/Projects/AIMLGlossary/AIGlossaryPro/node_modules/refractor/lang/latex.js?commonjs-es-import
✓ Vendor chunk matched:  /Users/pranay/Projects/AIMLGlossary/AIGlossaryPro/node_modules/refractor/lang/latex.js?commonjs-es-import
Module ID:  /Users/pranay/Projects/AIMLGlossary/AIGlossaryPro/node_modules/refractor/lang/less.js?commonjs-es-import
✓ Vendor chunk matched:  /Users/pranay/Projects/AIMLGlossary/AIGlossaryPro/node_modules/refractor/lang/less.js?commonjs-es-import
Module ID:  /Users/pranay/Projects/AIMLGlossary/AIGlossaryPro/node_modules/refractor/lang/lisp.js?commonjs-es-import
✓ Vendor chunk matched:  /Users/pranay/Projects/AIMLGlossary/AIGlossaryPro/node_modules/refractor/lang/lisp.js?commonjs-es-import
Module ID:  /Users/pranay/Projects/AIMLGlossary/AIGlossaryPro/node_modules/refractor/lang/llvm.js?commonjs-es-import
✓ Vendor chunk matched:  /Users/pranay/Projects/AIMLGlossary/AIGlossaryPro/node_modules/refractor/lang/llvm.js?commonjs-es-import
Module ID:  /Users/pranay/Projects/AIMLGlossary/AIGlossaryPro/node_modules/refractor/lang/livescript.js?commonjs-es-import
✓ Vendor chunk matched:  /Users/pranay/Projects/AIMLGlossary/AIGlossaryPro/node_modules/refractor/lang/livescript.js?commonjs-es-import
Module ID:  /Users/pranay/Projects/AIMLGlossary/AIGlossaryPro/node_modules/refractor/lang/log.js?commonjs-es-import
✓ Vendor chunk matched:  /Users/pranay/Projects/AIMLGlossary/AIGlossaryPro/node_modules/refractor/lang/log.js?commonjs-es-import
Module ID:  /Users/pranay/Projects/AIMLGlossary/AIGlossaryPro/node_modules/refractor/lang/lolcode.js?commonjs-es-import
✓ Vendor chunk matched:  /Users/pranay/Projects/AIMLGlossary/AIGlossaryPro/node_modules/refractor/lang/lolcode.js?commonjs-es-import
Module ID:  /Users/pranay/Projects/AIMLGlossary/AIGlossaryPro/node_modules/refractor/lang/magma.js?commonjs-es-import
✓ Vendor chunk matched:  /Users/pranay/Projects/AIMLGlossary/AIGlossaryPro/node_modules/refractor/lang/magma.js?commonjs-es-import
Module ID:  /Users/pranay/Projects/AIMLGlossary/AIGlossaryPro/node_modules/refractor/lang/lua.js?commonjs-es-import
✓ Vendor chunk matched:  /Users/pranay/Projects/AIMLGlossary/AIGlossaryPro/node_modules/refractor/lang/lua.js?commonjs-es-import
Module ID:  /Users/pranay/Projects/AIMLGlossary/AIGlossaryPro/node_modules/refractor/lang/makefile.js?commonjs-es-import
✓ Vendor chunk matched:  /Users/pranay/Projects/AIMLGlossary/AIGlossaryPro/node_modules/refractor/lang/makefile.js?commonjs-es-import
Module ID:  /Users/pranay/Projects/AIMLGlossary/AIGlossaryPro/node_modules/refractor/lang/markup-templating.js?commonjs-es-import
✓ Vendor chunk matched:  /Users/pranay/Projects/AIMLGlossary/AIGlossaryPro/node_modules/refractor/lang/markup-templating.js?commonjs-es-import
Module ID:  /Users/pranay/Projects/AIMLGlossary/AIGlossaryPro/node_modules/refractor/lang/matlab.js?commonjs-es-import
✓ Vendor chunk matched:  /Users/pranay/Projects/AIMLGlossary/AIGlossaryPro/node_modules/refractor/lang/matlab.js?commonjs-es-import
Module ID:  /Users/pranay/Projects/AIMLGlossary/AIGlossaryPro/node_modules/refractor/lang/maxscript.js?commonjs-es-import
✓ Vendor chunk matched:  /Users/pranay/Projects/AIMLGlossary/AIGlossaryPro/node_modules/refractor/lang/maxscript.js?commonjs-es-import
Module ID:  /Users/pranay/Projects/AIMLGlossary/AIGlossaryPro/node_modules/refractor/lang/mizar.js?commonjs-es-import
✓ Vendor chunk matched:  /Users/pranay/Projects/AIMLGlossary/AIGlossaryPro/node_modules/refractor/lang/mizar.js?commonjs-es-import
Module ID:  /Users/pranay/Projects/AIMLGlossary/AIGlossaryPro/node_modules/refractor/lang/markdown.js?commonjs-es-import
✓ Vendor chunk matched:  /Users/pranay/Projects/AIMLGlossary/AIGlossaryPro/node_modules/refractor/lang/markdown.js?commonjs-es-import
Module ID:  /Users/pranay/Projects/AIMLGlossary/AIGlossaryPro/node_modules/refractor/lang/mongodb.js?commonjs-es-import
✓ Vendor chunk matched:  /Users/pranay/Projects/AIMLGlossary/AIGlossaryPro/node_modules/refractor/lang/mongodb.js?commonjs-es-import
Module ID:  /Users/pranay/Projects/AIMLGlossary/AIGlossaryPro/node_modules/refractor/lang/mermaid.js?commonjs-es-import
✓ Vendor chunk matched:  /Users/pranay/Projects/AIMLGlossary/AIGlossaryPro/node_modules/refractor/lang/mermaid.js?commonjs-es-import
Module ID:  /Users/pranay/Projects/AIMLGlossary/AIGlossaryPro/node_modules/refractor/lang/monkey.js?commonjs-es-import
✓ Vendor chunk matched:  /Users/pranay/Projects/AIMLGlossary/AIGlossaryPro/node_modules/refractor/lang/monkey.js?commonjs-es-import
Module ID:  /Users/pranay/Projects/AIMLGlossary/AIGlossaryPro/node_modules/refractor/lang/moonscript.js?commonjs-es-import
✓ Vendor chunk matched:  /Users/pranay/Projects/AIMLGlossary/AIGlossaryPro/node_modules/refractor/lang/moonscript.js?commonjs-es-import
Module ID:  /Users/pranay/Projects/AIMLGlossary/AIGlossaryPro/node_modules/refractor/lang/n1ql.js?commonjs-es-import
✓ Vendor chunk matched:  /Users/pranay/Projects/AIMLGlossary/AIGlossaryPro/node_modules/refractor/lang/n1ql.js?commonjs-es-import
Module ID:  /Users/pranay/Projects/AIMLGlossary/AIGlossaryPro/node_modules/refractor/lang/n4js.js?commonjs-es-import
✓ Vendor chunk matched:  /Users/pranay/Projects/AIMLGlossary/AIGlossaryPro/node_modules/refractor/lang/n4js.js?commonjs-es-import
Module ID:  /Users/pranay/Projects/AIMLGlossary/AIGlossaryPro/node_modules/refractor/lang/nand2tetris-hdl.js?commonjs-es-import
✓ Vendor chunk matched:  /Users/pranay/Projects/AIMLGlossary/AIGlossaryPro/node_modules/refractor/lang/nand2tetris-hdl.js?commonjs-es-import
Module ID:  /Users/pranay/Projects/AIMLGlossary/AIGlossaryPro/node_modules/refractor/lang/naniscript.js?commonjs-es-import
✓ Vendor chunk matched:  /Users/pranay/Projects/AIMLGlossary/AIGlossaryPro/node_modules/refractor/lang/naniscript.js?commonjs-es-import
Module ID:  /Users/pranay/Projects/AIMLGlossary/AIGlossaryPro/node_modules/refractor/lang/neon.js?commonjs-es-import
✓ Vendor chunk matched:  /Users/pranay/Projects/AIMLGlossary/AIGlossaryPro/node_modules/refractor/lang/neon.js?commonjs-es-import
Module ID:  /Users/pranay/Projects/AIMLGlossary/AIGlossaryPro/node_modules/refractor/lang/nasm.js?commonjs-es-import
✓ Vendor chunk matched:  /Users/pranay/Projects/AIMLGlossary/AIGlossaryPro/node_modules/refractor/lang/nasm.js?commonjs-es-import
Module ID:  /Users/pranay/Projects/AIMLGlossary/AIGlossaryPro/node_modules/refractor/lang/nevod.js?commonjs-es-import
✓ Vendor chunk matched:  /Users/pranay/Projects/AIMLGlossary/AIGlossaryPro/node_modules/refractor/lang/nevod.js?commonjs-es-import
Module ID:  /Users/pranay/Projects/AIMLGlossary/AIGlossaryPro/node_modules/refractor/lang/mel.js?commonjs-es-import
✓ Vendor chunk matched:  /Users/pranay/Projects/AIMLGlossary/AIGlossaryPro/node_modules/refractor/lang/mel.js?commonjs-es-import
Module ID:  /Users/pranay/Projects/AIMLGlossary/AIGlossaryPro/node_modules/refractor/lang/nginx.js?commonjs-es-import
✓ Vendor chunk matched:  /Users/pranay/Projects/AIMLGlossary/AIGlossaryPro/node_modules/refractor/lang/nginx.js?commonjs-es-import
Module ID:  /Users/pranay/Projects/AIMLGlossary/AIGlossaryPro/node_modules/refractor/lang/nim.js?commonjs-es-import
✓ Vendor chunk matched:  /Users/pranay/Projects/AIMLGlossary/AIGlossaryPro/node_modules/refractor/lang/nim.js?commonjs-es-import
Module ID:  /Users/pranay/Projects/AIMLGlossary/AIGlossaryPro/node_modules/refractor/lang/nix.js?commonjs-es-import
✓ Vendor chunk matched:  /Users/pranay/Projects/AIMLGlossary/AIGlossaryPro/node_modules/refractor/lang/nix.js?commonjs-es-import
Module ID:  /Users/pranay/Projects/AIMLGlossary/AIGlossaryPro/node_modules/refractor/lang/nsis.js?commonjs-es-import
✓ Vendor chunk matched:  /Users/pranay/Projects/AIMLGlossary/AIGlossaryPro/node_modules/refractor/lang/nsis.js?commonjs-es-import
Module ID:  /Users/pranay/Projects/AIMLGlossary/AIGlossaryPro/node_modules/refractor/lang/openqasm.js?commonjs-es-import
✓ Vendor chunk matched:  /Users/pranay/Projects/AIMLGlossary/AIGlossaryPro/node_modules/refractor/lang/openqasm.js?commonjs-es-import
Module ID:  /Users/pranay/Projects/AIMLGlossary/AIGlossaryPro/node_modules/refractor/lang/ocaml.js?commonjs-es-import
✓ Vendor chunk matched:  /Users/pranay/Projects/AIMLGlossary/AIGlossaryPro/node_modules/refractor/lang/ocaml.js?commonjs-es-import
Module ID:  /Users/pranay/Projects/AIMLGlossary/AIGlossaryPro/node_modules/refractor/lang/parser.js?commonjs-es-import
✓ Vendor chunk matched:  /Users/pranay/Projects/AIMLGlossary/AIGlossaryPro/node_modules/refractor/lang/parser.js?commonjs-es-import
Module ID:  /Users/pranay/Projects/AIMLGlossary/AIGlossaryPro/node_modules/refractor/lang/pascal.js?commonjs-es-import
✓ Vendor chunk matched:  /Users/pranay/Projects/AIMLGlossary/AIGlossaryPro/node_modules/refractor/lang/pascal.js?commonjs-es-import
Module ID:  /Users/pranay/Projects/AIMLGlossary/AIGlossaryPro/node_modules/refractor/lang/oz.js?commonjs-es-import
✓ Vendor chunk matched:  /Users/pranay/Projects/AIMLGlossary/AIGlossaryPro/node_modules/refractor/lang/oz.js?commonjs-es-import
Module ID:  /Users/pranay/Projects/AIMLGlossary/AIGlossaryPro/node_modules/refractor/lang/pascaligo.js?commonjs-es-import
✓ Vendor chunk matched:  /Users/pranay/Projects/AIMLGlossary/AIGlossaryPro/node_modules/refractor/lang/pascaligo.js?commonjs-es-import
Module ID:  /Users/pranay/Projects/AIMLGlossary/AIGlossaryPro/node_modules/refractor/lang/peoplecode.js?commonjs-es-import
✓ Vendor chunk matched:  /Users/pranay/Projects/AIMLGlossary/AIGlossaryPro/node_modules/refractor/lang/peoplecode.js?commonjs-es-import
Module ID:  /Users/pranay/Projects/AIMLGlossary/AIGlossaryPro/node_modules/refractor/lang/parigp.js?commonjs-es-import
✓ Vendor chunk matched:  /Users/pranay/Projects/AIMLGlossary/AIGlossaryPro/node_modules/refractor/lang/parigp.js?commonjs-es-import
Module ID:  /Users/pranay/Projects/AIMLGlossary/AIGlossaryPro/node_modules/refractor/lang/pcaxis.js?commonjs-es-import
✓ Vendor chunk matched:  /Users/pranay/Projects/AIMLGlossary/AIGlossaryPro/node_modules/refractor/lang/pcaxis.js?commonjs-es-import
Module ID:  /Users/pranay/Projects/AIMLGlossary/AIGlossaryPro/node_modules/refractor/lang/prolog.js?commonjs-es-import
✓ Vendor chunk matched:  /Users/pranay/Projects/AIMLGlossary/AIGlossaryPro/node_modules/refractor/lang/prolog.js?commonjs-es-import
Module ID:  /Users/pranay/Projects/AIMLGlossary/AIGlossaryPro/node_modules/refractor/lang/powerquery.js?commonjs-es-import
✓ Vendor chunk matched:  /Users/pranay/Projects/AIMLGlossary/AIGlossaryPro/node_modules/refractor/lang/powerquery.js?commonjs-es-import
Module ID:  /Users/pranay/Projects/AIMLGlossary/AIGlossaryPro/node_modules/refractor/lang/perl.js?commonjs-es-import
✓ Vendor chunk matched:  /Users/pranay/Projects/AIMLGlossary/AIGlossaryPro/node_modules/refractor/lang/perl.js?commonjs-es-import
Module ID:  /Users/pranay/Projects/AIMLGlossary/AIGlossaryPro/node_modules/refractor/lang/processing.js?commonjs-es-import
✓ Vendor chunk matched:  /Users/pranay/Projects/AIMLGlossary/AIGlossaryPro/node_modules/refractor/lang/processing.js?commonjs-es-import
Module ID:  /Users/pranay/Projects/AIMLGlossary/AIGlossaryPro/node_modules/refractor/lang/powershell.js?commonjs-es-import
✓ Vendor chunk matched:  /Users/pranay/Projects/AIMLGlossary/AIGlossaryPro/node_modules/refractor/lang/powershell.js?commonjs-es-import
Module ID:  /Users/pranay/Projects/AIMLGlossary/AIGlossaryPro/node_modules/refractor/lang/promql.js?commonjs-es-import
✓ Vendor chunk matched:  /Users/pranay/Projects/AIMLGlossary/AIGlossaryPro/node_modules/refractor/lang/promql.js?commonjs-es-import
Module ID:  /Users/pranay/Projects/AIMLGlossary/AIGlossaryPro/node_modules/refractor/lang/properties.js?commonjs-es-import
✓ Vendor chunk matched:  /Users/pranay/Projects/AIMLGlossary/AIGlossaryPro/node_modules/refractor/lang/properties.js?commonjs-es-import
Module ID:  /Users/pranay/Projects/AIMLGlossary/AIGlossaryPro/node_modules/refractor/lang/protobuf.js?commonjs-es-import
✓ Vendor chunk matched:  /Users/pranay/Projects/AIMLGlossary/AIGlossaryPro/node_modules/refractor/lang/protobuf.js?commonjs-es-import
Module ID:  /Users/pranay/Projects/AIMLGlossary/AIGlossaryPro/node_modules/refractor/lang/pug.js?commonjs-es-import
✓ Vendor chunk matched:  /Users/pranay/Projects/AIMLGlossary/AIGlossaryPro/node_modules/refractor/lang/pug.js?commonjs-es-import
Module ID:  /Users/pranay/Projects/AIMLGlossary/AIGlossaryPro/node_modules/refractor/lang/puppet.js?commonjs-es-import
✓ Vendor chunk matched:  /Users/pranay/Projects/AIMLGlossary/AIGlossaryPro/node_modules/refractor/lang/puppet.js?commonjs-es-import
Module ID:  /Users/pranay/Projects/AIMLGlossary/AIGlossaryPro/node_modules/refractor/lang/psl.js?commonjs-es-import
✓ Vendor chunk matched:  /Users/pranay/Projects/AIMLGlossary/AIGlossaryPro/node_modules/refractor/lang/psl.js?commonjs-es-import
Module ID:  /Users/pranay/Projects/AIMLGlossary/AIGlossaryPro/node_modules/refractor/lang/pure.js?commonjs-es-import
✓ Vendor chunk matched:  /Users/pranay/Projects/AIMLGlossary/AIGlossaryPro/node_modules/refractor/lang/pure.js?commonjs-es-import
Module ID:  /Users/pranay/Projects/AIMLGlossary/AIGlossaryPro/node_modules/refractor/lang/purebasic.js?commonjs-es-import
✓ Vendor chunk matched:  /Users/pranay/Projects/AIMLGlossary/AIGlossaryPro/node_modules/refractor/lang/purebasic.js?commonjs-es-import
Module ID:  /Users/pranay/Projects/AIMLGlossary/AIGlossaryPro/node_modules/refractor/lang/python.js?commonjs-es-import
✓ Vendor chunk matched:  /Users/pranay/Projects/AIMLGlossary/AIGlossaryPro/node_modules/refractor/lang/python.js?commonjs-es-import
Module ID:  /Users/pranay/Projects/AIMLGlossary/AIGlossaryPro/node_modules/refractor/lang/q.js?commonjs-es-import
✓ Vendor chunk matched:  /Users/pranay/Projects/AIMLGlossary/AIGlossaryPro/node_modules/refractor/lang/q.js?commonjs-es-import
Module ID:  /Users/pranay/Projects/AIMLGlossary/AIGlossaryPro/node_modules/refractor/lang/qml.js?commonjs-es-import
✓ Vendor chunk matched:  /Users/pranay/Projects/AIMLGlossary/AIGlossaryPro/node_modules/refractor/lang/qml.js?commonjs-es-import
Module ID:  /Users/pranay/Projects/AIMLGlossary/AIGlossaryPro/node_modules/refractor/lang/qsharp.js?commonjs-es-import
✓ Vendor chunk matched:  /Users/pranay/Projects/AIMLGlossary/AIGlossaryPro/node_modules/refractor/lang/qsharp.js?commonjs-es-import
Module ID:  /Users/pranay/Projects/AIMLGlossary/AIGlossaryPro/node_modules/refractor/lang/qore.js?commonjs-es-import
✓ Vendor chunk matched:  /Users/pranay/Projects/AIMLGlossary/AIGlossaryPro/node_modules/refractor/lang/qore.js?commonjs-es-import
Module ID:  /Users/pranay/Projects/AIMLGlossary/AIGlossaryPro/node_modules/refractor/lang/r.js?commonjs-es-import
✓ Vendor chunk matched:  /Users/pranay/Projects/AIMLGlossary/AIGlossaryPro/node_modules/refractor/lang/r.js?commonjs-es-import
Module ID:  /Users/pranay/Projects/AIMLGlossary/AIGlossaryPro/node_modules/refractor/lang/reason.js?commonjs-es-import
✓ Vendor chunk matched:  /Users/pranay/Projects/AIMLGlossary/AIGlossaryPro/node_modules/refractor/lang/reason.js?commonjs-es-import
Module ID:  /Users/pranay/Projects/AIMLGlossary/AIGlossaryPro/node_modules/refractor/lang/regex.js?commonjs-es-import
✓ Vendor chunk matched:  /Users/pranay/Projects/AIMLGlossary/AIGlossaryPro/node_modules/refractor/lang/regex.js?commonjs-es-import
Module ID:  /Users/pranay/Projects/AIMLGlossary/AIGlossaryPro/node_modules/refractor/lang/rego.js?commonjs-es-import
✓ Vendor chunk matched:  /Users/pranay/Projects/AIMLGlossary/AIGlossaryPro/node_modules/refractor/lang/rego.js?commonjs-es-import
Module ID:  /Users/pranay/Projects/AIMLGlossary/AIGlossaryPro/node_modules/refractor/lang/roboconf.js?commonjs-es-import
✓ Vendor chunk matched:  /Users/pranay/Projects/AIMLGlossary/AIGlossaryPro/node_modules/refractor/lang/roboconf.js?commonjs-es-import
Module ID:  /Users/pranay/Projects/AIMLGlossary/AIGlossaryPro/node_modules/refractor/lang/rest.js?commonjs-es-import
✓ Vendor chunk matched:  /Users/pranay/Projects/AIMLGlossary/AIGlossaryPro/node_modules/refractor/lang/rest.js?commonjs-es-import
Module ID:  /Users/pranay/Projects/AIMLGlossary/AIGlossaryPro/node_modules/refractor/lang/renpy.js?commonjs-es-import
✓ Vendor chunk matched:  /Users/pranay/Projects/AIMLGlossary/AIGlossaryPro/node_modules/refractor/lang/renpy.js?commonjs-es-import
Module ID:  /Users/pranay/Projects/AIMLGlossary/AIGlossaryPro/node_modules/refractor/lang/rip.js?commonjs-es-import
✓ Vendor chunk matched:  /Users/pranay/Projects/AIMLGlossary/AIGlossaryPro/node_modules/refractor/lang/rip.js?commonjs-es-import
Module ID:  /Users/pranay/Projects/AIMLGlossary/AIGlossaryPro/node_modules/refractor/lang/ruby.js?commonjs-es-import
✓ Vendor chunk matched:  /Users/pranay/Projects/AIMLGlossary/AIGlossaryPro/node_modules/refractor/lang/ruby.js?commonjs-es-import
Module ID:  /Users/pranay/Projects/AIMLGlossary/AIGlossaryPro/node_modules/refractor/lang/rust.js?commonjs-es-import
✓ Vendor chunk matched:  /Users/pranay/Projects/AIMLGlossary/AIGlossaryPro/node_modules/refractor/lang/rust.js?commonjs-es-import
Module ID:  /Users/pranay/Projects/AIMLGlossary/AIGlossaryPro/node_modules/refractor/lang/robotframework.js?commonjs-es-import
✓ Vendor chunk matched:  /Users/pranay/Projects/AIMLGlossary/AIGlossaryPro/node_modules/refractor/lang/robotframework.js?commonjs-es-import
Module ID:  /Users/pranay/Projects/AIMLGlossary/AIGlossaryPro/node_modules/refractor/lang/sas.js?commonjs-es-import
✓ Vendor chunk matched:  /Users/pranay/Projects/AIMLGlossary/AIGlossaryPro/node_modules/refractor/lang/sas.js?commonjs-es-import
Module ID:  /Users/pranay/Projects/AIMLGlossary/AIGlossaryPro/node_modules/refractor/lang/sass.js?commonjs-es-import
✓ Vendor chunk matched:  /Users/pranay/Projects/AIMLGlossary/AIGlossaryPro/node_modules/refractor/lang/sass.js?commonjs-es-import
Module ID:  /Users/pranay/Projects/AIMLGlossary/AIGlossaryPro/node_modules/refractor/lang/scheme.js?commonjs-es-import
✓ Vendor chunk matched:  /Users/pranay/Projects/AIMLGlossary/AIGlossaryPro/node_modules/refractor/lang/scheme.js?commonjs-es-import
Module ID:  /Users/pranay/Projects/AIMLGlossary/AIGlossaryPro/node_modules/refractor/lang/scss.js?commonjs-es-import
✓ Vendor chunk matched:  /Users/pranay/Projects/AIMLGlossary/AIGlossaryPro/node_modules/refractor/lang/scss.js?commonjs-es-import
Module ID:  /Users/pranay/Projects/AIMLGlossary/AIGlossaryPro/node_modules/refractor/lang/smali.js?commonjs-es-import
✓ Vendor chunk matched:  /Users/pranay/Projects/AIMLGlossary/AIGlossaryPro/node_modules/refractor/lang/smali.js?commonjs-es-import
Module ID:  /Users/pranay/Projects/AIMLGlossary/AIGlossaryPro/node_modules/refractor/lang/smalltalk.js?commonjs-es-import
✓ Vendor chunk matched:  /Users/pranay/Projects/AIMLGlossary/AIGlossaryPro/node_modules/refractor/lang/smalltalk.js?commonjs-es-import
Module ID:  /Users/pranay/Projects/AIMLGlossary/AIGlossaryPro/node_modules/refractor/lang/sml.js?commonjs-es-import
✓ Vendor chunk matched:  /Users/pranay/Projects/AIMLGlossary/AIGlossaryPro/node_modules/refractor/lang/sml.js?commonjs-es-import
Module ID:  /Users/pranay/Projects/AIMLGlossary/AIGlossaryPro/node_modules/refractor/lang/solidity.js?commonjs-es-import
✓ Vendor chunk matched:  /Users/pranay/Projects/AIMLGlossary/AIGlossaryPro/node_modules/refractor/lang/solidity.js?commonjs-es-import
Module ID:  /Users/pranay/Projects/AIMLGlossary/AIGlossaryPro/node_modules/refractor/lang/solution-file.js?commonjs-es-import
✓ Vendor chunk matched:  /Users/pranay/Projects/AIMLGlossary/AIGlossaryPro/node_modules/refractor/lang/solution-file.js?commonjs-es-import
Module ID:  /Users/pranay/Projects/AIMLGlossary/AIGlossaryPro/node_modules/refractor/lang/splunk-spl.js?commonjs-es-import
✓ Vendor chunk matched:  /Users/pranay/Projects/AIMLGlossary/AIGlossaryPro/node_modules/refractor/lang/splunk-spl.js?commonjs-es-import
Module ID:  /Users/pranay/Projects/AIMLGlossary/AIGlossaryPro/node_modules/refractor/lang/sql.js?commonjs-es-import
✓ Vendor chunk matched:  /Users/pranay/Projects/AIMLGlossary/AIGlossaryPro/node_modules/refractor/lang/sql.js?commonjs-es-import
Module ID:  /Users/pranay/Projects/AIMLGlossary/AIGlossaryPro/node_modules/refractor/lang/squirrel.js?commonjs-es-import
✓ Vendor chunk matched:  /Users/pranay/Projects/AIMLGlossary/AIGlossaryPro/node_modules/refractor/lang/squirrel.js?commonjs-es-import
Module ID:  /Users/pranay/Projects/AIMLGlossary/AIGlossaryPro/node_modules/refractor/lang/stan.js?commonjs-es-import
✓ Vendor chunk matched:  /Users/pranay/Projects/AIMLGlossary/AIGlossaryPro/node_modules/refractor/lang/stan.js?commonjs-es-import
Module ID:  /Users/pranay/Projects/AIMLGlossary/AIGlossaryPro/node_modules/refractor/lang/swift.js?commonjs-es-import
✓ Vendor chunk matched:  /Users/pranay/Projects/AIMLGlossary/AIGlossaryPro/node_modules/refractor/lang/swift.js?commonjs-es-import
Module ID:  /Users/pranay/Projects/AIMLGlossary/AIGlossaryPro/node_modules/refractor/lang/systemd.js?commonjs-es-import
✓ Vendor chunk matched:  /Users/pranay/Projects/AIMLGlossary/AIGlossaryPro/node_modules/refractor/lang/systemd.js?commonjs-es-import
Module ID:  /Users/pranay/Projects/AIMLGlossary/AIGlossaryPro/node_modules/refractor/lang/stylus.js?commonjs-es-import
✓ Vendor chunk matched:  /Users/pranay/Projects/AIMLGlossary/AIGlossaryPro/node_modules/refractor/lang/stylus.js?commonjs-es-import
Module ID:  /Users/pranay/Projects/AIMLGlossary/AIGlossaryPro/node_modules/refractor/lang/t4-templating.js?commonjs-es-import
✓ Vendor chunk matched:  /Users/pranay/Projects/AIMLGlossary/AIGlossaryPro/node_modules/refractor/lang/t4-templating.js?commonjs-es-import
Module ID:  /Users/pranay/Projects/AIMLGlossary/AIGlossaryPro/node_modules/refractor/lang/textile.js?commonjs-es-import
✓ Vendor chunk matched:  /Users/pranay/Projects/AIMLGlossary/AIGlossaryPro/node_modules/refractor/lang/textile.js?commonjs-es-import
Module ID:  /Users/pranay/Projects/AIMLGlossary/AIGlossaryPro/node_modules/refractor/lang/sqf.js?commonjs-es-import
✓ Vendor chunk matched:  /Users/pranay/Projects/AIMLGlossary/AIGlossaryPro/node_modules/refractor/lang/sqf.js?commonjs-es-import
Module ID:  /Users/pranay/Projects/AIMLGlossary/AIGlossaryPro/node_modules/refractor/lang/tcl.js?commonjs-es-import
✓ Vendor chunk matched:  /Users/pranay/Projects/AIMLGlossary/AIGlossaryPro/node_modules/refractor/lang/tcl.js?commonjs-es-import
Module ID:  /Users/pranay/Projects/AIMLGlossary/AIGlossaryPro/node_modules/refractor/lang/toml.js?commonjs-es-import
✓ Vendor chunk matched:  /Users/pranay/Projects/AIMLGlossary/AIGlossaryPro/node_modules/refractor/lang/toml.js?commonjs-es-import
Module ID:  /Users/pranay/Projects/AIMLGlossary/AIGlossaryPro/node_modules/refractor/lang/tremor.js?commonjs-es-import
✓ Vendor chunk matched:  /Users/pranay/Projects/AIMLGlossary/AIGlossaryPro/node_modules/refractor/lang/tremor.js?commonjs-es-import
Module ID:  /Users/pranay/Projects/AIMLGlossary/AIGlossaryPro/node_modules/refractor/lang/turtle.js?commonjs-es-import
✓ Vendor chunk matched:  /Users/pranay/Projects/AIMLGlossary/AIGlossaryPro/node_modules/refractor/lang/turtle.js?commonjs-es-import
Module ID:  /Users/pranay/Projects/AIMLGlossary/AIGlossaryPro/node_modules/refractor/lang/typescript.js?commonjs-es-import
✓ Vendor chunk matched:  /Users/pranay/Projects/AIMLGlossary/AIGlossaryPro/node_modules/refractor/lang/typescript.js?commonjs-es-import
Module ID:  /Users/pranay/Projects/AIMLGlossary/AIGlossaryPro/node_modules/refractor/lang/typoscript.js?commonjs-es-import
✓ Vendor chunk matched:  /Users/pranay/Projects/AIMLGlossary/AIGlossaryPro/node_modules/refractor/lang/typoscript.js?commonjs-es-import
Module ID:  /Users/pranay/Projects/AIMLGlossary/AIGlossaryPro/node_modules/refractor/lang/unrealscript.js?commonjs-es-import
✓ Vendor chunk matched:  /Users/pranay/Projects/AIMLGlossary/AIGlossaryPro/node_modules/refractor/lang/unrealscript.js?commonjs-es-import
Module ID:  /Users/pranay/Projects/AIMLGlossary/AIGlossaryPro/node_modules/refractor/lang/uorazor.js?commonjs-es-import
✓ Vendor chunk matched:  /Users/pranay/Projects/AIMLGlossary/AIGlossaryPro/node_modules/refractor/lang/uorazor.js?commonjs-es-import
Module ID:  /Users/pranay/Projects/AIMLGlossary/AIGlossaryPro/node_modules/refractor/lang/v.js?commonjs-es-import
✓ Vendor chunk matched:  /Users/pranay/Projects/AIMLGlossary/AIGlossaryPro/node_modules/refractor/lang/v.js?commonjs-es-import
Module ID:  /Users/pranay/Projects/AIMLGlossary/AIGlossaryPro/node_modules/refractor/lang/uri.js?commonjs-es-import
✓ Vendor chunk matched:  /Users/pranay/Projects/AIMLGlossary/AIGlossaryPro/node_modules/refractor/lang/uri.js?commonjs-es-import
Module ID:  /Users/pranay/Projects/AIMLGlossary/AIGlossaryPro/node_modules/refractor/lang/velocity.js?commonjs-es-import
✓ Vendor chunk matched:  /Users/pranay/Projects/AIMLGlossary/AIGlossaryPro/node_modules/refractor/lang/velocity.js?commonjs-es-import
Module ID:  /Users/pranay/Projects/AIMLGlossary/AIGlossaryPro/node_modules/refractor/lang/vala.js?commonjs-es-import
✓ Vendor chunk matched:  /Users/pranay/Projects/AIMLGlossary/AIGlossaryPro/node_modules/refractor/lang/vala.js?commonjs-es-import
Module ID:  /Users/pranay/Projects/AIMLGlossary/AIGlossaryPro/node_modules/refractor/lang/verilog.js?commonjs-es-import
✓ Vendor chunk matched:  /Users/pranay/Projects/AIMLGlossary/AIGlossaryPro/node_modules/refractor/lang/verilog.js?commonjs-es-import
Module ID:  /Users/pranay/Projects/AIMLGlossary/AIGlossaryPro/node_modules/refractor/lang/vhdl.js?commonjs-es-import
✓ Vendor chunk matched:  /Users/pranay/Projects/AIMLGlossary/AIGlossaryPro/node_modules/refractor/lang/vhdl.js?commonjs-es-import
Module ID:  /Users/pranay/Projects/AIMLGlossary/AIGlossaryPro/node_modules/refractor/lang/visual-basic.js?commonjs-es-import
✓ Vendor chunk matched:  /Users/pranay/Projects/AIMLGlossary/AIGlossaryPro/node_modules/refractor/lang/visual-basic.js?commonjs-es-import
Module ID:  /Users/pranay/Projects/AIMLGlossary/AIGlossaryPro/node_modules/refractor/lang/vim.js?commonjs-es-import
✓ Vendor chunk matched:  /Users/pranay/Projects/AIMLGlossary/AIGlossaryPro/node_modules/refractor/lang/vim.js?commonjs-es-import
Module ID:  /Users/pranay/Projects/AIMLGlossary/AIGlossaryPro/node_modules/refractor/lang/warpscript.js?commonjs-es-import
✓ Vendor chunk matched:  /Users/pranay/Projects/AIMLGlossary/AIGlossaryPro/node_modules/refractor/lang/warpscript.js?commonjs-es-import
Module ID:  /Users/pranay/Projects/AIMLGlossary/AIGlossaryPro/node_modules/refractor/lang/wasm.js?commonjs-es-import
✓ Vendor chunk matched:  /Users/pranay/Projects/AIMLGlossary/AIGlossaryPro/node_modules/refractor/lang/wasm.js?commonjs-es-import
Module ID:  /Users/pranay/Projects/AIMLGlossary/AIGlossaryPro/node_modules/refractor/lang/web-idl.js?commonjs-es-import
✓ Vendor chunk matched:  /Users/pranay/Projects/AIMLGlossary/AIGlossaryPro/node_modules/refractor/lang/web-idl.js?commonjs-es-import
Module ID:  /Users/pranay/Projects/AIMLGlossary/AIGlossaryPro/node_modules/refractor/lang/wiki.js?commonjs-es-import
✓ Vendor chunk matched:  /Users/pranay/Projects/AIMLGlossary/AIGlossaryPro/node_modules/refractor/lang/wiki.js?commonjs-es-import
Module ID:  /Users/pranay/Projects/AIMLGlossary/AIGlossaryPro/node_modules/refractor/lang/wolfram.js?commonjs-es-import
✓ Vendor chunk matched:  /Users/pranay/Projects/AIMLGlossary/AIGlossaryPro/node_modules/refractor/lang/wolfram.js?commonjs-es-import
Module ID:  /Users/pranay/Projects/AIMLGlossary/AIGlossaryPro/node_modules/refractor/lang/wren.js?commonjs-es-import
✓ Vendor chunk matched:  /Users/pranay/Projects/AIMLGlossary/AIGlossaryPro/node_modules/refractor/lang/wren.js?commonjs-es-import
Module ID:  /Users/pranay/Projects/AIMLGlossary/AIGlossaryPro/node_modules/refractor/lang/xeora.js?commonjs-es-import
✓ Vendor chunk matched:  /Users/pranay/Projects/AIMLGlossary/AIGlossaryPro/node_modules/refractor/lang/xeora.js?commonjs-es-import
Module ID:  /Users/pranay/Projects/AIMLGlossary/AIGlossaryPro/node_modules/refractor/lang/xml-doc.js?commonjs-es-import
✓ Vendor chunk matched:  /Users/pranay/Projects/AIMLGlossary/AIGlossaryPro/node_modules/refractor/lang/xml-doc.js?commonjs-es-import
Module ID:  /Users/pranay/Projects/AIMLGlossary/AIGlossaryPro/node_modules/refractor/lang/xojo.js?commonjs-es-import
✓ Vendor chunk matched:  /Users/pranay/Projects/AIMLGlossary/AIGlossaryPro/node_modules/refractor/lang/xojo.js?commonjs-es-import
Module ID:  /Users/pranay/Projects/AIMLGlossary/AIGlossaryPro/node_modules/refractor/lang/xquery.js?commonjs-es-import
✓ Vendor chunk matched:  /Users/pranay/Projects/AIMLGlossary/AIGlossaryPro/node_modules/refractor/lang/xquery.js?commonjs-es-import
Module ID:  /Users/pranay/Projects/AIMLGlossary/AIGlossaryPro/node_modules/refractor/lang/yaml.js?commonjs-es-import
✓ Vendor chunk matched:  /Users/pranay/Projects/AIMLGlossary/AIGlossaryPro/node_modules/refractor/lang/yaml.js?commonjs-es-import
Module ID:  /Users/pranay/Projects/AIMLGlossary/AIGlossaryPro/node_modules/refractor/lang/yang.js?commonjs-es-import
✓ Vendor chunk matched:  /Users/pranay/Projects/AIMLGlossary/AIGlossaryPro/node_modules/refractor/lang/yang.js?commonjs-es-import
Module ID:  /Users/pranay/Projects/AIMLGlossary/AIGlossaryPro/node_modules/refractor/lang/zig.js?commonjs-es-import
✓ Vendor chunk matched:  /Users/pranay/Projects/AIMLGlossary/AIGlossaryPro/node_modules/refractor/lang/zig.js?commonjs-es-import
Module ID:  /Users/pranay/Projects/AIMLGlossary/AIGlossaryPro/node_modules/lodash/_trimmedEndIndex.js?commonjs-proxy
✓ Vendor chunk matched:  /Users/pranay/Projects/AIMLGlossary/AIGlossaryPro/node_modules/lodash/_trimmedEndIndex.js?commonjs-proxy
Module ID:  /Users/pranay/Projects/AIMLGlossary/AIGlossaryPro/node_modules/lodash/_baseSlice.js?commonjs-proxy
✓ Vendor chunk matched:  /Users/pranay/Projects/AIMLGlossary/AIGlossaryPro/node_modules/lodash/_baseSlice.js?commonjs-proxy
Module ID:  /Users/pranay/Projects/AIMLGlossary/AIGlossaryPro/node_modules/lodash/_asciiToArray.js?commonjs-proxy
✓ Vendor chunk matched:  /Users/pranay/Projects/AIMLGlossary/AIGlossaryPro/node_modules/lodash/_asciiToArray.js?commonjs-proxy
Module ID:  /Users/pranay/Projects/AIMLGlossary/AIGlossaryPro/node_modules/lodash/_unicodeToArray.js?commonjs-proxy
✓ Vendor chunk matched:  /Users/pranay/Projects/AIMLGlossary/AIGlossaryPro/node_modules/lodash/_unicodeToArray.js?commonjs-proxy
Module ID:  /Users/pranay/Projects/AIMLGlossary/AIGlossaryPro/node_modules/lodash/_baseToString.js?commonjs-proxy
✓ Vendor chunk matched:  /Users/pranay/Projects/AIMLGlossary/AIGlossaryPro/node_modules/lodash/_baseToString.js?commonjs-proxy
Module ID:  /Users/pranay/Projects/AIMLGlossary/AIGlossaryPro/node_modules/lodash/eq.js?commonjs-proxy
✓ Vendor chunk matched:  /Users/pranay/Projects/AIMLGlossary/AIGlossaryPro/node_modules/lodash/eq.js?commonjs-proxy
Module ID:  /Users/pranay/Projects/AIMLGlossary/AIGlossaryPro/node_modules/lodash/isArrayLike.js?commonjs-proxy
✓ Vendor chunk matched:  /Users/pranay/Projects/AIMLGlossary/AIGlossaryPro/node_modules/lodash/isArrayLike.js?commonjs-proxy
Module ID:  /Users/pranay/Projects/AIMLGlossary/AIGlossaryPro/node_modules/lodash/_isIndex.js?commonjs-proxy
✓ Vendor chunk matched:  /Users/pranay/Projects/AIMLGlossary/AIGlossaryPro/node_modules/lodash/_isIndex.js?commonjs-proxy
Module ID: /Users/pranay/Projects/AIMLGlossary/AIGlossaryPro/node_modules/lodash/_nativeCreate.js
✓ Vendor chunk matched: /Users/pranay/Projects/AIMLGlossary/AIGlossaryPro/node_modules/lodash/_nativeCreate.js
Module ID: /Users/pranay/Projects/AIMLGlossary/AIGlossaryPro/node_modules/@babel/runtime/helpers/esm/arrayWithoutHoles.js
✓ Vendor chunk matched: /Users/pranay/Projects/AIMLGlossary/AIGlossaryPro/node_modules/@babel/runtime/helpers/esm/arrayWithoutHoles.js
Module ID: /Users/pranay/Projects/AIMLGlossary/AIGlossaryPro/node_modules/@babel/runtime/helpers/esm/iterableToArray.js
✓ Vendor chunk matched: /Users/pranay/Projects/AIMLGlossary/AIGlossaryPro/node_modules/@babel/runtime/helpers/esm/iterableToArray.js
Module ID: /Users/pranay/Projects/AIMLGlossary/AIGlossaryPro/node_modules/@babel/runtime/helpers/esm/unsupportedIterableToArray.js
✓ Vendor chunk matched: /Users/pranay/Projects/AIMLGlossary/AIGlossaryPro/node_modules/@babel/runtime/helpers/esm/unsupportedIterableToArray.js
Module ID: /Users/pranay/Projects/AIMLGlossary/AIGlossaryPro/node_modules/@babel/runtime/helpers/esm/nonIterableSpread.js
✓ Vendor chunk matched: /Users/pranay/Projects/AIMLGlossary/AIGlossaryPro/node_modules/@babel/runtime/helpers/esm/nonIterableSpread.js
Module ID:  /Users/pranay/Projects/AIMLGlossary/AIGlossaryPro/node_modules/refractor/lang/vbnet.js?commonjs-es-import
✓ Vendor chunk matched:  /Users/pranay/Projects/AIMLGlossary/AIGlossaryPro/node_modules/refractor/lang/vbnet.js?commonjs-es-import
Module ID:  /Users/pranay/Projects/AIMLGlossary/AIGlossaryPro/node_modules/refractor/lang/shell-session.js?commonjs-es-import
✓ Vendor chunk matched:  /Users/pranay/Projects/AIMLGlossary/AIGlossaryPro/node_modules/refractor/lang/shell-session.js?commonjs-es-import
Module ID:  /Users/pranay/Projects/AIMLGlossary/AIGlossaryPro/node_modules/refractor/lang/bison.js?commonjs-es-import
✓ Vendor chunk matched:  /Users/pranay/Projects/AIMLGlossary/AIGlossaryPro/node_modules/refractor/lang/bison.js?commonjs-es-import
Module ID:  /Users/pranay/Projects/AIMLGlossary/AIGlossaryPro/node_modules/refractor/lang/glsl.js?commonjs-es-import
✓ Vendor chunk matched:  /Users/pranay/Projects/AIMLGlossary/AIGlossaryPro/node_modules/refractor/lang/glsl.js?commonjs-es-import
Module ID:  /Users/pranay/Projects/AIMLGlossary/AIGlossaryPro/node_modules/refractor/lang/hlsl.js?commonjs-es-import
✓ Vendor chunk matched:  /Users/pranay/Projects/AIMLGlossary/AIGlossaryPro/node_modules/refractor/lang/hlsl.js?commonjs-es-import
Module ID:  /Users/pranay/Projects/AIMLGlossary/AIGlossaryPro/node_modules/refractor/lang/cpp.js?commonjs-es-import
✓ Vendor chunk matched:  /Users/pranay/Projects/AIMLGlossary/AIGlossaryPro/node_modules/refractor/lang/cpp.js?commonjs-es-import
Module ID:  /Users/pranay/Projects/AIMLGlossary/AIGlossaryPro/node_modules/refractor/lang/objectivec.js?commonjs-es-import
✓ Vendor chunk matched:  /Users/pranay/Projects/AIMLGlossary/AIGlossaryPro/node_modules/refractor/lang/objectivec.js?commonjs-es-import
Module ID:  /Users/pranay/Projects/AIMLGlossary/AIGlossaryPro/node_modules/refractor/lang/opencl.js?commonjs-es-import
✓ Vendor chunk matched:  /Users/pranay/Projects/AIMLGlossary/AIGlossaryPro/node_modules/refractor/lang/opencl.js?commonjs-es-import
Module ID:  /Users/pranay/Projects/AIMLGlossary/AIGlossaryPro/node_modules/refractor/lang/aspnet.js?commonjs-es-import
✓ Vendor chunk matched:  /Users/pranay/Projects/AIMLGlossary/AIGlossaryPro/node_modules/refractor/lang/aspnet.js?commonjs-es-import
Module ID:  /Users/pranay/Projects/AIMLGlossary/AIGlossaryPro/node_modules/refractor/lang/cshtml.js?commonjs-es-import
✓ Vendor chunk matched:  /Users/pranay/Projects/AIMLGlossary/AIGlossaryPro/node_modules/refractor/lang/cshtml.js?commonjs-es-import
Module ID:  /Users/pranay/Projects/AIMLGlossary/AIGlossaryPro/node_modules/refractor/lang/idris.js?commonjs-es-import
✓ Vendor chunk matched:  /Users/pranay/Projects/AIMLGlossary/AIGlossaryPro/node_modules/refractor/lang/idris.js?commonjs-es-import
Module ID:  /Users/pranay/Projects/AIMLGlossary/AIGlossaryPro/node_modules/refractor/lang/purescript.js?commonjs-es-import
✓ Vendor chunk matched:  /Users/pranay/Projects/AIMLGlossary/AIGlossaryPro/node_modules/refractor/lang/purescript.js?commonjs-es-import
Module ID:  /Users/pranay/Projects/AIMLGlossary/AIGlossaryPro/node_modules/refractor/lang/scala.js?commonjs-es-import
✓ Vendor chunk matched:  /Users/pranay/Projects/AIMLGlossary/AIGlossaryPro/node_modules/refractor/lang/scala.js?commonjs-es-import
Module ID:  /Users/pranay/Projects/AIMLGlossary/AIGlossaryPro/node_modules/refractor/lang/javadoc.js?commonjs-es-import
✓ Vendor chunk matched:  /Users/pranay/Projects/AIMLGlossary/AIGlossaryPro/node_modules/refractor/lang/javadoc.js?commonjs-es-import
Module ID:  /Users/pranay/Projects/AIMLGlossary/AIGlossaryPro/node_modules/refractor/lang/json5.js?commonjs-es-import
✓ Vendor chunk matched:  /Users/pranay/Projects/AIMLGlossary/AIGlossaryPro/node_modules/refractor/lang/json5.js?commonjs-es-import
Module ID:  /Users/pranay/Projects/AIMLGlossary/AIGlossaryPro/node_modules/refractor/lang/jsonp.js?commonjs-es-import
✓ Vendor chunk matched:  /Users/pranay/Projects/AIMLGlossary/AIGlossaryPro/node_modules/refractor/lang/jsonp.js?commonjs-es-import
Module ID:  /Users/pranay/Projects/AIMLGlossary/AIGlossaryPro/node_modules/refractor/lang/django.js?commonjs-es-import
✓ Vendor chunk matched:  /Users/pranay/Projects/AIMLGlossary/AIGlossaryPro/node_modules/refractor/lang/django.js?commonjs-es-import
Module ID:  /Users/pranay/Projects/AIMLGlossary/AIGlossaryPro/node_modules/refractor/lang/ejs.js?commonjs-es-import
✓ Vendor chunk matched:  /Users/pranay/Projects/AIMLGlossary/AIGlossaryPro/node_modules/refractor/lang/ejs.js?commonjs-es-import
Module ID:  /Users/pranay/Projects/AIMLGlossary/AIGlossaryPro/node_modules/refractor/lang/etlua.js?commonjs-es-import
✓ Vendor chunk matched:  /Users/pranay/Projects/AIMLGlossary/AIGlossaryPro/node_modules/refractor/lang/etlua.js?commonjs-es-import
Module ID:  /Users/pranay/Projects/AIMLGlossary/AIGlossaryPro/node_modules/refractor/lang/handlebars.js?commonjs-es-import
✓ Vendor chunk matched:  /Users/pranay/Projects/AIMLGlossary/AIGlossaryPro/node_modules/refractor/lang/handlebars.js?commonjs-es-import
Module ID:  /Users/pranay/Projects/AIMLGlossary/AIGlossaryPro/node_modules/refractor/lang/ftl.js?commonjs-es-import
✓ Vendor chunk matched:  /Users/pranay/Projects/AIMLGlossary/AIGlossaryPro/node_modules/refractor/lang/ftl.js?commonjs-es-import
Module ID:  /Users/pranay/Projects/AIMLGlossary/AIGlossaryPro/node_modules/refractor/lang/liquid.js?commonjs-es-import
✓ Vendor chunk matched:  /Users/pranay/Projects/AIMLGlossary/AIGlossaryPro/node_modules/refractor/lang/liquid.js?commonjs-es-import
Module ID:  /Users/pranay/Projects/AIMLGlossary/AIGlossaryPro/node_modules/refractor/lang/smarty.js?commonjs-es-import
✓ Vendor chunk matched:  /Users/pranay/Projects/AIMLGlossary/AIGlossaryPro/node_modules/refractor/lang/smarty.js?commonjs-es-import
Module ID:  /Users/pranay/Projects/AIMLGlossary/AIGlossaryPro/node_modules/refractor/lang/soy.js?commonjs-es-import
✓ Vendor chunk matched:  /Users/pranay/Projects/AIMLGlossary/AIGlossaryPro/node_modules/refractor/lang/soy.js?commonjs-es-import
Module ID:  /Users/pranay/Projects/AIMLGlossary/AIGlossaryPro/node_modules/refractor/lang/php.js?commonjs-es-import
✓ Vendor chunk matched:  /Users/pranay/Projects/AIMLGlossary/AIGlossaryPro/node_modules/refractor/lang/php.js?commonjs-es-import
Module ID:  /Users/pranay/Projects/AIMLGlossary/AIGlossaryPro/node_modules/refractor/lang/tt2.js?commonjs-es-import
✓ Vendor chunk matched:  /Users/pranay/Projects/AIMLGlossary/AIGlossaryPro/node_modules/refractor/lang/tt2.js?commonjs-es-import
Module ID:  /Users/pranay/Projects/AIMLGlossary/AIGlossaryPro/node_modules/refractor/lang/twig.js?commonjs-es-import
✓ Vendor chunk matched:  /Users/pranay/Projects/AIMLGlossary/AIGlossaryPro/node_modules/refractor/lang/twig.js?commonjs-es-import
Module ID:  /Users/pranay/Projects/AIMLGlossary/AIGlossaryPro/node_modules/refractor/lang/crystal.js?commonjs-es-import
✓ Vendor chunk matched:  /Users/pranay/Projects/AIMLGlossary/AIGlossaryPro/node_modules/refractor/lang/crystal.js?commonjs-es-import
Module ID:  /Users/pranay/Projects/AIMLGlossary/AIGlossaryPro/node_modules/refractor/lang/erb.js?commonjs-es-import
✓ Vendor chunk matched:  /Users/pranay/Projects/AIMLGlossary/AIGlossaryPro/node_modules/refractor/lang/erb.js?commonjs-es-import
Module ID:  /Users/pranay/Projects/AIMLGlossary/AIGlossaryPro/node_modules/refractor/lang/haml.js?commonjs-es-import
✓ Vendor chunk matched:  /Users/pranay/Projects/AIMLGlossary/AIGlossaryPro/node_modules/refractor/lang/haml.js?commonjs-es-import
Module ID:  /Users/pranay/Projects/AIMLGlossary/AIGlossaryPro/node_modules/refractor/lang/racket.js?commonjs-es-import
✓ Vendor chunk matched:  /Users/pranay/Projects/AIMLGlossary/AIGlossaryPro/node_modules/refractor/lang/racket.js?commonjs-es-import
Module ID:  /Users/pranay/Projects/AIMLGlossary/AIGlossaryPro/node_modules/refractor/lang/lilypond.js?commonjs-es-import
✓ Vendor chunk matched:  /Users/pranay/Projects/AIMLGlossary/AIGlossaryPro/node_modules/refractor/lang/lilypond.js?commonjs-es-import
Module ID:  /Users/pranay/Projects/AIMLGlossary/AIGlossaryPro/node_modules/refractor/lang/apex.js?commonjs-es-import
✓ Vendor chunk matched:  /Users/pranay/Projects/AIMLGlossary/AIGlossaryPro/node_modules/refractor/lang/apex.js?commonjs-es-import
Module ID:  /Users/pranay/Projects/AIMLGlossary/AIGlossaryPro/node_modules/refractor/lang/plsql.js?commonjs-es-import
✓ Vendor chunk matched:  /Users/pranay/Projects/AIMLGlossary/AIGlossaryPro/node_modules/refractor/lang/plsql.js?commonjs-es-import
Module ID:  /Users/pranay/Projects/AIMLGlossary/AIGlossaryPro/node_modules/refractor/lang/t4-cs.js?commonjs-es-import
✓ Vendor chunk matched:  /Users/pranay/Projects/AIMLGlossary/AIGlossaryPro/node_modules/refractor/lang/t4-cs.js?commonjs-es-import
Module ID:  /Users/pranay/Projects/AIMLGlossary/AIGlossaryPro/node_modules/refractor/lang/sparql.js?commonjs-es-import
✓ Vendor chunk matched:  /Users/pranay/Projects/AIMLGlossary/AIGlossaryPro/node_modules/refractor/lang/sparql.js?commonjs-es-import
Module ID:  /Users/pranay/Projects/AIMLGlossary/AIGlossaryPro/node_modules/refractor/lang/jsdoc.js?commonjs-es-import
✓ Vendor chunk matched:  /Users/pranay/Projects/AIMLGlossary/AIGlossaryPro/node_modules/refractor/lang/jsdoc.js?commonjs-es-import
Module ID:  /Users/pranay/Projects/AIMLGlossary/AIGlossaryPro/node_modules/refractor/lang/tsx.js?commonjs-es-import
✓ Vendor chunk matched:  /Users/pranay/Projects/AIMLGlossary/AIGlossaryPro/node_modules/refractor/lang/tsx.js?commonjs-es-import
Module ID:  /Users/pranay/Projects/AIMLGlossary/AIGlossaryPro/node_modules/refractor/lang/tap.js?commonjs-es-import
✓ Vendor chunk matched:  /Users/pranay/Projects/AIMLGlossary/AIGlossaryPro/node_modules/refractor/lang/tap.js?commonjs-es-import
Module ID: /Users/pranay/Projects/AIMLGlossary/AIGlossaryPro/node_modules/@babel/runtime/helpers/esm/toPrimitive.js
✓ Vendor chunk matched: /Users/pranay/Projects/AIMLGlossary/AIGlossaryPro/node_modules/@babel/runtime/helpers/esm/toPrimitive.js
Module ID:  /Users/pranay/Projects/AIMLGlossary/AIGlossaryPro/node_modules/lodash/_arrayMap.js?commonjs-proxy
✓ Vendor chunk matched:  /Users/pranay/Projects/AIMLGlossary/AIGlossaryPro/node_modules/lodash/_arrayMap.js?commonjs-proxy
Module ID:  /Users/pranay/Projects/AIMLGlossary/AIGlossaryPro/node_modules/lodash/isFunction.js?commonjs-proxy
✓ Vendor chunk matched:  /Users/pranay/Projects/AIMLGlossary/AIGlossaryPro/node_modules/lodash/isFunction.js?commonjs-proxy
Module ID:  /Users/pranay/Projects/AIMLGlossary/AIGlossaryPro/node_modules/lodash/isLength.js?commonjs-proxy
✓ Vendor chunk matched:  /Users/pranay/Projects/AIMLGlossary/AIGlossaryPro/node_modules/lodash/isLength.js?commonjs-proxy
Module ID:  /Users/pranay/Projects/AIMLGlossary/AIGlossaryPro/node_modules/refractor/lang/t4-vb.js?commonjs-es-import
✓ Vendor chunk matched:  /Users/pranay/Projects/AIMLGlossary/AIGlossaryPro/node_modules/refractor/lang/t4-vb.js?commonjs-es-import
Module ID:  /Users/pranay/Projects/AIMLGlossary/AIGlossaryPro/node_modules/refractor/lang/arduino.js?commonjs-es-import
✓ Vendor chunk matched:  /Users/pranay/Projects/AIMLGlossary/AIGlossaryPro/node_modules/refractor/lang/arduino.js?commonjs-es-import
Module ID:  /Users/pranay/Projects/AIMLGlossary/AIGlossaryPro/node_modules/refractor/lang/chaiscript.js?commonjs-es-import
✓ Vendor chunk matched:  /Users/pranay/Projects/AIMLGlossary/AIGlossaryPro/node_modules/refractor/lang/chaiscript.js?commonjs-es-import
Module ID:  /Users/pranay/Projects/AIMLGlossary/AIGlossaryPro/node_modules/refractor/lang/phpdoc.js?commonjs-es-import
✓ Vendor chunk matched:  /Users/pranay/Projects/AIMLGlossary/AIGlossaryPro/node_modules/refractor/lang/phpdoc.js?commonjs-es-import
Module ID:  /Users/pranay/Projects/AIMLGlossary/AIGlossaryPro/node_modules/refractor/lang/latte.js?commonjs-es-import
✓ Vendor chunk matched:  /Users/pranay/Projects/AIMLGlossary/AIGlossaryPro/node_modules/refractor/lang/latte.js?commonjs-es-import
Module ID:  /Users/pranay/Projects/AIMLGlossary/AIGlossaryPro/node_modules/refractor/lang/php-extras.js?commonjs-es-import
✓ Vendor chunk matched:  /Users/pranay/Projects/AIMLGlossary/AIGlossaryPro/node_modules/refractor/lang/php-extras.js?commonjs-es-import
Module ID: /Users/pranay/Projects/AIMLGlossary/AIGlossaryPro/node_modules/use-sidecar/dist/es2015/env.js
✓ Vendor chunk matched: /Users/pranay/Projects/AIMLGlossary/AIGlossaryPro/node_modules/use-sidecar/dist/es2015/env.js
Module ID: /Users/pranay/Projects/AIMLGlossary/AIGlossaryPro/node_modules/lodash-es/_coreJsData.js
✓ Vendor chunk matched: /Users/pranay/Projects/AIMLGlossary/AIGlossaryPro/node_modules/lodash-es/_coreJsData.js
Module ID: /Users/pranay/Projects/AIMLGlossary/AIGlossaryPro/node_modules/lodash-es/_assocIndexOf.js
✓ Vendor chunk matched: /Users/pranay/Projects/AIMLGlossary/AIGlossaryPro/node_modules/lodash-es/_assocIndexOf.js
Module ID: /Users/pranay/Projects/AIMLGlossary/AIGlossaryPro/node_modules/react-remove-scroll-bar/dist/es2015/component.js
✓ Vendor chunk matched: /Users/pranay/Projects/AIMLGlossary/AIGlossaryPro/node_modules/react-remove-scroll-bar/dist/es2015/component.js
Module ID: /Users/pranay/Projects/AIMLGlossary/AIGlossaryPro/node_modules/react-remove-scroll-bar/dist/es2015/utils.js
✓ Vendor chunk matched: /Users/pranay/Projects/AIMLGlossary/AIGlossaryPro/node_modules/react-remove-scroll-bar/dist/es2015/utils.js
Module ID: /Users/pranay/Projects/AIMLGlossary/AIGlossaryPro/node_modules/react-style-singleton/dist/es2015/component.js
✓ Vendor chunk matched: /Users/pranay/Projects/AIMLGlossary/AIGlossaryPro/node_modules/react-style-singleton/dist/es2015/component.js
Module ID: /Users/pranay/Projects/AIMLGlossary/AIGlossaryPro/node_modules/react-style-singleton/dist/es2015/singleton.js
✓ Vendor chunk matched: /Users/pranay/Projects/AIMLGlossary/AIGlossaryPro/node_modules/react-style-singleton/dist/es2015/singleton.js
Module ID: /Users/pranay/Projects/AIMLGlossary/AIGlossaryPro/node_modules/react-style-singleton/dist/es2015/hook.js
✓ Vendor chunk matched: /Users/pranay/Projects/AIMLGlossary/AIGlossaryPro/node_modules/react-style-singleton/dist/es2015/hook.js
Module ID: /Users/pranay/Projects/AIMLGlossary/AIGlossaryPro/node_modules/lodash-es/_baseToNumber.js
✓ Vendor chunk matched: /Users/pranay/Projects/AIMLGlossary/AIGlossaryPro/node_modules/lodash-es/_baseToNumber.js
Module ID: /Users/pranay/Projects/AIMLGlossary/AIGlossaryPro/node_modules/lodash-es/_baseSetData.js
✓ Vendor chunk matched: /Users/pranay/Projects/AIMLGlossary/AIGlossaryPro/node_modules/lodash-es/_baseSetData.js
Module ID: /Users/pranay/Projects/AIMLGlossary/AIGlossaryPro/node_modules/lodash-es/_createBind.js
✓ Vendor chunk matched: /Users/pranay/Projects/AIMLGlossary/AIGlossaryPro/node_modules/lodash-es/_createBind.js
Module ID: /Users/pranay/Projects/AIMLGlossary/AIGlossaryPro/node_modules/lodash-es/_createCurry.js
✓ Vendor chunk matched: /Users/pranay/Projects/AIMLGlossary/AIGlossaryPro/node_modules/lodash-es/_createCurry.js
Module ID: /Users/pranay/Projects/AIMLGlossary/AIGlossaryPro/node_modules/lodash-es/_createPartial.js
✓ Vendor chunk matched: /Users/pranay/Projects/AIMLGlossary/AIGlossaryPro/node_modules/lodash-es/_createPartial.js
Module ID: /Users/pranay/Projects/AIMLGlossary/AIGlossaryPro/node_modules/lodash-es/_getData.js
✓ Vendor chunk matched: /Users/pranay/Projects/AIMLGlossary/AIGlossaryPro/node_modules/lodash-es/_getData.js
Module ID: /Users/pranay/Projects/AIMLGlossary/AIGlossaryPro/node_modules/lodash-es/_mergeData.js
✓ Vendor chunk matched: /Users/pranay/Projects/AIMLGlossary/AIGlossaryPro/node_modules/lodash-es/_mergeData.js
Module ID: /Users/pranay/Projects/AIMLGlossary/AIGlossaryPro/node_modules/lodash-es/_setData.js
✓ Vendor chunk matched: /Users/pranay/Projects/AIMLGlossary/AIGlossaryPro/node_modules/lodash-es/_setData.js
Module ID: /Users/pranay/Projects/AIMLGlossary/AIGlossaryPro/node_modules/lodash-es/_setWrapToString.js
✓ Vendor chunk matched: /Users/pranay/Projects/AIMLGlossary/AIGlossaryPro/node_modules/lodash-es/_setWrapToString.js
Module ID: /Users/pranay/Projects/AIMLGlossary/AIGlossaryPro/node_modules/lodash-es/_isFlattenable.js
✓ Vendor chunk matched: /Users/pranay/Projects/AIMLGlossary/AIGlossaryPro/node_modules/lodash-es/_isFlattenable.js
Module ID: /Users/pranay/Projects/AIMLGlossary/AIGlossaryPro/node_modules/lodash-es/_SetCache.js
✓ Vendor chunk matched: /Users/pranay/Projects/AIMLGlossary/AIGlossaryPro/node_modules/lodash-es/_SetCache.js
Module ID: /Users/pranay/Projects/AIMLGlossary/AIGlossaryPro/node_modules/lodash-es/_arrayIncludes.js
✓ Vendor chunk matched: /Users/pranay/Projects/AIMLGlossary/AIGlossaryPro/node_modules/lodash-es/_arrayIncludes.js
Module ID: /Users/pranay/Projects/AIMLGlossary/AIGlossaryPro/node_modules/lodash-es/_arrayIncludesWith.js
✓ Vendor chunk matched: /Users/pranay/Projects/AIMLGlossary/AIGlossaryPro/node_modules/lodash-es/_arrayIncludesWith.js
Module ID: /Users/pranay/Projects/AIMLGlossary/AIGlossaryPro/node_modules/lodash-es/_cacheHas.js
✓ Vendor chunk matched: /Users/pranay/Projects/AIMLGlossary/AIGlossaryPro/node_modules/lodash-es/_cacheHas.js
Module ID: /Users/pranay/Projects/AIMLGlossary/AIGlossaryPro/node_modules/lodash-es/_arrayAggregator.js
✓ Vendor chunk matched: /Users/pranay/Projects/AIMLGlossary/AIGlossaryPro/node_modules/lodash-es/_arrayAggregator.js
Module ID: /Users/pranay/Projects/AIMLGlossary/AIGlossaryPro/node_modules/lodash-es/_baseAggregator.js
✓ Vendor chunk matched: /Users/pranay/Projects/AIMLGlossary/AIGlossaryPro/node_modules/lodash-es/_baseAggregator.js
Module ID: /Users/pranay/Projects/AIMLGlossary/AIGlossaryPro/node_modules/lodash-es/_basePropertyOf.js
✓ Vendor chunk matched: /Users/pranay/Projects/AIMLGlossary/AIGlossaryPro/node_modules/lodash-es/_basePropertyOf.js
Module ID: /Users/pranay/Projects/AIMLGlossary/AIGlossaryPro/node_modules/lodash-es/_getFuncName.js
✓ Vendor chunk matched: /Users/pranay/Projects/AIMLGlossary/AIGlossaryPro/node_modules/lodash-es/_getFuncName.js
Module ID: /Users/pranay/Projects/AIMLGlossary/AIGlossaryPro/node_modules/lodash-es/_isLaziable.js
✓ Vendor chunk matched: /Users/pranay/Projects/AIMLGlossary/AIGlossaryPro/node_modules/lodash-es/_isLaziable.js
Module ID: /Users/pranay/Projects/AIMLGlossary/AIGlossaryPro/node_modules/lodash-es/_createBaseEach.js
✓ Vendor chunk matched: /Users/pranay/Projects/AIMLGlossary/AIGlossaryPro/node_modules/lodash-es/_createBaseEach.js
Module ID: /Users/pranay/Projects/AIMLGlossary/AIGlossaryPro/node_modules/lodash-es/_strictIndexOf.js
✓ Vendor chunk matched: /Users/pranay/Projects/AIMLGlossary/AIGlossaryPro/node_modules/lodash-es/_strictIndexOf.js
Module ID: /Users/pranay/Projects/AIMLGlossary/AIGlossaryPro/node_modules/lodash-es/_baseInverter.js
✓ Vendor chunk matched: /Users/pranay/Projects/AIMLGlossary/AIGlossaryPro/node_modules/lodash-es/_baseInverter.js
Module ID: /Users/pranay/Projects/AIMLGlossary/AIGlossaryPro/node_modules/lodash-es/_parent.js
✓ Vendor chunk matched: /Users/pranay/Projects/AIMLGlossary/AIGlossaryPro/node_modules/lodash-es/_parent.js
Module ID: /Users/pranay/Projects/AIMLGlossary/AIGlossaryPro/node_modules/lodash-es/_baseIsEqualDeep.js
✓ Vendor chunk matched: /Users/pranay/Projects/AIMLGlossary/AIGlossaryPro/node_modules/lodash-es/_baseIsEqualDeep.js
Module ID: /Users/pranay/Projects/AIMLGlossary/AIGlossaryPro/node_modules/lodash-es/_isStrictComparable.js
✓ Vendor chunk matched: /Users/pranay/Projects/AIMLGlossary/AIGlossaryPro/node_modules/lodash-es/_isStrictComparable.js
Module ID: /Users/pranay/Projects/AIMLGlossary/AIGlossaryPro/node_modules/lodash-es/_matchesStrictComparable.js
✓ Vendor chunk matched: /Users/pranay/Projects/AIMLGlossary/AIGlossaryPro/node_modules/lodash-es/_matchesStrictComparable.js
Module ID: /Users/pranay/Projects/AIMLGlossary/AIGlossaryPro/node_modules/lodash-es/_baseSortBy.js
✓ Vendor chunk matched: /Users/pranay/Projects/AIMLGlossary/AIGlossaryPro/node_modules/lodash-es/_baseSortBy.js
Module ID: /Users/pranay/Projects/AIMLGlossary/AIGlossaryPro/node_modules/lodash-es/_compareMultiple.js
✓ Vendor chunk matched: /Users/pranay/Projects/AIMLGlossary/AIGlossaryPro/node_modules/lodash-es/_compareMultiple.js
Module ID: /Users/pranay/Projects/AIMLGlossary/AIGlossaryPro/node_modules/lodash-es/_asciiSize.js
✓ Vendor chunk matched: /Users/pranay/Projects/AIMLGlossary/AIGlossaryPro/node_modules/lodash-es/_asciiSize.js
Module ID: /Users/pranay/Projects/AIMLGlossary/AIGlossaryPro/node_modules/lodash-es/_unicodeSize.js
✓ Vendor chunk matched: /Users/pranay/Projects/AIMLGlossary/AIGlossaryPro/node_modules/lodash-es/_unicodeSize.js
Module ID: /Users/pranay/Projects/AIMLGlossary/AIGlossaryPro/node_modules/lodash-es/_baseIndexOfWith.js
✓ Vendor chunk matched: /Users/pranay/Projects/AIMLGlossary/AIGlossaryPro/node_modules/lodash-es/_baseIndexOfWith.js
Module ID: /Users/pranay/Projects/AIMLGlossary/AIGlossaryPro/node_modules/lodash-es/_baseRange.js
✓ Vendor chunk matched: /Users/pranay/Projects/AIMLGlossary/AIGlossaryPro/node_modules/lodash-es/_baseRange.js
Module ID: /Users/pranay/Projects/AIMLGlossary/AIGlossaryPro/node_modules/lodash-es/_shuffleSelf.js
✓ Vendor chunk matched: /Users/pranay/Projects/AIMLGlossary/AIGlossaryPro/node_modules/lodash-es/_shuffleSelf.js
Module ID: /Users/pranay/Projects/AIMLGlossary/AIGlossaryPro/node_modules/lodash-es/_asciiToArray.js
✓ Vendor chunk matched: /Users/pranay/Projects/AIMLGlossary/AIGlossaryPro/node_modules/lodash-es/_asciiToArray.js
Module ID: /Users/pranay/Projects/AIMLGlossary/AIGlossaryPro/node_modules/lodash-es/_unicodeToArray.js
✓ Vendor chunk matched: /Users/pranay/Projects/AIMLGlossary/AIGlossaryPro/node_modules/lodash-es/_unicodeToArray.js
Module ID: /Users/pranay/Projects/AIMLGlossary/AIGlossaryPro/node_modules/lodash-es/_baseToPairs.js
✓ Vendor chunk matched: /Users/pranay/Projects/AIMLGlossary/AIGlossaryPro/node_modules/lodash-es/_baseToPairs.js
Module ID: /Users/pranay/Projects/AIMLGlossary/AIGlossaryPro/node_modules/lodash-es/_setToPairs.js
✓ Vendor chunk matched: /Users/pranay/Projects/AIMLGlossary/AIGlossaryPro/node_modules/lodash-es/_setToPairs.js
Module ID: /Users/pranay/Projects/AIMLGlossary/AIGlossaryPro/node_modules/lodash-es/_memoizeCapped.js
✓ Vendor chunk matched: /Users/pranay/Projects/AIMLGlossary/AIGlossaryPro/node_modules/lodash-es/_memoizeCapped.js
Module ID: /Users/pranay/Projects/AIMLGlossary/AIGlossaryPro/node_modules/lodash-es/_createSet.js
✓ Vendor chunk matched: /Users/pranay/Projects/AIMLGlossary/AIGlossaryPro/node_modules/lodash-es/_createSet.js
Module ID: /Users/pranay/Projects/AIMLGlossary/AIGlossaryPro/node_modules/lodash-es/_nativeCreate.js
✓ Vendor chunk matched: /Users/pranay/Projects/AIMLGlossary/AIGlossaryPro/node_modules/lodash-es/_nativeCreate.js
Module ID: /Users/pranay/Projects/AIMLGlossary/AIGlossaryPro/node_modules/lodash-es/function.default.js
✓ Vendor chunk matched: /Users/pranay/Projects/AIMLGlossary/AIGlossaryPro/node_modules/lodash-es/function.default.js
Module ID: /Users/pranay/Projects/AIMLGlossary/AIGlossaryPro/node_modules/lodash-es/date.default.js
✓ Vendor chunk matched: /Users/pranay/Projects/AIMLGlossary/AIGlossaryPro/node_modules/lodash-es/date.default.js
Module ID: /Users/pranay/Projects/AIMLGlossary/AIGlossaryPro/node_modules/lodash-es/collection.default.js
✓ Vendor chunk matched: /Users/pranay/Projects/AIMLGlossary/AIGlossaryPro/node_modules/lodash-es/collection.default.js
Module ID: /Users/pranay/Projects/AIMLGlossary/AIGlossaryPro/node_modules/lodash-es/array.default.js
✓ Vendor chunk matched: /Users/pranay/Projects/AIMLGlossary/AIGlossaryPro/node_modules/lodash-es/array.default.js
Module ID: /Users/pranay/Projects/AIMLGlossary/AIGlossaryPro/node_modules/lodash-es/object.default.js
✓ Vendor chunk matched: /Users/pranay/Projects/AIMLGlossary/AIGlossaryPro/node_modules/lodash-es/object.default.js
Module ID: /Users/pranay/Projects/AIMLGlossary/AIGlossaryPro/node_modules/lodash-es/number.default.js
✓ Vendor chunk matched: /Users/pranay/Projects/AIMLGlossary/AIGlossaryPro/node_modules/lodash-es/number.default.js
Module ID: /Users/pranay/Projects/AIMLGlossary/AIGlossaryPro/node_modules/lodash-es/lang.default.js
✓ Vendor chunk matched: /Users/pranay/Projects/AIMLGlossary/AIGlossaryPro/node_modules/lodash-es/lang.default.js
Module ID: /Users/pranay/Projects/AIMLGlossary/AIGlossaryPro/node_modules/lodash-es/seq.default.js
✓ Vendor chunk matched: /Users/pranay/Projects/AIMLGlossary/AIGlossaryPro/node_modules/lodash-es/seq.default.js
Module ID: /Users/pranay/Projects/AIMLGlossary/AIGlossaryPro/node_modules/lodash-es/string.default.js
✓ Vendor chunk matched: /Users/pranay/Projects/AIMLGlossary/AIGlossaryPro/node_modules/lodash-es/string.default.js
Module ID: /Users/pranay/Projects/AIMLGlossary/AIGlossaryPro/node_modules/lodash-es/util.default.js
✓ Vendor chunk matched: /Users/pranay/Projects/AIMLGlossary/AIGlossaryPro/node_modules/lodash-es/util.default.js
Module ID: /Users/pranay/Projects/AIMLGlossary/AIGlossaryPro/node_modules/lodash-es/math.default.js
✓ Vendor chunk matched: /Users/pranay/Projects/AIMLGlossary/AIGlossaryPro/node_modules/lodash-es/math.default.js
Module ID: /Users/pranay/Projects/AIMLGlossary/AIGlossaryPro/node_modules/lodash-es/_composeArgs.js
✓ Vendor chunk matched: /Users/pranay/Projects/AIMLGlossary/AIGlossaryPro/node_modules/lodash-es/_composeArgs.js
Module ID: /Users/pranay/Projects/AIMLGlossary/AIGlossaryPro/node_modules/lodash-es/_composeArgsRight.js
✓ Vendor chunk matched: /Users/pranay/Projects/AIMLGlossary/AIGlossaryPro/node_modules/lodash-es/_composeArgsRight.js
Module ID: /Users/pranay/Projects/AIMLGlossary/AIGlossaryPro/node_modules/lodash-es/_countHolders.js
✓ Vendor chunk matched: /Users/pranay/Projects/AIMLGlossary/AIGlossaryPro/node_modules/lodash-es/_countHolders.js
Module ID: /Users/pranay/Projects/AIMLGlossary/AIGlossaryPro/node_modules/lodash-es/_createCtor.js
✓ Vendor chunk matched: /Users/pranay/Projects/AIMLGlossary/AIGlossaryPro/node_modules/lodash-es/_createCtor.js
Module ID: /Users/pranay/Projects/AIMLGlossary/AIGlossaryPro/node_modules/lodash-es/_createRecurry.js
✓ Vendor chunk matched: /Users/pranay/Projects/AIMLGlossary/AIGlossaryPro/node_modules/lodash-es/_createRecurry.js
Module ID: /Users/pranay/Projects/AIMLGlossary/AIGlossaryPro/node_modules/lodash-es/_reorder.js
✓ Vendor chunk matched: /Users/pranay/Projects/AIMLGlossary/AIGlossaryPro/node_modules/lodash-es/_reorder.js
Module ID: /Users/pranay/Projects/AIMLGlossary/AIGlossaryPro/node_modules/lodash-es/_getView.js
✓ Vendor chunk matched: /Users/pranay/Projects/AIMLGlossary/AIGlossaryPro/node_modules/lodash-es/_getView.js
Module ID: /Users/pranay/Projects/AIMLGlossary/AIGlossaryPro/node_modules/chevrotain/lib/src/api.js
✓ Vendor chunk matched: /Users/pranay/Projects/AIMLGlossary/AIGlossaryPro/node_modules/chevrotain/lib/src/api.js
Module ID: /Users/pranay/Projects/AIMLGlossary/AIGlossaryPro/node_modules/vscode-uri/lib/esm/index.mjs
✓ Vendor chunk matched: /Users/pranay/Projects/AIMLGlossary/AIGlossaryPro/node_modules/vscode-uri/lib/esm/index.mjs
Module ID: /Users/pranay/Projects/AIMLGlossary/AIGlossaryPro/node_modules/vscode-languageserver-textdocument/lib/esm/main.js
✓ Vendor chunk matched: /Users/pranay/Projects/AIMLGlossary/AIGlossaryPro/node_modules/vscode-languageserver-textdocument/lib/esm/main.js
Module ID: /Users/pranay/Projects/AIMLGlossary/AIGlossaryPro/node_modules/chevrotain-allstar/lib/index.js
✓ Vendor chunk matched: /Users/pranay/Projects/AIMLGlossary/AIGlossaryPro/node_modules/chevrotain-allstar/lib/index.js
Module ID: /Users/pranay/Projects/AIMLGlossary/AIGlossaryPro/node_modules/khroma/dist/channels/type.js
✓ Vendor chunk matched: /Users/pranay/Projects/AIMLGlossary/AIGlossaryPro/node_modules/khroma/dist/channels/type.js
Module ID: /Users/pranay/Projects/AIMLGlossary/AIGlossaryPro/node_modules/vscode-jsonrpc/lib/common/events.js
✓ Vendor chunk matched: /Users/pranay/Projects/AIMLGlossary/AIGlossaryPro/node_modules/vscode-jsonrpc/lib/common/events.js
Module ID: /Users/pranay/Projects/AIMLGlossary/AIGlossaryPro/node_modules/vscode-languageserver-types/lib/esm/main.js
✓ Vendor chunk matched: /Users/pranay/Projects/AIMLGlossary/AIGlossaryPro/node_modules/vscode-languageserver-types/lib/esm/main.js
Module ID: /Users/pranay/Projects/AIMLGlossary/AIGlossaryPro/node_modules/vscode-jsonrpc/lib/common/cancellation.js
✓ Vendor chunk matched: /Users/pranay/Projects/AIMLGlossary/AIGlossaryPro/node_modules/vscode-jsonrpc/lib/common/cancellation.js
Module ID: /Users/pranay/Projects/AIMLGlossary/AIGlossaryPro/node_modules/robust-predicates/esm/util.js
✓ Vendor chunk matched: /Users/pranay/Projects/AIMLGlossary/AIGlossaryPro/node_modules/robust-predicates/esm/util.js
Module ID: /Users/pranay/Projects/AIMLGlossary/AIGlossaryPro/node_modules/@chevrotain/regexp-to-ast/lib/src/api.js
✓ Vendor chunk matched: /Users/pranay/Projects/AIMLGlossary/AIGlossaryPro/node_modules/@chevrotain/regexp-to-ast/lib/src/api.js
Module ID: /Users/pranay/Projects/AIMLGlossary/AIGlossaryPro/node_modules/dagre-d3-es/src/graphlib/alg/dfs.js
✓ Vendor chunk matched: /Users/pranay/Projects/AIMLGlossary/AIGlossaryPro/node_modules/dagre-d3-es/src/graphlib/alg/dfs.js
Module ID: /Users/pranay/Projects/AIMLGlossary/AIGlossaryPro/node_modules/dagre-d3-es/src/graphlib/data/priority-queue.js
✓ Vendor chunk matched: /Users/pranay/Projects/AIMLGlossary/AIGlossaryPro/node_modules/dagre-d3-es/src/graphlib/data/priority-queue.js
Module ID: /Users/pranay/Projects/AIMLGlossary/AIGlossaryPro/node_modules/hastscript/node_modules/property-information/html.js
✓ Vendor chunk matched: /Users/pranay/Projects/AIMLGlossary/AIGlossaryPro/node_modules/hastscript/node_modules/property-information/html.js
Module ID: /Users/pranay/Projects/AIMLGlossary/AIGlossaryPro/node_modules/hastscript/factory.js
✓ Vendor chunk matched: /Users/pranay/Projects/AIMLGlossary/AIGlossaryPro/node_modules/hastscript/factory.js
Module ID: /Users/pranay/Projects/AIMLGlossary/AIGlossaryPro/node_modules/refractor/node_modules/is-alphabetical/index.js
✓ Vendor chunk matched: /Users/pranay/Projects/AIMLGlossary/AIGlossaryPro/node_modules/refractor/node_modules/is-alphabetical/index.js
Module ID: /Users/pranay/Projects/AIMLGlossary/AIGlossaryPro/node_modules/d3-sankey/node_modules/d3-path/src/path.js
✓ Vendor chunk matched: /Users/pranay/Projects/AIMLGlossary/AIGlossaryPro/node_modules/d3-sankey/node_modules/d3-path/src/path.js
Module ID: /Users/pranay/Projects/AIMLGlossary/AIGlossaryPro/node_modules/mdast-util-from-markdown/dev/index.js
✓ Vendor chunk matched: /Users/pranay/Projects/AIMLGlossary/AIGlossaryPro/node_modules/mdast-util-from-markdown/dev/index.js
Module ID: /Users/pranay/Projects/AIMLGlossary/AIGlossaryPro/node_modules/comma-separated-tokens/index.js
✓ Vendor chunk matched: /Users/pranay/Projects/AIMLGlossary/AIGlossaryPro/node_modules/comma-separated-tokens/index.js
Module ID: /Users/pranay/Projects/AIMLGlossary/AIGlossaryPro/node_modules/estree-util-is-identifier-name/index.js
✓ Vendor chunk matched: /Users/pranay/Projects/AIMLGlossary/AIGlossaryPro/node_modules/estree-util-is-identifier-name/index.js
Module ID: /Users/pranay/Projects/AIMLGlossary/AIGlossaryPro/node_modules/hast-util-whitespace/index.js
✓ Vendor chunk matched: /Users/pranay/Projects/AIMLGlossary/AIGlossaryPro/node_modules/hast-util-whitespace/index.js
Module ID: /Users/pranay/Projects/AIMLGlossary/AIGlossaryPro/node_modules/property-information/index.js
✓ Vendor chunk matched: /Users/pranay/Projects/AIMLGlossary/AIGlossaryPro/node_modules/property-information/index.js
Module ID: /Users/pranay/Projects/AIMLGlossary/AIGlossaryPro/node_modules/space-separated-tokens/index.js
✓ Vendor chunk matched: /Users/pranay/Projects/AIMLGlossary/AIGlossaryPro/node_modules/space-separated-tokens/index.js
Module ID: /Users/pranay/Projects/AIMLGlossary/AIGlossaryPro/node_modules/style-to-js/cjs/index.js
✓ Vendor chunk matched: /Users/pranay/Projects/AIMLGlossary/AIGlossaryPro/node_modules/style-to-js/cjs/index.js
Module ID: /Users/pranay/Projects/AIMLGlossary/AIGlossaryPro/node_modules/unist-util-position/index.js
✓ Vendor chunk matched: /Users/pranay/Projects/AIMLGlossary/AIGlossaryPro/node_modules/unist-util-position/index.js
Module ID: /Users/pranay/Projects/AIMLGlossary/AIGlossaryPro/node_modules/vfile-message/index.js
✓ Vendor chunk matched: /Users/pranay/Projects/AIMLGlossary/AIGlossaryPro/node_modules/vfile-message/index.js
Module ID: /Users/pranay/Projects/AIMLGlossary/AIGlossaryPro/node_modules/bail/index.js
✓ Vendor chunk matched: /Users/pranay/Projects/AIMLGlossary/AIGlossaryPro/node_modules/bail/index.js
Module ID: /Users/pranay/Projects/AIMLGlossary/AIGlossaryPro/node_modules/extend/index.js
✓ Vendor chunk matched: /Users/pranay/Projects/AIMLGlossary/AIGlossaryPro/node_modules/extend/index.js
Module ID: /Users/pranay/Projects/AIMLGlossary/AIGlossaryPro/node_modules/is-plain-obj/index.js
✓ Vendor chunk matched: /Users/pranay/Projects/AIMLGlossary/AIGlossaryPro/node_modules/is-plain-obj/index.js
Module ID: /Users/pranay/Projects/AIMLGlossary/AIGlossaryPro/node_modules/trough/index.js
✓ Vendor chunk matched: /Users/pranay/Projects/AIMLGlossary/AIGlossaryPro/node_modules/trough/index.js
Module ID: /Users/pranay/Projects/AIMLGlossary/AIGlossaryPro/node_modules/unified/lib/callable-instance.js
✓ Vendor chunk matched: /Users/pranay/Projects/AIMLGlossary/AIGlossaryPro/node_modules/unified/lib/callable-instance.js
Module ID: /Users/pranay/Projects/AIMLGlossary/AIGlossaryPro/node_modules/vfile/lib/minpath.browser.js
✓ Vendor chunk matched: /Users/pranay/Projects/AIMLGlossary/AIGlossaryPro/node_modules/vfile/lib/minpath.browser.js
Module ID: /Users/pranay/Projects/AIMLGlossary/AIGlossaryPro/node_modules/vfile/lib/minproc.browser.js
✓ Vendor chunk matched: /Users/pranay/Projects/AIMLGlossary/AIGlossaryPro/node_modules/vfile/lib/minproc.browser.js
Module ID: /Users/pranay/Projects/AIMLGlossary/AIGlossaryPro/node_modules/vfile/lib/minurl.browser.js
✓ Vendor chunk matched: /Users/pranay/Projects/AIMLGlossary/AIGlossaryPro/node_modules/vfile/lib/minurl.browser.js
Module ID: /Users/pranay/Projects/AIMLGlossary/AIGlossaryPro/node_modules/mdast-util-to-hast/lib/handlers/index.js
✓ Vendor chunk matched: /Users/pranay/Projects/AIMLGlossary/AIGlossaryPro/node_modules/mdast-util-to-hast/lib/handlers/index.js
Module ID: /Users/pranay/Projects/AIMLGlossary/AIGlossaryPro/node_modules/mdast-util-to-hast/lib/index.js
✓ Vendor chunk matched: /Users/pranay/Projects/AIMLGlossary/AIGlossaryPro/node_modules/mdast-util-to-hast/lib/index.js
Module ID: /Users/pranay/Projects/AIMLGlossary/AIGlossaryPro/node_modules/mdast-util-to-hast/lib/footer.js
✓ Vendor chunk matched: /Users/pranay/Projects/AIMLGlossary/AIGlossaryPro/node_modules/mdast-util-to-hast/lib/footer.js
Module ID: /Users/pranay/Projects/AIMLGlossary/AIGlossaryPro/node_modules/unist-util-visit-parents/index.js
✓ Vendor chunk matched: /Users/pranay/Projects/AIMLGlossary/AIGlossaryPro/node_modules/unist-util-visit-parents/index.js
Module ID: /Users/pranay/Projects/AIMLGlossary/AIGlossaryPro/node_modules/@babel/runtime/helpers/esm/arrayLikeToArray.js
✓ Vendor chunk matched: /Users/pranay/Projects/AIMLGlossary/AIGlossaryPro/node_modules/@babel/runtime/helpers/esm/arrayLikeToArray.js
Module ID:  /Users/pranay/Projects/AIMLGlossary/AIGlossaryPro/node_modules/lowlight/lib/core.js?commonjs-exports
✓ Vendor chunk matched:  /Users/pranay/Projects/AIMLGlossary/AIGlossaryPro/node_modules/lowlight/lib/core.js?commonjs-exports
Module ID:  /Users/pranay/Projects/AIMLGlossary/AIGlossaryPro/node_modules/highlight.js/lib/core.js?commonjs-proxy
✓ Vendor chunk matched:  /Users/pranay/Projects/AIMLGlossary/AIGlossaryPro/node_modules/highlight.js/lib/core.js?commonjs-proxy
Module ID:  /Users/pranay/Projects/AIMLGlossary/AIGlossaryPro/node_modules/fault/index.js?commonjs-proxy
✓ Vendor chunk matched:  /Users/pranay/Projects/AIMLGlossary/AIGlossaryPro/node_modules/fault/index.js?commonjs-proxy
Module ID: /Users/pranay/Projects/AIMLGlossary/AIGlossaryPro/node_modules/vscode-jsonrpc/lib/common/ral.js
✓ Vendor chunk matched: /Users/pranay/Projects/AIMLGlossary/AIGlossaryPro/node_modules/vscode-jsonrpc/lib/common/ral.js
Module ID: /Users/pranay/Projects/AIMLGlossary/AIGlossaryPro/node_modules/vscode-jsonrpc/lib/common/is.js
✓ Vendor chunk matched: /Users/pranay/Projects/AIMLGlossary/AIGlossaryPro/node_modules/vscode-jsonrpc/lib/common/is.js
Module ID:  /Users/pranay/Projects/AIMLGlossary/AIGlossaryPro/node_modules/format/format.js?commonjs-proxy
✓ Vendor chunk matched:  /Users/pranay/Projects/AIMLGlossary/AIGlossaryPro/node_modules/format/format.js?commonjs-proxy
Module ID: /Users/pranay/Projects/AIMLGlossary/AIGlossaryPro/node_modules/hastscript/node_modules/property-information/lib/util/merge.js
✓ Vendor chunk matched: /Users/pranay/Projects/AIMLGlossary/AIGlossaryPro/node_modules/hastscript/node_modules/property-information/lib/util/merge.js
Module ID: /Users/pranay/Projects/AIMLGlossary/AIGlossaryPro/node_modules/hastscript/node_modules/property-information/lib/xlink.js
✓ Vendor chunk matched: /Users/pranay/Projects/AIMLGlossary/AIGlossaryPro/node_modules/hastscript/node_modules/property-information/lib/xlink.js
Module ID: /Users/pranay/Projects/AIMLGlossary/AIGlossaryPro/node_modules/hastscript/node_modules/property-information/lib/xml.js
✓ Vendor chunk matched: /Users/pranay/Projects/AIMLGlossary/AIGlossaryPro/node_modules/hastscript/node_modules/property-information/lib/xml.js
Module ID: /Users/pranay/Projects/AIMLGlossary/AIGlossaryPro/node_modules/hastscript/node_modules/property-information/lib/xmlns.js
✓ Vendor chunk matched: /Users/pranay/Projects/AIMLGlossary/AIGlossaryPro/node_modules/hastscript/node_modules/property-information/lib/xmlns.js
Module ID: /Users/pranay/Projects/AIMLGlossary/AIGlossaryPro/node_modules/hastscript/node_modules/property-information/lib/aria.js
✓ Vendor chunk matched: /Users/pranay/Projects/AIMLGlossary/AIGlossaryPro/node_modules/hastscript/node_modules/property-information/lib/aria.js
Module ID: /Users/pranay/Projects/AIMLGlossary/AIGlossaryPro/node_modules/hastscript/node_modules/property-information/lib/html.js
✓ Vendor chunk matched: /Users/pranay/Projects/AIMLGlossary/AIGlossaryPro/node_modules/hastscript/node_modules/property-information/lib/html.js
Module ID: /Users/pranay/Projects/AIMLGlossary/AIGlossaryPro/node_modules/hastscript/node_modules/property-information/find.js
✓ Vendor chunk matched: /Users/pranay/Projects/AIMLGlossary/AIGlossaryPro/node_modules/hastscript/node_modules/property-information/find.js
Module ID: /Users/pranay/Projects/AIMLGlossary/AIGlossaryPro/node_modules/hastscript/node_modules/property-information/normalize.js
✓ Vendor chunk matched: /Users/pranay/Projects/AIMLGlossary/AIGlossaryPro/node_modules/hastscript/node_modules/property-information/normalize.js
Module ID: /Users/pranay/Projects/AIMLGlossary/AIGlossaryPro/node_modules/hast-util-parse-selector/index.js
✓ Vendor chunk matched: /Users/pranay/Projects/AIMLGlossary/AIGlossaryPro/node_modules/hast-util-parse-selector/index.js
Module ID: /Users/pranay/Projects/AIMLGlossary/AIGlossaryPro/node_modules/hastscript/node_modules/space-separated-tokens/index.js
✓ Vendor chunk matched: /Users/pranay/Projects/AIMLGlossary/AIGlossaryPro/node_modules/hastscript/node_modules/space-separated-tokens/index.js
Module ID: /Users/pranay/Projects/AIMLGlossary/AIGlossaryPro/node_modules/hastscript/node_modules/comma-separated-tokens/index.js
✓ Vendor chunk matched: /Users/pranay/Projects/AIMLGlossary/AIGlossaryPro/node_modules/hastscript/node_modules/comma-separated-tokens/index.js
Module ID: /Users/pranay/Projects/AIMLGlossary/AIGlossaryPro/node_modules/style-to-object/cjs/index.js
✓ Vendor chunk matched: /Users/pranay/Projects/AIMLGlossary/AIGlossaryPro/node_modules/style-to-object/cjs/index.js
Module ID: /Users/pranay/Projects/AIMLGlossary/AIGlossaryPro/node_modules/style-to-js/cjs/utilities.js
✓ Vendor chunk matched: /Users/pranay/Projects/AIMLGlossary/AIGlossaryPro/node_modules/style-to-js/cjs/utilities.js
Module ID:  /Users/pranay/Projects/AIMLGlossary/AIGlossaryPro/node_modules/lowlight/lib/core.js?commonjs-proxy
✓ Vendor chunk matched:  /Users/pranay/Projects/AIMLGlossary/AIGlossaryPro/node_modules/lowlight/lib/core.js?commonjs-proxy
Module ID: /Users/pranay/Projects/AIMLGlossary/AIGlossaryPro/node_modules/detect-node-es/esm/browser.js
✓ Vendor chunk matched: /Users/pranay/Projects/AIMLGlossary/AIGlossaryPro/node_modules/detect-node-es/esm/browser.js
Module ID: /Users/pranay/Projects/AIMLGlossary/AIGlossaryPro/node_modules/get-nonce/dist/es2015/index.js
✓ Vendor chunk matched: /Users/pranay/Projects/AIMLGlossary/AIGlossaryPro/node_modules/get-nonce/dist/es2015/index.js
Module ID: /Users/pranay/Projects/AIMLGlossary/AIGlossaryPro/node_modules/lodash-es/_metaMap.js
✓ Vendor chunk matched: /Users/pranay/Projects/AIMLGlossary/AIGlossaryPro/node_modules/lodash-es/_metaMap.js
Module ID: /Users/pranay/Projects/AIMLGlossary/AIGlossaryPro/node_modules/lodash-es/_getWrapDetails.js
✓ Vendor chunk matched: /Users/pranay/Projects/AIMLGlossary/AIGlossaryPro/node_modules/lodash-es/_getWrapDetails.js
Module ID: /Users/pranay/Projects/AIMLGlossary/AIGlossaryPro/node_modules/lodash-es/_insertWrapDetails.js
✓ Vendor chunk matched: /Users/pranay/Projects/AIMLGlossary/AIGlossaryPro/node_modules/lodash-es/_insertWrapDetails.js
Module ID: /Users/pranay/Projects/AIMLGlossary/AIGlossaryPro/node_modules/lodash-es/_updateWrapDetails.js
✓ Vendor chunk matched: /Users/pranay/Projects/AIMLGlossary/AIGlossaryPro/node_modules/lodash-es/_updateWrapDetails.js
Module ID: /Users/pranay/Projects/AIMLGlossary/AIGlossaryPro/node_modules/lodash-es/_setCacheAdd.js
✓ Vendor chunk matched: /Users/pranay/Projects/AIMLGlossary/AIGlossaryPro/node_modules/lodash-es/_setCacheAdd.js
Module ID: /Users/pranay/Projects/AIMLGlossary/AIGlossaryPro/node_modules/lodash-es/_setCacheHas.js
✓ Vendor chunk matched: /Users/pranay/Projects/AIMLGlossary/AIGlossaryPro/node_modules/lodash-es/_setCacheHas.js
Module ID: /Users/pranay/Projects/AIMLGlossary/AIGlossaryPro/node_modules/lodash-es/_equalArrays.js
✓ Vendor chunk matched: /Users/pranay/Projects/AIMLGlossary/AIGlossaryPro/node_modules/lodash-es/_equalArrays.js
Module ID: /Users/pranay/Projects/AIMLGlossary/AIGlossaryPro/node_modules/lodash-es/_equalByTag.js
✓ Vendor chunk matched: /Users/pranay/Projects/AIMLGlossary/AIGlossaryPro/node_modules/lodash-es/_equalByTag.js
Module ID: /Users/pranay/Projects/AIMLGlossary/AIGlossaryPro/node_modules/lodash-es/_equalObjects.js
✓ Vendor chunk matched: /Users/pranay/Projects/AIMLGlossary/AIGlossaryPro/node_modules/lodash-es/_equalObjects.js
Module ID: /Users/pranay/Projects/AIMLGlossary/AIGlossaryPro/node_modules/chevrotain/lib/src/version.js
✓ Vendor chunk matched: /Users/pranay/Projects/AIMLGlossary/AIGlossaryPro/node_modules/chevrotain/lib/src/version.js
Module ID: /Users/pranay/Projects/AIMLGlossary/AIGlossaryPro/node_modules/chevrotain/lib/src/parse/parser/parser.js
✓ Vendor chunk matched: /Users/pranay/Projects/AIMLGlossary/AIGlossaryPro/node_modules/chevrotain/lib/src/parse/parser/parser.js
Module ID: /Users/pranay/Projects/AIMLGlossary/AIGlossaryPro/node_modules/chevrotain/lib/src/scan/lexer_public.js
✓ Vendor chunk matched: /Users/pranay/Projects/AIMLGlossary/AIGlossaryPro/node_modules/chevrotain/lib/src/scan/lexer_public.js
Module ID: /Users/pranay/Projects/AIMLGlossary/AIGlossaryPro/node_modules/chevrotain/lib/src/scan/tokens_public.js
✓ Vendor chunk matched: /Users/pranay/Projects/AIMLGlossary/AIGlossaryPro/node_modules/chevrotain/lib/src/scan/tokens_public.js
Module ID: /Users/pranay/Projects/AIMLGlossary/AIGlossaryPro/node_modules/chevrotain/lib/src/parse/grammar/lookahead.js
✓ Vendor chunk matched: /Users/pranay/Projects/AIMLGlossary/AIGlossaryPro/node_modules/chevrotain/lib/src/parse/grammar/lookahead.js
Module ID: /Users/pranay/Projects/AIMLGlossary/AIGlossaryPro/node_modules/chevrotain/lib/src/parse/grammar/llk_lookahead.js
✓ Vendor chunk matched: /Users/pranay/Projects/AIMLGlossary/AIGlossaryPro/node_modules/chevrotain/lib/src/parse/grammar/llk_lookahead.js
Module ID: /Users/pranay/Projects/AIMLGlossary/AIGlossaryPro/node_modules/chevrotain/lib/src/parse/errors_public.js
✓ Vendor chunk matched: /Users/pranay/Projects/AIMLGlossary/AIGlossaryPro/node_modules/chevrotain/lib/src/parse/errors_public.js
Module ID: /Users/pranay/Projects/AIMLGlossary/AIGlossaryPro/node_modules/chevrotain/lib/src/parse/exceptions_public.js
✓ Vendor chunk matched: /Users/pranay/Projects/AIMLGlossary/AIGlossaryPro/node_modules/chevrotain/lib/src/parse/exceptions_public.js
Module ID: /Users/pranay/Projects/AIMLGlossary/AIGlossaryPro/node_modules/chevrotain/lib/src/scan/lexer_errors_public.js
✓ Vendor chunk matched: /Users/pranay/Projects/AIMLGlossary/AIGlossaryPro/node_modules/chevrotain/lib/src/scan/lexer_errors_public.js
Module ID: /Users/pranay/Projects/AIMLGlossary/AIGlossaryPro/node_modules/@chevrotain/gast/lib/src/api.js
✓ Vendor chunk matched: /Users/pranay/Projects/AIMLGlossary/AIGlossaryPro/node_modules/@chevrotain/gast/lib/src/api.js
Module ID: /Users/pranay/Projects/AIMLGlossary/AIGlossaryPro/node_modules/@chevrotain/cst-dts-gen/lib/src/api.js
✓ Vendor chunk matched: /Users/pranay/Projects/AIMLGlossary/AIGlossaryPro/node_modules/@chevrotain/cst-dts-gen/lib/src/api.js
Module ID: /Users/pranay/Projects/AIMLGlossary/AIGlossaryPro/node_modules/chevrotain/lib/src/diagrams/render_public.js
✓ Vendor chunk matched: /Users/pranay/Projects/AIMLGlossary/AIGlossaryPro/node_modules/chevrotain/lib/src/diagrams/render_public.js
Module ID: /Users/pranay/Projects/AIMLGlossary/AIGlossaryPro/node_modules/chevrotain-allstar/lib/all-star-lookahead.js
✓ Vendor chunk matched: /Users/pranay/Projects/AIMLGlossary/AIGlossaryPro/node_modules/chevrotain-allstar/lib/all-star-lookahead.js
Module ID: /Users/pranay/Projects/AIMLGlossary/AIGlossaryPro/node_modules/@chevrotain/regexp-to-ast/lib/src/regexp-parser.js
✓ Vendor chunk matched: /Users/pranay/Projects/AIMLGlossary/AIGlossaryPro/node_modules/@chevrotain/regexp-to-ast/lib/src/regexp-parser.js
Module ID: /Users/pranay/Projects/AIMLGlossary/AIGlossaryPro/node_modules/@chevrotain/regexp-to-ast/lib/src/base-regexp-visitor.js
✓ Vendor chunk matched: /Users/pranay/Projects/AIMLGlossary/AIGlossaryPro/node_modules/@chevrotain/regexp-to-ast/lib/src/base-regexp-visitor.js
Module ID:  /Users/pranay/Projects/AIMLGlossary/AIGlossaryPro/node_modules/format/format.js?commonjs-module
✓ Vendor chunk matched:  /Users/pranay/Projects/AIMLGlossary/AIGlossaryPro/node_modules/format/format.js?commonjs-module
Module ID: /Users/pranay/Projects/AIMLGlossary/AIGlossaryPro/node_modules/mdast-util-from-markdown/dev/lib/index.js
✓ Vendor chunk matched: /Users/pranay/Projects/AIMLGlossary/AIGlossaryPro/node_modules/mdast-util-from-markdown/dev/lib/index.js
Module ID: /Users/pranay/Projects/AIMLGlossary/AIGlossaryPro/node_modules/property-information/lib/util/merge.js
✓ Vendor chunk matched: /Users/pranay/Projects/AIMLGlossary/AIGlossaryPro/node_modules/property-information/lib/util/merge.js
Module ID: /Users/pranay/Projects/AIMLGlossary/AIGlossaryPro/node_modules/property-information/lib/aria.js
✓ Vendor chunk matched: /Users/pranay/Projects/AIMLGlossary/AIGlossaryPro/node_modules/property-information/lib/aria.js
Module ID: /Users/pranay/Projects/AIMLGlossary/AIGlossaryPro/node_modules/property-information/lib/html.js
✓ Vendor chunk matched: /Users/pranay/Projects/AIMLGlossary/AIGlossaryPro/node_modules/property-information/lib/html.js
Module ID: /Users/pranay/Projects/AIMLGlossary/AIGlossaryPro/node_modules/property-information/lib/svg.js
✓ Vendor chunk matched: /Users/pranay/Projects/AIMLGlossary/AIGlossaryPro/node_modules/property-information/lib/svg.js
Module ID: /Users/pranay/Projects/AIMLGlossary/AIGlossaryPro/node_modules/property-information/lib/xlink.js
✓ Vendor chunk matched: /Users/pranay/Projects/AIMLGlossary/AIGlossaryPro/node_modules/property-information/lib/xlink.js
Module ID: /Users/pranay/Projects/AIMLGlossary/AIGlossaryPro/node_modules/property-information/lib/xmlns.js
✓ Vendor chunk matched: /Users/pranay/Projects/AIMLGlossary/AIGlossaryPro/node_modules/property-information/lib/xmlns.js
Module ID: /Users/pranay/Projects/AIMLGlossary/AIGlossaryPro/node_modules/property-information/lib/xml.js
✓ Vendor chunk matched: /Users/pranay/Projects/AIMLGlossary/AIGlossaryPro/node_modules/property-information/lib/xml.js
Module ID: /Users/pranay/Projects/AIMLGlossary/AIGlossaryPro/node_modules/property-information/lib/hast-to-react.js
✓ Vendor chunk matched: /Users/pranay/Projects/AIMLGlossary/AIGlossaryPro/node_modules/property-information/lib/hast-to-react.js
Module ID: /Users/pranay/Projects/AIMLGlossary/AIGlossaryPro/node_modules/property-information/lib/find.js
✓ Vendor chunk matched: /Users/pranay/Projects/AIMLGlossary/AIGlossaryPro/node_modules/property-information/lib/find.js
Module ID: /Users/pranay/Projects/AIMLGlossary/AIGlossaryPro/node_modules/property-information/lib/normalize.js
✓ Vendor chunk matched: /Users/pranay/Projects/AIMLGlossary/AIGlossaryPro/node_modules/property-information/lib/normalize.js
Module ID: /Users/pranay/Projects/AIMLGlossary/AIGlossaryPro/node_modules/estree-util-is-identifier-name/lib/index.js
✓ Vendor chunk matched: /Users/pranay/Projects/AIMLGlossary/AIGlossaryPro/node_modules/estree-util-is-identifier-name/lib/index.js
Module ID: /Users/pranay/Projects/AIMLGlossary/AIGlossaryPro/node_modules/hast-util-whitespace/lib/index.js
✓ Vendor chunk matched: /Users/pranay/Projects/AIMLGlossary/AIGlossaryPro/node_modules/hast-util-whitespace/lib/index.js
Module ID: /Users/pranay/Projects/AIMLGlossary/AIGlossaryPro/node_modules/vfile-message/lib/index.js
✓ Vendor chunk matched: /Users/pranay/Projects/AIMLGlossary/AIGlossaryPro/node_modules/vfile-message/lib/index.js
Module ID: /Users/pranay/Projects/AIMLGlossary/AIGlossaryPro/node_modules/unist-util-position/lib/index.js
✓ Vendor chunk matched: /Users/pranay/Projects/AIMLGlossary/AIGlossaryPro/node_modules/unist-util-position/lib/index.js
Module ID: /Users/pranay/Projects/AIMLGlossary/AIGlossaryPro/node_modules/trough/lib/index.js
✓ Vendor chunk matched: /Users/pranay/Projects/AIMLGlossary/AIGlossaryPro/node_modules/trough/lib/index.js
Module ID: /Users/pranay/Projects/AIMLGlossary/AIGlossaryPro/node_modules/vfile/lib/minurl.shared.js
✓ Vendor chunk matched: /Users/pranay/Projects/AIMLGlossary/AIGlossaryPro/node_modules/vfile/lib/minurl.shared.js
Module ID: /Users/pranay/Projects/AIMLGlossary/AIGlossaryPro/node_modules/@ungap/structured-clone/esm/index.js
✓ Vendor chunk matched: /Users/pranay/Projects/AIMLGlossary/AIGlossaryPro/node_modules/@ungap/structured-clone/esm/index.js
Module ID: /Users/pranay/Projects/AIMLGlossary/AIGlossaryPro/node_modules/micromark-util-sanitize-uri/dev/index.js
✓ Vendor chunk matched: /Users/pranay/Projects/AIMLGlossary/AIGlossaryPro/node_modules/micromark-util-sanitize-uri/dev/index.js
Module ID: /Users/pranay/Projects/AIMLGlossary/AIGlossaryPro/node_modules/mdast-util-to-hast/lib/state.js
✓ Vendor chunk matched: /Users/pranay/Projects/AIMLGlossary/AIGlossaryPro/node_modules/mdast-util-to-hast/lib/state.js
Module ID: /Users/pranay/Projects/AIMLGlossary/AIGlossaryPro/node_modules/unist-util-visit-parents/lib/index.js
✓ Vendor chunk matched: /Users/pranay/Projects/AIMLGlossary/AIGlossaryPro/node_modules/unist-util-visit-parents/lib/index.js
Module ID: /Users/pranay/Projects/AIMLGlossary/AIGlossaryPro/node_modules/mdast-util-to-hast/lib/handlers/blockquote.js
✓ Vendor chunk matched: /Users/pranay/Projects/AIMLGlossary/AIGlossaryPro/node_modules/mdast-util-to-hast/lib/handlers/blockquote.js
Module ID: /Users/pranay/Projects/AIMLGlossary/AIGlossaryPro/node_modules/mdast-util-to-hast/lib/handlers/break.js
✓ Vendor chunk matched: /Users/pranay/Projects/AIMLGlossary/AIGlossaryPro/node_modules/mdast-util-to-hast/lib/handlers/break.js
Module ID: /Users/pranay/Projects/AIMLGlossary/AIGlossaryPro/node_modules/mdast-util-to-hast/lib/handlers/code.js
✓ Vendor chunk matched: /Users/pranay/Projects/AIMLGlossary/AIGlossaryPro/node_modules/mdast-util-to-hast/lib/handlers/code.js
Module ID: /Users/pranay/Projects/AIMLGlossary/AIGlossaryPro/node_modules/mdast-util-to-hast/lib/handlers/delete.js
✓ Vendor chunk matched: /Users/pranay/Projects/AIMLGlossary/AIGlossaryPro/node_modules/mdast-util-to-hast/lib/handlers/delete.js
Module ID: /Users/pranay/Projects/AIMLGlossary/AIGlossaryPro/node_modules/mdast-util-to-hast/lib/handlers/emphasis.js
✓ Vendor chunk matched: /Users/pranay/Projects/AIMLGlossary/AIGlossaryPro/node_modules/mdast-util-to-hast/lib/handlers/emphasis.js
Module ID: /Users/pranay/Projects/AIMLGlossary/AIGlossaryPro/node_modules/mdast-util-to-hast/lib/handlers/footnote-reference.js
✓ Vendor chunk matched: /Users/pranay/Projects/AIMLGlossary/AIGlossaryPro/node_modules/mdast-util-to-hast/lib/handlers/footnote-reference.js
Module ID: /Users/pranay/Projects/AIMLGlossary/AIGlossaryPro/node_modules/mdast-util-to-hast/lib/handlers/heading.js
✓ Vendor chunk matched: /Users/pranay/Projects/AIMLGlossary/AIGlossaryPro/node_modules/mdast-util-to-hast/lib/handlers/heading.js
Module ID: /Users/pranay/Projects/AIMLGlossary/AIGlossaryPro/node_modules/mdast-util-to-hast/lib/handlers/html.js
✓ Vendor chunk matched: /Users/pranay/Projects/AIMLGlossary/AIGlossaryPro/node_modules/mdast-util-to-hast/lib/handlers/html.js
Module ID: /Users/pranay/Projects/AIMLGlossary/AIGlossaryPro/node_modules/mdast-util-to-hast/lib/handlers/image-reference.js
✓ Vendor chunk matched: /Users/pranay/Projects/AIMLGlossary/AIGlossaryPro/node_modules/mdast-util-to-hast/lib/handlers/image-reference.js
Module ID: /Users/pranay/Projects/AIMLGlossary/AIGlossaryPro/node_modules/mdast-util-to-hast/lib/handlers/image.js
✓ Vendor chunk matched: /Users/pranay/Projects/AIMLGlossary/AIGlossaryPro/node_modules/mdast-util-to-hast/lib/handlers/image.js
Module ID: /Users/pranay/Projects/AIMLGlossary/AIGlossaryPro/node_modules/mdast-util-to-hast/lib/handlers/inline-code.js
✓ Vendor chunk matched: /Users/pranay/Projects/AIMLGlossary/AIGlossaryPro/node_modules/mdast-util-to-hast/lib/handlers/inline-code.js
Module ID: /Users/pranay/Projects/AIMLGlossary/AIGlossaryPro/node_modules/mdast-util-to-hast/lib/handlers/link-reference.js
✓ Vendor chunk matched: /Users/pranay/Projects/AIMLGlossary/AIGlossaryPro/node_modules/mdast-util-to-hast/lib/handlers/link-reference.js
Module ID: /Users/pranay/Projects/AIMLGlossary/AIGlossaryPro/node_modules/mdast-util-to-hast/lib/handlers/link.js
✓ Vendor chunk matched: /Users/pranay/Projects/AIMLGlossary/AIGlossaryPro/node_modules/mdast-util-to-hast/lib/handlers/link.js
Module ID: /Users/pranay/Projects/AIMLGlossary/AIGlossaryPro/node_modules/mdast-util-to-hast/lib/handlers/list-item.js
✓ Vendor chunk matched: /Users/pranay/Projects/AIMLGlossary/AIGlossaryPro/node_modules/mdast-util-to-hast/lib/handlers/list-item.js
Module ID: /Users/pranay/Projects/AIMLGlossary/AIGlossaryPro/node_modules/mdast-util-to-hast/lib/handlers/list.js
✓ Vendor chunk matched: /Users/pranay/Projects/AIMLGlossary/AIGlossaryPro/node_modules/mdast-util-to-hast/lib/handlers/list.js
Module ID: /Users/pranay/Projects/AIMLGlossary/AIGlossaryPro/node_modules/mdast-util-to-hast/lib/handlers/paragraph.js
✓ Vendor chunk matched: /Users/pranay/Projects/AIMLGlossary/AIGlossaryPro/node_modules/mdast-util-to-hast/lib/handlers/paragraph.js
Module ID: /Users/pranay/Projects/AIMLGlossary/AIGlossaryPro/node_modules/mdast-util-to-hast/lib/handlers/root.js
✓ Vendor chunk matched: /Users/pranay/Projects/AIMLGlossary/AIGlossaryPro/node_modules/mdast-util-to-hast/lib/handlers/root.js
Module ID: /Users/pranay/Projects/AIMLGlossary/AIGlossaryPro/node_modules/mdast-util-to-hast/lib/handlers/strong.js
✓ Vendor chunk matched: /Users/pranay/Projects/AIMLGlossary/AIGlossaryPro/node_modules/mdast-util-to-hast/lib/handlers/strong.js
Module ID: /Users/pranay/Projects/AIMLGlossary/AIGlossaryPro/node_modules/mdast-util-to-hast/lib/handlers/table.js
✓ Vendor chunk matched: /Users/pranay/Projects/AIMLGlossary/AIGlossaryPro/node_modules/mdast-util-to-hast/lib/handlers/table.js
Module ID: /Users/pranay/Projects/AIMLGlossary/AIGlossaryPro/node_modules/mdast-util-to-hast/lib/handlers/table-row.js
✓ Vendor chunk matched: /Users/pranay/Projects/AIMLGlossary/AIGlossaryPro/node_modules/mdast-util-to-hast/lib/handlers/table-row.js
Module ID: /Users/pranay/Projects/AIMLGlossary/AIGlossaryPro/node_modules/mdast-util-to-hast/lib/handlers/table-cell.js
✓ Vendor chunk matched: /Users/pranay/Projects/AIMLGlossary/AIGlossaryPro/node_modules/mdast-util-to-hast/lib/handlers/table-cell.js
Module ID: /Users/pranay/Projects/AIMLGlossary/AIGlossaryPro/node_modules/mdast-util-to-hast/lib/handlers/text.js
✓ Vendor chunk matched: /Users/pranay/Projects/AIMLGlossary/AIGlossaryPro/node_modules/mdast-util-to-hast/lib/handlers/text.js
Module ID: /Users/pranay/Projects/AIMLGlossary/AIGlossaryPro/node_modules/mdast-util-to-hast/lib/handlers/thematic-break.js
✓ Vendor chunk matched: /Users/pranay/Projects/AIMLGlossary/AIGlossaryPro/node_modules/mdast-util-to-hast/lib/handlers/thematic-break.js
Module ID:  /Users/pranay/Projects/AIMLGlossary/AIGlossaryPro/node_modules/lodash/_MapCache.js?commonjs-proxy
✓ Vendor chunk matched:  /Users/pranay/Projects/AIMLGlossary/AIGlossaryPro/node_modules/lodash/_MapCache.js?commonjs-proxy
Module ID: /Users/pranay/Projects/AIMLGlossary/AIGlossaryPro/node_modules/hastscript/node_modules/property-information/lib/util/create.js
✓ Vendor chunk matched: /Users/pranay/Projects/AIMLGlossary/AIGlossaryPro/node_modules/hastscript/node_modules/property-information/lib/util/create.js
Module ID: /Users/pranay/Projects/AIMLGlossary/AIGlossaryPro/node_modules/xtend/immutable.js
✓ Vendor chunk matched: /Users/pranay/Projects/AIMLGlossary/AIGlossaryPro/node_modules/xtend/immutable.js
Module ID: /Users/pranay/Projects/AIMLGlossary/AIGlossaryPro/node_modules/hastscript/node_modules/property-information/lib/util/schema.js
✓ Vendor chunk matched: /Users/pranay/Projects/AIMLGlossary/AIGlossaryPro/node_modules/hastscript/node_modules/property-information/lib/util/schema.js
Module ID: /Users/pranay/Projects/AIMLGlossary/AIGlossaryPro/node_modules/hastscript/node_modules/property-information/lib/util/case-insensitive-transform.js
✓ Vendor chunk matched: /Users/pranay/Projects/AIMLGlossary/AIGlossaryPro/node_modules/hastscript/node_modules/property-information/lib/util/case-insensitive-transform.js
Module ID: /Users/pranay/Projects/AIMLGlossary/AIGlossaryPro/node_modules/hastscript/node_modules/property-information/lib/util/types.js
✓ Vendor chunk matched: /Users/pranay/Projects/AIMLGlossary/AIGlossaryPro/node_modules/hastscript/node_modules/property-information/lib/util/types.js
Module ID: /Users/pranay/Projects/AIMLGlossary/AIGlossaryPro/node_modules/hastscript/node_modules/property-information/lib/util/defined-info.js
✓ Vendor chunk matched: /Users/pranay/Projects/AIMLGlossary/AIGlossaryPro/node_modules/hastscript/node_modules/property-information/lib/util/defined-info.js
Module ID: /Users/pranay/Projects/AIMLGlossary/AIGlossaryPro/node_modules/hastscript/node_modules/property-information/lib/util/info.js
✓ Vendor chunk matched: /Users/pranay/Projects/AIMLGlossary/AIGlossaryPro/node_modules/hastscript/node_modules/property-information/lib/util/info.js
Module ID: /Users/pranay/Projects/AIMLGlossary/AIGlossaryPro/node_modules/inline-style-parser/index.js
✓ Vendor chunk matched: /Users/pranay/Projects/AIMLGlossary/AIGlossaryPro/node_modules/inline-style-parser/index.js
Module ID:  /Users/pranay/Projects/AIMLGlossary/AIGlossaryPro/node_modules/lodash/_mapCacheClear.js?commonjs-proxy
✓ Vendor chunk matched:  /Users/pranay/Projects/AIMLGlossary/AIGlossaryPro/node_modules/lodash/_mapCacheClear.js?commonjs-proxy
Module ID:  /Users/pranay/Projects/AIMLGlossary/AIGlossaryPro/node_modules/lodash/_mapCacheDelete.js?commonjs-proxy
✓ Vendor chunk matched:  /Users/pranay/Projects/AIMLGlossary/AIGlossaryPro/node_modules/lodash/_mapCacheDelete.js?commonjs-proxy
Module ID:  /Users/pranay/Projects/AIMLGlossary/AIGlossaryPro/node_modules/lodash/_mapCacheGet.js?commonjs-proxy
✓ Vendor chunk matched:  /Users/pranay/Projects/AIMLGlossary/AIGlossaryPro/node_modules/lodash/_mapCacheGet.js?commonjs-proxy
Module ID:  /Users/pranay/Projects/AIMLGlossary/AIGlossaryPro/node_modules/lodash/_mapCacheHas.js?commonjs-proxy
✓ Vendor chunk matched:  /Users/pranay/Projects/AIMLGlossary/AIGlossaryPro/node_modules/lodash/_mapCacheHas.js?commonjs-proxy
Module ID:  /Users/pranay/Projects/AIMLGlossary/AIGlossaryPro/node_modules/lodash/_mapCacheSet.js?commonjs-proxy
✓ Vendor chunk matched:  /Users/pranay/Projects/AIMLGlossary/AIGlossaryPro/node_modules/lodash/_mapCacheSet.js?commonjs-proxy
Module ID:  /Users/pranay/Projects/AIMLGlossary/AIGlossaryPro/node_modules/lodash/_Hash.js?commonjs-proxy
✓ Vendor chunk matched:  /Users/pranay/Projects/AIMLGlossary/AIGlossaryPro/node_modules/lodash/_Hash.js?commonjs-proxy
Module ID:  /Users/pranay/Projects/AIMLGlossary/AIGlossaryPro/node_modules/lodash/_ListCache.js?commonjs-proxy
✓ Vendor chunk matched:  /Users/pranay/Projects/AIMLGlossary/AIGlossaryPro/node_modules/lodash/_ListCache.js?commonjs-proxy
Module ID:  /Users/pranay/Projects/AIMLGlossary/AIGlossaryPro/node_modules/lodash/_Map.js?commonjs-proxy
✓ Vendor chunk matched:  /Users/pranay/Projects/AIMLGlossary/AIGlossaryPro/node_modules/lodash/_Map.js?commonjs-proxy
Module ID:  /Users/pranay/Projects/AIMLGlossary/AIGlossaryPro/node_modules/lodash/_getMapData.js?commonjs-proxy
✓ Vendor chunk matched:  /Users/pranay/Projects/AIMLGlossary/AIGlossaryPro/node_modules/lodash/_getMapData.js?commonjs-proxy
Module ID: /Users/pranay/Projects/AIMLGlossary/AIGlossaryPro/node_modules/chevrotain/lib/src/parse/grammar/checks.js
✓ Vendor chunk matched: /Users/pranay/Projects/AIMLGlossary/AIGlossaryPro/node_modules/chevrotain/lib/src/parse/grammar/checks.js
Module ID: /Users/pranay/Projects/AIMLGlossary/AIGlossaryPro/node_modules/@chevrotain/utils/lib/src/api.js
✓ Vendor chunk matched: /Users/pranay/Projects/AIMLGlossary/AIGlossaryPro/node_modules/@chevrotain/utils/lib/src/api.js
Module ID: /Users/pranay/Projects/AIMLGlossary/AIGlossaryPro/node_modules/chevrotain/lib/src/parse/grammar/follow.js
✓ Vendor chunk matched: /Users/pranay/Projects/AIMLGlossary/AIGlossaryPro/node_modules/chevrotain/lib/src/parse/grammar/follow.js
Module ID: /Users/pranay/Projects/AIMLGlossary/AIGlossaryPro/node_modules/chevrotain/lib/src/parse/grammar/gast/gast_resolver_public.js
✓ Vendor chunk matched: /Users/pranay/Projects/AIMLGlossary/AIGlossaryPro/node_modules/chevrotain/lib/src/parse/grammar/gast/gast_resolver_public.js
Module ID: /Users/pranay/Projects/AIMLGlossary/AIGlossaryPro/node_modules/chevrotain/lib/src/parse/parser/traits/recoverable.js
✓ Vendor chunk matched: /Users/pranay/Projects/AIMLGlossary/AIGlossaryPro/node_modules/chevrotain/lib/src/parse/parser/traits/recoverable.js
Module ID: /Users/pranay/Projects/AIMLGlossary/AIGlossaryPro/node_modules/chevrotain/lib/src/parse/parser/traits/looksahead.js
✓ Vendor chunk matched: /Users/pranay/Projects/AIMLGlossary/AIGlossaryPro/node_modules/chevrotain/lib/src/parse/parser/traits/looksahead.js
Module ID: /Users/pranay/Projects/AIMLGlossary/AIGlossaryPro/node_modules/chevrotain/lib/src/parse/parser/traits/tree_builder.js
✓ Vendor chunk matched: /Users/pranay/Projects/AIMLGlossary/AIGlossaryPro/node_modules/chevrotain/lib/src/parse/parser/traits/tree_builder.js
Module ID: /Users/pranay/Projects/AIMLGlossary/AIGlossaryPro/node_modules/chevrotain/lib/src/parse/parser/traits/lexer_adapter.js
✓ Vendor chunk matched: /Users/pranay/Projects/AIMLGlossary/AIGlossaryPro/node_modules/chevrotain/lib/src/parse/parser/traits/lexer_adapter.js
Module ID: /Users/pranay/Projects/AIMLGlossary/AIGlossaryPro/node_modules/chevrotain/lib/src/parse/parser/traits/recognizer_api.js
✓ Vendor chunk matched: /Users/pranay/Projects/AIMLGlossary/AIGlossaryPro/node_modules/chevrotain/lib/src/parse/parser/traits/recognizer_api.js
Module ID: /Users/pranay/Projects/AIMLGlossary/AIGlossaryPro/node_modules/chevrotain/lib/src/parse/parser/traits/recognizer_engine.js
✓ Vendor chunk matched: /Users/pranay/Projects/AIMLGlossary/AIGlossaryPro/node_modules/chevrotain/lib/src/parse/parser/traits/recognizer_engine.js
Module ID: /Users/pranay/Projects/AIMLGlossary/AIGlossaryPro/node_modules/chevrotain/lib/src/parse/parser/traits/error_handler.js
✓ Vendor chunk matched: /Users/pranay/Projects/AIMLGlossary/AIGlossaryPro/node_modules/chevrotain/lib/src/parse/parser/traits/error_handler.js
Module ID: /Users/pranay/Projects/AIMLGlossary/AIGlossaryPro/node_modules/chevrotain/lib/src/parse/parser/traits/context_assist.js
✓ Vendor chunk matched: /Users/pranay/Projects/AIMLGlossary/AIGlossaryPro/node_modules/chevrotain/lib/src/parse/parser/traits/context_assist.js
Module ID: /Users/pranay/Projects/AIMLGlossary/AIGlossaryPro/node_modules/chevrotain/lib/src/parse/parser/traits/gast_recorder.js
✓ Vendor chunk matched: /Users/pranay/Projects/AIMLGlossary/AIGlossaryPro/node_modules/chevrotain/lib/src/parse/parser/traits/gast_recorder.js
Module ID: /Users/pranay/Projects/AIMLGlossary/AIGlossaryPro/node_modules/chevrotain/lib/src/parse/parser/traits/perf_tracer.js
✓ Vendor chunk matched: /Users/pranay/Projects/AIMLGlossary/AIGlossaryPro/node_modules/chevrotain/lib/src/parse/parser/traits/perf_tracer.js
Module ID: /Users/pranay/Projects/AIMLGlossary/AIGlossaryPro/node_modules/chevrotain/lib/src/parse/parser/utils/apply_mixins.js
✓ Vendor chunk matched: /Users/pranay/Projects/AIMLGlossary/AIGlossaryPro/node_modules/chevrotain/lib/src/parse/parser/utils/apply_mixins.js
Module ID: /Users/pranay/Projects/AIMLGlossary/AIGlossaryPro/node_modules/chevrotain/lib/src/scan/lexer.js
✓ Vendor chunk matched: /Users/pranay/Projects/AIMLGlossary/AIGlossaryPro/node_modules/chevrotain/lib/src/scan/lexer.js
Module ID: /Users/pranay/Projects/AIMLGlossary/AIGlossaryPro/node_modules/chevrotain/lib/src/scan/tokens.js
✓ Vendor chunk matched: /Users/pranay/Projects/AIMLGlossary/AIGlossaryPro/node_modules/chevrotain/lib/src/scan/tokens.js
Module ID: /Users/pranay/Projects/AIMLGlossary/AIGlossaryPro/node_modules/chevrotain/lib/src/scan/reg_exp_parser.js
✓ Vendor chunk matched: /Users/pranay/Projects/AIMLGlossary/AIGlossaryPro/node_modules/chevrotain/lib/src/scan/reg_exp_parser.js
Module ID: /Users/pranay/Projects/AIMLGlossary/AIGlossaryPro/node_modules/chevrotain/lib/src/parse/grammar/interpreter.js
✓ Vendor chunk matched: /Users/pranay/Projects/AIMLGlossary/AIGlossaryPro/node_modules/chevrotain/lib/src/parse/grammar/interpreter.js
Module ID: /Users/pranay/Projects/AIMLGlossary/AIGlossaryPro/node_modules/chevrotain/lib/src/parse/grammar/rest.js
✓ Vendor chunk matched: /Users/pranay/Projects/AIMLGlossary/AIGlossaryPro/node_modules/chevrotain/lib/src/parse/grammar/rest.js
Module ID: /Users/pranay/Projects/AIMLGlossary/AIGlossaryPro/node_modules/@chevrotain/gast/lib/src/model.js
✓ Vendor chunk matched: /Users/pranay/Projects/AIMLGlossary/AIGlossaryPro/node_modules/@chevrotain/gast/lib/src/model.js
Module ID: /Users/pranay/Projects/AIMLGlossary/AIGlossaryPro/node_modules/@chevrotain/gast/lib/src/visitor.js
✓ Vendor chunk matched: /Users/pranay/Projects/AIMLGlossary/AIGlossaryPro/node_modules/@chevrotain/gast/lib/src/visitor.js
Module ID: /Users/pranay/Projects/AIMLGlossary/AIGlossaryPro/node_modules/@chevrotain/gast/lib/src/helpers.js
✓ Vendor chunk matched: /Users/pranay/Projects/AIMLGlossary/AIGlossaryPro/node_modules/@chevrotain/gast/lib/src/helpers.js
Module ID: /Users/pranay/Projects/AIMLGlossary/AIGlossaryPro/node_modules/@chevrotain/cst-dts-gen/lib/src/model.js
✓ Vendor chunk matched: /Users/pranay/Projects/AIMLGlossary/AIGlossaryPro/node_modules/@chevrotain/cst-dts-gen/lib/src/model.js
Module ID: /Users/pranay/Projects/AIMLGlossary/AIGlossaryPro/node_modules/@chevrotain/cst-dts-gen/lib/src/generate.js
✓ Vendor chunk matched: /Users/pranay/Projects/AIMLGlossary/AIGlossaryPro/node_modules/@chevrotain/cst-dts-gen/lib/src/generate.js
Module ID:  /Users/pranay/Projects/AIMLGlossary/AIGlossaryPro/node_modules/vscode-jsonrpc/lib/common/events.js?commonjs-exports
✓ Vendor chunk matched:  /Users/pranay/Projects/AIMLGlossary/AIGlossaryPro/node_modules/vscode-jsonrpc/lib/common/events.js?commonjs-exports
Module ID:  /Users/pranay/Projects/AIMLGlossary/AIGlossaryPro/node_modules/vscode-jsonrpc/lib/common/ral.js?commonjs-proxy
✓ Vendor chunk matched:  /Users/pranay/Projects/AIMLGlossary/AIGlossaryPro/node_modules/vscode-jsonrpc/lib/common/ral.js?commonjs-proxy
Module ID: /Users/pranay/Projects/AIMLGlossary/AIGlossaryPro/node_modules/property-information/lib/util/schema.js
✓ Vendor chunk matched: /Users/pranay/Projects/AIMLGlossary/AIGlossaryPro/node_modules/property-information/lib/util/schema.js
Module ID: /Users/pranay/Projects/AIMLGlossary/AIGlossaryPro/node_modules/property-information/lib/util/create.js
✓ Vendor chunk matched: /Users/pranay/Projects/AIMLGlossary/AIGlossaryPro/node_modules/property-information/lib/util/create.js
Module ID: /Users/pranay/Projects/AIMLGlossary/AIGlossaryPro/node_modules/property-information/lib/util/types.js
✓ Vendor chunk matched: /Users/pranay/Projects/AIMLGlossary/AIGlossaryPro/node_modules/property-information/lib/util/types.js
Module ID: /Users/pranay/Projects/AIMLGlossary/AIGlossaryPro/node_modules/chevrotain-allstar/lib/atn.js
✓ Vendor chunk matched: /Users/pranay/Projects/AIMLGlossary/AIGlossaryPro/node_modules/chevrotain-allstar/lib/atn.js
Module ID: /Users/pranay/Projects/AIMLGlossary/AIGlossaryPro/node_modules/chevrotain-allstar/lib/dfa.js
✓ Vendor chunk matched: /Users/pranay/Projects/AIMLGlossary/AIGlossaryPro/node_modules/chevrotain-allstar/lib/dfa.js
Module ID: /Users/pranay/Projects/AIMLGlossary/AIGlossaryPro/node_modules/@chevrotain/regexp-to-ast/lib/src/utils.js
✓ Vendor chunk matched: /Users/pranay/Projects/AIMLGlossary/AIGlossaryPro/node_modules/@chevrotain/regexp-to-ast/lib/src/utils.js
Module ID: /Users/pranay/Projects/AIMLGlossary/AIGlossaryPro/node_modules/@chevrotain/regexp-to-ast/lib/src/character-classes.js
✓ Vendor chunk matched: /Users/pranay/Projects/AIMLGlossary/AIGlossaryPro/node_modules/@chevrotain/regexp-to-ast/lib/src/character-classes.js
Module ID: /Users/pranay/Projects/AIMLGlossary/AIGlossaryPro/node_modules/property-information/lib/util/case-insensitive-transform.js
✓ Vendor chunk matched: /Users/pranay/Projects/AIMLGlossary/AIGlossaryPro/node_modules/property-information/lib/util/case-insensitive-transform.js
Module ID: /Users/pranay/Projects/AIMLGlossary/AIGlossaryPro/node_modules/mdast-util-to-string/index.js
✓ Vendor chunk matched: /Users/pranay/Projects/AIMLGlossary/AIGlossaryPro/node_modules/mdast-util-to-string/index.js
Module ID: /Users/pranay/Projects/AIMLGlossary/AIGlossaryPro/node_modules/micromark/dev/index.js
✓ Vendor chunk matched: /Users/pranay/Projects/AIMLGlossary/AIGlossaryPro/node_modules/micromark/dev/index.js
Module ID: /Users/pranay/Projects/AIMLGlossary/AIGlossaryPro/node_modules/micromark-util-decode-numeric-character-reference/dev/index.js
✓ Vendor chunk matched: /Users/pranay/Projects/AIMLGlossary/AIGlossaryPro/node_modules/micromark-util-decode-numeric-character-reference/dev/index.js
Module ID: /Users/pranay/Projects/AIMLGlossary/AIGlossaryPro/node_modules/micromark-util-decode-string/dev/index.js
✓ Vendor chunk matched: /Users/pranay/Projects/AIMLGlossary/AIGlossaryPro/node_modules/micromark-util-decode-string/dev/index.js
Module ID: /Users/pranay/Projects/AIMLGlossary/AIGlossaryPro/node_modules/micromark-util-normalize-identifier/dev/index.js
✓ Vendor chunk matched: /Users/pranay/Projects/AIMLGlossary/AIGlossaryPro/node_modules/micromark-util-normalize-identifier/dev/index.js
Module ID: /Users/pranay/Projects/AIMLGlossary/AIGlossaryPro/node_modules/micromark-util-symbol/lib/default.js
✓ Vendor chunk matched: /Users/pranay/Projects/AIMLGlossary/AIGlossaryPro/node_modules/micromark-util-symbol/lib/default.js
Module ID: /Users/pranay/Projects/AIMLGlossary/AIGlossaryPro/node_modules/decode-named-character-reference/index.dom.js
✓ Vendor chunk matched: /Users/pranay/Projects/AIMLGlossary/AIGlossaryPro/node_modules/decode-named-character-reference/index.dom.js
Module ID: /Users/pranay/Projects/AIMLGlossary/AIGlossaryPro/node_modules/unist-util-stringify-position/index.js
✓ Vendor chunk matched: /Users/pranay/Projects/AIMLGlossary/AIGlossaryPro/node_modules/unist-util-stringify-position/index.js
Module ID: /Users/pranay/Projects/AIMLGlossary/AIGlossaryPro/node_modules/property-information/lib/util/case-sensitive-transform.js
✓ Vendor chunk matched: /Users/pranay/Projects/AIMLGlossary/AIGlossaryPro/node_modules/property-information/lib/util/case-sensitive-transform.js
Module ID: /Users/pranay/Projects/AIMLGlossary/AIGlossaryPro/node_modules/property-information/lib/util/defined-info.js
✓ Vendor chunk matched: /Users/pranay/Projects/AIMLGlossary/AIGlossaryPro/node_modules/property-information/lib/util/defined-info.js
Module ID: /Users/pranay/Projects/AIMLGlossary/AIGlossaryPro/node_modules/property-information/lib/util/info.js
✓ Vendor chunk matched: /Users/pranay/Projects/AIMLGlossary/AIGlossaryPro/node_modules/property-information/lib/util/info.js
Module ID: /Users/pranay/Projects/AIMLGlossary/AIGlossaryPro/node_modules/@ungap/structured-clone/esm/deserialize.js
✓ Vendor chunk matched: /Users/pranay/Projects/AIMLGlossary/AIGlossaryPro/node_modules/@ungap/structured-clone/esm/deserialize.js
Module ID: /Users/pranay/Projects/AIMLGlossary/AIGlossaryPro/node_modules/@ungap/structured-clone/esm/serialize.js
✓ Vendor chunk matched: /Users/pranay/Projects/AIMLGlossary/AIGlossaryPro/node_modules/@ungap/structured-clone/esm/serialize.js
Module ID: /Users/pranay/Projects/AIMLGlossary/AIGlossaryPro/node_modules/micromark-util-character/dev/index.js
✓ Vendor chunk matched: /Users/pranay/Projects/AIMLGlossary/AIGlossaryPro/node_modules/micromark-util-character/dev/index.js
Module ID: /Users/pranay/Projects/AIMLGlossary/AIGlossaryPro/node_modules/micromark-util-encode/index.js
✓ Vendor chunk matched: /Users/pranay/Projects/AIMLGlossary/AIGlossaryPro/node_modules/micromark-util-encode/index.js
Module ID: /Users/pranay/Projects/AIMLGlossary/AIGlossaryPro/node_modules/unist-util-is/index.js
✓ Vendor chunk matched: /Users/pranay/Projects/AIMLGlossary/AIGlossaryPro/node_modules/unist-util-is/index.js
Module ID: /Users/pranay/Projects/AIMLGlossary/AIGlossaryPro/node_modules/unist-util-visit-parents/lib/color.js
✓ Vendor chunk matched: /Users/pranay/Projects/AIMLGlossary/AIGlossaryPro/node_modules/unist-util-visit-parents/lib/color.js
Module ID:  /Users/pranay/Projects/AIMLGlossary/AIGlossaryPro/node_modules/lodash/_hashClear.js?commonjs-proxy
✓ Vendor chunk matched:  /Users/pranay/Projects/AIMLGlossary/AIGlossaryPro/node_modules/lodash/_hashClear.js?commonjs-proxy
Module ID:  /Users/pranay/Projects/AIMLGlossary/AIGlossaryPro/node_modules/lodash/_hashDelete.js?commonjs-proxy
✓ Vendor chunk matched:  /Users/pranay/Projects/AIMLGlossary/AIGlossaryPro/node_modules/lodash/_hashDelete.js?commonjs-proxy
Module ID:  /Users/pranay/Projects/AIMLGlossary/AIGlossaryPro/node_modules/lodash/_hashGet.js?commonjs-proxy
✓ Vendor chunk matched:  /Users/pranay/Projects/AIMLGlossary/AIGlossaryPro/node_modules/lodash/_hashGet.js?commonjs-proxy
Module ID:  /Users/pranay/Projects/AIMLGlossary/AIGlossaryPro/node_modules/lodash/_hashHas.js?commonjs-proxy
✓ Vendor chunk matched:  /Users/pranay/Projects/AIMLGlossary/AIGlossaryPro/node_modules/lodash/_hashHas.js?commonjs-proxy
Module ID:  /Users/pranay/Projects/AIMLGlossary/AIGlossaryPro/node_modules/lodash/_hashSet.js?commonjs-proxy
✓ Vendor chunk matched:  /Users/pranay/Projects/AIMLGlossary/AIGlossaryPro/node_modules/lodash/_hashSet.js?commonjs-proxy
Module ID:  /Users/pranay/Projects/AIMLGlossary/AIGlossaryPro/node_modules/lodash/_listCacheClear.js?commonjs-proxy
✓ Vendor chunk matched:  /Users/pranay/Projects/AIMLGlossary/AIGlossaryPro/node_modules/lodash/_listCacheClear.js?commonjs-proxy
Module ID:  /Users/pranay/Projects/AIMLGlossary/AIGlossaryPro/node_modules/lodash/_listCacheDelete.js?commonjs-proxy
✓ Vendor chunk matched:  /Users/pranay/Projects/AIMLGlossary/AIGlossaryPro/node_modules/lodash/_listCacheDelete.js?commonjs-proxy
Module ID:  /Users/pranay/Projects/AIMLGlossary/AIGlossaryPro/node_modules/lodash/_listCacheGet.js?commonjs-proxy
✓ Vendor chunk matched:  /Users/pranay/Projects/AIMLGlossary/AIGlossaryPro/node_modules/lodash/_listCacheGet.js?commonjs-proxy
Module ID:  /Users/pranay/Projects/AIMLGlossary/AIGlossaryPro/node_modules/lodash/_listCacheHas.js?commonjs-proxy
✓ Vendor chunk matched:  /Users/pranay/Projects/AIMLGlossary/AIGlossaryPro/node_modules/lodash/_listCacheHas.js?commonjs-proxy
Module ID:  /Users/pranay/Projects/AIMLGlossary/AIGlossaryPro/node_modules/lodash/_listCacheSet.js?commonjs-proxy
✓ Vendor chunk matched:  /Users/pranay/Projects/AIMLGlossary/AIGlossaryPro/node_modules/lodash/_listCacheSet.js?commonjs-proxy
Module ID:  /Users/pranay/Projects/AIMLGlossary/AIGlossaryPro/node_modules/lodash/_getNative.js?commonjs-proxy
✓ Vendor chunk matched:  /Users/pranay/Projects/AIMLGlossary/AIGlossaryPro/node_modules/lodash/_getNative.js?commonjs-proxy
Module ID:  /Users/pranay/Projects/AIMLGlossary/AIGlossaryPro/node_modules/lodash/_isKeyable.js?commonjs-proxy
✓ Vendor chunk matched:  /Users/pranay/Projects/AIMLGlossary/AIGlossaryPro/node_modules/lodash/_isKeyable.js?commonjs-proxy
Module ID: /Users/pranay/Projects/AIMLGlossary/AIGlossaryPro/node_modules/mdast-util-to-hast/lib/revert.js
✓ Vendor chunk matched: /Users/pranay/Projects/AIMLGlossary/AIGlossaryPro/node_modules/mdast-util-to-hast/lib/revert.js
Module ID:  /Users/pranay/Projects/AIMLGlossary/AIGlossaryPro/node_modules/vscode-jsonrpc/lib/common/ral.js?commonjs-exports
✓ Vendor chunk matched:  /Users/pranay/Projects/AIMLGlossary/AIGlossaryPro/node_modules/vscode-jsonrpc/lib/common/ral.js?commonjs-exports
Module ID:  /Users/pranay/Projects/AIMLGlossary/AIGlossaryPro/node_modules/vscode-jsonrpc/lib/common/cancellation.js?commonjs-exports
✓ Vendor chunk matched:  /Users/pranay/Projects/AIMLGlossary/AIGlossaryPro/node_modules/vscode-jsonrpc/lib/common/cancellation.js?commonjs-exports
Module ID:  /Users/pranay/Projects/AIMLGlossary/AIGlossaryPro/node_modules/vscode-jsonrpc/lib/common/is.js?commonjs-proxy
✓ Vendor chunk matched:  /Users/pranay/Projects/AIMLGlossary/AIGlossaryPro/node_modules/vscode-jsonrpc/lib/common/is.js?commonjs-proxy
Module ID:  /Users/pranay/Projects/AIMLGlossary/AIGlossaryPro/node_modules/vscode-jsonrpc/lib/common/events.js?commonjs-proxy
✓ Vendor chunk matched:  /Users/pranay/Projects/AIMLGlossary/AIGlossaryPro/node_modules/vscode-jsonrpc/lib/common/events.js?commonjs-proxy
Module ID: /Users/pranay/Projects/AIMLGlossary/AIGlossaryPro/node_modules/trim-lines/index.js
✓ Vendor chunk matched: /Users/pranay/Projects/AIMLGlossary/AIGlossaryPro/node_modules/trim-lines/index.js
Module ID:  /Users/pranay/Projects/AIMLGlossary/AIGlossaryPro/node_modules/lodash/_nativeCreate.js?commonjs-proxy
✓ Vendor chunk matched:  /Users/pranay/Projects/AIMLGlossary/AIGlossaryPro/node_modules/lodash/_nativeCreate.js?commonjs-proxy
Module ID:  /Users/pranay/Projects/AIMLGlossary/AIGlossaryPro/node_modules/lodash/_assocIndexOf.js?commonjs-proxy
✓ Vendor chunk matched:  /Users/pranay/Projects/AIMLGlossary/AIGlossaryPro/node_modules/lodash/_assocIndexOf.js?commonjs-proxy
Module ID:  /Users/pranay/Projects/AIMLGlossary/AIGlossaryPro/node_modules/lodash/_baseIsNative.js?commonjs-proxy
✓ Vendor chunk matched:  /Users/pranay/Projects/AIMLGlossary/AIGlossaryPro/node_modules/lodash/_baseIsNative.js?commonjs-proxy
Module ID:  /Users/pranay/Projects/AIMLGlossary/AIGlossaryPro/node_modules/lodash/_getValue.js?commonjs-proxy
✓ Vendor chunk matched:  /Users/pranay/Projects/AIMLGlossary/AIGlossaryPro/node_modules/lodash/_getValue.js?commonjs-proxy
Module ID:  /Users/pranay/Projects/AIMLGlossary/AIGlossaryPro/node_modules/vscode-jsonrpc/lib/common/is.js?commonjs-exports
✓ Vendor chunk matched:  /Users/pranay/Projects/AIMLGlossary/AIGlossaryPro/node_modules/vscode-jsonrpc/lib/common/is.js?commonjs-exports
Module ID: /Users/pranay/Projects/AIMLGlossary/AIGlossaryPro/node_modules/hastscript/node_modules/property-information/lib/util/case-sensitive-transform.js
✓ Vendor chunk matched: /Users/pranay/Projects/AIMLGlossary/AIGlossaryPro/node_modules/hastscript/node_modules/property-information/lib/util/case-sensitive-transform.js
Module ID:  /Users/pranay/Projects/AIMLGlossary/AIGlossaryPro/node_modules/lodash/_baseIsEqual.js?commonjs-proxy
✓ Vendor chunk matched:  /Users/pranay/Projects/AIMLGlossary/AIGlossaryPro/node_modules/lodash/_baseIsEqual.js?commonjs-proxy
Module ID:  /Users/pranay/Projects/AIMLGlossary/AIGlossaryPro/node_modules/lodash/_baseGet.js?commonjs-proxy
✓ Vendor chunk matched:  /Users/pranay/Projects/AIMLGlossary/AIGlossaryPro/node_modules/lodash/_baseGet.js?commonjs-proxy
Module ID:  /Users/pranay/Projects/AIMLGlossary/AIGlossaryPro/node_modules/lodash/_isMasked.js?commonjs-proxy
✓ Vendor chunk matched:  /Users/pranay/Projects/AIMLGlossary/AIGlossaryPro/node_modules/lodash/_isMasked.js?commonjs-proxy
Module ID:  /Users/pranay/Projects/AIMLGlossary/AIGlossaryPro/node_modules/lodash/_toSource.js?commonjs-proxy
✓ Vendor chunk matched:  /Users/pranay/Projects/AIMLGlossary/AIGlossaryPro/node_modules/lodash/_toSource.js?commonjs-proxy
Module ID:  /Users/pranay/Projects/AIMLGlossary/AIGlossaryPro/node_modules/lodash/_baseIsEqualDeep.js?commonjs-proxy
✓ Vendor chunk matched:  /Users/pranay/Projects/AIMLGlossary/AIGlossaryPro/node_modules/lodash/_baseIsEqualDeep.js?commonjs-proxy
Module ID:  /Users/pranay/Projects/AIMLGlossary/AIGlossaryPro/node_modules/lodash/_castPath.js?commonjs-proxy
✓ Vendor chunk matched:  /Users/pranay/Projects/AIMLGlossary/AIGlossaryPro/node_modules/lodash/_castPath.js?commonjs-proxy
Module ID:  /Users/pranay/Projects/AIMLGlossary/AIGlossaryPro/node_modules/lodash/_toKey.js?commonjs-proxy
✓ Vendor chunk matched:  /Users/pranay/Projects/AIMLGlossary/AIGlossaryPro/node_modules/lodash/_toKey.js?commonjs-proxy
Module ID:  /Users/pranay/Projects/AIMLGlossary/AIGlossaryPro/node_modules/lodash/_coreJsData.js?commonjs-proxy
✓ Vendor chunk matched:  /Users/pranay/Projects/AIMLGlossary/AIGlossaryPro/node_modules/lodash/_coreJsData.js?commonjs-proxy
Module ID:  /Users/pranay/Projects/AIMLGlossary/AIGlossaryPro/node_modules/lodash/_Stack.js?commonjs-proxy
✓ Vendor chunk matched:  /Users/pranay/Projects/AIMLGlossary/AIGlossaryPro/node_modules/lodash/_Stack.js?commonjs-proxy
Module ID:  /Users/pranay/Projects/AIMLGlossary/AIGlossaryPro/node_modules/lodash/_equalArrays.js?commonjs-proxy
✓ Vendor chunk matched:  /Users/pranay/Projects/AIMLGlossary/AIGlossaryPro/node_modules/lodash/_equalArrays.js?commonjs-proxy
Module ID:  /Users/pranay/Projects/AIMLGlossary/AIGlossaryPro/node_modules/lodash/_equalByTag.js?commonjs-proxy
✓ Vendor chunk matched:  /Users/pranay/Projects/AIMLGlossary/AIGlossaryPro/node_modules/lodash/_equalByTag.js?commonjs-proxy
Module ID:  /Users/pranay/Projects/AIMLGlossary/AIGlossaryPro/node_modules/lodash/_equalObjects.js?commonjs-proxy
✓ Vendor chunk matched:  /Users/pranay/Projects/AIMLGlossary/AIGlossaryPro/node_modules/lodash/_equalObjects.js?commonjs-proxy
Module ID:  /Users/pranay/Projects/AIMLGlossary/AIGlossaryPro/node_modules/lodash/_getTag.js?commonjs-proxy
✓ Vendor chunk matched:  /Users/pranay/Projects/AIMLGlossary/AIGlossaryPro/node_modules/lodash/_getTag.js?commonjs-proxy
Module ID:  /Users/pranay/Projects/AIMLGlossary/AIGlossaryPro/node_modules/lodash/isBuffer.js?commonjs-proxy
✓ Vendor chunk matched:  /Users/pranay/Projects/AIMLGlossary/AIGlossaryPro/node_modules/lodash/isBuffer.js?commonjs-proxy
Module ID:  /Users/pranay/Projects/AIMLGlossary/AIGlossaryPro/node_modules/lodash/isTypedArray.js?commonjs-proxy
✓ Vendor chunk matched:  /Users/pranay/Projects/AIMLGlossary/AIGlossaryPro/node_modules/lodash/isTypedArray.js?commonjs-proxy
Module ID:  /Users/pranay/Projects/AIMLGlossary/AIGlossaryPro/node_modules/lodash/_isKey.js?commonjs-proxy
✓ Vendor chunk matched:  /Users/pranay/Projects/AIMLGlossary/AIGlossaryPro/node_modules/lodash/_isKey.js?commonjs-proxy
Module ID:  /Users/pranay/Projects/AIMLGlossary/AIGlossaryPro/node_modules/lodash/_stringToPath.js?commonjs-proxy
✓ Vendor chunk matched:  /Users/pranay/Projects/AIMLGlossary/AIGlossaryPro/node_modules/lodash/_stringToPath.js?commonjs-proxy
Module ID:  /Users/pranay/Projects/AIMLGlossary/AIGlossaryPro/node_modules/lodash/_baseClone.js?commonjs-proxy
✓ Vendor chunk matched:  /Users/pranay/Projects/AIMLGlossary/AIGlossaryPro/node_modules/lodash/_baseClone.js?commonjs-proxy
Module ID:  /Users/pranay/Projects/AIMLGlossary/AIGlossaryPro/node_modules/lodash/_baseUnset.js?commonjs-proxy
✓ Vendor chunk matched:  /Users/pranay/Projects/AIMLGlossary/AIGlossaryPro/node_modules/lodash/_baseUnset.js?commonjs-proxy
Module ID:  /Users/pranay/Projects/AIMLGlossary/AIGlossaryPro/node_modules/lodash/_copyObject.js?commonjs-proxy
✓ Vendor chunk matched:  /Users/pranay/Projects/AIMLGlossary/AIGlossaryPro/node_modules/lodash/_copyObject.js?commonjs-proxy
Module ID:  /Users/pranay/Projects/AIMLGlossary/AIGlossaryPro/node_modules/lodash/_customOmitClone.js?commonjs-proxy
✓ Vendor chunk matched:  /Users/pranay/Projects/AIMLGlossary/AIGlossaryPro/node_modules/lodash/_customOmitClone.js?commonjs-proxy
Module ID:  /Users/pranay/Projects/AIMLGlossary/AIGlossaryPro/node_modules/lodash/_flatRest.js?commonjs-proxy
✓ Vendor chunk matched:  /Users/pranay/Projects/AIMLGlossary/AIGlossaryPro/node_modules/lodash/_flatRest.js?commonjs-proxy
Module ID:  /Users/pranay/Projects/AIMLGlossary/AIGlossaryPro/node_modules/lodash/_getAllKeysIn.js?commonjs-proxy
✓ Vendor chunk matched:  /Users/pranay/Projects/AIMLGlossary/AIGlossaryPro/node_modules/lodash/_getAllKeysIn.js?commonjs-proxy
Module ID: /Users/pranay/Projects/AIMLGlossary/AIGlossaryPro/node_modules/@chevrotain/utils/lib/src/print.js
✓ Vendor chunk matched: /Users/pranay/Projects/AIMLGlossary/AIGlossaryPro/node_modules/@chevrotain/utils/lib/src/print.js
Module ID: /Users/pranay/Projects/AIMLGlossary/AIGlossaryPro/node_modules/@chevrotain/utils/lib/src/timer.js
✓ Vendor chunk matched: /Users/pranay/Projects/AIMLGlossary/AIGlossaryPro/node_modules/@chevrotain/utils/lib/src/timer.js
Module ID: /Users/pranay/Projects/AIMLGlossary/AIGlossaryPro/node_modules/@chevrotain/utils/lib/src/to-fast-properties.js
✓ Vendor chunk matched: /Users/pranay/Projects/AIMLGlossary/AIGlossaryPro/node_modules/@chevrotain/utils/lib/src/to-fast-properties.js
Module ID: /Users/pranay/Projects/AIMLGlossary/AIGlossaryPro/node_modules/chevrotain/lib/src/parse/grammar/first.js
✓ Vendor chunk matched: /Users/pranay/Projects/AIMLGlossary/AIGlossaryPro/node_modules/chevrotain/lib/src/parse/grammar/first.js
Module ID: /Users/pranay/Projects/AIMLGlossary/AIGlossaryPro/node_modules/chevrotain/lib/src/parse/constants.js
✓ Vendor chunk matched: /Users/pranay/Projects/AIMLGlossary/AIGlossaryPro/node_modules/chevrotain/lib/src/parse/constants.js
Module ID: /Users/pranay/Projects/AIMLGlossary/AIGlossaryPro/node_modules/chevrotain/lib/src/parse/grammar/resolver.js
✓ Vendor chunk matched: /Users/pranay/Projects/AIMLGlossary/AIGlossaryPro/node_modules/chevrotain/lib/src/parse/grammar/resolver.js
Module ID: /Users/pranay/Projects/AIMLGlossary/AIGlossaryPro/node_modules/chevrotain/lib/src/parse/cst/cst.js
✓ Vendor chunk matched: /Users/pranay/Projects/AIMLGlossary/AIGlossaryPro/node_modules/chevrotain/lib/src/parse/cst/cst.js
Module ID: /Users/pranay/Projects/AIMLGlossary/AIGlossaryPro/node_modules/chevrotain/lib/src/parse/cst/cst_visitor.js
✓ Vendor chunk matched: /Users/pranay/Projects/AIMLGlossary/AIGlossaryPro/node_modules/chevrotain/lib/src/parse/cst/cst_visitor.js
Module ID: /Users/pranay/Projects/AIMLGlossary/AIGlossaryPro/node_modules/chevrotain/lib/src/parse/grammar/keys.js
✓ Vendor chunk matched: /Users/pranay/Projects/AIMLGlossary/AIGlossaryPro/node_modules/chevrotain/lib/src/parse/grammar/keys.js
Module ID: /Users/pranay/Projects/AIMLGlossary/AIGlossaryPro/node_modules/chevrotain/lib/src/scan/reg_exp.js
✓ Vendor chunk matched: /Users/pranay/Projects/AIMLGlossary/AIGlossaryPro/node_modules/chevrotain/lib/src/scan/reg_exp.js
Module ID: /Users/pranay/Projects/AIMLGlossary/AIGlossaryPro/node_modules/micromark-util-symbol/lib/codes.js
✓ Vendor chunk matched: /Users/pranay/Projects/AIMLGlossary/AIGlossaryPro/node_modules/micromark-util-symbol/lib/codes.js
Module ID: /Users/pranay/Projects/AIMLGlossary/AIGlossaryPro/node_modules/micromark-util-symbol/lib/constants.js
✓ Vendor chunk matched: /Users/pranay/Projects/AIMLGlossary/AIGlossaryPro/node_modules/micromark-util-symbol/lib/constants.js
Module ID: /Users/pranay/Projects/AIMLGlossary/AIGlossaryPro/node_modules/micromark-util-symbol/lib/types.js
✓ Vendor chunk matched: /Users/pranay/Projects/AIMLGlossary/AIGlossaryPro/node_modules/micromark-util-symbol/lib/types.js
Module ID: /Users/pranay/Projects/AIMLGlossary/AIGlossaryPro/node_modules/micromark-util-symbol/lib/values.js
✓ Vendor chunk matched: /Users/pranay/Projects/AIMLGlossary/AIGlossaryPro/node_modules/micromark-util-symbol/lib/values.js
Module ID: /Users/pranay/Projects/AIMLGlossary/AIGlossaryPro/node_modules/micromark/dev/lib/compile.js
✓ Vendor chunk matched: /Users/pranay/Projects/AIMLGlossary/AIGlossaryPro/node_modules/micromark/dev/lib/compile.js
Module ID: /Users/pranay/Projects/AIMLGlossary/AIGlossaryPro/node_modules/micromark/dev/lib/parse.js
✓ Vendor chunk matched: /Users/pranay/Projects/AIMLGlossary/AIGlossaryPro/node_modules/micromark/dev/lib/parse.js
Module ID: /Users/pranay/Projects/AIMLGlossary/AIGlossaryPro/node_modules/micromark/dev/lib/postprocess.js
✓ Vendor chunk matched: /Users/pranay/Projects/AIMLGlossary/AIGlossaryPro/node_modules/micromark/dev/lib/postprocess.js
Module ID: /Users/pranay/Projects/AIMLGlossary/AIGlossaryPro/node_modules/micromark/dev/lib/preprocess.js
✓ Vendor chunk matched: /Users/pranay/Projects/AIMLGlossary/AIGlossaryPro/node_modules/micromark/dev/lib/preprocess.js
Module ID: /Users/pranay/Projects/AIMLGlossary/AIGlossaryPro/node_modules/mdast-util-to-string/lib/index.js
✓ Vendor chunk matched: /Users/pranay/Projects/AIMLGlossary/AIGlossaryPro/node_modules/mdast-util-to-string/lib/index.js
Module ID: /Users/pranay/Projects/AIMLGlossary/AIGlossaryPro/node_modules/unist-util-stringify-position/lib/index.js
✓ Vendor chunk matched: /Users/pranay/Projects/AIMLGlossary/AIGlossaryPro/node_modules/unist-util-stringify-position/lib/index.js
Module ID: /Users/pranay/Projects/AIMLGlossary/AIGlossaryPro/node_modules/@ungap/structured-clone/esm/types.js
✓ Vendor chunk matched: /Users/pranay/Projects/AIMLGlossary/AIGlossaryPro/node_modules/@ungap/structured-clone/esm/types.js
Module ID: /Users/pranay/Projects/AIMLGlossary/AIGlossaryPro/node_modules/unist-util-is/lib/index.js
✓ Vendor chunk matched: /Users/pranay/Projects/AIMLGlossary/AIGlossaryPro/node_modules/unist-util-is/lib/index.js
Module ID:  /Users/pranay/Projects/AIMLGlossary/AIGlossaryPro/node_modules/style-to-object/cjs/index.js?commonjs-proxy
✓ Vendor chunk matched:  /Users/pranay/Projects/AIMLGlossary/AIGlossaryPro/node_modules/style-to-object/cjs/index.js?commonjs-proxy
Module ID:  /Users/pranay/Projects/AIMLGlossary/AIGlossaryPro/node_modules/style-to-js/cjs/utilities.js?commonjs-proxy
✓ Vendor chunk matched:  /Users/pranay/Projects/AIMLGlossary/AIGlossaryPro/node_modules/style-to-js/cjs/utilities.js?commonjs-proxy
Module ID:  /Users/pranay/Projects/AIMLGlossary/AIGlossaryPro/node_modules/lodash/_stackClear.js?commonjs-proxy
✓ Vendor chunk matched:  /Users/pranay/Projects/AIMLGlossary/AIGlossaryPro/node_modules/lodash/_stackClear.js?commonjs-proxy
Module ID:  /Users/pranay/Projects/AIMLGlossary/AIGlossaryPro/node_modules/lodash/_stackDelete.js?commonjs-proxy
✓ Vendor chunk matched:  /Users/pranay/Projects/AIMLGlossary/AIGlossaryPro/node_modules/lodash/_stackDelete.js?commonjs-proxy
Module ID:  /Users/pranay/Projects/AIMLGlossary/AIGlossaryPro/node_modules/lodash/_stackGet.js?commonjs-proxy
✓ Vendor chunk matched:  /Users/pranay/Projects/AIMLGlossary/AIGlossaryPro/node_modules/lodash/_stackGet.js?commonjs-proxy
Module ID:  /Users/pranay/Projects/AIMLGlossary/AIGlossaryPro/node_modules/lodash/_stackHas.js?commonjs-proxy
✓ Vendor chunk matched:  /Users/pranay/Projects/AIMLGlossary/AIGlossaryPro/node_modules/lodash/_stackHas.js?commonjs-proxy
Module ID:  /Users/pranay/Projects/AIMLGlossary/AIGlossaryPro/node_modules/lodash/_stackSet.js?commonjs-proxy
✓ Vendor chunk matched:  /Users/pranay/Projects/AIMLGlossary/AIGlossaryPro/node_modules/lodash/_stackSet.js?commonjs-proxy
Module ID:  /Users/pranay/Projects/AIMLGlossary/AIGlossaryPro/node_modules/lodash/_SetCache.js?commonjs-proxy
✓ Vendor chunk matched:  /Users/pranay/Projects/AIMLGlossary/AIGlossaryPro/node_modules/lodash/_SetCache.js?commonjs-proxy
Module ID:  /Users/pranay/Projects/AIMLGlossary/AIGlossaryPro/node_modules/lodash/_arraySome.js?commonjs-proxy
✓ Vendor chunk matched:  /Users/pranay/Projects/AIMLGlossary/AIGlossaryPro/node_modules/lodash/_arraySome.js?commonjs-proxy
Module ID:  /Users/pranay/Projects/AIMLGlossary/AIGlossaryPro/node_modules/lodash/_cacheHas.js?commonjs-proxy
✓ Vendor chunk matched:  /Users/pranay/Projects/AIMLGlossary/AIGlossaryPro/node_modules/lodash/_cacheHas.js?commonjs-proxy
Module ID:  /Users/pranay/Projects/AIMLGlossary/AIGlossaryPro/node_modules/lodash/_Uint8Array.js?commonjs-proxy
✓ Vendor chunk matched:  /Users/pranay/Projects/AIMLGlossary/AIGlossaryPro/node_modules/lodash/_Uint8Array.js?commonjs-proxy
Module ID:  /Users/pranay/Projects/AIMLGlossary/AIGlossaryPro/node_modules/lodash/_mapToArray.js?commonjs-proxy
✓ Vendor chunk matched:  /Users/pranay/Projects/AIMLGlossary/AIGlossaryPro/node_modules/lodash/_mapToArray.js?commonjs-proxy
Module ID:  /Users/pranay/Projects/AIMLGlossary/AIGlossaryPro/node_modules/lodash/_setToArray.js?commonjs-proxy
✓ Vendor chunk matched:  /Users/pranay/Projects/AIMLGlossary/AIGlossaryPro/node_modules/lodash/_setToArray.js?commonjs-proxy
Module ID:  /Users/pranay/Projects/AIMLGlossary/AIGlossaryPro/node_modules/lodash/_getAllKeys.js?commonjs-proxy
✓ Vendor chunk matched:  /Users/pranay/Projects/AIMLGlossary/AIGlossaryPro/node_modules/lodash/_getAllKeys.js?commonjs-proxy
Module ID:  /Users/pranay/Projects/AIMLGlossary/AIGlossaryPro/node_modules/lodash/_DataView.js?commonjs-proxy
✓ Vendor chunk matched:  /Users/pranay/Projects/AIMLGlossary/AIGlossaryPro/node_modules/lodash/_DataView.js?commonjs-proxy
Module ID:  /Users/pranay/Projects/AIMLGlossary/AIGlossaryPro/node_modules/lodash/_Promise.js?commonjs-proxy
✓ Vendor chunk matched:  /Users/pranay/Projects/AIMLGlossary/AIGlossaryPro/node_modules/lodash/_Promise.js?commonjs-proxy
Module ID:  /Users/pranay/Projects/AIMLGlossary/AIGlossaryPro/node_modules/lodash/_Set.js?commonjs-proxy
✓ Vendor chunk matched:  /Users/pranay/Projects/AIMLGlossary/AIGlossaryPro/node_modules/lodash/_Set.js?commonjs-proxy
Module ID:  /Users/pranay/Projects/AIMLGlossary/AIGlossaryPro/node_modules/lodash/_WeakMap.js?commonjs-proxy
✓ Vendor chunk matched:  /Users/pranay/Projects/AIMLGlossary/AIGlossaryPro/node_modules/lodash/_WeakMap.js?commonjs-proxy
Module ID:  /Users/pranay/Projects/AIMLGlossary/AIGlossaryPro/node_modules/lodash/isBuffer.js?commonjs-module
✓ Vendor chunk matched:  /Users/pranay/Projects/AIMLGlossary/AIGlossaryPro/node_modules/lodash/isBuffer.js?commonjs-module
Module ID:  /Users/pranay/Projects/AIMLGlossary/AIGlossaryPro/node_modules/lodash/stubFalse.js?commonjs-proxy
✓ Vendor chunk matched:  /Users/pranay/Projects/AIMLGlossary/AIGlossaryPro/node_modules/lodash/stubFalse.js?commonjs-proxy
Module ID:  /Users/pranay/Projects/AIMLGlossary/AIGlossaryPro/node_modules/lodash/_baseIsTypedArray.js?commonjs-proxy
✓ Vendor chunk matched:  /Users/pranay/Projects/AIMLGlossary/AIGlossaryPro/node_modules/lodash/_baseIsTypedArray.js?commonjs-proxy
Module ID:  /Users/pranay/Projects/AIMLGlossary/AIGlossaryPro/node_modules/lodash/_baseUnary.js?commonjs-proxy
✓ Vendor chunk matched:  /Users/pranay/Projects/AIMLGlossary/AIGlossaryPro/node_modules/lodash/_baseUnary.js?commonjs-proxy
Module ID:  /Users/pranay/Projects/AIMLGlossary/AIGlossaryPro/node_modules/lodash/_nodeUtil.js?commonjs-proxy
✓ Vendor chunk matched:  /Users/pranay/Projects/AIMLGlossary/AIGlossaryPro/node_modules/lodash/_nodeUtil.js?commonjs-proxy
Module ID:  /Users/pranay/Projects/AIMLGlossary/AIGlossaryPro/node_modules/lodash/_memoizeCapped.js?commonjs-proxy
✓ Vendor chunk matched:  /Users/pranay/Projects/AIMLGlossary/AIGlossaryPro/node_modules/lodash/_memoizeCapped.js?commonjs-proxy
Module ID:  /Users/pranay/Projects/AIMLGlossary/AIGlossaryPro/node_modules/lodash/_arrayEach.js?commonjs-proxy
✓ Vendor chunk matched:  /Users/pranay/Projects/AIMLGlossary/AIGlossaryPro/node_modules/lodash/_arrayEach.js?commonjs-proxy
Module ID:  /Users/pranay/Projects/AIMLGlossary/AIGlossaryPro/node_modules/lodash/_assignValue.js?commonjs-proxy
✓ Vendor chunk matched:  /Users/pranay/Projects/AIMLGlossary/AIGlossaryPro/node_modules/lodash/_assignValue.js?commonjs-proxy
Module ID:  /Users/pranay/Projects/AIMLGlossary/AIGlossaryPro/node_modules/lodash/_baseAssign.js?commonjs-proxy
✓ Vendor chunk matched:  /Users/pranay/Projects/AIMLGlossary/AIGlossaryPro/node_modules/lodash/_baseAssign.js?commonjs-proxy
Module ID:  /Users/pranay/Projects/AIMLGlossary/AIGlossaryPro/node_modules/lodash/_baseAssignIn.js?commonjs-proxy
✓ Vendor chunk matched:  /Users/pranay/Projects/AIMLGlossary/AIGlossaryPro/node_modules/lodash/_baseAssignIn.js?commonjs-proxy
Module ID:  /Users/pranay/Projects/AIMLGlossary/AIGlossaryPro/node_modules/lodash/_cloneBuffer.js?commonjs-proxy
✓ Vendor chunk matched:  /Users/pranay/Projects/AIMLGlossary/AIGlossaryPro/node_modules/lodash/_cloneBuffer.js?commonjs-proxy
Module ID:  /Users/pranay/Projects/AIMLGlossary/AIGlossaryPro/node_modules/lodash/_copyArray.js?commonjs-proxy
✓ Vendor chunk matched:  /Users/pranay/Projects/AIMLGlossary/AIGlossaryPro/node_modules/lodash/_copyArray.js?commonjs-proxy
Module ID:  /Users/pranay/Projects/AIMLGlossary/AIGlossaryPro/node_modules/lodash/_copySymbols.js?commonjs-proxy
✓ Vendor chunk matched:  /Users/pranay/Projects/AIMLGlossary/AIGlossaryPro/node_modules/lodash/_copySymbols.js?commonjs-proxy
Module ID:  /Users/pranay/Projects/AIMLGlossary/AIGlossaryPro/node_modules/lodash/_copySymbolsIn.js?commonjs-proxy
✓ Vendor chunk matched:  /Users/pranay/Projects/AIMLGlossary/AIGlossaryPro/node_modules/lodash/_copySymbolsIn.js?commonjs-proxy
Module ID:  /Users/pranay/Projects/AIMLGlossary/AIGlossaryPro/node_modules/lodash/_initCloneArray.js?commonjs-proxy
✓ Vendor chunk matched:  /Users/pranay/Projects/AIMLGlossary/AIGlossaryPro/node_modules/lodash/_initCloneArray.js?commonjs-proxy
Module ID:  /Users/pranay/Projects/AIMLGlossary/AIGlossaryPro/node_modules/lodash/_initCloneByTag.js?commonjs-proxy
✓ Vendor chunk matched:  /Users/pranay/Projects/AIMLGlossary/AIGlossaryPro/node_modules/lodash/_initCloneByTag.js?commonjs-proxy
Module ID:  /Users/pranay/Projects/AIMLGlossary/AIGlossaryPro/node_modules/lodash/_initCloneObject.js?commonjs-proxy
✓ Vendor chunk matched:  /Users/pranay/Projects/AIMLGlossary/AIGlossaryPro/node_modules/lodash/_initCloneObject.js?commonjs-proxy
Module ID:  /Users/pranay/Projects/AIMLGlossary/AIGlossaryPro/node_modules/lodash/isMap.js?commonjs-proxy
✓ Vendor chunk matched:  /Users/pranay/Projects/AIMLGlossary/AIGlossaryPro/node_modules/lodash/isMap.js?commonjs-proxy
Module ID:  /Users/pranay/Projects/AIMLGlossary/AIGlossaryPro/node_modules/lodash/isSet.js?commonjs-proxy
✓ Vendor chunk matched:  /Users/pranay/Projects/AIMLGlossary/AIGlossaryPro/node_modules/lodash/isSet.js?commonjs-proxy
Module ID:  /Users/pranay/Projects/AIMLGlossary/AIGlossaryPro/node_modules/lodash/keys.js?commonjs-proxy
✓ Vendor chunk matched:  /Users/pranay/Projects/AIMLGlossary/AIGlossaryPro/node_modules/lodash/keys.js?commonjs-proxy
Module ID:  /Users/pranay/Projects/AIMLGlossary/AIGlossaryPro/node_modules/lodash/keysIn.js?commonjs-proxy
✓ Vendor chunk matched:  /Users/pranay/Projects/AIMLGlossary/AIGlossaryPro/node_modules/lodash/keysIn.js?commonjs-proxy
Module ID:  /Users/pranay/Projects/AIMLGlossary/AIGlossaryPro/node_modules/lodash/last.js?commonjs-proxy
✓ Vendor chunk matched:  /Users/pranay/Projects/AIMLGlossary/AIGlossaryPro/node_modules/lodash/last.js?commonjs-proxy
Module ID:  /Users/pranay/Projects/AIMLGlossary/AIGlossaryPro/node_modules/lodash/_parent.js?commonjs-proxy
✓ Vendor chunk matched:  /Users/pranay/Projects/AIMLGlossary/AIGlossaryPro/node_modules/lodash/_parent.js?commonjs-proxy
Module ID:  /Users/pranay/Projects/AIMLGlossary/AIGlossaryPro/node_modules/lodash/_baseAssignValue.js?commonjs-proxy
✓ Vendor chunk matched:  /Users/pranay/Projects/AIMLGlossary/AIGlossaryPro/node_modules/lodash/_baseAssignValue.js?commonjs-proxy
Module ID:  /Users/pranay/Projects/AIMLGlossary/AIGlossaryPro/node_modules/lodash/isPlainObject.js?commonjs-proxy
✓ Vendor chunk matched:  /Users/pranay/Projects/AIMLGlossary/AIGlossaryPro/node_modules/lodash/isPlainObject.js?commonjs-proxy
Module ID:  /Users/pranay/Projects/AIMLGlossary/AIGlossaryPro/node_modules/lodash/flatten.js?commonjs-proxy
✓ Vendor chunk matched:  /Users/pranay/Projects/AIMLGlossary/AIGlossaryPro/node_modules/lodash/flatten.js?commonjs-proxy
Module ID:  /Users/pranay/Projects/AIMLGlossary/AIGlossaryPro/node_modules/lodash/_overRest.js?commonjs-proxy
✓ Vendor chunk matched:  /Users/pranay/Projects/AIMLGlossary/AIGlossaryPro/node_modules/lodash/_overRest.js?commonjs-proxy
Module ID:  /Users/pranay/Projects/AIMLGlossary/AIGlossaryPro/node_modules/lodash/_setToString.js?commonjs-proxy
✓ Vendor chunk matched:  /Users/pranay/Projects/AIMLGlossary/AIGlossaryPro/node_modules/lodash/_setToString.js?commonjs-proxy
Module ID:  /Users/pranay/Projects/AIMLGlossary/AIGlossaryPro/node_modules/lodash/_baseGetAllKeys.js?commonjs-proxy
✓ Vendor chunk matched:  /Users/pranay/Projects/AIMLGlossary/AIGlossaryPro/node_modules/lodash/_baseGetAllKeys.js?commonjs-proxy
Module ID:  /Users/pranay/Projects/AIMLGlossary/AIGlossaryPro/node_modules/lodash/_getSymbolsIn.js?commonjs-proxy
✓ Vendor chunk matched:  /Users/pranay/Projects/AIMLGlossary/AIGlossaryPro/node_modules/lodash/_getSymbolsIn.js?commonjs-proxy
Module ID:  /Users/pranay/Projects/AIMLGlossary/AIGlossaryPro/node_modules/lodash/_baseIteratee.js?commonjs-proxy
✓ Vendor chunk matched:  /Users/pranay/Projects/AIMLGlossary/AIGlossaryPro/node_modules/lodash/_baseIteratee.js?commonjs-proxy
Module ID:  /Users/pranay/Projects/AIMLGlossary/AIGlossaryPro/node_modules/lodash/_baseSome.js?commonjs-proxy
✓ Vendor chunk matched:  /Users/pranay/Projects/AIMLGlossary/AIGlossaryPro/node_modules/lodash/_baseSome.js?commonjs-proxy
Module ID:  /Users/pranay/Projects/AIMLGlossary/AIGlossaryPro/node_modules/lodash/_baseSum.js?commonjs-proxy
✓ Vendor chunk matched:  /Users/pranay/Projects/AIMLGlossary/AIGlossaryPro/node_modules/lodash/_baseSum.js?commonjs-proxy
Module ID:  /Users/pranay/Projects/AIMLGlossary/AIGlossaryPro/node_modules/lodash/_baseUniq.js?commonjs-proxy
✓ Vendor chunk matched:  /Users/pranay/Projects/AIMLGlossary/AIGlossaryPro/node_modules/lodash/_baseUniq.js?commonjs-proxy
Module ID:  /Users/pranay/Projects/AIMLGlossary/AIGlossaryPro/node_modules/lodash/_baseForOwn.js?commonjs-proxy
✓ Vendor chunk matched:  /Users/pranay/Projects/AIMLGlossary/AIGlossaryPro/node_modules/lodash/_baseForOwn.js?commonjs-proxy
Module ID:  /Users/pranay/Projects/AIMLGlossary/AIGlossaryPro/node_modules/lodash/_arrayEvery.js?commonjs-proxy
✓ Vendor chunk matched:  /Users/pranay/Projects/AIMLGlossary/AIGlossaryPro/node_modules/lodash/_arrayEvery.js?commonjs-proxy
Module ID:  /Users/pranay/Projects/AIMLGlossary/AIGlossaryPro/node_modules/lodash/_baseEvery.js?commonjs-proxy
✓ Vendor chunk matched:  /Users/pranay/Projects/AIMLGlossary/AIGlossaryPro/node_modules/lodash/_baseEvery.js?commonjs-proxy
Module ID:  /Users/pranay/Projects/AIMLGlossary/AIGlossaryPro/node_modules/style-to-object/cjs/index.js?commonjs-exports
✓ Vendor chunk matched:  /Users/pranay/Projects/AIMLGlossary/AIGlossaryPro/node_modules/style-to-object/cjs/index.js?commonjs-exports
Module ID:  /Users/pranay/Projects/AIMLGlossary/AIGlossaryPro/node_modules/inline-style-parser/index.js?commonjs-proxy
✓ Vendor chunk matched:  /Users/pranay/Projects/AIMLGlossary/AIGlossaryPro/node_modules/inline-style-parser/index.js?commonjs-proxy
Module ID:  /Users/pranay/Projects/AIMLGlossary/AIGlossaryPro/node_modules/style-to-js/cjs/utilities.js?commonjs-exports
✓ Vendor chunk matched:  /Users/pranay/Projects/AIMLGlossary/AIGlossaryPro/node_modules/style-to-js/cjs/utilities.js?commonjs-exports
Module ID:  /Users/pranay/Projects/AIMLGlossary/AIGlossaryPro/node_modules/lodash/_setCacheAdd.js?commonjs-proxy
✓ Vendor chunk matched:  /Users/pranay/Projects/AIMLGlossary/AIGlossaryPro/node_modules/lodash/_setCacheAdd.js?commonjs-proxy
Module ID:  /Users/pranay/Projects/AIMLGlossary/AIGlossaryPro/node_modules/lodash/_setCacheHas.js?commonjs-proxy
✓ Vendor chunk matched:  /Users/pranay/Projects/AIMLGlossary/AIGlossaryPro/node_modules/lodash/_setCacheHas.js?commonjs-proxy
Module ID:  /Users/pranay/Projects/AIMLGlossary/AIGlossaryPro/node_modules/lodash/_getSymbols.js?commonjs-proxy
✓ Vendor chunk matched:  /Users/pranay/Projects/AIMLGlossary/AIGlossaryPro/node_modules/lodash/_getSymbols.js?commonjs-proxy
Module ID:  /Users/pranay/Projects/AIMLGlossary/AIGlossaryPro/node_modules/lodash/_nodeUtil.js?commonjs-module
✓ Vendor chunk matched:  /Users/pranay/Projects/AIMLGlossary/AIGlossaryPro/node_modules/lodash/_nodeUtil.js?commonjs-module
Module ID:  /Users/pranay/Projects/AIMLGlossary/AIGlossaryPro/node_modules/lodash/memoize.js?commonjs-proxy
✓ Vendor chunk matched:  /Users/pranay/Projects/AIMLGlossary/AIGlossaryPro/node_modules/lodash/memoize.js?commonjs-proxy
Module ID:  /Users/pranay/Projects/AIMLGlossary/AIGlossaryPro/node_modules/lodash/_cloneBuffer.js?commonjs-module
✓ Vendor chunk matched:  /Users/pranay/Projects/AIMLGlossary/AIGlossaryPro/node_modules/lodash/_cloneBuffer.js?commonjs-module
Module ID:  /Users/pranay/Projects/AIMLGlossary/AIGlossaryPro/node_modules/lodash/_cloneArrayBuffer.js?commonjs-proxy
✓ Vendor chunk matched:  /Users/pranay/Projects/AIMLGlossary/AIGlossaryPro/node_modules/lodash/_cloneArrayBuffer.js?commonjs-proxy
Module ID:  /Users/pranay/Projects/AIMLGlossary/AIGlossaryPro/node_modules/lodash/_cloneDataView.js?commonjs-proxy
✓ Vendor chunk matched:  /Users/pranay/Projects/AIMLGlossary/AIGlossaryPro/node_modules/lodash/_cloneDataView.js?commonjs-proxy
Module ID:  /Users/pranay/Projects/AIMLGlossary/AIGlossaryPro/node_modules/lodash/_cloneRegExp.js?commonjs-proxy
✓ Vendor chunk matched:  /Users/pranay/Projects/AIMLGlossary/AIGlossaryPro/node_modules/lodash/_cloneRegExp.js?commonjs-proxy
Module ID:  /Users/pranay/Projects/AIMLGlossary/AIGlossaryPro/node_modules/lodash/_cloneSymbol.js?commonjs-proxy
✓ Vendor chunk matched:  /Users/pranay/Projects/AIMLGlossary/AIGlossaryPro/node_modules/lodash/_cloneSymbol.js?commonjs-proxy
Module ID:  /Users/pranay/Projects/AIMLGlossary/AIGlossaryPro/node_modules/lodash/_cloneTypedArray.js?commonjs-proxy
✓ Vendor chunk matched:  /Users/pranay/Projects/AIMLGlossary/AIGlossaryPro/node_modules/lodash/_cloneTypedArray.js?commonjs-proxy
Module ID:  /Users/pranay/Projects/AIMLGlossary/AIGlossaryPro/node_modules/lodash/_baseCreate.js?commonjs-proxy
✓ Vendor chunk matched:  /Users/pranay/Projects/AIMLGlossary/AIGlossaryPro/node_modules/lodash/_baseCreate.js?commonjs-proxy
Module ID:  /Users/pranay/Projects/AIMLGlossary/AIGlossaryPro/node_modules/lodash/_isPrototype.js?commonjs-proxy
✓ Vendor chunk matched:  /Users/pranay/Projects/AIMLGlossary/AIGlossaryPro/node_modules/lodash/_isPrototype.js?commonjs-proxy
Module ID:  /Users/pranay/Projects/AIMLGlossary/AIGlossaryPro/node_modules/lodash/_baseIsMap.js?commonjs-proxy
✓ Vendor chunk matched:  /Users/pranay/Projects/AIMLGlossary/AIGlossaryPro/node_modules/lodash/_baseIsMap.js?commonjs-proxy
Module ID:  /Users/pranay/Projects/AIMLGlossary/AIGlossaryPro/node_modules/lodash/_baseIsSet.js?commonjs-proxy
✓ Vendor chunk matched:  /Users/pranay/Projects/AIMLGlossary/AIGlossaryPro/node_modules/lodash/_baseIsSet.js?commonjs-proxy
Module ID:  /Users/pranay/Projects/AIMLGlossary/AIGlossaryPro/node_modules/lodash/_arrayLikeKeys.js?commonjs-proxy
✓ Vendor chunk matched:  /Users/pranay/Projects/AIMLGlossary/AIGlossaryPro/node_modules/lodash/_arrayLikeKeys.js?commonjs-proxy
Module ID:  /Users/pranay/Projects/AIMLGlossary/AIGlossaryPro/node_modules/lodash/_baseKeys.js?commonjs-proxy
✓ Vendor chunk matched:  /Users/pranay/Projects/AIMLGlossary/AIGlossaryPro/node_modules/lodash/_baseKeys.js?commonjs-proxy
Module ID:  /Users/pranay/Projects/AIMLGlossary/AIGlossaryPro/node_modules/lodash/_baseKeysIn.js?commonjs-proxy
✓ Vendor chunk matched:  /Users/pranay/Projects/AIMLGlossary/AIGlossaryPro/node_modules/lodash/_baseKeysIn.js?commonjs-proxy
Module ID:  /Users/pranay/Projects/AIMLGlossary/AIGlossaryPro/node_modules/lodash/_defineProperty.js?commonjs-proxy
✓ Vendor chunk matched:  /Users/pranay/Projects/AIMLGlossary/AIGlossaryPro/node_modules/lodash/_defineProperty.js?commonjs-proxy
Module ID:  /Users/pranay/Projects/AIMLGlossary/AIGlossaryPro/node_modules/lodash/_baseFlatten.js?commonjs-proxy
✓ Vendor chunk matched:  /Users/pranay/Projects/AIMLGlossary/AIGlossaryPro/node_modules/lodash/_baseFlatten.js?commonjs-proxy
Module ID:  /Users/pranay/Projects/AIMLGlossary/AIGlossaryPro/node_modules/lodash/_apply.js?commonjs-proxy
✓ Vendor chunk matched:  /Users/pranay/Projects/AIMLGlossary/AIGlossaryPro/node_modules/lodash/_apply.js?commonjs-proxy
Module ID:  /Users/pranay/Projects/AIMLGlossary/AIGlossaryPro/node_modules/lodash/_baseSetToString.js?commonjs-proxy
✓ Vendor chunk matched:  /Users/pranay/Projects/AIMLGlossary/AIGlossaryPro/node_modules/lodash/_baseSetToString.js?commonjs-proxy
Module ID:  /Users/pranay/Projects/AIMLGlossary/AIGlossaryPro/node_modules/lodash/_shortOut.js?commonjs-proxy
✓ Vendor chunk matched:  /Users/pranay/Projects/AIMLGlossary/AIGlossaryPro/node_modules/lodash/_shortOut.js?commonjs-proxy
Module ID:  /Users/pranay/Projects/AIMLGlossary/AIGlossaryPro/node_modules/lodash/_arrayPush.js?commonjs-proxy
✓ Vendor chunk matched:  /Users/pranay/Projects/AIMLGlossary/AIGlossaryPro/node_modules/lodash/_arrayPush.js?commonjs-proxy
Module ID:  /Users/pranay/Projects/AIMLGlossary/AIGlossaryPro/node_modules/lodash/stubArray.js?commonjs-proxy
✓ Vendor chunk matched:  /Users/pranay/Projects/AIMLGlossary/AIGlossaryPro/node_modules/lodash/stubArray.js?commonjs-proxy
Module ID:  /Users/pranay/Projects/AIMLGlossary/AIGlossaryPro/node_modules/lodash/_baseMatches.js?commonjs-proxy
✓ Vendor chunk matched:  /Users/pranay/Projects/AIMLGlossary/AIGlossaryPro/node_modules/lodash/_baseMatches.js?commonjs-proxy
Module ID:  /Users/pranay/Projects/AIMLGlossary/AIGlossaryPro/node_modules/lodash/_baseMatchesProperty.js?commonjs-proxy
✓ Vendor chunk matched:  /Users/pranay/Projects/AIMLGlossary/AIGlossaryPro/node_modules/lodash/_baseMatchesProperty.js?commonjs-proxy
Module ID:  /Users/pranay/Projects/AIMLGlossary/AIGlossaryPro/node_modules/lodash/property.js?commonjs-proxy
✓ Vendor chunk matched:  /Users/pranay/Projects/AIMLGlossary/AIGlossaryPro/node_modules/lodash/property.js?commonjs-proxy
Module ID:  /Users/pranay/Projects/AIMLGlossary/AIGlossaryPro/node_modules/lodash/_baseEach.js?commonjs-proxy
✓ Vendor chunk matched:  /Users/pranay/Projects/AIMLGlossary/AIGlossaryPro/node_modules/lodash/_baseEach.js?commonjs-proxy
Module ID:  /Users/pranay/Projects/AIMLGlossary/AIGlossaryPro/node_modules/lodash/_arrayIncludes.js?commonjs-proxy
✓ Vendor chunk matched:  /Users/pranay/Projects/AIMLGlossary/AIGlossaryPro/node_modules/lodash/_arrayIncludes.js?commonjs-proxy
Module ID:  /Users/pranay/Projects/AIMLGlossary/AIGlossaryPro/node_modules/lodash/_arrayIncludesWith.js?commonjs-proxy
✓ Vendor chunk matched:  /Users/pranay/Projects/AIMLGlossary/AIGlossaryPro/node_modules/lodash/_arrayIncludesWith.js?commonjs-proxy
Module ID:  /Users/pranay/Projects/AIMLGlossary/AIGlossaryPro/node_modules/lodash/_createSet.js?commonjs-proxy
✓ Vendor chunk matched:  /Users/pranay/Projects/AIMLGlossary/AIGlossaryPro/node_modules/lodash/_createSet.js?commonjs-proxy
Module ID:  /Users/pranay/Projects/AIMLGlossary/AIGlossaryPro/node_modules/lodash/_baseOrderBy.js?commonjs-proxy
✓ Vendor chunk matched:  /Users/pranay/Projects/AIMLGlossary/AIGlossaryPro/node_modules/lodash/_baseOrderBy.js?commonjs-proxy
Module ID:  /Users/pranay/Projects/AIMLGlossary/AIGlossaryPro/node_modules/lodash/_baseRest.js?commonjs-proxy
✓ Vendor chunk matched:  /Users/pranay/Projects/AIMLGlossary/AIGlossaryPro/node_modules/lodash/_baseRest.js?commonjs-proxy
Module ID:  /Users/pranay/Projects/AIMLGlossary/AIGlossaryPro/node_modules/lodash/_baseFor.js?commonjs-proxy
✓ Vendor chunk matched:  /Users/pranay/Projects/AIMLGlossary/AIGlossaryPro/node_modules/lodash/_baseFor.js?commonjs-proxy
Module ID:  /Users/pranay/Projects/AIMLGlossary/AIGlossaryPro/node_modules/lodash/map.js?commonjs-proxy
✓ Vendor chunk matched:  /Users/pranay/Projects/AIMLGlossary/AIGlossaryPro/node_modules/lodash/map.js?commonjs-proxy
Module ID:  /Users/pranay/Projects/AIMLGlossary/AIGlossaryPro/node_modules/lodash/_createFind.js?commonjs-proxy
✓ Vendor chunk matched:  /Users/pranay/Projects/AIMLGlossary/AIGlossaryPro/node_modules/lodash/_createFind.js?commonjs-proxy
Module ID:  /Users/pranay/Projects/AIMLGlossary/AIGlossaryPro/node_modules/lodash/findIndex.js?commonjs-proxy
✓ Vendor chunk matched:  /Users/pranay/Projects/AIMLGlossary/AIGlossaryPro/node_modules/lodash/findIndex.js?commonjs-proxy
Module ID:  /Users/pranay/Projects/AIMLGlossary/AIGlossaryPro/node_modules/lodash/_arrayFilter.js?commonjs-proxy
✓ Vendor chunk matched:  /Users/pranay/Projects/AIMLGlossary/AIGlossaryPro/node_modules/lodash/_arrayFilter.js?commonjs-proxy
Module ID:  /Users/pranay/Projects/AIMLGlossary/AIGlossaryPro/node_modules/lodash/_baseTimes.js?commonjs-proxy
✓ Vendor chunk matched:  /Users/pranay/Projects/AIMLGlossary/AIGlossaryPro/node_modules/lodash/_baseTimes.js?commonjs-proxy
Module ID:  /Users/pranay/Projects/AIMLGlossary/AIGlossaryPro/node_modules/lodash/isArguments.js?commonjs-proxy
✓ Vendor chunk matched:  /Users/pranay/Projects/AIMLGlossary/AIGlossaryPro/node_modules/lodash/isArguments.js?commonjs-proxy
Module ID:  /Users/pranay/Projects/AIMLGlossary/AIGlossaryPro/node_modules/lodash/_nativeKeys.js?commonjs-proxy
✓ Vendor chunk matched:  /Users/pranay/Projects/AIMLGlossary/AIGlossaryPro/node_modules/lodash/_nativeKeys.js?commonjs-proxy
Module ID:  /Users/pranay/Projects/AIMLGlossary/AIGlossaryPro/node_modules/lodash/_nativeKeysIn.js?commonjs-proxy
✓ Vendor chunk matched:  /Users/pranay/Projects/AIMLGlossary/AIGlossaryPro/node_modules/lodash/_nativeKeysIn.js?commonjs-proxy
Module ID:  /Users/pranay/Projects/AIMLGlossary/AIGlossaryPro/node_modules/lodash/_isFlattenable.js?commonjs-proxy
✓ Vendor chunk matched:  /Users/pranay/Projects/AIMLGlossary/AIGlossaryPro/node_modules/lodash/_isFlattenable.js?commonjs-proxy
Module ID:  /Users/pranay/Projects/AIMLGlossary/AIGlossaryPro/node_modules/lodash/constant.js?commonjs-proxy
✓ Vendor chunk matched:  /Users/pranay/Projects/AIMLGlossary/AIGlossaryPro/node_modules/lodash/constant.js?commonjs-proxy
Module ID:  /Users/pranay/Projects/AIMLGlossary/AIGlossaryPro/node_modules/lodash/_baseIsMatch.js?commonjs-proxy
✓ Vendor chunk matched:  /Users/pranay/Projects/AIMLGlossary/AIGlossaryPro/node_modules/lodash/_baseIsMatch.js?commonjs-proxy
Module ID:  /Users/pranay/Projects/AIMLGlossary/AIGlossaryPro/node_modules/lodash/_getMatchData.js?commonjs-proxy
✓ Vendor chunk matched:  /Users/pranay/Projects/AIMLGlossary/AIGlossaryPro/node_modules/lodash/_getMatchData.js?commonjs-proxy
Module ID:  /Users/pranay/Projects/AIMLGlossary/AIGlossaryPro/node_modules/lodash/_matchesStrictComparable.js?commonjs-proxy
✓ Vendor chunk matched:  /Users/pranay/Projects/AIMLGlossary/AIGlossaryPro/node_modules/lodash/_matchesStrictComparable.js?commonjs-proxy
Module ID:  /Users/pranay/Projects/AIMLGlossary/AIGlossaryPro/node_modules/lodash/get.js?commonjs-proxy
✓ Vendor chunk matched:  /Users/pranay/Projects/AIMLGlossary/AIGlossaryPro/node_modules/lodash/get.js?commonjs-proxy
Module ID:  /Users/pranay/Projects/AIMLGlossary/AIGlossaryPro/node_modules/lodash/hasIn.js?commonjs-proxy
✓ Vendor chunk matched:  /Users/pranay/Projects/AIMLGlossary/AIGlossaryPro/node_modules/lodash/hasIn.js?commonjs-proxy
Module ID:  /Users/pranay/Projects/AIMLGlossary/AIGlossaryPro/node_modules/lodash/_isStrictComparable.js?commonjs-proxy
✓ Vendor chunk matched:  /Users/pranay/Projects/AIMLGlossary/AIGlossaryPro/node_modules/lodash/_isStrictComparable.js?commonjs-proxy
Module ID:  /Users/pranay/Projects/AIMLGlossary/AIGlossaryPro/node_modules/lodash/_baseProperty.js?commonjs-proxy
✓ Vendor chunk matched:  /Users/pranay/Projects/AIMLGlossary/AIGlossaryPro/node_modules/lodash/_baseProperty.js?commonjs-proxy
Module ID:  /Users/pranay/Projects/AIMLGlossary/AIGlossaryPro/node_modules/lodash/_basePropertyDeep.js?commonjs-proxy
✓ Vendor chunk matched:  /Users/pranay/Projects/AIMLGlossary/AIGlossaryPro/node_modules/lodash/_basePropertyDeep.js?commonjs-proxy
Module ID:  /Users/pranay/Projects/AIMLGlossary/AIGlossaryPro/node_modules/lodash/_createBaseEach.js?commonjs-proxy
✓ Vendor chunk matched:  /Users/pranay/Projects/AIMLGlossary/AIGlossaryPro/node_modules/lodash/_createBaseEach.js?commonjs-proxy
Module ID:  /Users/pranay/Projects/AIMLGlossary/AIGlossaryPro/node_modules/lodash/_baseIndexOf.js?commonjs-proxy
✓ Vendor chunk matched:  /Users/pranay/Projects/AIMLGlossary/AIGlossaryPro/node_modules/lodash/_baseIndexOf.js?commonjs-proxy
Module ID:  /Users/pranay/Projects/AIMLGlossary/AIGlossaryPro/node_modules/lodash/noop.js?commonjs-proxy
✓ Vendor chunk matched:  /Users/pranay/Projects/AIMLGlossary/AIGlossaryPro/node_modules/lodash/noop.js?commonjs-proxy
Module ID:  /Users/pranay/Projects/AIMLGlossary/AIGlossaryPro/node_modules/lodash/_baseMap.js?commonjs-proxy
✓ Vendor chunk matched:  /Users/pranay/Projects/AIMLGlossary/AIGlossaryPro/node_modules/lodash/_baseMap.js?commonjs-proxy
Module ID:  /Users/pranay/Projects/AIMLGlossary/AIGlossaryPro/node_modules/lodash/_baseSortBy.js?commonjs-proxy
✓ Vendor chunk matched:  /Users/pranay/Projects/AIMLGlossary/AIGlossaryPro/node_modules/lodash/_baseSortBy.js?commonjs-proxy
Module ID:  /Users/pranay/Projects/AIMLGlossary/AIGlossaryPro/node_modules/lodash/_compareMultiple.js?commonjs-proxy
✓ Vendor chunk matched:  /Users/pranay/Projects/AIMLGlossary/AIGlossaryPro/node_modules/lodash/_compareMultiple.js?commonjs-proxy
Module ID:  /Users/pranay/Projects/AIMLGlossary/AIGlossaryPro/node_modules/lodash/_createBaseFor.js?commonjs-proxy
✓ Vendor chunk matched:  /Users/pranay/Projects/AIMLGlossary/AIGlossaryPro/node_modules/lodash/_createBaseFor.js?commonjs-proxy
Module ID:  /Users/pranay/Projects/AIMLGlossary/AIGlossaryPro/node_modules/lodash/_baseFindIndex.js?commonjs-proxy
✓ Vendor chunk matched:  /Users/pranay/Projects/AIMLGlossary/AIGlossaryPro/node_modules/lodash/_baseFindIndex.js?commonjs-proxy
Module ID:  /Users/pranay/Projects/AIMLGlossary/AIGlossaryPro/node_modules/lodash/toInteger.js?commonjs-proxy
✓ Vendor chunk matched:  /Users/pranay/Projects/AIMLGlossary/AIGlossaryPro/node_modules/lodash/toInteger.js?commonjs-proxy
Module ID:  /Users/pranay/Projects/AIMLGlossary/AIGlossaryPro/node_modules/lodash/_baseIsArguments.js?commonjs-proxy
✓ Vendor chunk matched:  /Users/pranay/Projects/AIMLGlossary/AIGlossaryPro/node_modules/lodash/_baseIsArguments.js?commonjs-proxy
Module ID:  /Users/pranay/Projects/AIMLGlossary/AIGlossaryPro/node_modules/lodash/_baseHasIn.js?commonjs-proxy
✓ Vendor chunk matched:  /Users/pranay/Projects/AIMLGlossary/AIGlossaryPro/node_modules/lodash/_baseHasIn.js?commonjs-proxy
Module ID:  /Users/pranay/Projects/AIMLGlossary/AIGlossaryPro/node_modules/lodash/_hasPath.js?commonjs-proxy
✓ Vendor chunk matched:  /Users/pranay/Projects/AIMLGlossary/AIGlossaryPro/node_modules/lodash/_hasPath.js?commonjs-proxy
Module ID:  /Users/pranay/Projects/AIMLGlossary/AIGlossaryPro/node_modules/lodash/_baseIsNaN.js?commonjs-proxy
✓ Vendor chunk matched:  /Users/pranay/Projects/AIMLGlossary/AIGlossaryPro/node_modules/lodash/_baseIsNaN.js?commonjs-proxy
Module ID:  /Users/pranay/Projects/AIMLGlossary/AIGlossaryPro/node_modules/lodash/_strictIndexOf.js?commonjs-proxy
✓ Vendor chunk matched:  /Users/pranay/Projects/AIMLGlossary/AIGlossaryPro/node_modules/lodash/_strictIndexOf.js?commonjs-proxy
Module ID:  /Users/pranay/Projects/AIMLGlossary/AIGlossaryPro/node_modules/lodash/_compareAscending.js?commonjs-proxy
✓ Vendor chunk matched:  /Users/pranay/Projects/AIMLGlossary/AIGlossaryPro/node_modules/lodash/_compareAscending.js?commonjs-proxy
Module ID: /Users/pranay/Projects/AIMLGlossary/AIGlossaryPro/node_modules/chevrotain/lib/src/lang/lang_extensions.js
✓ Vendor chunk matched: /Users/pranay/Projects/AIMLGlossary/AIGlossaryPro/node_modules/chevrotain/lib/src/lang/lang_extensions.js
Module ID: /Users/pranay/Projects/AIMLGlossary/AIGlossaryPro/node_modules/micromark-util-combine-extensions/index.js
✓ Vendor chunk matched: /Users/pranay/Projects/AIMLGlossary/AIGlossaryPro/node_modules/micromark-util-combine-extensions/index.js
Module ID: /Users/pranay/Projects/AIMLGlossary/AIGlossaryPro/node_modules/micromark/dev/lib/initialize/content.js
✓ Vendor chunk matched: /Users/pranay/Projects/AIMLGlossary/AIGlossaryPro/node_modules/micromark/dev/lib/initialize/content.js
Module ID: /Users/pranay/Projects/AIMLGlossary/AIGlossaryPro/node_modules/micromark/dev/lib/initialize/document.js
✓ Vendor chunk matched: /Users/pranay/Projects/AIMLGlossary/AIGlossaryPro/node_modules/micromark/dev/lib/initialize/document.js
Module ID: /Users/pranay/Projects/AIMLGlossary/AIGlossaryPro/node_modules/micromark/dev/lib/initialize/flow.js
✓ Vendor chunk matched: /Users/pranay/Projects/AIMLGlossary/AIGlossaryPro/node_modules/micromark/dev/lib/initialize/flow.js
Module ID: /Users/pranay/Projects/AIMLGlossary/AIGlossaryPro/node_modules/micromark/dev/lib/initialize/text.js
✓ Vendor chunk matched: /Users/pranay/Projects/AIMLGlossary/AIGlossaryPro/node_modules/micromark/dev/lib/initialize/text.js
Module ID: /Users/pranay/Projects/AIMLGlossary/AIGlossaryPro/node_modules/micromark/dev/lib/constructs.js
✓ Vendor chunk matched: /Users/pranay/Projects/AIMLGlossary/AIGlossaryPro/node_modules/micromark/dev/lib/constructs.js
Module ID: /Users/pranay/Projects/AIMLGlossary/AIGlossaryPro/node_modules/micromark/dev/lib/create-tokenizer.js
✓ Vendor chunk matched: /Users/pranay/Projects/AIMLGlossary/AIGlossaryPro/node_modules/micromark/dev/lib/create-tokenizer.js
Module ID: /Users/pranay/Projects/AIMLGlossary/AIGlossaryPro/node_modules/micromark-util-subtokenize/dev/index.js
✓ Vendor chunk matched: /Users/pranay/Projects/AIMLGlossary/AIGlossaryPro/node_modules/micromark-util-subtokenize/dev/index.js
Module ID: /Users/pranay/Projects/AIMLGlossary/AIGlossaryPro/node_modules/micromark-util-chunked/dev/index.js
✓ Vendor chunk matched: /Users/pranay/Projects/AIMLGlossary/AIGlossaryPro/node_modules/micromark-util-chunked/dev/index.js
Module ID:  /Users/pranay/Projects/AIMLGlossary/AIGlossaryPro/node_modules/hastscript/index.js?commonjs-proxy
✓ Vendor chunk matched:  /Users/pranay/Projects/AIMLGlossary/AIGlossaryPro/node_modules/hastscript/index.js?commonjs-proxy
Module ID:  /Users/pranay/Projects/AIMLGlossary/AIGlossaryPro/node_modules/refractor/node_modules/parse-entities/index.js?commonjs-proxy
✓ Vendor chunk matched:  /Users/pranay/Projects/AIMLGlossary/AIGlossaryPro/node_modules/refractor/node_modules/parse-entities/index.js?commonjs-proxy
Module ID:  /Users/pranay/Projects/AIMLGlossary/AIGlossaryPro/node_modules/refractor/node_modules/prismjs/components/prism-core.js?commonjs-proxy
✓ Syntax highlighting chunk matched:  /Users/pranay/Projects/AIMLGlossary/AIGlossaryPro/node_modules/refractor/node_modules/prismjs/components/prism-core.js?commonjs-proxy
Module ID:  /Users/pranay/Projects/AIMLGlossary/AIGlossaryPro/node_modules/refractor/lang/markup.js?commonjs-proxy
✓ Vendor chunk matched:  /Users/pranay/Projects/AIMLGlossary/AIGlossaryPro/node_modules/refractor/lang/markup.js?commonjs-proxy
Module ID:  /Users/pranay/Projects/AIMLGlossary/AIGlossaryPro/node_modules/refractor/lang/css.js?commonjs-proxy
✓ Vendor chunk matched:  /Users/pranay/Projects/AIMLGlossary/AIGlossaryPro/node_modules/refractor/lang/css.js?commonjs-proxy
Module ID:  /Users/pranay/Projects/AIMLGlossary/AIGlossaryPro/node_modules/refractor/lang/clike.js?commonjs-proxy
✓ Vendor chunk matched:  /Users/pranay/Projects/AIMLGlossary/AIGlossaryPro/node_modules/refractor/lang/clike.js?commonjs-proxy
Module ID:  /Users/pranay/Projects/AIMLGlossary/AIGlossaryPro/node_modules/refractor/lang/javascript.js?commonjs-proxy
✓ Vendor chunk matched:  /Users/pranay/Projects/AIMLGlossary/AIGlossaryPro/node_modules/refractor/lang/javascript.js?commonjs-proxy
Module ID:  /Users/pranay/Projects/AIMLGlossary/AIGlossaryPro/node_modules/hastscript/html.js?commonjs-proxy
✓ Vendor chunk matched:  /Users/pranay/Projects/AIMLGlossary/AIGlossaryPro/node_modules/hastscript/html.js?commonjs-proxy
Module ID:  /Users/pranay/Projects/AIMLGlossary/AIGlossaryPro/node_modules/refractor/node_modules/character-entities-legacy/index.json?commonjs-proxy
✓ Vendor chunk matched:  /Users/pranay/Projects/AIMLGlossary/AIGlossaryPro/node_modules/refractor/node_modules/character-entities-legacy/index.json?commonjs-proxy
Module ID:  /Users/pranay/Projects/AIMLGlossary/AIGlossaryPro/node_modules/refractor/node_modules/character-reference-invalid/index.json?commonjs-proxy
✓ Vendor chunk matched:  /Users/pranay/Projects/AIMLGlossary/AIGlossaryPro/node_modules/refractor/node_modules/character-reference-invalid/index.json?commonjs-proxy
Module ID:  /Users/pranay/Projects/AIMLGlossary/AIGlossaryPro/node_modules/refractor/node_modules/is-decimal/index.js?commonjs-proxy
✓ Vendor chunk matched:  /Users/pranay/Projects/AIMLGlossary/AIGlossaryPro/node_modules/refractor/node_modules/is-decimal/index.js?commonjs-proxy
Module ID:  /Users/pranay/Projects/AIMLGlossary/AIGlossaryPro/node_modules/refractor/node_modules/is-hexadecimal/index.js?commonjs-proxy
✓ Vendor chunk matched:  /Users/pranay/Projects/AIMLGlossary/AIGlossaryPro/node_modules/refractor/node_modules/is-hexadecimal/index.js?commonjs-proxy
Module ID:  /Users/pranay/Projects/AIMLGlossary/AIGlossaryPro/node_modules/refractor/node_modules/is-alphanumerical/index.js?commonjs-proxy
✓ Vendor chunk matched:  /Users/pranay/Projects/AIMLGlossary/AIGlossaryPro/node_modules/refractor/node_modules/is-alphanumerical/index.js?commonjs-proxy
Module ID:  /Users/pranay/Projects/AIMLGlossary/AIGlossaryPro/node_modules/refractor/node_modules/parse-entities/decode-entity.browser.js?commonjs-proxy
✓ Vendor chunk matched:  /Users/pranay/Projects/AIMLGlossary/AIGlossaryPro/node_modules/refractor/node_modules/parse-entities/decode-entity.browser.js?commonjs-proxy
Module ID:  /Users/pranay/Projects/AIMLGlossary/AIGlossaryPro/node_modules/refractor/node_modules/prismjs/components/prism-core.js?commonjs-module
✓ Syntax highlighting chunk matched:  /Users/pranay/Projects/AIMLGlossary/AIGlossaryPro/node_modules/refractor/node_modules/prismjs/components/prism-core.js?commonjs-module
Module ID: /Users/pranay/Projects/AIMLGlossary/AIGlossaryPro/node_modules/micromark-core-commonmark/dev/index.js
✓ Vendor chunk matched: /Users/pranay/Projects/AIMLGlossary/AIGlossaryPro/node_modules/micromark-core-commonmark/dev/index.js
Module ID: /Users/pranay/Projects/AIMLGlossary/AIGlossaryPro/node_modules/micromark-factory-space/dev/index.js
✓ Vendor chunk matched: /Users/pranay/Projects/AIMLGlossary/AIGlossaryPro/node_modules/micromark-factory-space/dev/index.js
Module ID:  /Users/pranay/Projects/AIMLGlossary/AIGlossaryPro/node_modules/refractor/core.js?commonjs-proxy
✓ Vendor chunk matched:  /Users/pranay/Projects/AIMLGlossary/AIGlossaryPro/node_modules/refractor/core.js?commonjs-proxy
Module ID: /Users/pranay/Projects/AIMLGlossary/AIGlossaryPro/node_modules/micromark-util-resolve-all/index.js
✓ Vendor chunk matched: /Users/pranay/Projects/AIMLGlossary/AIGlossaryPro/node_modules/micromark-util-resolve-all/index.js
Module ID: /Users/pranay/Projects/AIMLGlossary/AIGlossaryPro/node_modules/micromark-util-subtokenize/dev/lib/splice-buffer.js
✓ Vendor chunk matched: /Users/pranay/Projects/AIMLGlossary/AIGlossaryPro/node_modules/micromark-util-subtokenize/dev/lib/splice-buffer.js
Module ID:  /Users/pranay/Projects/AIMLGlossary/AIGlossaryPro/node_modules/hastscript/node_modules/property-information/html.js?commonjs-proxy
✓ Vendor chunk matched:  /Users/pranay/Projects/AIMLGlossary/AIGlossaryPro/node_modules/hastscript/node_modules/property-information/html.js?commonjs-proxy
Module ID:  /Users/pranay/Projects/AIMLGlossary/AIGlossaryPro/node_modules/hastscript/factory.js?commonjs-proxy
✓ Vendor chunk matched:  /Users/pranay/Projects/AIMLGlossary/AIGlossaryPro/node_modules/hastscript/factory.js?commonjs-proxy
Module ID:  /Users/pranay/Projects/AIMLGlossary/AIGlossaryPro/node_modules/refractor/node_modules/is-alphabetical/index.js?commonjs-proxy
✓ Vendor chunk matched:  /Users/pranay/Projects/AIMLGlossary/AIGlossaryPro/node_modules/refractor/node_modules/is-alphabetical/index.js?commonjs-proxy
Module ID:  /Users/pranay/Projects/AIMLGlossary/AIGlossaryPro/node_modules/hastscript/node_modules/property-information/lib/util/merge.js?commonjs-proxy
✓ Vendor chunk matched:  /Users/pranay/Projects/AIMLGlossary/AIGlossaryPro/node_modules/hastscript/node_modules/property-information/lib/util/merge.js?commonjs-proxy
Module ID:  /Users/pranay/Projects/AIMLGlossary/AIGlossaryPro/node_modules/hastscript/node_modules/property-information/lib/xlink.js?commonjs-proxy
✓ Vendor chunk matched:  /Users/pranay/Projects/AIMLGlossary/AIGlossaryPro/node_modules/hastscript/node_modules/property-information/lib/xlink.js?commonjs-proxy
Module ID:  /Users/pranay/Projects/AIMLGlossary/AIGlossaryPro/node_modules/hastscript/node_modules/property-information/lib/xml.js?commonjs-proxy
✓ Vendor chunk matched:  /Users/pranay/Projects/AIMLGlossary/AIGlossaryPro/node_modules/hastscript/node_modules/property-information/lib/xml.js?commonjs-proxy
Module ID:  /Users/pranay/Projects/AIMLGlossary/AIGlossaryPro/node_modules/hastscript/node_modules/property-information/lib/xmlns.js?commonjs-proxy
✓ Vendor chunk matched:  /Users/pranay/Projects/AIMLGlossary/AIGlossaryPro/node_modules/hastscript/node_modules/property-information/lib/xmlns.js?commonjs-proxy
Module ID:  /Users/pranay/Projects/AIMLGlossary/AIGlossaryPro/node_modules/hastscript/node_modules/property-information/lib/aria.js?commonjs-proxy
✓ Vendor chunk matched:  /Users/pranay/Projects/AIMLGlossary/AIGlossaryPro/node_modules/hastscript/node_modules/property-information/lib/aria.js?commonjs-proxy
Module ID:  /Users/pranay/Projects/AIMLGlossary/AIGlossaryPro/node_modules/hastscript/node_modules/property-information/lib/html.js?commonjs-proxy
✓ Vendor chunk matched:  /Users/pranay/Projects/AIMLGlossary/AIGlossaryPro/node_modules/hastscript/node_modules/property-information/lib/html.js?commonjs-proxy
Module ID:  /Users/pranay/Projects/AIMLGlossary/AIGlossaryPro/node_modules/hastscript/node_modules/property-information/find.js?commonjs-proxy
✓ Vendor chunk matched:  /Users/pranay/Projects/AIMLGlossary/AIGlossaryPro/node_modules/hastscript/node_modules/property-information/find.js?commonjs-proxy
Module ID:  /Users/pranay/Projects/AIMLGlossary/AIGlossaryPro/node_modules/hastscript/node_modules/property-information/normalize.js?commonjs-proxy
✓ Vendor chunk matched:  /Users/pranay/Projects/AIMLGlossary/AIGlossaryPro/node_modules/hastscript/node_modules/property-information/normalize.js?commonjs-proxy
Module ID:  /Users/pranay/Projects/AIMLGlossary/AIGlossaryPro/node_modules/hast-util-parse-selector/index.js?commonjs-proxy
✓ Vendor chunk matched:  /Users/pranay/Projects/AIMLGlossary/AIGlossaryPro/node_modules/hast-util-parse-selector/index.js?commonjs-proxy
Module ID:  /Users/pranay/Projects/AIMLGlossary/AIGlossaryPro/node_modules/hastscript/node_modules/space-separated-tokens/index.js?commonjs-proxy
✓ Vendor chunk matched:  /Users/pranay/Projects/AIMLGlossary/AIGlossaryPro/node_modules/hastscript/node_modules/space-separated-tokens/index.js?commonjs-proxy
Module ID:  /Users/pranay/Projects/AIMLGlossary/AIGlossaryPro/node_modules/hastscript/node_modules/comma-separated-tokens/index.js?commonjs-proxy
✓ Vendor chunk matched:  /Users/pranay/Projects/AIMLGlossary/AIGlossaryPro/node_modules/hastscript/node_modules/comma-separated-tokens/index.js?commonjs-proxy
Module ID:  /Users/pranay/Projects/AIMLGlossary/AIGlossaryPro/node_modules/xtend/immutable.js?commonjs-proxy
✓ Vendor chunk matched:  /Users/pranay/Projects/AIMLGlossary/AIGlossaryPro/node_modules/xtend/immutable.js?commonjs-proxy
Module ID:  /Users/pranay/Projects/AIMLGlossary/AIGlossaryPro/node_modules/hastscript/node_modules/property-information/lib/util/schema.js?commonjs-proxy
✓ Vendor chunk matched:  /Users/pranay/Projects/AIMLGlossary/AIGlossaryPro/node_modules/hastscript/node_modules/property-information/lib/util/schema.js?commonjs-proxy
Module ID:  /Users/pranay/Projects/AIMLGlossary/AIGlossaryPro/node_modules/hastscript/node_modules/property-information/lib/util/create.js?commonjs-proxy
✓ Vendor chunk matched:  /Users/pranay/Projects/AIMLGlossary/AIGlossaryPro/node_modules/hastscript/node_modules/property-information/lib/util/create.js?commonjs-proxy
Module ID:  /Users/pranay/Projects/AIMLGlossary/AIGlossaryPro/node_modules/hastscript/node_modules/property-information/lib/util/case-insensitive-transform.js?commonjs-proxy
✓ Vendor chunk matched:  /Users/pranay/Projects/AIMLGlossary/AIGlossaryPro/node_modules/hastscript/node_modules/property-information/lib/util/case-insensitive-transform.js?commonjs-proxy
Module ID:  /Users/pranay/Projects/AIMLGlossary/AIGlossaryPro/node_modules/hastscript/node_modules/property-information/lib/util/types.js?commonjs-proxy
✓ Vendor chunk matched:  /Users/pranay/Projects/AIMLGlossary/AIGlossaryPro/node_modules/hastscript/node_modules/property-information/lib/util/types.js?commonjs-proxy
Module ID:  /Users/pranay/Projects/AIMLGlossary/AIGlossaryPro/node_modules/hastscript/node_modules/property-information/lib/util/defined-info.js?commonjs-proxy
✓ Vendor chunk matched:  /Users/pranay/Projects/AIMLGlossary/AIGlossaryPro/node_modules/hastscript/node_modules/property-information/lib/util/defined-info.js?commonjs-proxy
Module ID:  /Users/pranay/Projects/AIMLGlossary/AIGlossaryPro/node_modules/hastscript/node_modules/property-information/lib/util/info.js?commonjs-proxy
✓ Vendor chunk matched:  /Users/pranay/Projects/AIMLGlossary/AIGlossaryPro/node_modules/hastscript/node_modules/property-information/lib/util/info.js?commonjs-proxy
Module ID:  /Users/pranay/Projects/AIMLGlossary/AIGlossaryPro/node_modules/hastscript/node_modules/space-separated-tokens/index.js?commonjs-exports
✓ Vendor chunk matched:  /Users/pranay/Projects/AIMLGlossary/AIGlossaryPro/node_modules/hastscript/node_modules/space-separated-tokens/index.js?commonjs-exports
Module ID:  /Users/pranay/Projects/AIMLGlossary/AIGlossaryPro/node_modules/hastscript/node_modules/comma-separated-tokens/index.js?commonjs-exports
✓ Vendor chunk matched:  /Users/pranay/Projects/AIMLGlossary/AIGlossaryPro/node_modules/hastscript/node_modules/comma-separated-tokens/index.js?commonjs-exports
Module ID:  /Users/pranay/Projects/AIMLGlossary/AIGlossaryPro/node_modules/hastscript/node_modules/property-information/lib/util/case-sensitive-transform.js?commonjs-proxy
✓ Vendor chunk matched:  /Users/pranay/Projects/AIMLGlossary/AIGlossaryPro/node_modules/hastscript/node_modules/property-information/lib/util/case-sensitive-transform.js?commonjs-proxy
Module ID:  /Users/pranay/Projects/AIMLGlossary/AIGlossaryPro/node_modules/hastscript/node_modules/property-information/lib/util/types.js?commonjs-exports
✓ Vendor chunk matched:  /Users/pranay/Projects/AIMLGlossary/AIGlossaryPro/node_modules/hastscript/node_modules/property-information/lib/util/types.js?commonjs-exports
Module ID: /Users/pranay/Projects/AIMLGlossary/AIGlossaryPro/node_modules/micromark-core-commonmark/dev/lib/attention.js
✓ Vendor chunk matched: /Users/pranay/Projects/AIMLGlossary/AIGlossaryPro/node_modules/micromark-core-commonmark/dev/lib/attention.js
Module ID: /Users/pranay/Projects/AIMLGlossary/AIGlossaryPro/node_modules/micromark-core-commonmark/dev/lib/autolink.js
✓ Vendor chunk matched: /Users/pranay/Projects/AIMLGlossary/AIGlossaryPro/node_modules/micromark-core-commonmark/dev/lib/autolink.js
Module ID: /Users/pranay/Projects/AIMLGlossary/AIGlossaryPro/node_modules/micromark-core-commonmark/dev/lib/blank-line.js
✓ Vendor chunk matched: /Users/pranay/Projects/AIMLGlossary/AIGlossaryPro/node_modules/micromark-core-commonmark/dev/lib/blank-line.js
Module ID: /Users/pranay/Projects/AIMLGlossary/AIGlossaryPro/node_modules/micromark-core-commonmark/dev/lib/block-quote.js
✓ Vendor chunk matched: /Users/pranay/Projects/AIMLGlossary/AIGlossaryPro/node_modules/micromark-core-commonmark/dev/lib/block-quote.js
Module ID: /Users/pranay/Projects/AIMLGlossary/AIGlossaryPro/node_modules/micromark-core-commonmark/dev/lib/character-escape.js
✓ Vendor chunk matched: /Users/pranay/Projects/AIMLGlossary/AIGlossaryPro/node_modules/micromark-core-commonmark/dev/lib/character-escape.js
Module ID: /Users/pranay/Projects/AIMLGlossary/AIGlossaryPro/node_modules/micromark-core-commonmark/dev/lib/character-reference.js
✓ Vendor chunk matched: /Users/pranay/Projects/AIMLGlossary/AIGlossaryPro/node_modules/micromark-core-commonmark/dev/lib/character-reference.js
Module ID: /Users/pranay/Projects/AIMLGlossary/AIGlossaryPro/node_modules/micromark-core-commonmark/dev/lib/code-fenced.js
✓ Vendor chunk matched: /Users/pranay/Projects/AIMLGlossary/AIGlossaryPro/node_modules/micromark-core-commonmark/dev/lib/code-fenced.js
Module ID: /Users/pranay/Projects/AIMLGlossary/AIGlossaryPro/node_modules/micromark-core-commonmark/dev/lib/code-indented.js
✓ Vendor chunk matched: /Users/pranay/Projects/AIMLGlossary/AIGlossaryPro/node_modules/micromark-core-commonmark/dev/lib/code-indented.js
Module ID: /Users/pranay/Projects/AIMLGlossary/AIGlossaryPro/node_modules/micromark-core-commonmark/dev/lib/code-text.js
✓ Vendor chunk matched: /Users/pranay/Projects/AIMLGlossary/AIGlossaryPro/node_modules/micromark-core-commonmark/dev/lib/code-text.js
Module ID: /Users/pranay/Projects/AIMLGlossary/AIGlossaryPro/node_modules/micromark-core-commonmark/dev/lib/content.js
✓ Vendor chunk matched: /Users/pranay/Projects/AIMLGlossary/AIGlossaryPro/node_modules/micromark-core-commonmark/dev/lib/content.js
Module ID: /Users/pranay/Projects/AIMLGlossary/AIGlossaryPro/node_modules/micromark-core-commonmark/dev/lib/definition.js
✓ Vendor chunk matched: /Users/pranay/Projects/AIMLGlossary/AIGlossaryPro/node_modules/micromark-core-commonmark/dev/lib/definition.js
Module ID: /Users/pranay/Projects/AIMLGlossary/AIGlossaryPro/node_modules/micromark-core-commonmark/dev/lib/hard-break-escape.js
✓ Vendor chunk matched: /Users/pranay/Projects/AIMLGlossary/AIGlossaryPro/node_modules/micromark-core-commonmark/dev/lib/hard-break-escape.js
Module ID: /Users/pranay/Projects/AIMLGlossary/AIGlossaryPro/node_modules/micromark-core-commonmark/dev/lib/heading-atx.js
✓ Vendor chunk matched: /Users/pranay/Projects/AIMLGlossary/AIGlossaryPro/node_modules/micromark-core-commonmark/dev/lib/heading-atx.js
Module ID: /Users/pranay/Projects/AIMLGlossary/AIGlossaryPro/node_modules/micromark-core-commonmark/dev/lib/html-flow.js
✓ Vendor chunk matched: /Users/pranay/Projects/AIMLGlossary/AIGlossaryPro/node_modules/micromark-core-commonmark/dev/lib/html-flow.js
Module ID: /Users/pranay/Projects/AIMLGlossary/AIGlossaryPro/node_modules/micromark-core-commonmark/dev/lib/html-text.js
✓ Vendor chunk matched: /Users/pranay/Projects/AIMLGlossary/AIGlossaryPro/node_modules/micromark-core-commonmark/dev/lib/html-text.js
Module ID: /Users/pranay/Projects/AIMLGlossary/AIGlossaryPro/node_modules/micromark-core-commonmark/dev/lib/label-end.js
✓ Vendor chunk matched: /Users/pranay/Projects/AIMLGlossary/AIGlossaryPro/node_modules/micromark-core-commonmark/dev/lib/label-end.js
Module ID: /Users/pranay/Projects/AIMLGlossary/AIGlossaryPro/node_modules/micromark-core-commonmark/dev/lib/label-start-image.js
✓ Vendor chunk matched: /Users/pranay/Projects/AIMLGlossary/AIGlossaryPro/node_modules/micromark-core-commonmark/dev/lib/label-start-image.js
Module ID: /Users/pranay/Projects/AIMLGlossary/AIGlossaryPro/node_modules/micromark-core-commonmark/dev/lib/label-start-link.js
✓ Vendor chunk matched: /Users/pranay/Projects/AIMLGlossary/AIGlossaryPro/node_modules/micromark-core-commonmark/dev/lib/label-start-link.js
Module ID: /Users/pranay/Projects/AIMLGlossary/AIGlossaryPro/node_modules/micromark-core-commonmark/dev/lib/line-ending.js
✓ Vendor chunk matched: /Users/pranay/Projects/AIMLGlossary/AIGlossaryPro/node_modules/micromark-core-commonmark/dev/lib/line-ending.js
Module ID: /Users/pranay/Projects/AIMLGlossary/AIGlossaryPro/node_modules/micromark-core-commonmark/dev/lib/list.js
✓ Vendor chunk matched: /Users/pranay/Projects/AIMLGlossary/AIGlossaryPro/node_modules/micromark-core-commonmark/dev/lib/list.js
Module ID: /Users/pranay/Projects/AIMLGlossary/AIGlossaryPro/node_modules/micromark-core-commonmark/dev/lib/setext-underline.js
✓ Vendor chunk matched: /Users/pranay/Projects/AIMLGlossary/AIGlossaryPro/node_modules/micromark-core-commonmark/dev/lib/setext-underline.js
Module ID: /Users/pranay/Projects/AIMLGlossary/AIGlossaryPro/node_modules/micromark-core-commonmark/dev/lib/thematic-break.js
✓ Vendor chunk matched: /Users/pranay/Projects/AIMLGlossary/AIGlossaryPro/node_modules/micromark-core-commonmark/dev/lib/thematic-break.js
Module ID: /Users/pranay/Projects/AIMLGlossary/AIGlossaryPro/node_modules/micromark-util-classify-character/dev/index.js
✓ Vendor chunk matched: /Users/pranay/Projects/AIMLGlossary/AIGlossaryPro/node_modules/micromark-util-classify-character/dev/index.js
Module ID: /Users/pranay/Projects/AIMLGlossary/AIGlossaryPro/node_modules/micromark-factory-destination/dev/index.js
✓ Vendor chunk matched: /Users/pranay/Projects/AIMLGlossary/AIGlossaryPro/node_modules/micromark-factory-destination/dev/index.js
Module ID: /Users/pranay/Projects/AIMLGlossary/AIGlossaryPro/node_modules/micromark-factory-label/dev/index.js
✓ Vendor chunk matched: /Users/pranay/Projects/AIMLGlossary/AIGlossaryPro/node_modules/micromark-factory-label/dev/index.js
Module ID: /Users/pranay/Projects/AIMLGlossary/AIGlossaryPro/node_modules/micromark-factory-title/dev/index.js
✓ Vendor chunk matched: /Users/pranay/Projects/AIMLGlossary/AIGlossaryPro/node_modules/micromark-factory-title/dev/index.js
Module ID: /Users/pranay/Projects/AIMLGlossary/AIGlossaryPro/node_modules/micromark-factory-whitespace/dev/index.js
✓ Vendor chunk matched: /Users/pranay/Projects/AIMLGlossary/AIGlossaryPro/node_modules/micromark-factory-whitespace/dev/index.js
Module ID: /Users/pranay/Projects/AIMLGlossary/AIGlossaryPro/node_modules/micromark-util-html-tag-name/index.js
✓ Vendor chunk matched: /Users/pranay/Projects/AIMLGlossary/AIGlossaryPro/node_modules/micromark-util-html-tag-name/index.js
Generated an empty chunk: "admin-pages".
Generated an empty chunk: "charts".
Generated an empty chunk: "cytoscape".
Generated an empty chunk: "firebase".
Generated an empty chunk: "icons".
Generated an empty chunk: "landing-page".
Generated an empty chunk: "legal-pages".
Generated an empty chunk: "mermaid".
Generated an empty chunk: "query-client".
Generated an empty chunk: "react-core".
Generated an empty chunk: "router".
Generated an empty chunk: "syntax-highlighting".
Generated an empty chunk: "ui-radix".
Generated an empty chunk: "vendor".
rendering chunks...
../dist/public/index.html                                   5.33 kB
../dist/public/assets/App-B-6_wq0D.tsx                      7.24 kB
../dist/public/assets/css/index-buECVVeL.css              141.87 kB
../dist/public/assets/js/admin-pages-l0sNRNKZ.js            0.00 kB
../dist/public/assets/js/charts-l0sNRNKZ.js                 0.00 kB
../dist/public/assets/js/cytoscape-l0sNRNKZ.js              0.00 kB
../dist/public/assets/js/firebase-l0sNRNKZ.js               0.00 kB
../dist/public/assets/js/icons-l0sNRNKZ.js                  0.00 kB
../dist/public/assets/js/landing-page-l0sNRNKZ.js           0.00 kB
../dist/public/assets/js/legal-pages-l0sNRNKZ.js            0.00 kB
../dist/public/assets/js/mermaid-l0sNRNKZ.js                0.00 kB
../dist/public/assets/js/query-client-l0sNRNKZ.js           0.00 kB
../dist/public/assets/js/react-core-l0sNRNKZ.js             0.00 kB
../dist/public/assets/js/router-l0sNRNKZ.js                 0.00 kB
../dist/public/assets/js/syntax-highlighting-l0sNRNKZ.js    0.00 kB
../dist/public/assets/js/ui-radix-l0sNRNKZ.js               0.00 kB
../dist/public/assets/js/vendor-l0sNRNKZ.js                 0.00 kB
../dist/public/assets/js/index-Cuh2ORpB.js                  0.71 kB
✓ built in 5.00s

  dist/index.js  1.1mb ⚠️

⚡ Done in 18ms
